Job ID   : 44392899
Node     : fg2
Started  : Fri Jul  3 04:59:18 MDT 2026
Directory: /home/aleksander.berezowsk/spiking-eegnet
Requirement already satisfied: setuptools==69.5.1 in /home/aleksander.berezowsk/venv/lib/python3.12/site-packages (69.5.1)
Requirement already satisfied: torch==2.4.0 in /home/aleksander.berezowsk/venv/lib/python3.12/site-packages (2.4.0)
Requirement already satisfied: torchvision==0.19.0 in /home/aleksander.berezowsk/venv/lib/python3.12/site-packages (0.19.0)
Requirement already satisfied: torchaudio==2.4.0 in /home/aleksander.berezowsk/venv/lib/python3.12/site-packages (2.4.0)
Requirement already satisfied: torchmetrics in /home/aleksander.berezowsk/venv/lib/python3.12/site-packages (1.9.0)
Requirement already satisfied: filelock in /home/aleksander.berezowsk/venv/lib/python3.12/site-packages (from torch==2.4.0) (3.29.0)
Requirement already satisfied: typing-extensions>=4.8.0 in /home/aleksander.berezowsk/venv/lib/python3.12/site-packages (from torch==2.4.0) (4.15.0)
Requirement already satisfied: sympy in /home/aleksander.berezowsk/venv/lib/python3.12/site-packages (from torch==2.4.0) (1.14.0)
Requirement already satisfied: networkx in /home/aleksander.berezowsk/venv/lib/python3.12/site-packages (from torch==2.4.0) (3.6.1)
Requirement already satisfied: jinja2 in /home/aleksander.berezowsk/venv/lib/python3.12/site-packages (from torch==2.4.0) (3.1.6)
Requirement already satisfied: fsspec in /home/aleksander.berezowsk/venv/lib/python3.12/site-packages (from torch==2.4.0) (2026.4.0)
Requirement already satisfied: setuptools in /home/aleksander.berezowsk/venv/lib/python3.12/site-packages (from torch==2.4.0) (69.5.1)
Requirement already satisfied: nvidia-cuda-nvrtc-cu12==12.1.105 in /home/aleksander.berezowsk/venv/lib/python3.12/site-packages (from torch==2.4.0) (12.1.105)
Requirement already satisfied: nvidia-cuda-runtime-cu12==12.1.105 in /home/aleksander.berezowsk/venv/lib/python3.12/site-packages (from torch==2.4.0) (12.1.105)
Requirement already satisfied: nvidia-cuda-cupti-cu12==12.1.105 in /home/aleksander.berezowsk/venv/lib/python3.12/site-packages (from torch==2.4.0) (12.1.105)
Requirement already satisfied: nvidia-cudnn-cu12==9.1.0.70 in /home/aleksander.berezowsk/venv/lib/python3.12/site-packages (from torch==2.4.0) (9.1.0.70)
Requirement already satisfied: nvidia-cublas-cu12==12.1.3.1 in /home/aleksander.berezowsk/venv/lib/python3.12/site-packages (from torch==2.4.0) (12.1.3.1)
Requirement already satisfied: nvidia-cufft-cu12==11.0.2.54 in /home/aleksander.berezowsk/venv/lib/python3.12/site-packages (from torch==2.4.0) (11.0.2.54)
Requirement already satisfied: nvidia-curand-cu12==10.3.2.106 in /home/aleksander.berezowsk/venv/lib/python3.12/site-packages (from torch==2.4.0) (10.3.2.106)
Requirement already satisfied: nvidia-cusolver-cu12==11.4.5.107 in /home/aleksander.berezowsk/venv/lib/python3.12/site-packages (from torch==2.4.0) (11.4.5.107)
Requirement already satisfied: nvidia-cusparse-cu12==12.1.0.106 in /home/aleksander.berezowsk/venv/lib/python3.12/site-packages (from torch==2.4.0) (12.1.0.106)
Requirement already satisfied: nvidia-nccl-cu12==2.20.5 in /home/aleksander.berezowsk/venv/lib/python3.12/site-packages (from torch==2.4.0) (2.20.5)
Requirement already satisfied: nvidia-nvtx-cu12==12.1.105 in /home/aleksander.berezowsk/venv/lib/python3.12/site-packages (from torch==2.4.0) (12.1.105)
Requirement already satisfied: triton==3.0.0 in /home/aleksander.berezowsk/venv/lib/python3.12/site-packages (from torch==2.4.0) (3.0.0)
Requirement already satisfied: numpy in /home/aleksander.berezowsk/venv/lib/python3.12/site-packages (from torchvision==0.19.0) (2.4.6)
Requirement already satisfied: pillow!=8.3.*,>=5.3.0 in /home/aleksander.berezowsk/venv/lib/python3.12/site-packages (from torchvision==0.19.0) (12.2.0)
Requirement already satisfied: nvidia-nvjitlink-cu12 in /home/aleksander.berezowsk/venv/lib/python3.12/site-packages (from nvidia-cusolver-cu12==11.4.5.107->torch==2.4.0) (12.9.86)
Requirement already satisfied: packaging>17.1 in /home/aleksander.berezowsk/venv/lib/python3.12/site-packages (from torchmetrics) (26.2)
Requirement already satisfied: lightning-utilities>=0.15.3 in /home/aleksander.berezowsk/venv/lib/python3.12/site-packages (from torchmetrics) (0.15.3)
Requirement already satisfied: MarkupSafe>=2.0 in /home/aleksander.berezowsk/venv/lib/python3.12/site-packages (from jinja2->torch==2.4.0) (3.0.3)
Requirement already satisfied: mpmath<1.4,>=1.1.0 in /home/aleksander.berezowsk/venv/lib/python3.12/site-packages (from sympy->torch==2.4.0) (1.3.0)
Requirement already satisfied: optuna in /home/aleksander.berezowsk/venv/lib/python3.12/site-packages (4.9.0)
Requirement already satisfied: snntorch in /home/aleksander.berezowsk/venv/lib/python3.12/site-packages (0.9.4)
Requirement already satisfied: alembic>=1.5.0 in /home/aleksander.berezowsk/venv/lib/python3.12/site-packages (from optuna) (1.18.4)
Requirement already satisfied: colorlog in /home/aleksander.berezowsk/venv/lib/python3.12/site-packages (from optuna) (6.10.1)
Requirement already satisfied: numpy in /home/aleksander.berezowsk/venv/lib/python3.12/site-packages (from optuna) (2.4.6)
Requirement already satisfied: packaging>=20.0 in /home/aleksander.berezowsk/venv/lib/python3.12/site-packages (from optuna) (26.2)
Requirement already satisfied: sqlalchemy>=1.4.2 in /home/aleksander.berezowsk/venv/lib/python3.12/site-packages (from optuna) (2.0.50)
Requirement already satisfied: tqdm in /home/aleksander.berezowsk/venv/lib/python3.12/site-packages (from optuna) (4.67.3)
Requirement already satisfied: PyYAML in /home/aleksander.berezowsk/venv/lib/python3.12/site-packages (from optuna) (6.0.3)
Requirement already satisfied: Mako in /home/aleksander.berezowsk/venv/lib/python3.12/site-packages (from alembic>=1.5.0->optuna) (1.3.12)
Requirement already satisfied: typing-extensions>=4.12 in /home/aleksander.berezowsk/venv/lib/python3.12/site-packages (from alembic>=1.5.0->optuna) (4.15.0)
Requirement already satisfied: greenlet>=1 in /home/aleksander.berezowsk/venv/lib/python3.12/site-packages (from sqlalchemy>=1.4.2->optuna) (3.5.1)
Requirement already satisfied: MarkupSafe>=0.9.2 in /home/aleksander.berezowsk/venv/lib/python3.12/site-packages (from Mako->alembic>=1.5.0->optuna) (3.0.3)
Auto-detected Optuna study: 'snn_eegnet_v3_200_20'
Loaded best params from study 'snn_eegnet_v3_200_20' in sqlite:///optuna_study.db (trial #63, value=0.4921)
Resolved config (baseline: ReLU EEGNet, non-spiking):
  DATASET_KEY               = BNCI2014_001
  EPOCHS                    = 50
  BATCH_SIZE                = 32
  FLOW                      = 1.8471709498634592
  FHIGH                     = 96.22839364209813
  LR_EXP                    = -2.8226295305570566
  DROPOUT                   = 0.1564231237950941
  BETA                      = 0.9578831723284896
  SPIKE_GRAD_SLOPE          = 26.553831066971522
  TEMPORAL_FILTERS          = 27
  DEPTH_MULTIPLIER          = 3
  POINTWISE_FILTERS         = 32
  TEMPORAL_KERNEL_DIV       = 7
  SEPARABLE_KERNEL_SIZE     = 29
  POOL1_SIZE                = 5
  POOL2_SIZE                = 6
  N_STEPS_TRAIN             = 14
  N_STEPS_EVAL              = 28
  READOUT_MODE              = spk_mean

Device: cuda
[BNCI2014_001] loading from cache: /home/aleksander.berezowsk/.cache/spiking_eegnet/BNCI2014_001_af1ccf3e92f684d8a93c057082b654d7.npz
[BNCI2014_001] cache hit: (5184, 1, 22, 1001), classes=['feet', 'left_hand', 'right_hand', 'tongue'], subjects=9
Dataset meta: {'n_classes': 4, 'n_channels': 22, 'n_samples': 1001, 'class_names': ['feet', 'left_hand', 'right_hand', 'tongue'], 'subject_list': [1, 2, 3, 4, 5, 6, 7, 8, 9], 'n_subjects': 9, 'sfreq': 250.0}

=== LOSO baseline (hold out subject 0) ===
  Train: 4608 trials  |  Test: 576 trials
  Model params: 3,188
  epoch   1/50  loss=1.3737  bal_acc=0.3976
  epoch   2/50  loss=1.2423  bal_acc=0.4618
  epoch   3/50  loss=1.1284  bal_acc=0.5052
  epoch   4/50  loss=1.0491  bal_acc=0.5399
  epoch   5/50  loss=0.9762  bal_acc=0.5347
  epoch   6/50  loss=0.9374  bal_acc=0.5503
  epoch   7/50  loss=0.9113  bal_acc=0.5503
  epoch   8/50  loss=0.8965  bal_acc=0.5642
  epoch   9/50  loss=0.8504  bal_acc=0.5885
  epoch  10/50  loss=0.8409  bal_acc=0.6094
  epoch  11/50  loss=0.8312  bal_acc=0.4965
  epoch  12/50  loss=0.8260  bal_acc=0.5312
  epoch  13/50  loss=0.7999  bal_acc=0.4497
  epoch  14/50  loss=0.7918  bal_acc=0.5538
  epoch  15/50  loss=0.7692  bal_acc=0.5174
  epoch  16/50  loss=0.7684  bal_acc=0.6024
  epoch  17/50  loss=0.7590  bal_acc=0.5677
  epoch  18/50  loss=0.7588  bal_acc=0.5451
  epoch  19/50  loss=0.7474  bal_acc=0.6493
  epoch  20/50  loss=0.7518  bal_acc=0.5226
  epoch  21/50  loss=0.7183  bal_acc=0.5816
  epoch  22/50  loss=0.7223  bal_acc=0.5712
  epoch  23/50  loss=0.7156  bal_acc=0.5208
  epoch  24/50  loss=0.7121  bal_acc=0.5677
  epoch  25/50  loss=0.7266  bal_acc=0.5955
  epoch  26/50  loss=0.7011  bal_acc=0.6111
  epoch  27/50  loss=0.7029  bal_acc=0.5955
  epoch  28/50  loss=0.6860  bal_acc=0.5833
  epoch  29/50  loss=0.6924  bal_acc=0.5799
  epoch  30/50  loss=0.6966  bal_acc=0.5868
  epoch  31/50  loss=0.6672  bal_acc=0.5017
  epoch  32/50  loss=0.6771  bal_acc=0.6476
  epoch  33/50  loss=0.6783  bal_acc=0.4549
  epoch  34/50  loss=0.6753  bal_acc=0.5573
  epoch  35/50  loss=0.6623  bal_acc=0.4757
  epoch  36/50  loss=0.6816  bal_acc=0.6094
  epoch  37/50  loss=0.6647  bal_acc=0.5417
  epoch  38/50  loss=0.6627  bal_acc=0.5312
  epoch  39/50  loss=0.6455  bal_acc=0.5799
  epoch  40/50  loss=0.6624  bal_acc=0.5677
  epoch  41/50  loss=0.6557  bal_acc=0.6042
  epoch  42/50  loss=0.6543  bal_acc=0.5260
  epoch  43/50  loss=0.6569  bal_acc=0.5208
  epoch  44/50  loss=0.6447  bal_acc=0.5938
  epoch  45/50  loss=0.6538  bal_acc=0.5538
  epoch  46/50  loss=0.6481  bal_acc=0.6719
  epoch  47/50  loss=0.6428  bal_acc=0.5521
  epoch  48/50  loss=0.6313  bal_acc=0.5538
  epoch  49/50  loss=0.6349  bal_acc=0.5729
  epoch  50/50  loss=0.6230  bal_acc=0.5677
  [LOSO 1/9] subject 0: acc=0.5677  running_mean=0.5677

=== LOSO baseline (hold out subject 1) ===
  Train: 4608 trials  |  Test: 576 trials
  Model params: 3,188
  epoch   1/50  loss=1.3202  bal_acc=0.3646
  epoch   2/50  loss=1.1730  bal_acc=0.3906
  epoch   3/50  loss=1.0798  bal_acc=0.4132
  epoch   4/50  loss=1.0321  bal_acc=0.3611
  epoch   5/50  loss=0.9727  bal_acc=0.4167
  epoch   6/50  loss=0.9267  bal_acc=0.3854
  epoch   7/50  loss=0.8955  bal_acc=0.3924
  epoch   8/50  loss=0.8642  bal_acc=0.4427
  epoch   9/50  loss=0.8471  bal_acc=0.4774
  epoch  10/50  loss=0.8173  bal_acc=0.4080
  epoch  11/50  loss=0.8014  bal_acc=0.4219
  epoch  12/50  loss=0.7853  bal_acc=0.3837
  epoch  13/50  loss=0.7760  bal_acc=0.4323
  epoch  14/50  loss=0.7603  bal_acc=0.3559
  epoch  15/50  loss=0.7586  bal_acc=0.4688
  epoch  16/50  loss=0.7448  bal_acc=0.4497
  epoch  17/50  loss=0.7217  bal_acc=0.4219
  epoch  18/50  loss=0.7360  bal_acc=0.4097
  epoch  19/50  loss=0.7293  bal_acc=0.4722
  epoch  20/50  loss=0.7050  bal_acc=0.4097
  epoch  21/50  loss=0.6946  bal_acc=0.4670
  epoch  22/50  loss=0.6780  bal_acc=0.3125
  epoch  23/50  loss=0.6866  bal_acc=0.4340
  epoch  24/50  loss=0.6760  bal_acc=0.4427
  epoch  25/50  loss=0.6696  bal_acc=0.4688
  epoch  26/50  loss=0.6721  bal_acc=0.3003
  epoch  27/50  loss=0.6664  bal_acc=0.4497
  epoch  28/50  loss=0.6614  bal_acc=0.4097
  epoch  29/50  loss=0.6419  bal_acc=0.3993
  epoch  30/50  loss=0.6535  bal_acc=0.4340
  epoch  31/50  loss=0.6364  bal_acc=0.3976
  epoch  32/50  loss=0.6373  bal_acc=0.4965
  epoch  33/50  loss=0.6267  bal_acc=0.4635
  epoch  34/50  loss=0.6244  bal_acc=0.4497
  epoch  35/50  loss=0.6179  bal_acc=0.4965
  epoch  36/50  loss=0.6438  bal_acc=0.4271
  epoch  37/50  loss=0.6125  bal_acc=0.3906
  epoch  38/50  loss=0.6237  bal_acc=0.4826
  epoch  39/50  loss=0.6016  bal_acc=0.4531
  epoch  40/50  loss=0.6160  bal_acc=0.4410
  epoch  41/50  loss=0.6000  bal_acc=0.4444
  epoch  42/50  loss=0.5956  bal_acc=0.4323
  epoch  43/50  loss=0.6030  bal_acc=0.4253
  epoch  44/50  loss=0.5990  bal_acc=0.4358
  epoch  45/50  loss=0.5927  bal_acc=0.4444
  epoch  46/50  loss=0.5855  bal_acc=0.4653
  epoch  47/50  loss=0.5967  bal_acc=0.4722
  epoch  48/50  loss=0.5947  bal_acc=0.4740
  epoch  49/50  loss=0.5832  bal_acc=0.3819
  epoch  50/50  loss=0.5909  bal_acc=0.4236
  [LOSO 2/9] subject 1: acc=0.4236  running_mean=0.4957

=== LOSO baseline (hold out subject 2) ===
  Train: 4608 trials  |  Test: 576 trials
  Model params: 3,188
  epoch   1/50  loss=1.3488  bal_acc=0.4201
  epoch   2/50  loss=1.2092  bal_acc=0.5295
  epoch   3/50  loss=1.1091  bal_acc=0.6111
  epoch   4/50  loss=1.0560  bal_acc=0.5903
  epoch   5/50  loss=0.9997  bal_acc=0.6458
  epoch   6/50  loss=0.9661  bal_acc=0.5799
  epoch   7/50  loss=0.9509  bal_acc=0.6649
  epoch   8/50  loss=0.8997  bal_acc=0.6753
  epoch   9/50  loss=0.9038  bal_acc=0.6267
  epoch  10/50  loss=0.8644  bal_acc=0.6927
  epoch  11/50  loss=0.8621  bal_acc=0.5851
  epoch  12/50  loss=0.8390  bal_acc=0.5191
  epoch  13/50  loss=0.8264  bal_acc=0.6667
  epoch  14/50  loss=0.8083  bal_acc=0.6285
  epoch  15/50  loss=0.8185  bal_acc=0.7153
  epoch  16/50  loss=0.7900  bal_acc=0.6962
  epoch  17/50  loss=0.7985  bal_acc=0.6476
  epoch  18/50  loss=0.7905  bal_acc=0.6806
  epoch  19/50  loss=0.7792  bal_acc=0.5451
  epoch  20/50  loss=0.7777  bal_acc=0.7135
  epoch  21/50  loss=0.7722  bal_acc=0.6858
  epoch  22/50  loss=0.7573  bal_acc=0.6510
  epoch  23/50  loss=0.7487  bal_acc=0.7622
  epoch  24/50  loss=0.7504  bal_acc=0.7517
  epoch  25/50  loss=0.7599  bal_acc=0.6701
  epoch  26/50  loss=0.7508  bal_acc=0.7552
  epoch  27/50  loss=0.7418  bal_acc=0.7396
  epoch  28/50  loss=0.7401  bal_acc=0.7535
  epoch  29/50  loss=0.7289  bal_acc=0.6875
  epoch  30/50  loss=0.7197  bal_acc=0.7222
  epoch  31/50  loss=0.7199  bal_acc=0.7604
  epoch  32/50  loss=0.7236  bal_acc=0.6562
  epoch  33/50  loss=0.7210  bal_acc=0.7674
  epoch  34/50  loss=0.7150  bal_acc=0.7135
  epoch  35/50  loss=0.7094  bal_acc=0.7170
  epoch  36/50  loss=0.7012  bal_acc=0.7778
  epoch  37/50  loss=0.7082  bal_acc=0.6719
  epoch  38/50  loss=0.7007  bal_acc=0.7344
  epoch  39/50  loss=0.6855  bal_acc=0.7188
  epoch  40/50  loss=0.6981  bal_acc=0.6615
  epoch  41/50  loss=0.6926  bal_acc=0.7517
  epoch  42/50  loss=0.6963  bal_acc=0.8003
  epoch  43/50  loss=0.6846  bal_acc=0.6788
  epoch  44/50  loss=0.7025  bal_acc=0.7483
  epoch  45/50  loss=0.6784  bal_acc=0.7118
  epoch  46/50  loss=0.6865  bal_acc=0.6858
  epoch  47/50  loss=0.6920  bal_acc=0.7083
  epoch  48/50  loss=0.6913  bal_acc=0.6892
  epoch  49/50  loss=0.6693  bal_acc=0.6493
  epoch  50/50  loss=0.6882  bal_acc=0.7535
  [LOSO 3/9] subject 2: acc=0.7535  running_mean=0.5816

=== LOSO baseline (hold out subject 3) ===
  Train: 4608 trials  |  Test: 576 trials
  Model params: 3,188
  epoch   1/50  loss=1.3587  bal_acc=0.3403
  epoch   2/50  loss=1.1900  bal_acc=0.3576
  epoch   3/50  loss=1.0763  bal_acc=0.4653
  epoch   4/50  loss=0.9767  bal_acc=0.4028
  epoch   5/50  loss=0.9267  bal_acc=0.4375
  epoch   6/50  loss=0.8913  bal_acc=0.4757
  epoch   7/50  loss=0.8528  bal_acc=0.4549
  epoch   8/50  loss=0.8248  bal_acc=0.4340
  epoch   9/50  loss=0.8185  bal_acc=0.4253
  epoch  10/50  loss=0.8009  bal_acc=0.3420
  epoch  11/50  loss=0.7982  bal_acc=0.4479
  epoch  12/50  loss=0.7811  bal_acc=0.4514
  epoch  13/50  loss=0.7801  bal_acc=0.4774
  epoch  14/50  loss=0.7551  bal_acc=0.3351
  epoch  15/50  loss=0.7400  bal_acc=0.4132
  epoch  16/50  loss=0.7402  bal_acc=0.3785
  epoch  17/50  loss=0.7241  bal_acc=0.3767
  epoch  18/50  loss=0.7096  bal_acc=0.4236
  epoch  19/50  loss=0.7183  bal_acc=0.4670
  epoch  20/50  loss=0.7148  bal_acc=0.4375
  epoch  21/50  loss=0.7067  bal_acc=0.3906
  epoch  22/50  loss=0.6985  bal_acc=0.4184
  epoch  23/50  loss=0.6895  bal_acc=0.2847
  epoch  24/50  loss=0.6751  bal_acc=0.4184
  epoch  25/50  loss=0.6815  bal_acc=0.4549
  epoch  26/50  loss=0.6726  bal_acc=0.4340
  epoch  27/50  loss=0.6764  bal_acc=0.4861
  epoch  28/50  loss=0.6623  bal_acc=0.2552
  epoch  29/50  loss=0.6485  bal_acc=0.2830
  epoch  30/50  loss=0.6456  bal_acc=0.4167
  epoch  31/50  loss=0.6452  bal_acc=0.3420
  epoch  32/50  loss=0.6624  bal_acc=0.3247
  epoch  33/50  loss=0.6596  bal_acc=0.3663
  epoch  34/50  loss=0.6422  bal_acc=0.4792
  epoch  35/50  loss=0.6413  bal_acc=0.4410
  epoch  36/50  loss=0.6317  bal_acc=0.3837
  epoch  37/50  loss=0.6403  bal_acc=0.3889
  epoch  38/50  loss=0.6144  bal_acc=0.4896
  epoch  39/50  loss=0.6206  bal_acc=0.3976
  epoch  40/50  loss=0.6180  bal_acc=0.3368
  epoch  41/50  loss=0.6232  bal_acc=0.4479
  epoch  42/50  loss=0.6246  bal_acc=0.5087
  epoch  43/50  loss=0.6063  bal_acc=0.3212
  epoch  44/50  loss=0.6242  bal_acc=0.3924
  epoch  45/50  loss=0.6025  bal_acc=0.3420
  epoch  46/50  loss=0.6103  bal_acc=0.3976
  epoch  47/50  loss=0.6102  bal_acc=0.4306
  epoch  48/50  loss=0.5944  bal_acc=0.3819
  epoch  49/50  loss=0.6014  bal_acc=0.3229
  epoch  50/50  loss=0.5982  bal_acc=0.3976
  [LOSO 4/9] subject 3: acc=0.3976  running_mean=0.5356

=== LOSO baseline (hold out subject 4) ===
  Train: 4608 trials  |  Test: 576 trials
  Model params: 3,188
  epoch   1/50  loss=1.3163  bal_acc=0.2691
  epoch   2/50  loss=1.1324  bal_acc=0.4097
  epoch   3/50  loss=1.0436  bal_acc=0.3177
  epoch   4/50  loss=0.9830  bal_acc=0.3698
  epoch   5/50  loss=0.9276  bal_acc=0.3767
  epoch   6/50  loss=0.9028  bal_acc=0.4392
  epoch   7/50  loss=0.8750  bal_acc=0.3490
  epoch   8/50  loss=0.8675  bal_acc=0.4340
  epoch   9/50  loss=0.8417  bal_acc=0.4288
  epoch  10/50  loss=0.8090  bal_acc=0.3142
  epoch  11/50  loss=0.7991  bal_acc=0.3924
  epoch  12/50  loss=0.7946  bal_acc=0.4045
  epoch  13/50  loss=0.7828  bal_acc=0.4010
  epoch  14/50  loss=0.7836  bal_acc=0.3889
  epoch  15/50  loss=0.7610  bal_acc=0.4062
  epoch  16/50  loss=0.7535  bal_acc=0.3646
  epoch  17/50  loss=0.7415  bal_acc=0.4410
  epoch  18/50  loss=0.7470  bal_acc=0.4271
  epoch  19/50  loss=0.7378  bal_acc=0.4392
  epoch  20/50  loss=0.7192  bal_acc=0.3767
  epoch  21/50  loss=0.7245  bal_acc=0.4062
  epoch  22/50  loss=0.7150  bal_acc=0.3385
  epoch  23/50  loss=0.7169  bal_acc=0.3177
  epoch  24/50  loss=0.7057  bal_acc=0.4323
  epoch  25/50  loss=0.6887  bal_acc=0.4375
  epoch  26/50  loss=0.7130  bal_acc=0.4514
  epoch  27/50  loss=0.6755  bal_acc=0.3455
  epoch  28/50  loss=0.6951  bal_acc=0.4028
  epoch  29/50  loss=0.6900  bal_acc=0.3247
  epoch  30/50  loss=0.6827  bal_acc=0.3628
  epoch  31/50  loss=0.6695  bal_acc=0.4201
  epoch  32/50  loss=0.6777  bal_acc=0.4410
  epoch  33/50  loss=0.6898  bal_acc=0.5122
  epoch  34/50  loss=0.6802  bal_acc=0.4184
  epoch  35/50  loss=0.6606  bal_acc=0.4479
  epoch  36/50  loss=0.6657  bal_acc=0.4965
  epoch  37/50  loss=0.6561  bal_acc=0.5243
  epoch  38/50  loss=0.6568  bal_acc=0.3385
  epoch  39/50  loss=0.6561  bal_acc=0.4878
  epoch  40/50  loss=0.6484  bal_acc=0.4201
  epoch  41/50  loss=0.6546  bal_acc=0.4740
  epoch  42/50  loss=0.6278  bal_acc=0.4965
  epoch  43/50  loss=0.6367  bal_acc=0.5035
  epoch  44/50  loss=0.6466  bal_acc=0.5781
  epoch  45/50  loss=0.6252  bal_acc=0.4965
  epoch  46/50  loss=0.6278  bal_acc=0.4531
  epoch  47/50  loss=0.6328  bal_acc=0.4184
  epoch  48/50  loss=0.6297  bal_acc=0.4566
  epoch  49/50  loss=0.6205  bal_acc=0.4983
  epoch  50/50  loss=0.6210  bal_acc=0.3750
  [LOSO 5/9] subject 4: acc=0.3750  running_mean=0.5035

=== LOSO baseline (hold out subject 5) ===
  Train: 4608 trials  |  Test: 576 trials
  Model params: 3,188
  epoch   1/50  loss=1.3320  bal_acc=0.3368
  epoch   2/50  loss=1.1890  bal_acc=0.3802
  epoch   3/50  loss=1.0921  bal_acc=0.4306
  epoch   4/50  loss=1.0384  bal_acc=0.4219
  epoch   5/50  loss=0.9833  bal_acc=0.4705
  epoch   6/50  loss=0.9568  bal_acc=0.4479
  epoch   7/50  loss=0.9385  bal_acc=0.4948
  epoch   8/50  loss=0.9130  bal_acc=0.4896
  epoch   9/50  loss=0.8873  bal_acc=0.4583
  epoch  10/50  loss=0.8443  bal_acc=0.4722
  epoch  11/50  loss=0.8317  bal_acc=0.4826
  epoch  12/50  loss=0.8149  bal_acc=0.5122
  epoch  13/50  loss=0.7971  bal_acc=0.3906
  epoch  14/50  loss=0.7924  bal_acc=0.5365
  epoch  15/50  loss=0.7815  bal_acc=0.4878
  epoch  16/50  loss=0.7660  bal_acc=0.5486
  epoch  17/50  loss=0.7562  bal_acc=0.4705
  epoch  18/50  loss=0.7490  bal_acc=0.4497
  epoch  19/50  loss=0.7517  bal_acc=0.4028
  epoch  20/50  loss=0.7419  bal_acc=0.4375
  epoch  21/50  loss=0.7193  bal_acc=0.3993
  epoch  22/50  loss=0.7271  bal_acc=0.4358
  epoch  23/50  loss=0.7261  bal_acc=0.4323
  epoch  24/50  loss=0.7074  bal_acc=0.5417
  epoch  25/50  loss=0.7062  bal_acc=0.4375
  epoch  26/50  loss=0.6937  bal_acc=0.3941
  epoch  27/50  loss=0.6925  bal_acc=0.3490
  epoch  28/50  loss=0.6930  bal_acc=0.4618
  epoch  29/50  loss=0.6904  bal_acc=0.3941
  epoch  30/50  loss=0.6789  bal_acc=0.3611
  epoch  31/50  loss=0.6748  bal_acc=0.5226
  epoch  32/50  loss=0.6748  bal_acc=0.3819
  epoch  33/50  loss=0.6779  bal_acc=0.3715
  epoch  34/50  loss=0.6547  bal_acc=0.4201
  epoch  35/50  loss=0.6677  bal_acc=0.4809
  epoch  36/50  loss=0.6552  bal_acc=0.4688
  epoch  37/50  loss=0.6490  bal_acc=0.4479
  epoch  38/50  loss=0.6446  bal_acc=0.4635
  epoch  39/50  loss=0.6510  bal_acc=0.4219
  epoch  40/50  loss=0.6488  bal_acc=0.4358
  epoch  41/50  loss=0.6286  bal_acc=0.4878
  epoch  42/50  loss=0.6379  bal_acc=0.4306
  epoch  43/50  loss=0.6282  bal_acc=0.5052
  epoch  44/50  loss=0.6350  bal_acc=0.4201
  epoch  45/50  loss=0.6348  bal_acc=0.4566
  epoch  46/50  loss=0.6274  bal_acc=0.5087
  epoch  47/50  loss=0.6297  bal_acc=0.4010
  epoch  48/50  loss=0.6208  bal_acc=0.4392
  epoch  49/50  loss=0.6245  bal_acc=0.4236
  epoch  50/50  loss=0.6226  bal_acc=0.4167
  [LOSO 6/9] subject 5: acc=0.4167  running_mean=0.4890

=== LOSO baseline (hold out subject 6) ===
  Train: 4608 trials  |  Test: 576 trials
  Model params: 3,188
  epoch   1/50  loss=1.3509  bal_acc=0.3889
  epoch   2/50  loss=1.2145  bal_acc=0.4913
  epoch   3/50  loss=1.1107  bal_acc=0.4931
  epoch   4/50  loss=1.0361  bal_acc=0.6007
  epoch   5/50  loss=0.9788  bal_acc=0.5330
  epoch   6/50  loss=0.9392  bal_acc=0.5399
  epoch   7/50  loss=0.9070  bal_acc=0.5573
  epoch   8/50  loss=0.8756  bal_acc=0.6406
  epoch   9/50  loss=0.8570  bal_acc=0.6562
  epoch  10/50  loss=0.8416  bal_acc=0.6493
  epoch  11/50  loss=0.8248  bal_acc=0.5694
  epoch  12/50  loss=0.8264  bal_acc=0.6389
  epoch  13/50  loss=0.8066  bal_acc=0.4271
  epoch  14/50  loss=0.7986  bal_acc=0.5799
  epoch  15/50  loss=0.7880  bal_acc=0.6076
  epoch  16/50  loss=0.7844  bal_acc=0.5920
  epoch  17/50  loss=0.7751  bal_acc=0.5451
  epoch  18/50  loss=0.7590  bal_acc=0.4115
  epoch  19/50  loss=0.7513  bal_acc=0.4757
  epoch  20/50  loss=0.7584  bal_acc=0.6094
  epoch  21/50  loss=0.7485  bal_acc=0.4149
  epoch  22/50  loss=0.7358  bal_acc=0.4653
  epoch  23/50  loss=0.7297  bal_acc=0.6476
  epoch  24/50  loss=0.7557  bal_acc=0.6406
  epoch  25/50  loss=0.7160  bal_acc=0.6024
  epoch  26/50  loss=0.7349  bal_acc=0.6406
  epoch  27/50  loss=0.7195  bal_acc=0.5556
  epoch  28/50  loss=0.7081  bal_acc=0.6476
  epoch  29/50  loss=0.7009  bal_acc=0.5017
  epoch  30/50  loss=0.6905  bal_acc=0.5972
  epoch  31/50  loss=0.6925  bal_acc=0.5938
  epoch  32/50  loss=0.7080  bal_acc=0.3299
  epoch  33/50  loss=0.6860  bal_acc=0.3368
  epoch  34/50  loss=0.6880  bal_acc=0.5712
  epoch  35/50  loss=0.6801  bal_acc=0.6684
  epoch  36/50  loss=0.6698  bal_acc=0.5677
  epoch  37/50  loss=0.6826  bal_acc=0.4462
  epoch  38/50  loss=0.6777  bal_acc=0.6007
  epoch  39/50  loss=0.6505  bal_acc=0.4913
  epoch  40/50  loss=0.6756  bal_acc=0.6458
  epoch  41/50  loss=0.6690  bal_acc=0.2726
  epoch  42/50  loss=0.6627  bal_acc=0.5938
  epoch  43/50  loss=0.6736  bal_acc=0.5399
  epoch  44/50  loss=0.6640  bal_acc=0.5174
  epoch  45/50  loss=0.6631  bal_acc=0.5764
  epoch  46/50  loss=0.6738  bal_acc=0.4566
  epoch  47/50  loss=0.6581  bal_acc=0.4253
  epoch  48/50  loss=0.6538  bal_acc=0.5642
  epoch  49/50  loss=0.6443  bal_acc=0.3715
  epoch  50/50  loss=0.6522  bal_acc=0.3837
  [LOSO 7/9] subject 6: acc=0.3837  running_mean=0.4740

=== LOSO baseline (hold out subject 7) ===
  Train: 4608 trials  |  Test: 576 trials
  Model params: 3,188
  epoch   1/50  loss=1.3631  bal_acc=0.4062
  epoch   2/50  loss=1.2399  bal_acc=0.5156
  epoch   3/50  loss=1.1501  bal_acc=0.5330
  epoch   4/50  loss=1.0682  bal_acc=0.5955
  epoch   5/50  loss=1.0121  bal_acc=0.6128
  epoch   6/50  loss=0.9811  bal_acc=0.6337
  epoch   7/50  loss=0.9444  bal_acc=0.6337
  epoch   8/50  loss=0.8981  bal_acc=0.6094
  epoch   9/50  loss=0.8815  bal_acc=0.6493
  epoch  10/50  loss=0.8685  bal_acc=0.6944
  epoch  11/50  loss=0.8436  bal_acc=0.6753
  epoch  12/50  loss=0.8359  bal_acc=0.6233
  epoch  13/50  loss=0.8153  bal_acc=0.6181
  epoch  14/50  loss=0.8128  bal_acc=0.6215
  epoch  15/50  loss=0.7821  bal_acc=0.6128
  epoch  16/50  loss=0.7872  bal_acc=0.7326
  epoch  17/50  loss=0.7797  bal_acc=0.7083
  epoch  18/50  loss=0.7580  bal_acc=0.5069
  epoch  19/50  loss=0.7565  bal_acc=0.6927
  epoch  20/50  loss=0.7451  bal_acc=0.6910
  epoch  21/50  loss=0.7568  bal_acc=0.6181
  epoch  22/50  loss=0.7405  bal_acc=0.6059
  epoch  23/50  loss=0.7329  bal_acc=0.6667
  epoch  24/50  loss=0.7135  bal_acc=0.6667
  epoch  25/50  loss=0.7139  bal_acc=0.6684
  epoch  26/50  loss=0.7170  bal_acc=0.6233
  epoch  27/50  loss=0.7152  bal_acc=0.6771
  epoch  28/50  loss=0.7203  bal_acc=0.5920
  epoch  29/50  loss=0.7105  bal_acc=0.7378
  epoch  30/50  loss=0.7172  bal_acc=0.6545
  epoch  31/50  loss=0.6934  bal_acc=0.7413
  epoch  32/50  loss=0.6976  bal_acc=0.7118
  epoch  33/50  loss=0.6788  bal_acc=0.6858
  epoch  34/50  loss=0.6920  bal_acc=0.7049
  epoch  35/50  loss=0.6842  bal_acc=0.6667
  epoch  36/50  loss=0.6909  bal_acc=0.7587
  epoch  37/50  loss=0.6694  bal_acc=0.6858
  epoch  38/50  loss=0.6661  bal_acc=0.7309
  epoch  39/50  loss=0.6789  bal_acc=0.7274
  epoch  40/50  loss=0.6522  bal_acc=0.7326
  epoch  41/50  loss=0.6721  bal_acc=0.6979
  epoch  42/50  loss=0.6537  bal_acc=0.7101
  epoch  43/50  loss=0.6627  bal_acc=0.6788
  epoch  44/50  loss=0.6487  bal_acc=0.4896
  epoch  45/50  loss=0.6582  bal_acc=0.7257
  epoch  46/50  loss=0.6515  bal_acc=0.6788
  epoch  47/50  loss=0.6667  bal_acc=0.6944
  epoch  48/50  loss=0.6428  bal_acc=0.7188
  epoch  49/50  loss=0.6525  bal_acc=0.5608
  epoch  50/50  loss=0.6542  bal_acc=0.5816
  [LOSO 8/9] subject 7: acc=0.5816  running_mean=0.4874

=== LOSO baseline (hold out subject 8) ===
  Train: 4608 trials  |  Test: 576 trials
  Model params: 3,188
  epoch   1/50  loss=1.3391  bal_acc=0.2951
  epoch   2/50  loss=1.1832  bal_acc=0.3646
  epoch   3/50  loss=1.0868  bal_acc=0.4618
  epoch   4/50  loss=1.0044  bal_acc=0.5035
  epoch   5/50  loss=0.9560  bal_acc=0.4965
  epoch   6/50  loss=0.9266  bal_acc=0.5347
  epoch   7/50  loss=0.8798  bal_acc=0.5243
  epoch   8/50  loss=0.8731  bal_acc=0.5503
  epoch   9/50  loss=0.8602  bal_acc=0.5174
  epoch  10/50  loss=0.8559  bal_acc=0.5417
  epoch  11/50  loss=0.8231  bal_acc=0.5052
  epoch  12/50  loss=0.8165  bal_acc=0.6042
  epoch  13/50  loss=0.8047  bal_acc=0.6024
  epoch  14/50  loss=0.7911  bal_acc=0.5816
  epoch  15/50  loss=0.7781  bal_acc=0.6319
  epoch  16/50  loss=0.7729  bal_acc=0.5799
  epoch  17/50  loss=0.7732  bal_acc=0.5451
  epoch  18/50  loss=0.7479  bal_acc=0.5938
  epoch  19/50  loss=0.7388  bal_acc=0.5330
  epoch  20/50  loss=0.7451  bal_acc=0.5642
  epoch  21/50  loss=0.7406  bal_acc=0.5642
  epoch  22/50  loss=0.7317  bal_acc=0.6094
  epoch  23/50  loss=0.7170  bal_acc=0.6337
  epoch  24/50  loss=0.7033  bal_acc=0.5955
  epoch  25/50  loss=0.7341  bal_acc=0.6285
  epoch  26/50  loss=0.7117  bal_acc=0.6319
  epoch  27/50  loss=0.6976  bal_acc=0.6458
  epoch  28/50  loss=0.7045  bal_acc=0.6319
  epoch  29/50  loss=0.7024  bal_acc=0.6354
  epoch  30/50  loss=0.6988  bal_acc=0.6007
  epoch  31/50  loss=0.6856  bal_acc=0.6476
  epoch  32/50  loss=0.6757  bal_acc=0.6406
  epoch  33/50  loss=0.6745  bal_acc=0.6493
  epoch  34/50  loss=0.6749  bal_acc=0.6476
  epoch  35/50  loss=0.6651  bal_acc=0.6406
  epoch  36/50  loss=0.6819  bal_acc=0.5868
  epoch  37/50  loss=0.6666  bal_acc=0.6215
  epoch  38/50  loss=0.6475  bal_acc=0.6007
  epoch  39/50  loss=0.6769  bal_acc=0.6111
  epoch  40/50  loss=0.6731  bal_acc=0.6476
  epoch  41/50  loss=0.6536  bal_acc=0.6285
  epoch  42/50  loss=0.6489  bal_acc=0.6597
  epoch  43/50  loss=0.6458  bal_acc=0.6267
  epoch  44/50  loss=0.6642  bal_acc=0.5694
  epoch  45/50  loss=0.6447  bal_acc=0.6128
  epoch  46/50  loss=0.6300  bal_acc=0.6476
  epoch  47/50  loss=0.6363  bal_acc=0.6215
  epoch  48/50  loss=0.6377  bal_acc=0.5903
  epoch  49/50  loss=0.6440  bal_acc=0.6337
  epoch  50/50  loss=0.6329  bal_acc=0.6059
  [LOSO 9/9] subject 8: acc=0.6059  running_mean=0.5006

Results saved to results/BNCI2014_001/results_baseline.json
Baseline (EEGNet-ReLU) mean balanced accuracy: 0.5006
Finished : Fri Jul  3 05:06:31 MDT 2026
Exit code: 0
