Job ID   : 44392958
Node     : fg2
Started  : Sun Jul  5 01:58:12 MDT 2026
Directory: /home/aleksander.berezowsk/spiking-eegnet
Requirement already satisfied: setuptools==69.5.1 in /home/aleksander.berezowsk/venv/lib/python3.12/site-packages (69.5.1)
Requirement already satisfied: torch==2.4.0 in /home/aleksander.berezowsk/venv/lib/python3.12/site-packages (2.4.0)
Requirement already satisfied: torchvision==0.19.0 in /home/aleksander.berezowsk/venv/lib/python3.12/site-packages (0.19.0)
Requirement already satisfied: torchaudio==2.4.0 in /home/aleksander.berezowsk/venv/lib/python3.12/site-packages (2.4.0)
Requirement already satisfied: torchmetrics in /home/aleksander.berezowsk/venv/lib/python3.12/site-packages (1.9.0)
Requirement already satisfied: filelock in /home/aleksander.berezowsk/venv/lib/python3.12/site-packages (from torch==2.4.0) (3.29.0)
Requirement already satisfied: typing-extensions>=4.8.0 in /home/aleksander.berezowsk/venv/lib/python3.12/site-packages (from torch==2.4.0) (4.15.0)
Requirement already satisfied: sympy in /home/aleksander.berezowsk/venv/lib/python3.12/site-packages (from torch==2.4.0) (1.14.0)
Requirement already satisfied: networkx in /home/aleksander.berezowsk/venv/lib/python3.12/site-packages (from torch==2.4.0) (3.6.1)
Requirement already satisfied: jinja2 in /home/aleksander.berezowsk/venv/lib/python3.12/site-packages (from torch==2.4.0) (3.1.6)
Requirement already satisfied: fsspec in /home/aleksander.berezowsk/venv/lib/python3.12/site-packages (from torch==2.4.0) (2026.4.0)
Requirement already satisfied: setuptools in /home/aleksander.berezowsk/venv/lib/python3.12/site-packages (from torch==2.4.0) (69.5.1)
Requirement already satisfied: nvidia-cuda-nvrtc-cu12==12.1.105 in /home/aleksander.berezowsk/venv/lib/python3.12/site-packages (from torch==2.4.0) (12.1.105)
Requirement already satisfied: nvidia-cuda-runtime-cu12==12.1.105 in /home/aleksander.berezowsk/venv/lib/python3.12/site-packages (from torch==2.4.0) (12.1.105)
Requirement already satisfied: nvidia-cuda-cupti-cu12==12.1.105 in /home/aleksander.berezowsk/venv/lib/python3.12/site-packages (from torch==2.4.0) (12.1.105)
Requirement already satisfied: nvidia-cudnn-cu12==9.1.0.70 in /home/aleksander.berezowsk/venv/lib/python3.12/site-packages (from torch==2.4.0) (9.1.0.70)
Requirement already satisfied: nvidia-cublas-cu12==12.1.3.1 in /home/aleksander.berezowsk/venv/lib/python3.12/site-packages (from torch==2.4.0) (12.1.3.1)
Requirement already satisfied: nvidia-cufft-cu12==11.0.2.54 in /home/aleksander.berezowsk/venv/lib/python3.12/site-packages (from torch==2.4.0) (11.0.2.54)
Requirement already satisfied: nvidia-curand-cu12==10.3.2.106 in /home/aleksander.berezowsk/venv/lib/python3.12/site-packages (from torch==2.4.0) (10.3.2.106)
Requirement already satisfied: nvidia-cusolver-cu12==11.4.5.107 in /home/aleksander.berezowsk/venv/lib/python3.12/site-packages (from torch==2.4.0) (11.4.5.107)
Requirement already satisfied: nvidia-cusparse-cu12==12.1.0.106 in /home/aleksander.berezowsk/venv/lib/python3.12/site-packages (from torch==2.4.0) (12.1.0.106)
Requirement already satisfied: nvidia-nccl-cu12==2.20.5 in /home/aleksander.berezowsk/venv/lib/python3.12/site-packages (from torch==2.4.0) (2.20.5)
Requirement already satisfied: nvidia-nvtx-cu12==12.1.105 in /home/aleksander.berezowsk/venv/lib/python3.12/site-packages (from torch==2.4.0) (12.1.105)
Requirement already satisfied: triton==3.0.0 in /home/aleksander.berezowsk/venv/lib/python3.12/site-packages (from torch==2.4.0) (3.0.0)
Requirement already satisfied: numpy in /home/aleksander.berezowsk/venv/lib/python3.12/site-packages (from torchvision==0.19.0) (2.4.6)
Requirement already satisfied: pillow!=8.3.*,>=5.3.0 in /home/aleksander.berezowsk/venv/lib/python3.12/site-packages (from torchvision==0.19.0) (12.2.0)
Requirement already satisfied: nvidia-nvjitlink-cu12 in /home/aleksander.berezowsk/venv/lib/python3.12/site-packages (from nvidia-cusolver-cu12==11.4.5.107->torch==2.4.0) (12.9.86)
Requirement already satisfied: packaging>17.1 in /home/aleksander.berezowsk/venv/lib/python3.12/site-packages (from torchmetrics) (26.2)
Requirement already satisfied: lightning-utilities>=0.15.3 in /home/aleksander.berezowsk/venv/lib/python3.12/site-packages (from torchmetrics) (0.15.3)
Requirement already satisfied: MarkupSafe>=2.0 in /home/aleksander.berezowsk/venv/lib/python3.12/site-packages (from jinja2->torch==2.4.0) (3.0.3)
Requirement already satisfied: mpmath<1.4,>=1.1.0 in /home/aleksander.berezowsk/venv/lib/python3.12/site-packages (from sympy->torch==2.4.0) (1.3.0)
Requirement already satisfied: optuna in /home/aleksander.berezowsk/venv/lib/python3.12/site-packages (4.9.0)
Requirement already satisfied: snntorch in /home/aleksander.berezowsk/venv/lib/python3.12/site-packages (0.9.4)
Requirement already satisfied: alembic>=1.5.0 in /home/aleksander.berezowsk/venv/lib/python3.12/site-packages (from optuna) (1.18.4)
Requirement already satisfied: colorlog in /home/aleksander.berezowsk/venv/lib/python3.12/site-packages (from optuna) (6.10.1)
Requirement already satisfied: numpy in /home/aleksander.berezowsk/venv/lib/python3.12/site-packages (from optuna) (2.4.6)
Requirement already satisfied: packaging>=20.0 in /home/aleksander.berezowsk/venv/lib/python3.12/site-packages (from optuna) (26.2)
Requirement already satisfied: sqlalchemy>=1.4.2 in /home/aleksander.berezowsk/venv/lib/python3.12/site-packages (from optuna) (2.0.50)
Requirement already satisfied: tqdm in /home/aleksander.berezowsk/venv/lib/python3.12/site-packages (from optuna) (4.67.3)
Requirement already satisfied: PyYAML in /home/aleksander.berezowsk/venv/lib/python3.12/site-packages (from optuna) (6.0.3)
Requirement already satisfied: Mako in /home/aleksander.berezowsk/venv/lib/python3.12/site-packages (from alembic>=1.5.0->optuna) (1.3.12)
Requirement already satisfied: typing-extensions>=4.12 in /home/aleksander.berezowsk/venv/lib/python3.12/site-packages (from alembic>=1.5.0->optuna) (4.15.0)
Requirement already satisfied: greenlet>=1 in /home/aleksander.berezowsk/venv/lib/python3.12/site-packages (from sqlalchemy>=1.4.2->optuna) (3.5.1)
Requirement already satisfied: MarkupSafe>=0.9.2 in /home/aleksander.berezowsk/venv/lib/python3.12/site-packages (from Mako->alembic>=1.5.0->optuna) (3.0.3)
Device: cuda
[BNCI2014_001] loading from cache: /home/aleksander.berezowsk/.cache/spiking_eegnet/BNCI2014_001_af1ccf3e92f684d8a93c057082b654d7.npz
[BNCI2014_001] cache hit: (5184, 1, 22, 1001), classes=['feet', 'left_hand', 'right_hand', 'tongue'], subjects=9
Dataset meta: {'n_classes': 4, 'n_channels': 22, 'n_samples': 1001, 'class_names': ['feet', 'left_hand', 'right_hand', 'tongue'], 'subject_list': [1, 2, 3, 4, 5, 6, 7, 8, 9], 'n_subjects': 9, 'sfreq': 250.0}

=== LOSO (hold out subject 0) ===
  Train: 4608 trials  |  Test: 576 trials
  Model params: 17,860
  epoch   1/50  loss=1.3876  bal_acc=0.3108
  epoch   2/50  loss=1.3707  bal_acc=0.3038
  epoch   3/50  loss=1.3536  bal_acc=0.3160
  epoch   4/50  loss=1.3379  bal_acc=0.3212
  epoch   5/50  loss=1.3233  bal_acc=0.3229
  epoch   6/50  loss=1.3078  bal_acc=0.3351
  epoch   7/50  loss=1.2955  bal_acc=0.3524
  epoch   8/50  loss=1.2845  bal_acc=0.3490
  epoch   9/50  loss=1.2723  bal_acc=0.3490
  epoch  10/50  loss=1.2626  bal_acc=0.3559
  epoch  11/50  loss=1.2512  bal_acc=0.3576
  epoch  12/50  loss=1.2399  bal_acc=0.3733
  epoch  13/50  loss=1.2301  bal_acc=0.3837
  epoch  14/50  loss=1.2196  bal_acc=0.3924
  epoch  15/50  loss=1.2058  bal_acc=0.3819
  epoch  16/50  loss=1.1943  bal_acc=0.3889
  epoch  17/50  loss=1.1817  bal_acc=0.3889
  epoch  18/50  loss=1.1670  bal_acc=0.3941
  epoch  19/50  loss=1.1555  bal_acc=0.4062
  epoch  20/50  loss=1.1448  bal_acc=0.4097
  epoch  21/50  loss=1.1320  bal_acc=0.4097
  epoch  22/50  loss=1.1158  bal_acc=0.4271
  epoch  23/50  loss=1.1091  bal_acc=0.4323
  epoch  24/50  loss=1.0983  bal_acc=0.4531
  epoch  25/50  loss=1.0856  bal_acc=0.4514
  epoch  26/50  loss=1.0722  bal_acc=0.4514
  epoch  27/50  loss=1.0646  bal_acc=0.4583
  epoch  28/50  loss=1.0507  bal_acc=0.4479
  epoch  29/50  loss=1.0420  bal_acc=0.4479
  epoch  30/50  loss=1.0315  bal_acc=0.4601
  epoch  31/50  loss=1.0230  bal_acc=0.4583
  epoch  32/50  loss=1.0165  bal_acc=0.4549
  epoch  33/50  loss=1.0038  bal_acc=0.4844
  epoch  34/50  loss=0.9969  bal_acc=0.4740
  epoch  35/50  loss=0.9846  bal_acc=0.4844
  epoch  36/50  loss=0.9778  bal_acc=0.4653
  epoch  37/50  loss=0.9696  bal_acc=0.4809
  epoch  38/50  loss=0.9696  bal_acc=0.4844
  epoch  39/50  loss=0.9517  bal_acc=0.4965
  epoch  40/50  loss=0.9480  bal_acc=0.5052
  epoch  41/50  loss=0.9389  bal_acc=0.4913
  epoch  42/50  loss=0.9295  bal_acc=0.5017
  epoch  43/50  loss=0.9246  bal_acc=0.5069
  epoch  44/50  loss=0.9171  bal_acc=0.5017
  epoch  45/50  loss=0.9177  bal_acc=0.5191
  epoch  46/50  loss=0.9065  bal_acc=0.5069
  epoch  47/50  loss=0.9041  bal_acc=0.5122
  epoch  48/50  loss=0.8990  bal_acc=0.5052
  epoch  49/50  loss=0.8918  bal_acc=0.5052
  epoch  50/50  loss=0.8800  bal_acc=0.5052
  [LOSO 1/9] subject 0: acc=0.5052  running_mean=0.5052

=== LOSO (hold out subject 1) ===
  Train: 4608 trials  |  Test: 576 trials
  Model params: 17,860
  epoch   1/50  loss=1.3881  bal_acc=0.2708
  epoch   2/50  loss=1.3649  bal_acc=0.2726
  epoch   3/50  loss=1.3479  bal_acc=0.2934
  epoch   4/50  loss=1.3318  bal_acc=0.3177
  epoch   5/50  loss=1.3131  bal_acc=0.3333
  epoch   6/50  loss=1.2990  bal_acc=0.3420
  epoch   7/50  loss=1.2831  bal_acc=0.3333
  epoch   8/50  loss=1.2699  bal_acc=0.3403
  epoch   9/50  loss=1.2571  bal_acc=0.3316
  epoch  10/50  loss=1.2431  bal_acc=0.3472
  epoch  11/50  loss=1.2305  bal_acc=0.3368
  epoch  12/50  loss=1.2186  bal_acc=0.3385
  epoch  13/50  loss=1.2028  bal_acc=0.3385
  epoch  14/50  loss=1.1888  bal_acc=0.3420
  epoch  15/50  loss=1.1704  bal_acc=0.3455
  epoch  16/50  loss=1.1575  bal_acc=0.3455
  epoch  17/50  loss=1.1380  bal_acc=0.3507
  epoch  18/50  loss=1.1251  bal_acc=0.3472
  epoch  19/50  loss=1.1082  bal_acc=0.3455
  epoch  20/50  loss=1.0940  bal_acc=0.3785
  epoch  21/50  loss=1.0794  bal_acc=0.3785
  epoch  22/50  loss=1.0644  bal_acc=0.3733
  epoch  23/50  loss=1.0520  bal_acc=0.3802
  epoch  24/50  loss=1.0382  bal_acc=0.3872
  epoch  25/50  loss=1.0215  bal_acc=0.3854
  epoch  26/50  loss=1.0126  bal_acc=0.3819
  epoch  27/50  loss=1.0054  bal_acc=0.3872
  epoch  28/50  loss=0.9906  bal_acc=0.3941
  epoch  29/50  loss=0.9813  bal_acc=0.3872
  epoch  30/50  loss=0.9767  bal_acc=0.3976
  epoch  31/50  loss=0.9708  bal_acc=0.3993
  epoch  32/50  loss=0.9622  bal_acc=0.4010
  epoch  33/50  loss=0.9530  bal_acc=0.3958
  epoch  34/50  loss=0.9404  bal_acc=0.4062
  epoch  35/50  loss=0.9311  bal_acc=0.3976
  epoch  36/50  loss=0.9214  bal_acc=0.3941
  epoch  37/50  loss=0.9174  bal_acc=0.3906
  epoch  38/50  loss=0.9122  bal_acc=0.4045
  epoch  39/50  loss=0.9107  bal_acc=0.4063
  epoch  40/50  loss=0.9020  bal_acc=0.4028
  epoch  41/50  loss=0.8881  bal_acc=0.4062
  epoch  42/50  loss=0.8837  bal_acc=0.4028
  epoch  43/50  loss=0.8822  bal_acc=0.3976
  epoch  44/50  loss=0.8736  bal_acc=0.3802
  epoch  45/50  loss=0.8670  bal_acc=0.3976
  epoch  46/50  loss=0.8623  bal_acc=0.4010
  epoch  47/50  loss=0.8522  bal_acc=0.3941
  epoch  48/50  loss=0.8562  bal_acc=0.4097
  epoch  49/50  loss=0.8435  bal_acc=0.3854
  epoch  50/50  loss=0.8365  bal_acc=0.3906
  [LOSO 2/9] subject 1: acc=0.3906  running_mean=0.4479

=== LOSO (hold out subject 2) ===
  Train: 4608 trials  |  Test: 576 trials
  Model params: 17,860
  epoch   1/50  loss=1.3850  bal_acc=0.2622
  epoch   2/50  loss=1.3737  bal_acc=0.3264
  epoch   3/50  loss=1.3603  bal_acc=0.3576
  epoch   4/50  loss=1.3486  bal_acc=0.3854
  epoch   5/50  loss=1.3361  bal_acc=0.3750
  epoch   6/50  loss=1.3227  bal_acc=0.4080
  epoch   7/50  loss=1.3057  bal_acc=0.4045
  epoch   8/50  loss=1.2904  bal_acc=0.4097
  epoch   9/50  loss=1.2756  bal_acc=0.4010
  epoch  10/50  loss=1.2594  bal_acc=0.4132
  epoch  11/50  loss=1.2474  bal_acc=0.4184
  epoch  12/50  loss=1.2322  bal_acc=0.4323
  epoch  13/50  loss=1.2173  bal_acc=0.4201
  epoch  14/50  loss=1.2047  bal_acc=0.4444
  epoch  15/50  loss=1.1915  bal_acc=0.4601
  epoch  16/50  loss=1.1814  bal_acc=0.4635
  epoch  17/50  loss=1.1684  bal_acc=0.4670
  epoch  18/50  loss=1.1535  bal_acc=0.4688
  epoch  19/50  loss=1.1369  bal_acc=0.4809
  epoch  20/50  loss=1.1258  bal_acc=0.4757
  epoch  21/50  loss=1.1183  bal_acc=0.4931
  epoch  22/50  loss=1.1026  bal_acc=0.4826
  epoch  23/50  loss=1.0868  bal_acc=0.4931
  epoch  24/50  loss=1.0740  bal_acc=0.4809
  epoch  25/50  loss=1.0704  bal_acc=0.5365
  epoch  26/50  loss=1.0590  bal_acc=0.5069
  epoch  27/50  loss=1.0453  bal_acc=0.5174
  epoch  28/50  loss=1.0338  bal_acc=0.5156
  epoch  29/50  loss=1.0232  bal_acc=0.5365
  epoch  30/50  loss=1.0123  bal_acc=0.5330
  epoch  31/50  loss=1.0081  bal_acc=0.5469
  epoch  32/50  loss=0.9936  bal_acc=0.5660
  epoch  33/50  loss=0.9793  bal_acc=0.5625
  epoch  34/50  loss=0.9770  bal_acc=0.5799
  epoch  35/50  loss=0.9624  bal_acc=0.5781
  epoch  36/50  loss=0.9597  bal_acc=0.5816
  epoch  37/50  loss=0.9529  bal_acc=0.5990
  epoch  38/50  loss=0.9426  bal_acc=0.5799
  epoch  39/50  loss=0.9384  bal_acc=0.5816
  epoch  40/50  loss=0.9297  bal_acc=0.5903
  epoch  41/50  loss=0.9243  bal_acc=0.5903
  epoch  42/50  loss=0.9198  bal_acc=0.5990
  epoch  43/50  loss=0.9182  bal_acc=0.6042
  epoch  44/50  loss=0.9095  bal_acc=0.5903
  epoch  45/50  loss=0.9020  bal_acc=0.5920
  epoch  46/50  loss=0.8972  bal_acc=0.5885
  epoch  47/50  loss=0.8826  bal_acc=0.5885
  epoch  48/50  loss=0.8846  bal_acc=0.5972
  epoch  49/50  loss=0.8702  bal_acc=0.6042
  epoch  50/50  loss=0.8664  bal_acc=0.6076
  [LOSO 3/9] subject 2: acc=0.6076  running_mean=0.5012

=== LOSO (hold out subject 3) ===
  Train: 4608 trials  |  Test: 576 trials
  Model params: 17,860
  epoch   1/50  loss=1.3809  bal_acc=0.3125
  epoch   2/50  loss=1.3665  bal_acc=0.3368
  epoch   3/50  loss=1.3513  bal_acc=0.3611
  epoch   4/50  loss=1.3386  bal_acc=0.3733
  epoch   5/50  loss=1.3202  bal_acc=0.3524
  epoch   6/50  loss=1.3116  bal_acc=0.3802
  epoch   7/50  loss=1.2978  bal_acc=0.3681
  epoch   8/50  loss=1.2901  bal_acc=0.3819
  epoch   9/50  loss=1.2770  bal_acc=0.3889
  epoch  10/50  loss=1.2682  bal_acc=0.3941
  epoch  11/50  loss=1.2562  bal_acc=0.3646
  epoch  12/50  loss=1.2470  bal_acc=0.3872
  epoch  13/50  loss=1.2357  bal_acc=0.3958
  epoch  14/50  loss=1.2221  bal_acc=0.3993
  epoch  15/50  loss=1.2107  bal_acc=0.4097
  epoch  16/50  loss=1.1979  bal_acc=0.4288
  epoch  17/50  loss=1.1824  bal_acc=0.4288
  epoch  18/50  loss=1.1681  bal_acc=0.4080
  epoch  19/50  loss=1.1567  bal_acc=0.4132
  epoch  20/50  loss=1.1363  bal_acc=0.4097
  epoch  21/50  loss=1.1225  bal_acc=0.4184
  epoch  22/50  loss=1.1099  bal_acc=0.4375
  epoch  23/50  loss=1.0921  bal_acc=0.4271
  epoch  24/50  loss=1.0757  bal_acc=0.4149
  epoch  25/50  loss=1.0695  bal_acc=0.4132
  epoch  26/50  loss=1.0572  bal_acc=0.4392
  epoch  27/50  loss=1.0438  bal_acc=0.4566
  epoch  28/50  loss=1.0312  bal_acc=0.4479
  epoch  29/50  loss=1.0214  bal_acc=0.4271
  epoch  30/50  loss=1.0112  bal_acc=0.4410
  epoch  31/50  loss=1.0034  bal_acc=0.4132
  epoch  32/50  loss=0.9898  bal_acc=0.4514
  epoch  33/50  loss=0.9778  bal_acc=0.4410
  epoch  34/50  loss=0.9665  bal_acc=0.4479
  epoch  35/50  loss=0.9574  bal_acc=0.4253
  epoch  36/50  loss=0.9481  bal_acc=0.4410
  epoch  37/50  loss=0.9367  bal_acc=0.4358
  epoch  38/50  loss=0.9277  bal_acc=0.4201
  epoch  39/50  loss=0.9227  bal_acc=0.4392
  epoch  40/50  loss=0.9138  bal_acc=0.4410
  epoch  41/50  loss=0.9064  bal_acc=0.4236
  epoch  42/50  loss=0.8937  bal_acc=0.4253
  epoch  43/50  loss=0.8873  bal_acc=0.4271
  epoch  44/50  loss=0.8818  bal_acc=0.3854
  epoch  45/50  loss=0.8771  bal_acc=0.4306
  epoch  46/50  loss=0.8679  bal_acc=0.4358
  epoch  47/50  loss=0.8606  bal_acc=0.4045
  epoch  48/50  loss=0.8476  bal_acc=0.4531
  epoch  49/50  loss=0.8473  bal_acc=0.4444
  epoch  50/50  loss=0.8353  bal_acc=0.4201
  [LOSO 4/9] subject 3: acc=0.4201  running_mean=0.4809

=== LOSO (hold out subject 4) ===
  Train: 4608 trials  |  Test: 576 trials
  Model params: 17,860
  epoch   1/50  loss=1.3879  bal_acc=0.2778
  epoch   2/50  loss=1.3713  bal_acc=0.3038
  epoch   3/50  loss=1.3562  bal_acc=0.3125
  epoch   4/50  loss=1.3400  bal_acc=0.3264
  epoch   5/50  loss=1.3219  bal_acc=0.3385
  epoch   6/50  loss=1.3048  bal_acc=0.3403
  epoch   7/50  loss=1.2846  bal_acc=0.3611
  epoch   8/50  loss=1.2690  bal_acc=0.3715
  epoch   9/50  loss=1.2536  bal_acc=0.3802
  epoch  10/50  loss=1.2386  bal_acc=0.3681
  epoch  11/50  loss=1.2211  bal_acc=0.3906
  epoch  12/50  loss=1.2081  bal_acc=0.3889
  epoch  13/50  loss=1.1908  bal_acc=0.4097
  epoch  14/50  loss=1.1756  bal_acc=0.4201
  epoch  15/50  loss=1.1585  bal_acc=0.4219
  epoch  16/50  loss=1.1436  bal_acc=0.4306
  epoch  17/50  loss=1.1275  bal_acc=0.4375
  epoch  18/50  loss=1.1083  bal_acc=0.4549
  epoch  19/50  loss=1.0904  bal_acc=0.4566
  epoch  20/50  loss=1.0748  bal_acc=0.4740
  epoch  21/50  loss=1.0558  bal_acc=0.4670
  epoch  22/50  loss=1.0430  bal_acc=0.4653
  epoch  23/50  loss=1.0302  bal_acc=0.4757
  epoch  24/50  loss=1.0122  bal_acc=0.4635
  epoch  25/50  loss=1.0024  bal_acc=0.4340
  epoch  26/50  loss=0.9923  bal_acc=0.4462
  epoch  27/50  loss=0.9796  bal_acc=0.4757
  epoch  28/50  loss=0.9692  bal_acc=0.4549
  epoch  29/50  loss=0.9620  bal_acc=0.4722
  epoch  30/50  loss=0.9512  bal_acc=0.4688
  epoch  31/50  loss=0.9389  bal_acc=0.4375
  epoch  32/50  loss=0.9301  bal_acc=0.4410
  epoch  33/50  loss=0.9249  bal_acc=0.4479
  epoch  34/50  loss=0.9190  bal_acc=0.4774
  epoch  35/50  loss=0.9047  bal_acc=0.4601
  epoch  36/50  loss=0.9046  bal_acc=0.4861
  epoch  37/50  loss=0.8931  bal_acc=0.4549
  epoch  38/50  loss=0.8893  bal_acc=0.4132
  epoch  39/50  loss=0.8821  bal_acc=0.4601
  epoch  40/50  loss=0.8796  bal_acc=0.4080
  epoch  41/50  loss=0.8742  bal_acc=0.4097
  epoch  42/50  loss=0.8634  bal_acc=0.4340
  epoch  43/50  loss=0.8597  bal_acc=0.4253
  epoch  44/50  loss=0.8570  bal_acc=0.4132
  epoch  45/50  loss=0.8512  bal_acc=0.4410
  epoch  46/50  loss=0.8419  bal_acc=0.3958
  epoch  47/50  loss=0.8388  bal_acc=0.3976
  epoch  48/50  loss=0.8329  bal_acc=0.3750
  epoch  49/50  loss=0.8284  bal_acc=0.3819
  epoch  50/50  loss=0.8261  bal_acc=0.3819
  [LOSO 5/9] subject 4: acc=0.3819  running_mean=0.4611

=== LOSO (hold out subject 5) ===
  Train: 4608 trials  |  Test: 576 trials
  Model params: 17,860
  epoch   1/50  loss=1.3854  bal_acc=0.2865
  epoch   2/50  loss=1.3709  bal_acc=0.3056
  epoch   3/50  loss=1.3576  bal_acc=0.3333
  epoch   4/50  loss=1.3435  bal_acc=0.3160
  epoch   5/50  loss=1.3284  bal_acc=0.3420
  epoch   6/50  loss=1.3138  bal_acc=0.3281
  epoch   7/50  loss=1.2992  bal_acc=0.3455
  epoch   8/50  loss=1.2854  bal_acc=0.3611
  epoch   9/50  loss=1.2741  bal_acc=0.3472
  epoch  10/50  loss=1.2638  bal_acc=0.3733
  epoch  11/50  loss=1.2482  bal_acc=0.3628
  epoch  12/50  loss=1.2360  bal_acc=0.3802
  epoch  13/50  loss=1.2181  bal_acc=0.3837
  epoch  14/50  loss=1.2014  bal_acc=0.3854
  epoch  15/50  loss=1.1840  bal_acc=0.3750
  epoch  16/50  loss=1.1666  bal_acc=0.3819
  epoch  17/50  loss=1.1494  bal_acc=0.3785
  epoch  18/50  loss=1.1311  bal_acc=0.4045
  epoch  19/50  loss=1.1169  bal_acc=0.3924
  epoch  20/50  loss=1.1029  bal_acc=0.3906
  epoch  21/50  loss=1.0902  bal_acc=0.4010
  epoch  22/50  loss=1.0713  bal_acc=0.3958
  epoch  23/50  loss=1.0589  bal_acc=0.3889
  epoch  24/50  loss=1.0553  bal_acc=0.4080
  epoch  25/50  loss=1.0395  bal_acc=0.3958
  epoch  26/50  loss=1.0275  bal_acc=0.4062
  epoch  27/50  loss=1.0143  bal_acc=0.4115
  epoch  28/50  loss=1.0106  bal_acc=0.4045
  epoch  29/50  loss=0.9971  bal_acc=0.3993
  epoch  30/50  loss=0.9952  bal_acc=0.4149
  epoch  31/50  loss=0.9799  bal_acc=0.3993
  epoch  32/50  loss=0.9702  bal_acc=0.4045
  epoch  33/50  loss=0.9646  bal_acc=0.3941
  epoch  34/50  loss=0.9569  bal_acc=0.4080
  epoch  35/50  loss=0.9458  bal_acc=0.4010
  epoch  36/50  loss=0.9399  bal_acc=0.4115
  epoch  37/50  loss=0.9357  bal_acc=0.3993
  epoch  38/50  loss=0.9281  bal_acc=0.3958
  epoch  39/50  loss=0.9153  bal_acc=0.4167
  epoch  40/50  loss=0.9140  bal_acc=0.4045
  epoch  41/50  loss=0.9104  bal_acc=0.4184
  epoch  42/50  loss=0.9015  bal_acc=0.4149
  epoch  43/50  loss=0.8920  bal_acc=0.4306
  epoch  44/50  loss=0.8889  bal_acc=0.4045
  epoch  45/50  loss=0.8795  bal_acc=0.4306
  epoch  46/50  loss=0.8759  bal_acc=0.4028
  epoch  47/50  loss=0.8725  bal_acc=0.4080
  epoch  48/50  loss=0.8585  bal_acc=0.4062
  epoch  49/50  loss=0.8577  bal_acc=0.4167
  epoch  50/50  loss=0.8474  bal_acc=0.4149
  [LOSO 6/9] subject 5: acc=0.4149  running_mean=0.4534

=== LOSO (hold out subject 6) ===
  Train: 4608 trials  |  Test: 576 trials
  Model params: 17,860
  epoch   1/50  loss=1.3938  bal_acc=0.2865
  epoch   2/50  loss=1.3771  bal_acc=0.3420
  epoch   3/50  loss=1.3642  bal_acc=0.3351
  epoch   4/50  loss=1.3521  bal_acc=0.4132
  epoch   5/50  loss=1.3399  bal_acc=0.4167
  epoch   6/50  loss=1.3253  bal_acc=0.4253
  epoch   7/50  loss=1.3131  bal_acc=0.4306
  epoch   8/50  loss=1.2980  bal_acc=0.4392
  epoch   9/50  loss=1.2881  bal_acc=0.4410
  epoch  10/50  loss=1.2765  bal_acc=0.4618
  epoch  11/50  loss=1.2651  bal_acc=0.4635
  epoch  12/50  loss=1.2528  bal_acc=0.4601
  epoch  13/50  loss=1.2417  bal_acc=0.4705
  epoch  14/50  loss=1.2267  bal_acc=0.4670
  epoch  15/50  loss=1.2155  bal_acc=0.4688
  epoch  16/50  loss=1.2034  bal_acc=0.4826
  epoch  17/50  loss=1.1920  bal_acc=0.4878
  epoch  18/50  loss=1.1786  bal_acc=0.4948
  epoch  19/50  loss=1.1704  bal_acc=0.5191
  epoch  20/50  loss=1.1575  bal_acc=0.5243
  epoch  21/50  loss=1.1446  bal_acc=0.5260
  epoch  22/50  loss=1.1360  bal_acc=0.5139
  epoch  23/50  loss=1.1213  bal_acc=0.5191
  epoch  24/50  loss=1.1134  bal_acc=0.5365
  epoch  25/50  loss=1.0997  bal_acc=0.5243
  epoch  26/50  loss=1.0900  bal_acc=0.5417
  epoch  27/50  loss=1.0806  bal_acc=0.5521
  epoch  28/50  loss=1.0703  bal_acc=0.5712
  epoch  29/50  loss=1.0606  bal_acc=0.5677
  epoch  30/50  loss=1.0466  bal_acc=0.5642
  epoch  31/50  loss=1.0379  bal_acc=0.5729
  epoch  32/50  loss=1.0243  bal_acc=0.5747
  epoch  33/50  loss=1.0120  bal_acc=0.5955
  epoch  34/50  loss=1.0018  bal_acc=0.5972
  epoch  35/50  loss=0.9909  bal_acc=0.5955
  epoch  36/50  loss=0.9789  bal_acc=0.6059
  epoch  37/50  loss=0.9653  bal_acc=0.6059
  epoch  38/50  loss=0.9573  bal_acc=0.6042
  epoch  39/50  loss=0.9454  bal_acc=0.5938
  epoch  40/50  loss=0.9400  bal_acc=0.6215
  epoch  41/50  loss=0.9335  bal_acc=0.5972
  epoch  42/50  loss=0.9268  bal_acc=0.6111
  epoch  43/50  loss=0.9128  bal_acc=0.5660
  epoch  44/50  loss=0.9107  bal_acc=0.5955
  epoch  45/50  loss=0.9015  bal_acc=0.6042
  epoch  46/50  loss=0.8964  bal_acc=0.5642
  epoch  47/50  loss=0.8807  bal_acc=0.6076
  epoch  48/50  loss=0.8751  bal_acc=0.5226
  epoch  49/50  loss=0.8693  bal_acc=0.5972
  epoch  50/50  loss=0.8615  bal_acc=0.5920
  [LOSO 7/9] subject 6: acc=0.5920  running_mean=0.4732

=== LOSO (hold out subject 7) ===
  Train: 4608 trials  |  Test: 576 trials
  Model params: 17,860
  epoch   1/50  loss=1.3859  bal_acc=0.3073
  epoch   2/50  loss=1.3683  bal_acc=0.3281
  epoch   3/50  loss=1.3550  bal_acc=0.3524
  epoch   4/50  loss=1.3400  bal_acc=0.3299
  epoch   5/50  loss=1.3264  bal_acc=0.3767
  epoch   6/50  loss=1.3117  bal_acc=0.3785
  epoch   7/50  loss=1.3006  bal_acc=0.3750
  epoch   8/50  loss=1.2845  bal_acc=0.3663
  epoch   9/50  loss=1.2723  bal_acc=0.3785
  epoch  10/50  loss=1.2607  bal_acc=0.3698
  epoch  11/50  loss=1.2485  bal_acc=0.3837
  epoch  12/50  loss=1.2396  bal_acc=0.4132
  epoch  13/50  loss=1.2211  bal_acc=0.3976
  epoch  14/50  loss=1.2097  bal_acc=0.4271
  epoch  15/50  loss=1.1977  bal_acc=0.4219
  epoch  16/50  loss=1.1832  bal_acc=0.4323
  epoch  17/50  loss=1.1679  bal_acc=0.4288
  epoch  18/50  loss=1.1526  bal_acc=0.4358
  epoch  19/50  loss=1.1391  bal_acc=0.4392
  epoch  20/50  loss=1.1234  bal_acc=0.4479
  epoch  21/50  loss=1.1097  bal_acc=0.4670
  epoch  22/50  loss=1.0979  bal_acc=0.4653
  epoch  23/50  loss=1.0820  bal_acc=0.4809
  epoch  24/50  loss=1.0681  bal_acc=0.4392
  epoch  25/50  loss=1.0593  bal_acc=0.4549
  epoch  26/50  loss=1.0499  bal_acc=0.4705
  epoch  27/50  loss=1.0373  bal_acc=0.4323
  epoch  28/50  loss=1.0277  bal_acc=0.4635
  epoch  29/50  loss=1.0158  bal_acc=0.4878
  epoch  30/50  loss=1.0134  bal_acc=0.4549
  epoch  31/50  loss=1.0008  bal_acc=0.4635
  epoch  32/50  loss=0.9982  bal_acc=0.4635
  epoch  33/50  loss=0.9908  bal_acc=0.4722
  epoch  34/50  loss=0.9828  bal_acc=0.4653
  epoch  35/50  loss=0.9731  bal_acc=0.4757
  epoch  36/50  loss=0.9697  bal_acc=0.4757
  epoch  37/50  loss=0.9646  bal_acc=0.4583
  epoch  38/50  loss=0.9576  bal_acc=0.4549
  epoch  39/50  loss=0.9558  bal_acc=0.4722
  epoch  40/50  loss=0.9436  bal_acc=0.4271
  epoch  41/50  loss=0.9338  bal_acc=0.4583
  epoch  42/50  loss=0.9309  bal_acc=0.4913
  epoch  43/50  loss=0.9273  bal_acc=0.4878
  epoch  44/50  loss=0.9215  bal_acc=0.4896
  epoch  45/50  loss=0.9207  bal_acc=0.4583
  epoch  46/50  loss=0.9131  bal_acc=0.4670
  epoch  47/50  loss=0.9009  bal_acc=0.4861
  epoch  48/50  loss=0.8953  bal_acc=0.4861
  epoch  49/50  loss=0.8918  bal_acc=0.4774
  epoch  50/50  loss=0.8843  bal_acc=0.4878
  [LOSO 8/9] subject 7: acc=0.4878  running_mean=0.4750

=== LOSO (hold out subject 8) ===
  Train: 4608 trials  |  Test: 576 trials
  Model params: 17,860
  epoch   1/50  loss=1.3875  bal_acc=0.3021
  epoch   2/50  loss=1.3697  bal_acc=0.3073
  epoch   3/50  loss=1.3517  bal_acc=0.3177
  epoch   4/50  loss=1.3379  bal_acc=0.3177
  epoch   5/50  loss=1.3213  bal_acc=0.3316
  epoch   6/50  loss=1.3088  bal_acc=0.3316
  epoch   7/50  loss=1.2942  bal_acc=0.3403
  epoch   8/50  loss=1.2835  bal_acc=0.3281
  epoch   9/50  loss=1.2729  bal_acc=0.3212
  epoch  10/50  loss=1.2647  bal_acc=0.3524
  epoch  11/50  loss=1.2565  bal_acc=0.3559
  epoch  12/50  loss=1.2477  bal_acc=0.3420
  epoch  13/50  loss=1.2344  bal_acc=0.3646
  epoch  14/50  loss=1.2276  bal_acc=0.3559
  epoch  15/50  loss=1.2155  bal_acc=0.3594
  epoch  16/50  loss=1.2061  bal_acc=0.3490
  epoch  17/50  loss=1.1990  bal_acc=0.3559
  epoch  18/50  loss=1.1893  bal_acc=0.3611
  epoch  19/50  loss=1.1737  bal_acc=0.3889
  epoch  20/50  loss=1.1621  bal_acc=0.3889
  epoch  21/50  loss=1.1465  bal_acc=0.4097
  epoch  22/50  loss=1.1367  bal_acc=0.4080
  epoch  23/50  loss=1.1227  bal_acc=0.4080
  epoch  24/50  loss=1.1151  bal_acc=0.3993
  epoch  25/50  loss=1.1026  bal_acc=0.3906
  epoch  26/50  loss=1.0915  bal_acc=0.3958
  epoch  27/50  loss=1.0840  bal_acc=0.4080
  epoch  28/50  loss=1.0684  bal_acc=0.3976
  epoch  29/50  loss=1.0640  bal_acc=0.4080
  epoch  30/50  loss=1.0544  bal_acc=0.3958
  epoch  31/50  loss=1.0499  bal_acc=0.4097
  epoch  32/50  loss=1.0386  bal_acc=0.4097
  epoch  33/50  loss=1.0296  bal_acc=0.4184
  epoch  34/50  loss=1.0250  bal_acc=0.4097
  epoch  35/50  loss=1.0134  bal_acc=0.4201
  epoch  36/50  loss=1.0088  bal_acc=0.4149
  epoch  37/50  loss=1.0004  bal_acc=0.4062
  epoch  38/50  loss=0.9922  bal_acc=0.4167
  epoch  39/50  loss=0.9816  bal_acc=0.4149
  epoch  40/50  loss=0.9810  bal_acc=0.4306
  epoch  41/50  loss=0.9711  bal_acc=0.4288
  epoch  42/50  loss=0.9618  bal_acc=0.4340
  epoch  43/50  loss=0.9566  bal_acc=0.4375
  epoch  44/50  loss=0.9473  bal_acc=0.4531
  epoch  45/50  loss=0.9422  bal_acc=0.4444
  epoch  46/50  loss=0.9334  bal_acc=0.4444
  epoch  47/50  loss=0.9299  bal_acc=0.4288
  epoch  48/50  loss=0.9262  bal_acc=0.4253
  epoch  49/50  loss=0.9191  bal_acc=0.4583
  epoch  50/50  loss=0.9109  bal_acc=0.4462
  [LOSO 9/9] subject 8: acc=0.4462  running_mean=0.4718
Results saved to results/BNCI2014_001/results_trial_43.json
Trial logged to results/BNCI2014_001/trials.csv
[status] trial 43 done (state=COMPLETE, value=0.47183641975308643) -- 39 completed total
Device: cuda
[BNCI2014_001] loading from cache: /home/aleksander.berezowsk/.cache/spiking_eegnet/BNCI2014_001_af1ccf3e92f684d8a93c057082b654d7.npz
[BNCI2014_001] cache hit: (5184, 1, 22, 1001), classes=['feet', 'left_hand', 'right_hand', 'tongue'], subjects=9
Dataset meta: {'n_classes': 4, 'n_channels': 22, 'n_samples': 1001, 'class_names': ['feet', 'left_hand', 'right_hand', 'tongue'], 'subject_list': [1, 2, 3, 4, 5, 6, 7, 8, 9], 'n_subjects': 9, 'sfreq': 250.0}

=== LOSO (hold out subject 0) ===
  Train: 4608 trials  |  Test: 576 trials
  Model params: 11,008
  epoch   1/50  loss=1.2666  bal_acc=0.4201
  epoch   2/50  loss=1.0488  bal_acc=0.5226
  epoch   3/50  loss=0.9183  bal_acc=0.5347
  epoch   4/50  loss=0.8271  bal_acc=0.5642
  epoch   5/50  loss=0.7476  bal_acc=0.5660
  epoch   6/50  loss=0.6920  bal_acc=0.5955
  epoch   7/50  loss=0.6354  bal_acc=0.5955
  epoch   8/50  loss=0.6025  bal_acc=0.6215
  epoch   9/50  loss=0.5571  bal_acc=0.6649
  epoch  10/50  loss=0.5144  bal_acc=0.6372
  epoch  11/50  loss=0.4963  bal_acc=0.5955
  epoch  12/50  loss=0.4708  bal_acc=0.6510
  epoch  13/50  loss=0.4532  bal_acc=0.6441
  epoch  14/50  loss=0.4201  bal_acc=0.6545
  epoch  15/50  loss=0.4256  bal_acc=0.6042
  epoch  16/50  loss=0.3878  bal_acc=0.6406
  epoch  17/50  loss=0.3670  bal_acc=0.6372
  epoch  18/50  loss=0.3534  bal_acc=0.6250
  epoch  19/50  loss=0.3665  bal_acc=0.6372
  epoch  20/50  loss=0.3243  bal_acc=0.6372
  epoch  21/50  loss=0.3149  bal_acc=0.6649
  epoch  22/50  loss=0.3132  bal_acc=0.6597
  epoch  23/50  loss=0.2939  bal_acc=0.6562
  epoch  24/50  loss=0.2838  bal_acc=0.6667
  epoch  25/50  loss=0.2897  bal_acc=0.6528
  epoch  26/50  loss=0.2632  bal_acc=0.6649
  epoch  27/50  loss=0.2552  bal_acc=0.6198
  epoch  28/50  loss=0.2710  bal_acc=0.6406
  epoch  29/50  loss=0.2409  bal_acc=0.6493
  epoch  30/50  loss=0.2317  bal_acc=0.6528
  epoch  31/50  loss=0.2232  bal_acc=0.6615
  epoch  32/50  loss=0.2220  bal_acc=0.6753
  epoch  33/50  loss=0.2185  bal_acc=0.6302
  epoch  34/50  loss=0.2133  bal_acc=0.6424
  epoch  35/50  loss=0.2138  bal_acc=0.6163
  epoch  36/50  loss=0.1930  bal_acc=0.6337
  epoch  37/50  loss=0.1936  bal_acc=0.6354
  epoch  38/50  loss=0.2003  bal_acc=0.6406
  epoch  39/50  loss=0.1955  bal_acc=0.6476
  epoch  40/50  loss=0.1824  bal_acc=0.6510
  epoch  41/50  loss=0.1691  bal_acc=0.6753
  epoch  42/50  loss=0.1738  bal_acc=0.6302
  epoch  43/50  loss=0.1768  bal_acc=0.6042
  epoch  44/50  loss=0.1757  bal_acc=0.6510
  epoch  45/50  loss=0.1596  bal_acc=0.6128
  epoch  46/50  loss=0.1639  bal_acc=0.6059
  epoch  47/50  loss=0.1903  bal_acc=0.6181
  epoch  48/50  loss=0.1613  bal_acc=0.6267
  epoch  49/50  loss=0.1449  bal_acc=0.6545
  epoch  50/50  loss=0.1577  bal_acc=0.6389
  [LOSO 1/9] subject 0: acc=0.6389  running_mean=0.6389

=== LOSO (hold out subject 1) ===
  Train: 4608 trials  |  Test: 576 trials
  Model params: 11,008
  epoch   1/50  loss=1.2573  bal_acc=0.4115
  epoch   2/50  loss=0.9789  bal_acc=0.4149
  epoch   3/50  loss=0.8472  bal_acc=0.3941
  epoch   4/50  loss=0.7355  bal_acc=0.4479
  epoch   5/50  loss=0.6761  bal_acc=0.4497
  epoch   6/50  loss=0.6208  bal_acc=0.4757
  epoch   7/50  loss=0.5700  bal_acc=0.4549
  epoch   8/50  loss=0.5454  bal_acc=0.4323
  epoch   9/50  loss=0.4991  bal_acc=0.4566
  epoch  10/50  loss=0.4657  bal_acc=0.4340
  epoch  11/50  loss=0.4412  bal_acc=0.4462
  epoch  12/50  loss=0.4200  bal_acc=0.4444
  epoch  13/50  loss=0.4036  bal_acc=0.4375
  epoch  14/50  loss=0.3685  bal_acc=0.4844
  epoch  15/50  loss=0.3636  bal_acc=0.4427
  epoch  16/50  loss=0.3334  bal_acc=0.5017
  epoch  17/50  loss=0.3273  bal_acc=0.4167
  epoch  18/50  loss=0.3061  bal_acc=0.4132
  epoch  19/50  loss=0.3048  bal_acc=0.4514
  epoch  20/50  loss=0.2924  bal_acc=0.4757
  epoch  21/50  loss=0.2739  bal_acc=0.4444
  epoch  22/50  loss=0.2650  bal_acc=0.3837
  epoch  23/50  loss=0.2504  bal_acc=0.4618
  epoch  24/50  loss=0.2324  bal_acc=0.4635
  epoch  25/50  loss=0.2376  bal_acc=0.4479
  epoch  26/50  loss=0.2167  bal_acc=0.4722
  epoch  27/50  loss=0.2156  bal_acc=0.4410
  epoch  28/50  loss=0.2253  bal_acc=0.4705
  epoch  29/50  loss=0.1986  bal_acc=0.4392
  epoch  30/50  loss=0.2315  bal_acc=0.4757
  epoch  31/50  loss=0.1986  bal_acc=0.4410
  epoch  32/50  loss=0.1886  bal_acc=0.4549
  epoch  33/50  loss=0.1700  bal_acc=0.4844
  epoch  34/50  loss=0.1735  bal_acc=0.4497
  epoch  35/50  loss=0.1848  bal_acc=0.4427
  epoch  36/50  loss=0.1646  bal_acc=0.4601
  epoch  37/50  loss=0.1484  bal_acc=0.4531
  epoch  38/50  loss=0.1563  bal_acc=0.4306
  epoch  39/50  loss=0.1540  bal_acc=0.4288
  epoch  40/50  loss=0.1619  bal_acc=0.4375
  epoch  41/50  loss=0.1457  bal_acc=0.4427
  epoch  42/50  loss=0.1378  bal_acc=0.4653
  epoch  43/50  loss=0.1451  bal_acc=0.4583
  epoch  44/50  loss=0.1454  bal_acc=0.4462
  epoch  45/50  loss=0.1418  bal_acc=0.4635
  epoch  46/50  loss=0.1370  bal_acc=0.4514
  epoch  47/50  loss=0.1396  bal_acc=0.4549
  epoch  48/50  loss=0.1186  bal_acc=0.4410
  epoch  49/50  loss=0.1154  bal_acc=0.4427
  epoch  50/50  loss=0.1320  bal_acc=0.4410
  [LOSO 2/9] subject 1: acc=0.4410  running_mean=0.5399

=== LOSO (hold out subject 2) ===
  Train: 4608 trials  |  Test: 576 trials
  Model params: 11,008
  epoch   1/50  loss=1.2854  bal_acc=0.4913
  epoch   2/50  loss=1.0616  bal_acc=0.5764
  epoch   3/50  loss=0.9268  bal_acc=0.6007
  epoch   4/50  loss=0.8474  bal_acc=0.7049
  epoch   5/50  loss=0.7757  bal_acc=0.7118
  epoch   6/50  loss=0.7186  bal_acc=0.7118
  epoch   7/50  loss=0.6855  bal_acc=0.6458
  epoch   8/50  loss=0.6312  bal_acc=0.6736
  epoch   9/50  loss=0.6086  bal_acc=0.6979
  epoch  10/50  loss=0.5627  bal_acc=0.6736
  epoch  11/50  loss=0.5331  bal_acc=0.6458
  epoch  12/50  loss=0.5005  bal_acc=0.7031
  epoch  13/50  loss=0.4863  bal_acc=0.7378
  epoch  14/50  loss=0.4647  bal_acc=0.6736
  epoch  15/50  loss=0.4417  bal_acc=0.6736
  epoch  16/50  loss=0.4280  bal_acc=0.6840
  epoch  17/50  loss=0.4178  bal_acc=0.7448
  epoch  18/50  loss=0.4012  bal_acc=0.6667
  epoch  19/50  loss=0.3722  bal_acc=0.6979
  epoch  20/50  loss=0.3726  bal_acc=0.6806
  epoch  21/50  loss=0.3403  bal_acc=0.6927
  epoch  22/50  loss=0.3402  bal_acc=0.7257
  epoch  23/50  loss=0.3227  bal_acc=0.7292
  epoch  24/50  loss=0.3189  bal_acc=0.7569
  epoch  25/50  loss=0.3153  bal_acc=0.7049
  epoch  26/50  loss=0.2819  bal_acc=0.6927
  epoch  27/50  loss=0.2913  bal_acc=0.6597
  epoch  28/50  loss=0.2697  bal_acc=0.7066
  epoch  29/50  loss=0.2650  bal_acc=0.7049
  epoch  30/50  loss=0.2610  bal_acc=0.7049
  epoch  31/50  loss=0.2592  bal_acc=0.7413
  epoch  32/50  loss=0.2542  bal_acc=0.6858
  epoch  33/50  loss=0.2434  bal_acc=0.7257
  epoch  34/50  loss=0.2349  bal_acc=0.7483
  epoch  35/50  loss=0.2341  bal_acc=0.7240
  epoch  36/50  loss=0.2195  bal_acc=0.7569
  epoch  37/50  loss=0.2196  bal_acc=0.6944
  epoch  38/50  loss=0.2237  bal_acc=0.7604
  epoch  39/50  loss=0.2011  bal_acc=0.6927
  epoch  40/50  loss=0.2043  bal_acc=0.7222
  epoch  41/50  loss=0.1890  bal_acc=0.6823
  epoch  42/50  loss=0.1948  bal_acc=0.7031
  epoch  43/50  loss=0.1880  bal_acc=0.7292
  epoch  44/50  loss=0.1772  bal_acc=0.7222
  epoch  45/50  loss=0.1929  bal_acc=0.6823
  epoch  46/50  loss=0.1743  bal_acc=0.7222
  epoch  47/50  loss=0.1821  bal_acc=0.6771
  epoch  48/50  loss=0.1638  bal_acc=0.6719
  epoch  49/50  loss=0.1669  bal_acc=0.7257
  epoch  50/50  loss=0.1700  bal_acc=0.6979
  [LOSO 3/9] subject 2: acc=0.6979  running_mean=0.5926

=== LOSO (hold out subject 3) ===
  Train: 4608 trials  |  Test: 576 trials
  Model params: 11,008
  epoch   1/50  loss=1.2700  bal_acc=0.4444
  epoch   2/50  loss=1.0257  bal_acc=0.4722
  epoch   3/50  loss=0.8682  bal_acc=0.4340
  epoch   4/50  loss=0.7621  bal_acc=0.4184
  epoch   5/50  loss=0.6967  bal_acc=0.4479
  epoch   6/50  loss=0.6382  bal_acc=0.4809
  epoch   7/50  loss=0.5877  bal_acc=0.4549
  epoch   8/50  loss=0.5531  bal_acc=0.4479
  epoch   9/50  loss=0.5198  bal_acc=0.4653
  epoch  10/50  loss=0.4963  bal_acc=0.4896
  epoch  11/50  loss=0.4694  bal_acc=0.4410
  epoch  12/50  loss=0.4451  bal_acc=0.5069
  epoch  13/50  loss=0.4218  bal_acc=0.4757
  epoch  14/50  loss=0.4037  bal_acc=0.4583
  epoch  15/50  loss=0.3828  bal_acc=0.5295
  epoch  16/50  loss=0.3757  bal_acc=0.4878
  epoch  17/50  loss=0.3373  bal_acc=0.4323
  epoch  18/50  loss=0.3315  bal_acc=0.4740
  epoch  19/50  loss=0.3107  bal_acc=0.4566
  epoch  20/50  loss=0.3073  bal_acc=0.4653
  epoch  21/50  loss=0.3024  bal_acc=0.4497
  epoch  22/50  loss=0.2866  bal_acc=0.4583
  epoch  23/50  loss=0.2824  bal_acc=0.4653
  epoch  24/50  loss=0.2673  bal_acc=0.4705
  epoch  25/50  loss=0.2583  bal_acc=0.4219
  epoch  26/50  loss=0.2489  bal_acc=0.4983
  epoch  27/50  loss=0.2346  bal_acc=0.5052
  epoch  28/50  loss=0.2238  bal_acc=0.5278
  epoch  29/50  loss=0.2192  bal_acc=0.4566
  epoch  30/50  loss=0.2163  bal_acc=0.4635
  epoch  31/50  loss=0.2165  bal_acc=0.4531
  epoch  32/50  loss=0.2135  bal_acc=0.5278
  epoch  33/50  loss=0.1848  bal_acc=0.5087
  epoch  34/50  loss=0.1998  bal_acc=0.4948
  epoch  35/50  loss=0.1807  bal_acc=0.4774
  epoch  36/50  loss=0.1752  bal_acc=0.4566
  epoch  37/50  loss=0.1836  bal_acc=0.5052
  epoch  38/50  loss=0.1829  bal_acc=0.4931
  epoch  39/50  loss=0.1599  bal_acc=0.5052
  epoch  40/50  loss=0.1753  bal_acc=0.4792
  epoch  41/50  loss=0.1677  bal_acc=0.4844
  epoch  42/50  loss=0.1583  bal_acc=0.5035
  epoch  43/50  loss=0.1577  bal_acc=0.4861
  epoch  44/50  loss=0.1534  bal_acc=0.4635
  epoch  45/50  loss=0.1494  bal_acc=0.4965
  epoch  46/50  loss=0.1507  bal_acc=0.4844
  epoch  47/50  loss=0.1389  bal_acc=0.4722
  epoch  48/50  loss=0.1396  bal_acc=0.4444
  epoch  49/50  loss=0.1379  bal_acc=0.5087
  epoch  50/50  loss=0.1344  bal_acc=0.4757
  [LOSO 4/9] subject 3: acc=0.4757  running_mean=0.5634

=== LOSO (hold out subject 4) ===
  Train: 4608 trials  |  Test: 576 trials
  Model params: 11,008
  epoch   1/50  loss=1.2919  bal_acc=0.3299
  epoch   2/50  loss=1.0515  bal_acc=0.4375
  epoch   3/50  loss=0.8767  bal_acc=0.4497
  epoch   4/50  loss=0.7990  bal_acc=0.4878
  epoch   5/50  loss=0.7152  bal_acc=0.5434
  epoch   6/50  loss=0.6616  bal_acc=0.4913
  epoch   7/50  loss=0.6120  bal_acc=0.4878
  epoch   8/50  loss=0.5868  bal_acc=0.5347
  epoch   9/50  loss=0.5367  bal_acc=0.5347
  epoch  10/50  loss=0.5262  bal_acc=0.5087
  epoch  11/50  loss=0.4797  bal_acc=0.5260
  epoch  12/50  loss=0.4567  bal_acc=0.4531
  epoch  13/50  loss=0.4342  bal_acc=0.5174
  epoch  14/50  loss=0.4091  bal_acc=0.5104
  epoch  15/50  loss=0.3900  bal_acc=0.5156
  epoch  16/50  loss=0.3737  bal_acc=0.5243
  epoch  17/50  loss=0.3534  bal_acc=0.5226
  epoch  18/50  loss=0.3435  bal_acc=0.5208
  epoch  19/50  loss=0.3322  bal_acc=0.5122
  epoch  20/50  loss=0.3113  bal_acc=0.5486
  epoch  21/50  loss=0.3067  bal_acc=0.5104
  epoch  22/50  loss=0.3027  bal_acc=0.5087
  epoch  23/50  loss=0.3006  bal_acc=0.5312
  epoch  24/50  loss=0.2789  bal_acc=0.5469
  epoch  25/50  loss=0.2684  bal_acc=0.5087
  epoch  26/50  loss=0.2632  bal_acc=0.5434
  epoch  27/50  loss=0.2436  bal_acc=0.5503
  epoch  28/50  loss=0.2457  bal_acc=0.5469
  epoch  29/50  loss=0.2311  bal_acc=0.5087
  epoch  30/50  loss=0.2319  bal_acc=0.5208
  epoch  31/50  loss=0.2340  bal_acc=0.5694
  epoch  32/50  loss=0.2200  bal_acc=0.5156
  epoch  33/50  loss=0.1978  bal_acc=0.5243
  epoch  34/50  loss=0.2147  bal_acc=0.5122
  epoch  35/50  loss=0.1942  bal_acc=0.5521
  epoch  36/50  loss=0.2045  bal_acc=0.5295
  epoch  37/50  loss=0.1873  bal_acc=0.5486
  epoch  38/50  loss=0.1824  bal_acc=0.5521
  epoch  39/50  loss=0.1905  bal_acc=0.5347
  epoch  40/50  loss=0.1912  bal_acc=0.5156
  epoch  41/50  loss=0.1762  bal_acc=0.5139
  epoch  42/50  loss=0.1671  bal_acc=0.5521
  epoch  43/50  loss=0.1745  bal_acc=0.5139
  epoch  44/50  loss=0.1590  bal_acc=0.5399
  epoch  45/50  loss=0.1729  bal_acc=0.4670
  epoch  46/50  loss=0.1585  bal_acc=0.5139
  epoch  47/50  loss=0.1485  bal_acc=0.5538
  epoch  48/50  loss=0.1506  bal_acc=0.5382
  epoch  49/50  loss=0.1617  bal_acc=0.5382
  epoch  50/50  loss=0.1441  bal_acc=0.5486
  [LOSO 5/9] subject 4: acc=0.5486  running_mean=0.5604

=== LOSO (hold out subject 5) ===
  Train: 4608 trials  |  Test: 576 trials
  Model params: 11,008
  epoch   1/50  loss=1.2401  bal_acc=0.4167
  epoch   2/50  loss=0.9584  bal_acc=0.4306
  epoch   3/50  loss=0.8257  bal_acc=0.4479
  epoch   4/50  loss=0.7313  bal_acc=0.4618
  epoch   5/50  loss=0.6815  bal_acc=0.4410
  epoch   6/50  loss=0.6299  bal_acc=0.4774
  epoch   7/50  loss=0.5829  bal_acc=0.4236
  epoch   8/50  loss=0.5655  bal_acc=0.4896
  epoch   9/50  loss=0.5371  bal_acc=0.3698
  epoch  10/50  loss=0.5035  bal_acc=0.3767
  epoch  11/50  loss=0.4968  bal_acc=0.4531
  epoch  12/50  loss=0.4422  bal_acc=0.3455
  epoch  13/50  loss=0.4305  bal_acc=0.4566
  epoch  14/50  loss=0.4158  bal_acc=0.5035
  epoch  15/50  loss=0.3920  bal_acc=0.4132
  epoch  16/50  loss=0.3700  bal_acc=0.4653
  epoch  17/50  loss=0.3708  bal_acc=0.3785
  epoch  18/50  loss=0.3421  bal_acc=0.3906
  epoch  19/50  loss=0.3174  bal_acc=0.4375
  epoch  20/50  loss=0.3215  bal_acc=0.3802
  epoch  21/50  loss=0.3074  bal_acc=0.3802
  epoch  22/50  loss=0.2933  bal_acc=0.3715
  epoch  23/50  loss=0.2850  bal_acc=0.4028
  epoch  24/50  loss=0.2782  bal_acc=0.3924
  epoch  25/50  loss=0.2624  bal_acc=0.4497
  epoch  26/50  loss=0.2680  bal_acc=0.3681
  epoch  27/50  loss=0.2518  bal_acc=0.4097
  epoch  28/50  loss=0.2412  bal_acc=0.4097
  epoch  29/50  loss=0.2349  bal_acc=0.4028
  epoch  30/50  loss=0.2270  bal_acc=0.3785
  epoch  31/50  loss=0.2161  bal_acc=0.3524
  epoch  32/50  loss=0.2044  bal_acc=0.4236
  epoch  33/50  loss=0.2121  bal_acc=0.4132
  epoch  34/50  loss=0.1903  bal_acc=0.3854
  epoch  35/50  loss=0.1918  bal_acc=0.3698
  epoch  36/50  loss=0.1908  bal_acc=0.3889
  epoch  37/50  loss=0.1854  bal_acc=0.4132
  epoch  38/50  loss=0.1793  bal_acc=0.4219
  epoch  39/50  loss=0.1693  bal_acc=0.3472
  epoch  40/50  loss=0.1780  bal_acc=0.3715
  epoch  41/50  loss=0.1770  bal_acc=0.4097
  epoch  42/50  loss=0.1635  bal_acc=0.3993
  epoch  43/50  loss=0.1532  bal_acc=0.4184
  epoch  44/50  loss=0.1538  bal_acc=0.4097
  epoch  45/50  loss=0.1549  bal_acc=0.3767
  epoch  46/50  loss=0.1409  bal_acc=0.3958
  epoch  47/50  loss=0.1494  bal_acc=0.3802
  epoch  48/50  loss=0.1439  bal_acc=0.3837
  epoch  49/50  loss=0.1394  bal_acc=0.3854
  epoch  50/50  loss=0.1361  bal_acc=0.3767
  [LOSO 6/9] subject 5: acc=0.3767  running_mean=0.5298

=== LOSO (hold out subject 6) ===
  Train: 4608 trials  |  Test: 576 trials
  Model params: 11,008
  epoch   1/50  loss=1.2871  bal_acc=0.4983
  epoch   2/50  loss=1.0740  bal_acc=0.5503
  epoch   3/50  loss=0.9033  bal_acc=0.5903
  epoch   4/50  loss=0.7983  bal_acc=0.5260
  epoch   5/50  loss=0.7165  bal_acc=0.6215
  epoch   6/50  loss=0.6597  bal_acc=0.5833
  epoch   7/50  loss=0.6218  bal_acc=0.5920
  epoch   8/50  loss=0.5900  bal_acc=0.6267
  epoch   9/50  loss=0.5299  bal_acc=0.6354
  epoch  10/50  loss=0.5152  bal_acc=0.5434
  epoch  11/50  loss=0.4833  bal_acc=0.5816
  epoch  12/50  loss=0.4594  bal_acc=0.5764
  epoch  13/50  loss=0.4254  bal_acc=0.6285
  epoch  14/50  loss=0.4154  bal_acc=0.6337
  epoch  15/50  loss=0.4081  bal_acc=0.6128
  epoch  16/50  loss=0.3702  bal_acc=0.6406
  epoch  17/50  loss=0.3601  bal_acc=0.6319
  epoch  18/50  loss=0.3533  bal_acc=0.6319
  epoch  19/50  loss=0.3285  bal_acc=0.6562
  epoch  20/50  loss=0.3147  bal_acc=0.5851
  epoch  21/50  loss=0.2869  bal_acc=0.6441
  epoch  22/50  loss=0.2875  bal_acc=0.6233
  epoch  23/50  loss=0.2765  bal_acc=0.6146
  epoch  24/50  loss=0.2739  bal_acc=0.6354
  epoch  25/50  loss=0.2537  bal_acc=0.6302
  epoch  26/50  loss=0.2587  bal_acc=0.6319
  epoch  27/50  loss=0.2395  bal_acc=0.6215
  epoch  28/50  loss=0.2396  bal_acc=0.6250
  epoch  29/50  loss=0.2385  bal_acc=0.6389
  epoch  30/50  loss=0.2259  bal_acc=0.6441
  epoch  31/50  loss=0.2024  bal_acc=0.6458
  epoch  32/50  loss=0.2095  bal_acc=0.6545
  epoch  33/50  loss=0.2008  bal_acc=0.6372
  epoch  34/50  loss=0.1999  bal_acc=0.6337
  epoch  35/50  loss=0.1794  bal_acc=0.6319
  epoch  36/50  loss=0.1811  bal_acc=0.5938
  epoch  37/50  loss=0.1932  bal_acc=0.6128
  epoch  38/50  loss=0.1882  bal_acc=0.6215
  epoch  39/50  loss=0.1836  bal_acc=0.6302
  epoch  40/50  loss=0.1856  bal_acc=0.6094
  epoch  41/50  loss=0.1814  bal_acc=0.6441
  epoch  42/50  loss=0.1693  bal_acc=0.5851
  epoch  43/50  loss=0.1651  bal_acc=0.6267
  epoch  44/50  loss=0.1502  bal_acc=0.6111
  epoch  45/50  loss=0.1535  bal_acc=0.6233
  epoch  46/50  loss=0.1488  bal_acc=0.6372
  epoch  47/50  loss=0.1398  bal_acc=0.6198
  epoch  48/50  loss=0.1305  bal_acc=0.6319
  epoch  49/50  loss=0.1444  bal_acc=0.6389
  epoch  50/50  loss=0.1416  bal_acc=0.6267
  [LOSO 7/9] subject 6: acc=0.6267  running_mean=0.5437

=== LOSO (hold out subject 7) ===
  Train: 4608 trials  |  Test: 576 trials
  Model params: 11,008
  epoch   1/50  loss=1.2960  bal_acc=0.4844
  epoch   2/50  loss=1.0577  bal_acc=0.6042
  epoch   3/50  loss=0.9127  bal_acc=0.6441
  epoch   4/50  loss=0.8077  bal_acc=0.6927
  epoch   5/50  loss=0.7448  bal_acc=0.6649
  epoch   6/50  loss=0.6745  bal_acc=0.6181
  epoch   7/50  loss=0.6338  bal_acc=0.6771
  epoch   8/50  loss=0.5884  bal_acc=0.6719
  epoch   9/50  loss=0.5702  bal_acc=0.6389
  epoch  10/50  loss=0.5342  bal_acc=0.6667
  epoch  11/50  loss=0.4974  bal_acc=0.6840
  epoch  12/50  loss=0.4910  bal_acc=0.7066
  epoch  13/50  loss=0.4598  bal_acc=0.6910
  epoch  14/50  loss=0.4283  bal_acc=0.6753
  epoch  15/50  loss=0.4168  bal_acc=0.6875
  epoch  16/50  loss=0.3898  bal_acc=0.6962
  epoch  17/50  loss=0.3753  bal_acc=0.6875
  epoch  18/50  loss=0.3570  bal_acc=0.7031
  epoch  19/50  loss=0.3584  bal_acc=0.6667
  epoch  20/50  loss=0.3372  bal_acc=0.6684
  epoch  21/50  loss=0.3407  bal_acc=0.6875
  epoch  22/50  loss=0.3141  bal_acc=0.7188
  epoch  23/50  loss=0.2951  bal_acc=0.7083
  epoch  24/50  loss=0.2833  bal_acc=0.6892
  epoch  25/50  loss=0.2788  bal_acc=0.6944
  epoch  26/50  loss=0.2822  bal_acc=0.7205
  epoch  27/50  loss=0.2691  bal_acc=0.7153
  epoch  28/50  loss=0.2591  bal_acc=0.6753
  epoch  29/50  loss=0.2513  bal_acc=0.6944
  epoch  30/50  loss=0.2397  bal_acc=0.6632
  epoch  31/50  loss=0.2370  bal_acc=0.6927
  epoch  32/50  loss=0.2204  bal_acc=0.6788
  epoch  33/50  loss=0.2203  bal_acc=0.6997
  epoch  34/50  loss=0.2211  bal_acc=0.7066
  epoch  35/50  loss=0.2101  bal_acc=0.7188
  epoch  36/50  loss=0.2058  bal_acc=0.6806
  epoch  37/50  loss=0.1960  bal_acc=0.6979
  epoch  38/50  loss=0.1907  bal_acc=0.6910
  epoch  39/50  loss=0.1862  bal_acc=0.6962
  epoch  40/50  loss=0.1810  bal_acc=0.6753
  epoch  41/50  loss=0.1801  bal_acc=0.6701
  epoch  42/50  loss=0.1756  bal_acc=0.6944
  epoch  43/50  loss=0.1706  bal_acc=0.6806
  epoch  44/50  loss=0.1835  bal_acc=0.6875
  epoch  45/50  loss=0.1930  bal_acc=0.6997
  epoch  46/50  loss=0.1667  bal_acc=0.7083
  epoch  47/50  loss=0.1622  bal_acc=0.6823
  epoch  48/50  loss=0.1660  bal_acc=0.6667
  epoch  49/50  loss=0.1596  bal_acc=0.6910
  epoch  50/50  loss=0.1425  bal_acc=0.6892
  [LOSO 8/9] subject 7: acc=0.6892  running_mean=0.5618

=== LOSO (hold out subject 8) ===
  Train: 4608 trials  |  Test: 576 trials
  Model params: 11,008
  epoch   1/50  loss=1.2786  bal_acc=0.4375
  epoch   2/50  loss=1.0568  bal_acc=0.5208
  epoch   3/50  loss=0.8967  bal_acc=0.5729
  epoch   4/50  loss=0.7872  bal_acc=0.5365
  epoch   5/50  loss=0.7201  bal_acc=0.5677
  epoch   6/50  loss=0.6693  bal_acc=0.4896
  epoch   7/50  loss=0.6256  bal_acc=0.5903
  epoch   8/50  loss=0.5860  bal_acc=0.5573
  epoch   9/50  loss=0.5569  bal_acc=0.5330
  epoch  10/50  loss=0.5144  bal_acc=0.5799
  epoch  11/50  loss=0.4945  bal_acc=0.5451
  epoch  12/50  loss=0.4857  bal_acc=0.5747
  epoch  13/50  loss=0.4439  bal_acc=0.5677
  epoch  14/50  loss=0.4229  bal_acc=0.6024
  epoch  15/50  loss=0.4121  bal_acc=0.5938
  epoch  16/50  loss=0.3874  bal_acc=0.5382
  epoch  17/50  loss=0.3835  bal_acc=0.5694
  epoch  18/50  loss=0.3639  bal_acc=0.5486
  epoch  19/50  loss=0.3447  bal_acc=0.5660
  epoch  20/50  loss=0.3337  bal_acc=0.5660
  epoch  21/50  loss=0.3216  bal_acc=0.5503
  epoch  22/50  loss=0.3034  bal_acc=0.5903
  epoch  23/50  loss=0.3006  bal_acc=0.5868
  epoch  24/50  loss=0.2845  bal_acc=0.4965
  epoch  25/50  loss=0.2802  bal_acc=0.5521
  epoch  26/50  loss=0.2598  bal_acc=0.5625
  epoch  27/50  loss=0.2408  bal_acc=0.5972
  epoch  28/50  loss=0.2560  bal_acc=0.5990
  epoch  29/50  loss=0.2393  bal_acc=0.5191
  epoch  30/50  loss=0.2523  bal_acc=0.5312
  epoch  31/50  loss=0.2276  bal_acc=0.5295
  epoch  32/50  loss=0.2263  bal_acc=0.5486
  epoch  33/50  loss=0.2131  bal_acc=0.5694
  epoch  34/50  loss=0.2123  bal_acc=0.5226
  epoch  35/50  loss=0.1992  bal_acc=0.5399
  epoch  36/50  loss=0.1917  bal_acc=0.5556
  epoch  37/50  loss=0.1908  bal_acc=0.5503
  epoch  38/50  loss=0.1737  bal_acc=0.5556
  epoch  39/50  loss=0.1999  bal_acc=0.5486
  epoch  40/50  loss=0.1742  bal_acc=0.5503
  epoch  41/50  loss=0.1757  bal_acc=0.5573
  epoch  42/50  loss=0.1839  bal_acc=0.5816
  epoch  43/50  loss=0.1651  bal_acc=0.5729
  epoch  44/50  loss=0.1602  bal_acc=0.5955
  epoch  45/50  loss=0.1616  bal_acc=0.5417
  epoch  46/50  loss=0.1663  bal_acc=0.5399
  epoch  47/50  loss=0.1629  bal_acc=0.5226
  epoch  48/50  loss=0.1508  bal_acc=0.5208
  epoch  49/50  loss=0.1584  bal_acc=0.5642
  epoch  50/50  loss=0.1479  bal_acc=0.5729
  [LOSO 9/9] subject 8: acc=0.5729  running_mean=0.5631
Results saved to results/BNCI2014_001/results_trial_47.json
Trial logged to results/BNCI2014_001/trials.csv
[status] trial 47 done (state=COMPLETE, value=0.5630787037037037) -- 43 completed total
Device: cuda
[BNCI2014_001] loading from cache: /home/aleksander.berezowsk/.cache/spiking_eegnet/BNCI2014_001_af1ccf3e92f684d8a93c057082b654d7.npz
[BNCI2014_001] cache hit: (5184, 1, 22, 1001), classes=['feet', 'left_hand', 'right_hand', 'tongue'], subjects=9
Dataset meta: {'n_classes': 4, 'n_channels': 22, 'n_samples': 1001, 'class_names': ['feet', 'left_hand', 'right_hand', 'tongue'], 'subject_list': [1, 2, 3, 4, 5, 6, 7, 8, 9], 'n_subjects': 9, 'sfreq': 250.0}

=== LOSO (hold out subject 0) ===
  Train: 4608 trials  |  Test: 576 trials
  Model params: 37,366
  epoch   1/50  loss=1.3303  bal_acc=0.3924
  epoch   2/50  loss=1.1603  bal_acc=0.4340
  epoch   3/50  loss=1.0600  bal_acc=0.4219
  epoch   4/50  loss=0.9731  bal_acc=0.4740
  epoch   5/50  loss=0.8804  bal_acc=0.4271
  epoch   6/50  loss=0.8389  bal_acc=0.4809
  epoch   7/50  loss=0.7817  bal_acc=0.4896
  epoch   8/50  loss=0.7515  bal_acc=0.4618
  epoch   9/50  loss=0.7259  bal_acc=0.5069
  epoch  10/50  loss=0.6887  bal_acc=0.4844
  epoch  11/50  loss=0.6436  bal_acc=0.4740
  epoch  12/50  loss=0.6235  bal_acc=0.5087
  epoch  13/50  loss=0.5981  bal_acc=0.5104
  epoch  14/50  loss=0.5614  bal_acc=0.4948
  epoch  15/50  loss=0.5336  bal_acc=0.5017
  epoch  16/50  loss=0.4909  bal_acc=0.5087
  epoch  17/50  loss=0.4759  bal_acc=0.4878
  epoch  18/50  loss=0.4650  bal_acc=0.4983
  epoch  19/50  loss=0.4534  bal_acc=0.5087
  epoch  20/50  loss=0.4393  bal_acc=0.5330
  epoch  21/50  loss=0.4141  bal_acc=0.5104
  epoch  22/50  loss=0.4081  bal_acc=0.5347
  epoch  23/50  loss=0.3769  bal_acc=0.5069
  epoch  24/50  loss=0.3888  bal_acc=0.4931
  epoch  25/50  loss=0.3782  bal_acc=0.4965
  epoch  26/50  loss=0.3593  bal_acc=0.5538
  epoch  27/50  loss=0.3382  bal_acc=0.5260
  epoch  28/50  loss=0.3156  bal_acc=0.4740
  epoch  29/50  loss=0.3385  bal_acc=0.5052
  epoch  30/50  loss=0.3287  bal_acc=0.5608
  epoch  31/50  loss=0.3114  bal_acc=0.4757
  epoch  32/50  loss=0.3098  bal_acc=0.5469
  epoch  33/50  loss=0.3062  bal_acc=0.5226
  epoch  34/50  loss=0.2910  bal_acc=0.4479
  epoch  35/50  loss=0.2922  bal_acc=0.5087
  epoch  36/50  loss=0.2796  bal_acc=0.5347
  epoch  37/50  loss=0.2802  bal_acc=0.5087
  epoch  38/50  loss=0.2640  bal_acc=0.5017
  epoch  39/50  loss=0.2830  bal_acc=0.5295
  epoch  40/50  loss=0.2780  bal_acc=0.5208
  epoch  41/50  loss=0.2631  bal_acc=0.5399
  epoch  42/50  loss=0.2526  bal_acc=0.5243
  epoch  43/50  loss=0.2417  bal_acc=0.4983
  epoch  44/50  loss=0.2278  bal_acc=0.5330
  epoch  45/50  loss=0.2331  bal_acc=0.5243
  epoch  46/50  loss=0.2375  bal_acc=0.5330
  epoch  47/50  loss=0.2200  bal_acc=0.5382
  epoch  48/50  loss=0.2338  bal_acc=0.5191
  epoch  49/50  loss=0.2252  bal_acc=0.5260
  epoch  50/50  loss=0.2250  bal_acc=0.5486
  [LOSO 1/9] subject 0: acc=0.5486  running_mean=0.5486

=== LOSO (hold out subject 1) ===
  Train: 4608 trials  |  Test: 576 trials
  Model params: 37,366
  epoch   1/50  loss=1.3339  bal_acc=0.3785
  epoch   2/50  loss=1.1364  bal_acc=0.4062
  epoch   3/50  loss=0.9924  bal_acc=0.4201
  epoch   4/50  loss=0.9051  bal_acc=0.4097
  epoch   5/50  loss=0.8287  bal_acc=0.4132
  epoch   6/50  loss=0.7781  bal_acc=0.4184
  epoch   7/50  loss=0.7457  bal_acc=0.4705
  epoch   8/50  loss=0.7070  bal_acc=0.4323
  epoch   9/50  loss=0.6502  bal_acc=0.4601
  epoch  10/50  loss=0.6257  bal_acc=0.4097
  epoch  11/50  loss=0.5942  bal_acc=0.4410
  epoch  12/50  loss=0.5746  bal_acc=0.4531
  epoch  13/50  loss=0.5215  bal_acc=0.4392
  epoch  14/50  loss=0.5032  bal_acc=0.4201
  epoch  15/50  loss=0.4825  bal_acc=0.4844
  epoch  16/50  loss=0.4793  bal_acc=0.4618
  epoch  17/50  loss=0.4550  bal_acc=0.4740
  epoch  18/50  loss=0.4547  bal_acc=0.4653
  epoch  19/50  loss=0.4347  bal_acc=0.4618
  epoch  20/50  loss=0.4146  bal_acc=0.4306
  epoch  21/50  loss=0.3732  bal_acc=0.4688
  epoch  22/50  loss=0.3665  bal_acc=0.4757
  epoch  23/50  loss=0.3645  bal_acc=0.4705
  epoch  24/50  loss=0.3482  bal_acc=0.4844
  epoch  25/50  loss=0.3312  bal_acc=0.4688
  epoch  26/50  loss=0.3420  bal_acc=0.4219
  epoch  27/50  loss=0.3336  bal_acc=0.4115
  epoch  28/50  loss=0.3207  bal_acc=0.4705
  epoch  29/50  loss=0.3147  bal_acc=0.4375
  epoch  30/50  loss=0.2972  bal_acc=0.4427
  epoch  31/50  loss=0.3132  bal_acc=0.4635
  epoch  32/50  loss=0.3090  bal_acc=0.4392
  epoch  33/50  loss=0.2760  bal_acc=0.4757
  epoch  34/50  loss=0.2708  bal_acc=0.4618
  epoch  35/50  loss=0.2619  bal_acc=0.4861
  epoch  36/50  loss=0.2591  bal_acc=0.4826
  epoch  37/50  loss=0.2515  bal_acc=0.4479
  epoch  38/50  loss=0.2386  bal_acc=0.4688
  epoch  39/50  loss=0.2297  bal_acc=0.4566
  epoch  40/50  loss=0.2418  bal_acc=0.4965
  epoch  41/50  loss=0.2612  bal_acc=0.4757
  epoch  42/50  loss=0.2471  bal_acc=0.4861
  epoch  43/50  loss=0.2253  bal_acc=0.4688
  epoch  44/50  loss=0.2531  bal_acc=0.4809
  epoch  45/50  loss=0.2238  bal_acc=0.4549
  epoch  46/50  loss=0.2251  bal_acc=0.4705
  epoch  47/50  loss=0.2216  bal_acc=0.4740
  epoch  48/50  loss=0.2097  bal_acc=0.4531
  epoch  49/50  loss=0.1929  bal_acc=0.4288
  epoch  50/50  loss=0.1950  bal_acc=0.4514
  [LOSO 2/9] subject 1: acc=0.4514  running_mean=0.5000

=== LOSO (hold out subject 2) ===
  Train: 4608 trials  |  Test: 576 trials
  Model params: 37,366
  epoch   1/50  loss=1.3453  bal_acc=0.4722
  epoch   2/50  loss=1.1437  bal_acc=0.5365
  epoch   3/50  loss=1.0492  bal_acc=0.5660
  epoch   4/50  loss=0.9728  bal_acc=0.6111
  epoch   5/50  loss=0.9275  bal_acc=0.5538
  epoch   6/50  loss=0.8485  bal_acc=0.5139
  epoch   7/50  loss=0.8134  bal_acc=0.6059
  epoch   8/50  loss=0.7583  bal_acc=0.5903
  epoch   9/50  loss=0.7356  bal_acc=0.6372
  epoch  10/50  loss=0.7011  bal_acc=0.5903
  epoch  11/50  loss=0.6504  bal_acc=0.6632
  epoch  12/50  loss=0.6343  bal_acc=0.6007
  epoch  13/50  loss=0.6287  bal_acc=0.5938
  epoch  14/50  loss=0.5842  bal_acc=0.6406
  epoch  15/50  loss=0.5347  bal_acc=0.5521
  epoch  16/50  loss=0.5067  bal_acc=0.5590
  epoch  17/50  loss=0.5184  bal_acc=0.5573
  epoch  18/50  loss=0.5029  bal_acc=0.6233
  epoch  19/50  loss=0.4660  bal_acc=0.5851
  epoch  20/50  loss=0.4623  bal_acc=0.5903
  epoch  21/50  loss=0.4419  bal_acc=0.6198
  epoch  22/50  loss=0.4052  bal_acc=0.6285
  epoch  23/50  loss=0.4018  bal_acc=0.6441
  epoch  24/50  loss=0.4098  bal_acc=0.6649
  epoch  25/50  loss=0.3772  bal_acc=0.6441
  epoch  26/50  loss=0.3776  bal_acc=0.6458
  epoch  27/50  loss=0.3303  bal_acc=0.6302
  epoch  28/50  loss=0.3454  bal_acc=0.6215
  epoch  29/50  loss=0.3386  bal_acc=0.5920
  epoch  30/50  loss=0.3334  bal_acc=0.5712
  epoch  31/50  loss=0.3341  bal_acc=0.6094
  epoch  32/50  loss=0.3199  bal_acc=0.6267
  epoch  33/50  loss=0.3070  bal_acc=0.6163
  epoch  34/50  loss=0.3114  bal_acc=0.6337
  epoch  35/50  loss=0.2941  bal_acc=0.6285
  epoch  36/50  loss=0.2887  bal_acc=0.6250
  epoch  37/50  loss=0.2758  bal_acc=0.5938
  epoch  38/50  loss=0.2864  bal_acc=0.6580
  epoch  39/50  loss=0.2807  bal_acc=0.6319
  epoch  40/50  loss=0.2571  bal_acc=0.6111
  epoch  41/50  loss=0.2601  bal_acc=0.6285
  epoch  42/50  loss=0.2577  bal_acc=0.6094
  epoch  43/50  loss=0.2473  bal_acc=0.6562
  epoch  44/50  loss=0.2729  bal_acc=0.6528
  epoch  45/50  loss=0.2533  bal_acc=0.6198
  epoch  46/50  loss=0.2480  bal_acc=0.5747
  epoch  47/50  loss=0.2526  bal_acc=0.6545
  epoch  48/50  loss=0.2187  bal_acc=0.6024
  epoch  49/50  loss=0.2218  bal_acc=0.6684
  epoch  50/50  loss=0.2443  bal_acc=0.5729
  [LOSO 3/9] subject 2: acc=0.5729  running_mean=0.5243

=== LOSO (hold out subject 3) ===
  Train: 4608 trials  |  Test: 576 trials
  Model params: 37,366
  epoch   1/50  loss=1.3271  bal_acc=0.3125
  epoch   2/50  loss=1.1563  bal_acc=0.4653
  epoch   3/50  loss=1.0416  bal_acc=0.4253
  epoch   4/50  loss=0.9552  bal_acc=0.4792
  epoch   5/50  loss=0.8756  bal_acc=0.4688
  epoch   6/50  loss=0.8445  bal_acc=0.4201
  epoch   7/50  loss=0.7669  bal_acc=0.4410
  epoch   8/50  loss=0.7378  bal_acc=0.4375
  epoch   9/50  loss=0.6930  bal_acc=0.4201
  epoch  10/50  loss=0.6548  bal_acc=0.4219
  epoch  11/50  loss=0.6542  bal_acc=0.4549
  epoch  12/50  loss=0.6138  bal_acc=0.4340
  epoch  13/50  loss=0.6009  bal_acc=0.4531
  epoch  14/50  loss=0.5599  bal_acc=0.4184
  epoch  15/50  loss=0.5375  bal_acc=0.4688
  epoch  16/50  loss=0.5371  bal_acc=0.4410
  epoch  17/50  loss=0.5063  bal_acc=0.4497
  epoch  18/50  loss=0.5027  bal_acc=0.4236
  epoch  19/50  loss=0.4655  bal_acc=0.4462
  epoch  20/50  loss=0.4456  bal_acc=0.4444
  epoch  21/50  loss=0.4379  bal_acc=0.4392
  epoch  22/50  loss=0.4330  bal_acc=0.4531
  epoch  23/50  loss=0.4023  bal_acc=0.4219
  epoch  24/50  loss=0.3998  bal_acc=0.4531
  epoch  25/50  loss=0.3883  bal_acc=0.4462
  epoch  26/50  loss=0.3941  bal_acc=0.4219
  epoch  27/50  loss=0.3526  bal_acc=0.4444
  epoch  28/50  loss=0.3585  bal_acc=0.4549
  epoch  29/50  loss=0.3569  bal_acc=0.4410
  epoch  30/50  loss=0.3351  bal_acc=0.4514
  epoch  31/50  loss=0.3078  bal_acc=0.4184
  epoch  32/50  loss=0.3037  bal_acc=0.4740
  epoch  33/50  loss=0.3031  bal_acc=0.4653
  epoch  34/50  loss=0.2909  bal_acc=0.4722
  epoch  35/50  loss=0.2758  bal_acc=0.4444
  epoch  36/50  loss=0.2870  bal_acc=0.4583
  epoch  37/50  loss=0.2802  bal_acc=0.4462
  epoch  38/50  loss=0.2835  bal_acc=0.4514
  epoch  39/50  loss=0.2723  bal_acc=0.4462
  epoch  40/50  loss=0.2601  bal_acc=0.4670
  epoch  41/50  loss=0.2490  bal_acc=0.4375
  epoch  42/50  loss=0.2364  bal_acc=0.4149
  epoch  43/50  loss=0.2543  bal_acc=0.4514
  epoch  44/50  loss=0.2572  bal_acc=0.4253
  epoch  45/50  loss=0.2481  bal_acc=0.4080
  epoch  46/50  loss=0.2364  bal_acc=0.4635
  epoch  47/50  loss=0.2229  bal_acc=0.4479
  epoch  48/50  loss=0.2360  bal_acc=0.4635
  epoch  49/50  loss=0.2140  bal_acc=0.4236
  epoch  50/50  loss=0.2068  bal_acc=0.4462
  [LOSO 4/9] subject 3: acc=0.4462  running_mean=0.5048

=== LOSO (hold out subject 4) ===
  Train: 4608 trials  |  Test: 576 trials
  Model params: 37,366
  epoch   1/50  loss=1.3465  bal_acc=0.3906
  epoch   2/50  loss=1.1454  bal_acc=0.4549
  epoch   3/50  loss=1.0012  bal_acc=0.4601
  epoch   4/50  loss=0.9225  bal_acc=0.4913
  epoch   5/50  loss=0.8789  bal_acc=0.4653
  epoch   6/50  loss=0.8219  bal_acc=0.5295
  epoch   7/50  loss=0.7705  bal_acc=0.5451
  epoch   8/50  loss=0.7315  bal_acc=0.3472
  epoch   9/50  loss=0.7096  bal_acc=0.4965
  epoch  10/50  loss=0.6669  bal_acc=0.5208
  epoch  11/50  loss=0.6074  bal_acc=0.5503
  epoch  12/50  loss=0.6066  bal_acc=0.5642
  epoch  13/50  loss=0.5813  bal_acc=0.4861
  epoch  14/50  loss=0.5436  bal_acc=0.5469
  epoch  15/50  loss=0.5224  bal_acc=0.5608
  epoch  16/50  loss=0.5112  bal_acc=0.5521
  epoch  17/50  loss=0.4999  bal_acc=0.5851
  epoch  18/50  loss=0.4560  bal_acc=0.5625
  epoch  19/50  loss=0.4541  bal_acc=0.5243
  epoch  20/50  loss=0.4223  bal_acc=0.5156
  epoch  21/50  loss=0.4169  bal_acc=0.5278
  epoch  22/50  loss=0.4273  bal_acc=0.5243
  epoch  23/50  loss=0.3862  bal_acc=0.4844
  epoch  24/50  loss=0.3693  bal_acc=0.5104
  epoch  25/50  loss=0.3559  bal_acc=0.4583
  epoch  26/50  loss=0.3518  bal_acc=0.5243
  epoch  27/50  loss=0.3175  bal_acc=0.4965
  epoch  28/50  loss=0.3396  bal_acc=0.5278
  epoch  29/50  loss=0.3416  bal_acc=0.5156
  epoch  30/50  loss=0.3038  bal_acc=0.5191
  epoch  31/50  loss=0.3088  bal_acc=0.5278
  epoch  32/50  loss=0.3036  bal_acc=0.5052
  epoch  33/50  loss=0.2967  bal_acc=0.5087
  epoch  34/50  loss=0.2799  bal_acc=0.5556
  epoch  35/50  loss=0.2615  bal_acc=0.5000
  epoch  36/50  loss=0.2778  bal_acc=0.5278
  epoch  37/50  loss=0.2580  bal_acc=0.5122
  epoch  38/50  loss=0.2605  bal_acc=0.5243
  epoch  39/50  loss=0.2551  bal_acc=0.5330
  epoch  40/50  loss=0.2702  bal_acc=0.5052
  epoch  41/50  loss=0.2515  bal_acc=0.5052
  epoch  42/50  loss=0.2468  bal_acc=0.4965
  epoch  43/50  loss=0.2440  bal_acc=0.5660
  epoch  44/50  loss=0.2496  bal_acc=0.5469
  epoch  45/50  loss=0.2415  bal_acc=0.5295
  epoch  46/50  loss=0.2332  bal_acc=0.5486
  epoch  47/50  loss=0.2272  bal_acc=0.5330
  epoch  48/50  loss=0.2418  bal_acc=0.5399
  epoch  49/50  loss=0.2173  bal_acc=0.5156
  epoch  50/50  loss=0.2278  bal_acc=0.5503
  [LOSO 5/9] subject 4: acc=0.5503  running_mean=0.5139

=== LOSO (hold out subject 5) ===
  Train: 4608 trials  |  Test: 576 trials
  Model params: 37,366
  epoch   1/50  loss=1.3308  bal_acc=0.3316
  epoch   2/50  loss=1.0950  bal_acc=0.3958
  epoch   3/50  loss=0.9811  bal_acc=0.4375
  epoch   4/50  loss=0.8804  bal_acc=0.4462
  epoch   5/50  loss=0.8229  bal_acc=0.3663
  epoch   6/50  loss=0.7490  bal_acc=0.4705
  epoch   7/50  loss=0.7357  bal_acc=0.4549
  epoch   8/50  loss=0.6730  bal_acc=0.4306
  epoch   9/50  loss=0.6241  bal_acc=0.4184
  epoch  10/50  loss=0.6146  bal_acc=0.4757
  epoch  11/50  loss=0.5901  bal_acc=0.5069
  epoch  12/50  loss=0.5406  bal_acc=0.5087
  epoch  13/50  loss=0.5329  bal_acc=0.4323
  epoch  14/50  loss=0.5226  bal_acc=0.4913
  epoch  15/50  loss=0.5231  bal_acc=0.4288
  epoch  16/50  loss=0.4671  bal_acc=0.4878
  epoch  17/50  loss=0.4531  bal_acc=0.4566
  epoch  18/50  loss=0.4364  bal_acc=0.3750
  epoch  19/50  loss=0.4098  bal_acc=0.4271
  epoch  20/50  loss=0.4132  bal_acc=0.4531
  epoch  21/50  loss=0.3906  bal_acc=0.4497
  epoch  22/50  loss=0.3896  bal_acc=0.4375
  epoch  23/50  loss=0.3834  bal_acc=0.4271
  epoch  24/50  loss=0.3538  bal_acc=0.4601
  epoch  25/50  loss=0.3645  bal_acc=0.4167
  epoch  26/50  loss=0.3350  bal_acc=0.4097
  epoch  27/50  loss=0.3093  bal_acc=0.4462
  epoch  28/50  loss=0.2915  bal_acc=0.4167
  epoch  29/50  loss=0.3090  bal_acc=0.4201
  epoch  30/50  loss=0.3119  bal_acc=0.4410
  epoch  31/50  loss=0.3125  bal_acc=0.4410
  epoch  32/50  loss=0.2847  bal_acc=0.4115
  epoch  33/50  loss=0.2633  bal_acc=0.3906
  epoch  34/50  loss=0.2655  bal_acc=0.3993
  epoch  35/50  loss=0.2510  bal_acc=0.4531
  epoch  36/50  loss=0.2576  bal_acc=0.4358
  epoch  37/50  loss=0.2572  bal_acc=0.4323
  epoch  38/50  loss=0.2494  bal_acc=0.4444
  epoch  39/50  loss=0.2424  bal_acc=0.4462
  epoch  40/50  loss=0.2524  bal_acc=0.4201
  epoch  41/50  loss=0.2509  bal_acc=0.4201
  epoch  42/50  loss=0.2467  bal_acc=0.4306
  epoch  43/50  loss=0.2357  bal_acc=0.4271
  epoch  44/50  loss=0.2325  bal_acc=0.4462
  epoch  45/50  loss=0.2267  bal_acc=0.4514
  epoch  46/50  loss=0.1975  bal_acc=0.4601
  epoch  47/50  loss=0.2265  bal_acc=0.4462
  epoch  48/50  loss=0.2316  bal_acc=0.4740
  epoch  49/50  loss=0.2157  bal_acc=0.4740
  epoch  50/50  loss=0.2222  bal_acc=0.4809
  [LOSO 6/9] subject 5: acc=0.4809  running_mean=0.5084

=== LOSO (hold out subject 6) ===
  Train: 4608 trials  |  Test: 576 trials
  Model params: 37,366
  epoch   1/50  loss=1.3763  bal_acc=0.4566
  epoch   2/50  loss=1.1801  bal_acc=0.5243
  epoch   3/50  loss=1.0411  bal_acc=0.5000
  epoch   4/50  loss=0.9657  bal_acc=0.5035
  epoch   5/50  loss=0.9052  bal_acc=0.5729
  epoch   6/50  loss=0.8370  bal_acc=0.5660
  epoch   7/50  loss=0.7858  bal_acc=0.5434
  epoch   8/50  loss=0.7277  bal_acc=0.5920
  epoch   9/50  loss=0.6796  bal_acc=0.5521
  epoch  10/50  loss=0.6570  bal_acc=0.5625
  epoch  11/50  loss=0.6155  bal_acc=0.6128
  epoch  12/50  loss=0.6001  bal_acc=0.5955
  epoch  13/50  loss=0.5733  bal_acc=0.5990
  epoch  14/50  loss=0.5563  bal_acc=0.5625
  epoch  15/50  loss=0.5596  bal_acc=0.5816
  epoch  16/50  loss=0.5181  bal_acc=0.5469
  epoch  17/50  loss=0.4820  bal_acc=0.5660
  epoch  18/50  loss=0.4696  bal_acc=0.5712
  epoch  19/50  loss=0.4787  bal_acc=0.5712
  epoch  20/50  loss=0.4405  bal_acc=0.5677
  epoch  21/50  loss=0.4185  bal_acc=0.5486
  epoch  22/50  loss=0.3921  bal_acc=0.5625
  epoch  23/50  loss=0.3968  bal_acc=0.5868
  epoch  24/50  loss=0.4013  bal_acc=0.5972
  epoch  25/50  loss=0.3976  bal_acc=0.5990
  epoch  26/50  loss=0.3646  bal_acc=0.5712
  epoch  27/50  loss=0.3637  bal_acc=0.6163
  epoch  28/50  loss=0.3675  bal_acc=0.5938
  epoch  29/50  loss=0.3562  bal_acc=0.6042
  epoch  30/50  loss=0.3115  bal_acc=0.5816
  epoch  31/50  loss=0.3054  bal_acc=0.5764
  epoch  32/50  loss=0.3108  bal_acc=0.5747
  epoch  33/50  loss=0.3021  bal_acc=0.5625
  epoch  34/50  loss=0.3128  bal_acc=0.5712
  epoch  35/50  loss=0.3154  bal_acc=0.6094
  epoch  36/50  loss=0.2926  bal_acc=0.5764
  epoch  37/50  loss=0.2773  bal_acc=0.5712
  epoch  38/50  loss=0.2816  bal_acc=0.5938
  epoch  39/50  loss=0.2863  bal_acc=0.5955
  epoch  40/50  loss=0.2957  bal_acc=0.5920
  epoch  41/50  loss=0.2849  bal_acc=0.5781
  epoch  42/50  loss=0.2685  bal_acc=0.5990
  epoch  43/50  loss=0.2703  bal_acc=0.5694
  epoch  44/50  loss=0.2525  bal_acc=0.5781
  epoch  45/50  loss=0.2599  bal_acc=0.5868
  epoch  46/50  loss=0.2404  bal_acc=0.5538
  epoch  47/50  loss=0.2453  bal_acc=0.5417
  epoch  48/50  loss=0.2322  bal_acc=0.5365
  epoch  49/50  loss=0.2223  bal_acc=0.5399
  epoch  50/50  loss=0.2153  bal_acc=0.5903
  [LOSO 7/9] subject 6: acc=0.5903  running_mean=0.5201

=== LOSO (hold out subject 7) ===
  Train: 4608 trials  |  Test: 576 trials
  Model params: 37,366
  epoch   1/50  loss=1.3312  bal_acc=0.4444
  epoch   2/50  loss=1.1985  bal_acc=0.4462
  epoch   3/50  loss=1.0683  bal_acc=0.5052
  epoch   4/50  loss=0.9859  bal_acc=0.5469
  epoch   5/50  loss=0.9253  bal_acc=0.5365
  epoch   6/50  loss=0.8573  bal_acc=0.5174
  epoch   7/50  loss=0.7994  bal_acc=0.5243
  epoch   8/50  loss=0.7727  bal_acc=0.5382
  epoch   9/50  loss=0.7300  bal_acc=0.5660
  epoch  10/50  loss=0.7182  bal_acc=0.6094
  epoch  11/50  loss=0.6730  bal_acc=0.5833
  epoch  12/50  loss=0.6330  bal_acc=0.6059
  epoch  13/50  loss=0.6031  bal_acc=0.5903
  epoch  14/50  loss=0.5638  bal_acc=0.5521
  epoch  15/50  loss=0.5291  bal_acc=0.5677
  epoch  16/50  loss=0.5407  bal_acc=0.6042
  epoch  17/50  loss=0.4996  bal_acc=0.6111
  epoch  18/50  loss=0.4635  bal_acc=0.6042
  epoch  19/50  loss=0.4614  bal_acc=0.5764
  epoch  20/50  loss=0.4656  bal_acc=0.6215
  epoch  21/50  loss=0.4536  bal_acc=0.5833
  epoch  22/50  loss=0.4219  bal_acc=0.6163
  epoch  23/50  loss=0.4215  bal_acc=0.5451
  epoch  24/50  loss=0.3771  bal_acc=0.5990
  epoch  25/50  loss=0.3887  bal_acc=0.5972
  epoch  26/50  loss=0.3626  bal_acc=0.5885
  epoch  27/50  loss=0.3525  bal_acc=0.5521
  epoch  28/50  loss=0.3290  bal_acc=0.5573
  epoch  29/50  loss=0.3344  bal_acc=0.6146
  epoch  30/50  loss=0.3164  bal_acc=0.6198
  epoch  31/50  loss=0.3274  bal_acc=0.5972
  epoch  32/50  loss=0.3257  bal_acc=0.5972
  epoch  33/50  loss=0.3161  bal_acc=0.6024
  epoch  34/50  loss=0.3326  bal_acc=0.5833
  epoch  35/50  loss=0.3059  bal_acc=0.5938
  epoch  36/50  loss=0.3049  bal_acc=0.6146
  epoch  37/50  loss=0.2993  bal_acc=0.5938
  epoch  38/50  loss=0.2903  bal_acc=0.6233
  epoch  39/50  loss=0.2733  bal_acc=0.5938
  epoch  40/50  loss=0.2626  bal_acc=0.5938
  epoch  41/50  loss=0.2669  bal_acc=0.5764
  epoch  42/50  loss=0.2786  bal_acc=0.6094
  epoch  43/50  loss=0.2659  bal_acc=0.6354
  epoch  44/50  loss=0.2790  bal_acc=0.5833
  epoch  45/50  loss=0.2784  bal_acc=0.6094
  epoch  46/50  loss=0.2415  bal_acc=0.6267
  epoch  47/50  loss=0.2436  bal_acc=0.6337
  epoch  48/50  loss=0.2486  bal_acc=0.6198
  epoch  49/50  loss=0.2241  bal_acc=0.6285
  epoch  50/50  loss=0.2168  bal_acc=0.6319
  [LOSO 8/9] subject 7: acc=0.6319  running_mean=0.5341

=== LOSO (hold out subject 8) ===
  Train: 4608 trials  |  Test: 576 trials
  Model params: 37,366
  epoch   1/50  loss=1.3151  bal_acc=0.3854
  epoch   2/50  loss=1.1606  bal_acc=0.4340
  epoch   3/50  loss=1.0402  bal_acc=0.4184
  epoch   4/50  loss=0.9400  bal_acc=0.4167
  epoch   5/50  loss=0.8771  bal_acc=0.4497
  epoch   6/50  loss=0.8093  bal_acc=0.4514
  epoch   7/50  loss=0.7781  bal_acc=0.4809
  epoch   8/50  loss=0.7538  bal_acc=0.4514
  epoch   9/50  loss=0.7194  bal_acc=0.4601
  epoch  10/50  loss=0.6630  bal_acc=0.4844
  epoch  11/50  loss=0.6471  bal_acc=0.4948
  epoch  12/50  loss=0.6189  bal_acc=0.4253
  epoch  13/50  loss=0.6178  bal_acc=0.5122
  epoch  14/50  loss=0.5771  bal_acc=0.5312
  epoch  15/50  loss=0.5404  bal_acc=0.5347
  epoch  16/50  loss=0.5297  bal_acc=0.4913
  epoch  17/50  loss=0.5193  bal_acc=0.4896
  epoch  18/50  loss=0.4859  bal_acc=0.5747
  epoch  19/50  loss=0.4644  bal_acc=0.4965
  epoch  20/50  loss=0.4549  bal_acc=0.5174
  epoch  21/50  loss=0.4156  bal_acc=0.4809
  epoch  22/50  loss=0.3854  bal_acc=0.5260
  epoch  23/50  loss=0.4175  bal_acc=0.5260
  epoch  24/50  loss=0.3868  bal_acc=0.5312
  epoch  25/50  loss=0.3644  bal_acc=0.5208
  epoch  26/50  loss=0.3698  bal_acc=0.4792
  epoch  27/50  loss=0.3695  bal_acc=0.4635
  epoch  28/50  loss=0.3457  bal_acc=0.5417
  epoch  29/50  loss=0.3179  bal_acc=0.5122
  epoch  30/50  loss=0.3142  bal_acc=0.5399
  epoch  31/50  loss=0.2937  bal_acc=0.4740
  epoch  32/50  loss=0.3015  bal_acc=0.5451
  epoch  33/50  loss=0.3263  bal_acc=0.5278
  epoch  34/50  loss=0.2954  bal_acc=0.5417
  epoch  35/50  loss=0.3112  bal_acc=0.4983
  epoch  36/50  loss=0.2978  bal_acc=0.5556
  epoch  37/50  loss=0.2811  bal_acc=0.5122
  epoch  38/50  loss=0.2795  bal_acc=0.5573
  epoch  39/50  loss=0.2705  bal_acc=0.5278
  epoch  40/50  loss=0.2524  bal_acc=0.5243
  epoch  41/50  loss=0.2576  bal_acc=0.5278
  epoch  42/50  loss=0.2601  bal_acc=0.5035
  epoch  43/50  loss=0.2530  bal_acc=0.5052
  epoch  44/50  loss=0.2681  bal_acc=0.5191
  epoch  45/50  loss=0.2583  bal_acc=0.5122
  epoch  46/50  loss=0.2707  bal_acc=0.5694
  epoch  47/50  loss=0.2587  bal_acc=0.5312
  epoch  48/50  loss=0.2609  bal_acc=0.5382
  epoch  49/50  loss=0.2589  bal_acc=0.5087
  epoch  50/50  loss=0.2414  bal_acc=0.5139
  [LOSO 9/9] subject 8: acc=0.5139  running_mean=0.5318
Results saved to results/BNCI2014_001/results_trial_52.json
Trial logged to results/BNCI2014_001/trials.csv
[status] trial 52 done (state=COMPLETE, value=0.5318287037037037) -- 45 completed total
Device: cuda
[BNCI2014_001] loading from cache: /home/aleksander.berezowsk/.cache/spiking_eegnet/BNCI2014_001_af1ccf3e92f684d8a93c057082b654d7.npz
[BNCI2014_001] cache hit: (5184, 1, 22, 1001), classes=['feet', 'left_hand', 'right_hand', 'tongue'], subjects=9
Dataset meta: {'n_classes': 4, 'n_channels': 22, 'n_samples': 1001, 'class_names': ['feet', 'left_hand', 'right_hand', 'tongue'], 'subject_list': [1, 2, 3, 4, 5, 6, 7, 8, 9], 'n_subjects': 9, 'sfreq': 250.0}

=== LOSO (hold out subject 0) ===
  Train: 4608 trials  |  Test: 576 trials
  Model params: 51,202
  epoch   1/50  loss=1.3783  bal_acc=0.3507
  epoch   2/50  loss=1.3186  bal_acc=0.3698
  epoch   3/50  loss=1.2662  bal_acc=0.3993
  epoch   4/50  loss=1.2194  bal_acc=0.4062
  epoch   5/50  loss=1.1680  bal_acc=0.4167
  epoch   6/50  loss=1.1179  bal_acc=0.4236
  epoch   7/50  loss=1.0652  bal_acc=0.4132
  epoch   8/50  loss=1.0163  bal_acc=0.4583
  epoch   9/50  loss=0.9805  bal_acc=0.4618
  epoch  10/50  loss=0.9447  bal_acc=0.4635
  epoch  11/50  loss=0.9140  bal_acc=0.4774
  epoch  12/50  loss=0.8781  bal_acc=0.4740
  epoch  13/50  loss=0.8500  bal_acc=0.4913
  epoch  14/50  loss=0.8201  bal_acc=0.5139
  epoch  15/50  loss=0.7942  bal_acc=0.5035
  epoch  16/50  loss=0.7706  bal_acc=0.5139
  epoch  17/50  loss=0.7443  bal_acc=0.5087
  epoch  18/50  loss=0.7200  bal_acc=0.5312
  epoch  19/50  loss=0.6965  bal_acc=0.5399
  epoch  20/50  loss=0.6736  bal_acc=0.5295
  epoch  21/50  loss=0.6550  bal_acc=0.5608
  epoch  22/50  loss=0.6399  bal_acc=0.5486
  epoch  23/50  loss=0.6225  bal_acc=0.5382
  epoch  24/50  loss=0.6033  bal_acc=0.5521
  epoch  25/50  loss=0.5896  bal_acc=0.5660
  epoch  26/50  loss=0.5690  bal_acc=0.5556
  epoch  27/50  loss=0.5599  bal_acc=0.5642
  epoch  28/50  loss=0.5417  bal_acc=0.5677
  epoch  29/50  loss=0.5362  bal_acc=0.5903
  epoch  30/50  loss=0.5173  bal_acc=0.5816
  epoch  31/50  loss=0.5035  bal_acc=0.5729
  epoch  32/50  loss=0.4871  bal_acc=0.5764
  epoch  33/50  loss=0.4791  bal_acc=0.5799
  epoch  34/50  loss=0.4622  bal_acc=0.5938
  epoch  35/50  loss=0.4607  bal_acc=0.5903
  epoch  36/50  loss=0.4457  bal_acc=0.5990
  epoch  37/50  loss=0.4340  bal_acc=0.5729
  epoch  38/50  loss=0.4297  bal_acc=0.5712
  epoch  39/50  loss=0.4136  bal_acc=0.5625
  epoch  40/50  loss=0.4064  bal_acc=0.5851
  epoch  41/50  loss=0.3990  bal_acc=0.5729
  epoch  42/50  loss=0.3848  bal_acc=0.5851
  epoch  43/50  loss=0.3748  bal_acc=0.5955
  epoch  44/50  loss=0.3668  bal_acc=0.6042
  epoch  45/50  loss=0.3576  bal_acc=0.5556
  epoch  46/50  loss=0.3486  bal_acc=0.6024
  epoch  47/50  loss=0.3509  bal_acc=0.5972
  epoch  48/50  loss=0.3308  bal_acc=0.5712
  epoch  49/50  loss=0.3230  bal_acc=0.5833
  epoch  50/50  loss=0.3188  bal_acc=0.5990
  [LOSO 1/9] subject 0: acc=0.5990  running_mean=0.5990

=== LOSO (hold out subject 1) ===
  Train: 4608 trials  |  Test: 576 trials
  Model params: 51,202
  epoch   1/50  loss=1.3687  bal_acc=0.3663
  epoch   2/50  loss=1.2953  bal_acc=0.3733
  epoch   3/50  loss=1.2407  bal_acc=0.3802
  epoch   4/50  loss=1.1881  bal_acc=0.4062
  epoch   5/50  loss=1.1357  bal_acc=0.3872
  epoch   6/50  loss=1.0767  bal_acc=0.4028
  epoch   7/50  loss=1.0278  bal_acc=0.4063
  epoch   8/50  loss=0.9910  bal_acc=0.4097
  epoch   9/50  loss=0.9522  bal_acc=0.4167
  epoch  10/50  loss=0.9177  bal_acc=0.4149
  epoch  11/50  loss=0.8868  bal_acc=0.4167
  epoch  12/50  loss=0.8582  bal_acc=0.4253
  epoch  13/50  loss=0.8268  bal_acc=0.4288
  epoch  14/50  loss=0.7978  bal_acc=0.4288
  epoch  15/50  loss=0.7627  bal_acc=0.4236
  epoch  16/50  loss=0.7424  bal_acc=0.4375
  epoch  17/50  loss=0.7125  bal_acc=0.4219
  epoch  18/50  loss=0.6885  bal_acc=0.4392
  epoch  19/50  loss=0.6659  bal_acc=0.4236
  epoch  20/50  loss=0.6441  bal_acc=0.4427
  epoch  21/50  loss=0.6246  bal_acc=0.4288
  epoch  22/50  loss=0.5991  bal_acc=0.4323
  epoch  23/50  loss=0.5774  bal_acc=0.4288
  epoch  24/50  loss=0.5584  bal_acc=0.4236
  epoch  25/50  loss=0.5407  bal_acc=0.4410
  epoch  26/50  loss=0.5247  bal_acc=0.4323
  epoch  27/50  loss=0.5024  bal_acc=0.4253
  epoch  28/50  loss=0.4910  bal_acc=0.4288
  epoch  29/50  loss=0.4795  bal_acc=0.4358
  epoch  30/50  loss=0.4583  bal_acc=0.4392
  epoch  31/50  loss=0.4506  bal_acc=0.4236
  epoch  32/50  loss=0.4308  bal_acc=0.4444
  epoch  33/50  loss=0.4218  bal_acc=0.4514
  epoch  34/50  loss=0.4135  bal_acc=0.4444
  epoch  35/50  loss=0.3946  bal_acc=0.4462
  epoch  36/50  loss=0.3843  bal_acc=0.4392
  epoch  37/50  loss=0.3773  bal_acc=0.4236
  epoch  38/50  loss=0.3629  bal_acc=0.4167
  epoch  39/50  loss=0.3522  bal_acc=0.4531
  epoch  40/50  loss=0.3383  bal_acc=0.4323
  epoch  41/50  loss=0.3329  bal_acc=0.4497
  epoch  42/50  loss=0.3243  bal_acc=0.4583
  epoch  43/50  loss=0.3117  bal_acc=0.4531
  epoch  44/50  loss=0.3084  bal_acc=0.4479
  epoch  45/50  loss=0.3017  bal_acc=0.4375
  epoch  46/50  loss=0.2896  bal_acc=0.4167
  epoch  47/50  loss=0.2764  bal_acc=0.4375
  epoch  48/50  loss=0.2688  bal_acc=0.4288
  epoch  49/50  loss=0.2607  bal_acc=0.4358
  epoch  50/50  loss=0.2504  bal_acc=0.4375
  [LOSO 2/9] subject 1: acc=0.4375  running_mean=0.5182

=== LOSO (hold out subject 2) ===
  Train: 4608 trials  |  Test: 576 trials
  Model params: 51,202
  epoch   1/50  loss=1.3734  bal_acc=0.3628
  epoch   2/50  loss=1.3166  bal_acc=0.3889
  epoch   3/50  loss=1.2766  bal_acc=0.3872
  epoch   4/50  loss=1.2398  bal_acc=0.4271
  epoch   5/50  loss=1.1974  bal_acc=0.4392
  epoch   6/50  loss=1.1514  bal_acc=0.4826
  epoch   7/50  loss=1.1055  bal_acc=0.4965
  epoch   8/50  loss=1.0567  bal_acc=0.5000
  epoch   9/50  loss=1.0160  bal_acc=0.5573
  epoch  10/50  loss=0.9770  bal_acc=0.5260
  epoch  11/50  loss=0.9410  bal_acc=0.5434
  epoch  12/50  loss=0.9125  bal_acc=0.5573
  epoch  13/50  loss=0.8833  bal_acc=0.5469
  epoch  14/50  loss=0.8537  bal_acc=0.5556
  epoch  15/50  loss=0.8254  bal_acc=0.5799
  epoch  16/50  loss=0.8040  bal_acc=0.5729
  epoch  17/50  loss=0.7793  bal_acc=0.5417
  epoch  18/50  loss=0.7611  bal_acc=0.5677
  epoch  19/50  loss=0.7407  bal_acc=0.5677
  epoch  20/50  loss=0.7182  bal_acc=0.5712
  epoch  21/50  loss=0.6992  bal_acc=0.5608
  epoch  22/50  loss=0.6838  bal_acc=0.5781
  epoch  23/50  loss=0.6633  bal_acc=0.5833
  epoch  24/50  loss=0.6475  bal_acc=0.5920
  epoch  25/50  loss=0.6318  bal_acc=0.5955
  epoch  26/50  loss=0.6121  bal_acc=0.5938
  epoch  27/50  loss=0.5960  bal_acc=0.5868
  epoch  28/50  loss=0.5839  bal_acc=0.5920
  epoch  29/50  loss=0.5672  bal_acc=0.6042
  epoch  30/50  loss=0.5535  bal_acc=0.5885
  epoch  31/50  loss=0.5402  bal_acc=0.5781
  epoch  32/50  loss=0.5210  bal_acc=0.6059
  epoch  33/50  loss=0.5125  bal_acc=0.5851
  epoch  34/50  loss=0.5039  bal_acc=0.6146
  epoch  35/50  loss=0.4900  bal_acc=0.6094
  epoch  36/50  loss=0.4794  bal_acc=0.5573
  epoch  37/50  loss=0.4593  bal_acc=0.6128
  epoch  38/50  loss=0.4447  bal_acc=0.6285
  epoch  39/50  loss=0.4348  bal_acc=0.6493
  epoch  40/50  loss=0.4290  bal_acc=0.6198
  epoch  41/50  loss=0.4122  bal_acc=0.6372
  epoch  42/50  loss=0.4043  bal_acc=0.6615
  epoch  43/50  loss=0.3959  bal_acc=0.6146
  epoch  44/50  loss=0.3785  bal_acc=0.6493
  epoch  45/50  loss=0.3750  bal_acc=0.6406
  epoch  46/50  loss=0.3639  bal_acc=0.6562
  epoch  47/50  loss=0.3536  bal_acc=0.6684
  epoch  48/50  loss=0.3414  bal_acc=0.6389
  epoch  49/50  loss=0.3355  bal_acc=0.6354
  epoch  50/50  loss=0.3238  bal_acc=0.6319
  [LOSO 3/9] subject 2: acc=0.6319  running_mean=0.5561

=== LOSO (hold out subject 3) ===
  Train: 4608 trials  |  Test: 576 trials
  Model params: 51,202
  epoch   1/50  loss=1.3817  bal_acc=0.3490
  epoch   2/50  loss=1.3248  bal_acc=0.3785
  epoch   3/50  loss=1.2760  bal_acc=0.3889
  epoch   4/50  loss=1.2373  bal_acc=0.4097
  epoch   5/50  loss=1.1983  bal_acc=0.4115
  epoch   6/50  loss=1.1538  bal_acc=0.4236
  epoch   7/50  loss=1.1089  bal_acc=0.4323
  epoch   8/50  loss=1.0660  bal_acc=0.4306
  epoch   9/50  loss=1.0172  bal_acc=0.4497
  epoch  10/50  loss=0.9731  bal_acc=0.4462
  epoch  11/50  loss=0.9417  bal_acc=0.4514
  epoch  12/50  loss=0.8948  bal_acc=0.4722
  epoch  13/50  loss=0.8720  bal_acc=0.4757
  epoch  14/50  loss=0.8391  bal_acc=0.4774
  epoch  15/50  loss=0.8160  bal_acc=0.4878
  epoch  16/50  loss=0.7854  bal_acc=0.4688
  epoch  17/50  loss=0.7610  bal_acc=0.4757
  epoch  18/50  loss=0.7363  bal_acc=0.4757
  epoch  19/50  loss=0.7154  bal_acc=0.4826
  epoch  20/50  loss=0.6900  bal_acc=0.4826
  epoch  21/50  loss=0.6734  bal_acc=0.4792
  epoch  22/50  loss=0.6536  bal_acc=0.4792
  epoch  23/50  loss=0.6309  bal_acc=0.4705
  epoch  24/50  loss=0.6160  bal_acc=0.4757
  epoch  25/50  loss=0.5958  bal_acc=0.4774
  epoch  26/50  loss=0.5755  bal_acc=0.4826
  epoch  27/50  loss=0.5581  bal_acc=0.5052
  epoch  28/50  loss=0.5465  bal_acc=0.5069
  epoch  29/50  loss=0.5345  bal_acc=0.4948
  epoch  30/50  loss=0.5113  bal_acc=0.4983
  epoch  31/50  loss=0.5021  bal_acc=0.5104
  epoch  32/50  loss=0.4852  bal_acc=0.5122
  epoch  33/50  loss=0.4740  bal_acc=0.5017
  epoch  34/50  loss=0.4602  bal_acc=0.5226
  epoch  35/50  loss=0.4473  bal_acc=0.5243
  epoch  36/50  loss=0.4367  bal_acc=0.5208
  epoch  37/50  loss=0.4248  bal_acc=0.5260
  epoch  38/50  loss=0.4139  bal_acc=0.5243
  epoch  39/50  loss=0.4043  bal_acc=0.5069
  epoch  40/50  loss=0.3919  bal_acc=0.5139
  epoch  41/50  loss=0.3846  bal_acc=0.5087
  epoch  42/50  loss=0.3726  bal_acc=0.5139
  epoch  43/50  loss=0.3589  bal_acc=0.5278
  epoch  44/50  loss=0.3517  bal_acc=0.5260
  epoch  45/50  loss=0.3499  bal_acc=0.5347
  epoch  46/50  loss=0.3371  bal_acc=0.5052
  epoch  47/50  loss=0.3278  bal_acc=0.5295
  epoch  48/50  loss=0.3130  bal_acc=0.5226
  epoch  49/50  loss=0.3064  bal_acc=0.5278
  epoch  50/50  loss=0.3064  bal_acc=0.5156
  [LOSO 4/9] subject 3: acc=0.5156  running_mean=0.5460

=== LOSO (hold out subject 4) ===
  Train: 4608 trials  |  Test: 576 trials
  Model params: 51,202
  epoch   1/50  loss=1.3708  bal_acc=0.3229
  epoch   2/50  loss=1.3099  bal_acc=0.3299
  epoch   3/50  loss=1.2578  bal_acc=0.3559
  epoch   4/50  loss=1.2143  bal_acc=0.3455
  epoch   5/50  loss=1.1721  bal_acc=0.3819
  epoch   6/50  loss=1.1334  bal_acc=0.3924
  epoch   7/50  loss=1.0863  bal_acc=0.4010
  epoch   8/50  loss=1.0415  bal_acc=0.4375
  epoch   9/50  loss=0.9983  bal_acc=0.4809
  epoch  10/50  loss=0.9549  bal_acc=0.4375
  epoch  11/50  loss=0.9110  bal_acc=0.4896
  epoch  12/50  loss=0.8795  bal_acc=0.4670
  epoch  13/50  loss=0.8423  bal_acc=0.4983
  epoch  14/50  loss=0.8073  bal_acc=0.4931
  epoch  15/50  loss=0.7763  bal_acc=0.4983
  epoch  16/50  loss=0.7570  bal_acc=0.4878
  epoch  17/50  loss=0.7263  bal_acc=0.5174
  epoch  18/50  loss=0.7021  bal_acc=0.4722
  epoch  19/50  loss=0.6833  bal_acc=0.5069
  epoch  20/50  loss=0.6596  bal_acc=0.5365
  epoch  21/50  loss=0.6418  bal_acc=0.5347
  epoch  22/50  loss=0.6246  bal_acc=0.5295
  epoch  23/50  loss=0.6064  bal_acc=0.5226
  epoch  24/50  loss=0.5857  bal_acc=0.5399
  epoch  25/50  loss=0.5673  bal_acc=0.5295
  epoch  26/50  loss=0.5474  bal_acc=0.5486
  epoch  27/50  loss=0.5330  bal_acc=0.5399
  epoch  28/50  loss=0.5217  bal_acc=0.5486
  epoch  29/50  loss=0.5127  bal_acc=0.5781
  epoch  30/50  loss=0.4958  bal_acc=0.5243
  epoch  31/50  loss=0.4812  bal_acc=0.5486
  epoch  32/50  loss=0.4709  bal_acc=0.5347
  epoch  33/50  loss=0.4518  bal_acc=0.5434
  epoch  34/50  loss=0.4483  bal_acc=0.5347
  epoch  35/50  loss=0.4298  bal_acc=0.5365
  epoch  36/50  loss=0.4152  bal_acc=0.5347
  epoch  37/50  loss=0.4063  bal_acc=0.5556
  epoch  38/50  loss=0.3930  bal_acc=0.5590
  epoch  39/50  loss=0.3889  bal_acc=0.5451
  epoch  40/50  loss=0.3760  bal_acc=0.5417
  epoch  41/50  loss=0.3673  bal_acc=0.5503
  epoch  42/50  loss=0.3594  bal_acc=0.5365
  epoch  43/50  loss=0.3510  bal_acc=0.5417
  epoch  44/50  loss=0.3424  bal_acc=0.5417
  epoch  45/50  loss=0.3311  bal_acc=0.5399
  epoch  46/50  loss=0.3207  bal_acc=0.5365
  epoch  47/50  loss=0.3142  bal_acc=0.5382
  epoch  48/50  loss=0.3086  bal_acc=0.5347
  epoch  49/50  loss=0.3044  bal_acc=0.5330
  epoch  50/50  loss=0.2945  bal_acc=0.5486
  [LOSO 5/9] subject 4: acc=0.5486  running_mean=0.5465

=== LOSO (hold out subject 5) ===
  Train: 4608 trials  |  Test: 576 trials
  Model params: 51,202
  epoch   1/50  loss=1.3770  bal_acc=0.3490
  epoch   2/50  loss=1.3208  bal_acc=0.3698
  epoch   3/50  loss=1.2679  bal_acc=0.3854
  epoch   4/50  loss=1.2277  bal_acc=0.3628
  epoch   5/50  loss=1.1796  bal_acc=0.4010
  epoch   6/50  loss=1.1289  bal_acc=0.4184
  epoch   7/50  loss=1.0752  bal_acc=0.3872
  epoch   8/50  loss=1.0282  bal_acc=0.4219
  epoch   9/50  loss=0.9842  bal_acc=0.4201
  epoch  10/50  loss=0.9451  bal_acc=0.4288
  epoch  11/50  loss=0.9099  bal_acc=0.4253
  epoch  12/50  loss=0.8769  bal_acc=0.4358
  epoch  13/50  loss=0.8424  bal_acc=0.4306
  epoch  14/50  loss=0.8118  bal_acc=0.4427
  epoch  15/50  loss=0.7798  bal_acc=0.4375
  epoch  16/50  loss=0.7524  bal_acc=0.4514
  epoch  17/50  loss=0.7303  bal_acc=0.4531
  epoch  18/50  loss=0.7010  bal_acc=0.4497
  epoch  19/50  loss=0.6807  bal_acc=0.4618
  epoch  20/50  loss=0.6556  bal_acc=0.4531
  epoch  21/50  loss=0.6379  bal_acc=0.4444
  epoch  22/50  loss=0.6223  bal_acc=0.4497
  epoch  23/50  loss=0.6011  bal_acc=0.4635
  epoch  24/50  loss=0.5868  bal_acc=0.4635
  epoch  25/50  loss=0.5652  bal_acc=0.4705
  epoch  26/50  loss=0.5516  bal_acc=0.4635
  epoch  27/50  loss=0.5341  bal_acc=0.4514
  epoch  28/50  loss=0.5210  bal_acc=0.4601
  epoch  29/50  loss=0.5101  bal_acc=0.4514
  epoch  30/50  loss=0.4925  bal_acc=0.4566
  epoch  31/50  loss=0.4832  bal_acc=0.4757
  epoch  32/50  loss=0.4697  bal_acc=0.4531
  epoch  33/50  loss=0.4592  bal_acc=0.4219
  epoch  34/50  loss=0.4451  bal_acc=0.4427
  epoch  35/50  loss=0.4373  bal_acc=0.4444
  epoch  36/50  loss=0.4152  bal_acc=0.4323
  epoch  37/50  loss=0.4090  bal_acc=0.4549
  epoch  38/50  loss=0.3998  bal_acc=0.4531
  epoch  39/50  loss=0.3917  bal_acc=0.4653
  epoch  40/50  loss=0.3804  bal_acc=0.4531
  epoch  41/50  loss=0.3699  bal_acc=0.4392
  epoch  42/50  loss=0.3594  bal_acc=0.4253
  epoch  43/50  loss=0.3582  bal_acc=0.4531
  epoch  44/50  loss=0.3463  bal_acc=0.3889
  epoch  45/50  loss=0.3345  bal_acc=0.4132
  epoch  46/50  loss=0.3235  bal_acc=0.4236
  epoch  47/50  loss=0.3147  bal_acc=0.4149
  epoch  48/50  loss=0.3030  bal_acc=0.4410
  epoch  49/50  loss=0.3005  bal_acc=0.4340
  epoch  50/50  loss=0.2981  bal_acc=0.4740
  [LOSO 6/9] subject 5: acc=0.4740  running_mean=0.5344

=== LOSO (hold out subject 6) ===
  Train: 4608 trials  |  Test: 576 trials
  Model params: 51,202
  epoch   1/50  loss=1.3768  bal_acc=0.3819
  epoch   2/50  loss=1.3232  bal_acc=0.4045
  epoch   3/50  loss=1.2787  bal_acc=0.3976
  epoch   4/50  loss=1.2384  bal_acc=0.4549
  epoch   5/50  loss=1.2001  bal_acc=0.4844
  epoch   6/50  loss=1.1551  bal_acc=0.5312
  epoch   7/50  loss=1.1078  bal_acc=0.5642
  epoch   8/50  loss=1.0578  bal_acc=0.5955
  epoch   9/50  loss=1.0118  bal_acc=0.6059
  epoch  10/50  loss=0.9738  bal_acc=0.6233
  epoch  11/50  loss=0.9374  bal_acc=0.6146
  epoch  12/50  loss=0.9031  bal_acc=0.6319
  epoch  13/50  loss=0.8763  bal_acc=0.6458
  epoch  14/50  loss=0.8478  bal_acc=0.6424
  epoch  15/50  loss=0.8144  bal_acc=0.6424
  epoch  16/50  loss=0.7934  bal_acc=0.6424
  epoch  17/50  loss=0.7656  bal_acc=0.6406
  epoch  18/50  loss=0.7421  bal_acc=0.6424
  epoch  19/50  loss=0.7240  bal_acc=0.6510
  epoch  20/50  loss=0.6987  bal_acc=0.6424
  epoch  21/50  loss=0.6800  bal_acc=0.6458
  epoch  22/50  loss=0.6574  bal_acc=0.6458
  epoch  23/50  loss=0.6427  bal_acc=0.6545
  epoch  24/50  loss=0.6237  bal_acc=0.6424
  epoch  25/50  loss=0.6104  bal_acc=0.6597
  epoch  26/50  loss=0.5874  bal_acc=0.6545
  epoch  27/50  loss=0.5760  bal_acc=0.6528
  epoch  28/50  loss=0.5614  bal_acc=0.6597
  epoch  29/50  loss=0.5444  bal_acc=0.6493
  epoch  30/50  loss=0.5268  bal_acc=0.6632
  epoch  31/50  loss=0.5107  bal_acc=0.6528
  epoch  32/50  loss=0.5005  bal_acc=0.6580
  epoch  33/50  loss=0.4835  bal_acc=0.6580
  epoch  34/50  loss=0.4718  bal_acc=0.6493
  epoch  35/50  loss=0.4673  bal_acc=0.6337
  epoch  36/50  loss=0.4519  bal_acc=0.6649
  epoch  37/50  loss=0.4404  bal_acc=0.6458
  epoch  38/50  loss=0.4290  bal_acc=0.6493
  epoch  39/50  loss=0.4134  bal_acc=0.6458
  epoch  40/50  loss=0.4070  bal_acc=0.6562
  epoch  41/50  loss=0.3946  bal_acc=0.6458
  epoch  42/50  loss=0.3837  bal_acc=0.6545
  epoch  43/50  loss=0.3729  bal_acc=0.6424
  epoch  44/50  loss=0.3685  bal_acc=0.6632
  epoch  45/50  loss=0.3544  bal_acc=0.6667
  epoch  46/50  loss=0.3456  bal_acc=0.6545
  epoch  47/50  loss=0.3375  bal_acc=0.6562
  epoch  48/50  loss=0.3307  bal_acc=0.6615
  epoch  49/50  loss=0.3176  bal_acc=0.6510
  epoch  50/50  loss=0.3175  bal_acc=0.6493
  [LOSO 7/9] subject 6: acc=0.6493  running_mean=0.5508

=== LOSO (hold out subject 7) ===
  Train: 4608 trials  |  Test: 576 trials
  Model params: 51,202
  epoch   1/50  loss=1.3769  bal_acc=0.3177
  epoch   2/50  loss=1.3214  bal_acc=0.3733
  epoch   3/50  loss=1.2683  bal_acc=0.4080
  epoch   4/50  loss=1.2242  bal_acc=0.4444
  epoch   5/50  loss=1.1797  bal_acc=0.4549
  epoch   6/50  loss=1.1335  bal_acc=0.4705
  epoch   7/50  loss=1.0825  bal_acc=0.4913
  epoch   8/50  loss=1.0370  bal_acc=0.4878
  epoch   9/50  loss=0.9909  bal_acc=0.4792
  epoch  10/50  loss=0.9557  bal_acc=0.5174
  epoch  11/50  loss=0.9260  bal_acc=0.5035
  epoch  12/50  loss=0.8954  bal_acc=0.5208
  epoch  13/50  loss=0.8689  bal_acc=0.5312
  epoch  14/50  loss=0.8427  bal_acc=0.5174
  epoch  15/50  loss=0.8134  bal_acc=0.5312
  epoch  16/50  loss=0.7935  bal_acc=0.5347
  epoch  17/50  loss=0.7712  bal_acc=0.5365
  epoch  18/50  loss=0.7489  bal_acc=0.5521
  epoch  19/50  loss=0.7258  bal_acc=0.5625
  epoch  20/50  loss=0.7078  bal_acc=0.5556
  epoch  21/50  loss=0.6907  bal_acc=0.5590
  epoch  22/50  loss=0.6721  bal_acc=0.5747
  epoch  23/50  loss=0.6512  bal_acc=0.5712
  epoch  24/50  loss=0.6350  bal_acc=0.5538
  epoch  25/50  loss=0.6162  bal_acc=0.5816
  epoch  26/50  loss=0.6044  bal_acc=0.5625
  epoch  27/50  loss=0.5827  bal_acc=0.5660
  epoch  28/50  loss=0.5709  bal_acc=0.5833
  epoch  29/50  loss=0.5614  bal_acc=0.5694
  epoch  30/50  loss=0.5383  bal_acc=0.5920
  epoch  31/50  loss=0.5266  bal_acc=0.6042
  epoch  32/50  loss=0.5183  bal_acc=0.5920
  epoch  33/50  loss=0.4997  bal_acc=0.6007
  epoch  34/50  loss=0.4853  bal_acc=0.6111
  epoch  35/50  loss=0.4777  bal_acc=0.6111
  epoch  36/50  loss=0.4614  bal_acc=0.5990
  epoch  37/50  loss=0.4517  bal_acc=0.5938
  epoch  38/50  loss=0.4446  bal_acc=0.5990
  epoch  39/50  loss=0.4322  bal_acc=0.5903
  epoch  40/50  loss=0.4195  bal_acc=0.6163
  epoch  41/50  loss=0.4125  bal_acc=0.6215
  epoch  42/50  loss=0.4019  bal_acc=0.6042
  epoch  43/50  loss=0.3899  bal_acc=0.6007
  epoch  44/50  loss=0.3752  bal_acc=0.6181
  epoch  45/50  loss=0.3682  bal_acc=0.6233
  epoch  46/50  loss=0.3613  bal_acc=0.6024
  epoch  47/50  loss=0.3531  bal_acc=0.6233
  epoch  48/50  loss=0.3401  bal_acc=0.6372
  epoch  49/50  loss=0.3314  bal_acc=0.6267
  epoch  50/50  loss=0.3276  bal_acc=0.6302
  [LOSO 8/9] subject 7: acc=0.6302  running_mean=0.5608

=== LOSO (hold out subject 8) ===
  Train: 4608 trials  |  Test: 576 trials
  Model params: 51,202
  epoch   1/50  loss=1.3740  bal_acc=0.3351
  epoch   2/50  loss=1.3172  bal_acc=0.3455
  epoch   3/50  loss=1.2683  bal_acc=0.3247
  epoch   4/50  loss=1.2235  bal_acc=0.3507
  epoch   5/50  loss=1.1756  bal_acc=0.3438
  epoch   6/50  loss=1.1336  bal_acc=0.3767
  epoch   7/50  loss=1.0804  bal_acc=0.3854
  epoch   8/50  loss=1.0417  bal_acc=0.3958
  epoch   9/50  loss=1.0028  bal_acc=0.4288
  epoch  10/50  loss=0.9696  bal_acc=0.4236
  epoch  11/50  loss=0.9387  bal_acc=0.4080
  epoch  12/50  loss=0.9105  bal_acc=0.4097
  epoch  13/50  loss=0.8827  bal_acc=0.4444
  epoch  14/50  loss=0.8588  bal_acc=0.4306
  epoch  15/50  loss=0.8307  bal_acc=0.4462
  epoch  16/50  loss=0.8075  bal_acc=0.4792
  epoch  17/50  loss=0.7839  bal_acc=0.5069
  epoch  18/50  loss=0.7646  bal_acc=0.4757
  epoch  19/50  loss=0.7360  bal_acc=0.5017
  epoch  20/50  loss=0.7215  bal_acc=0.5122
  epoch  21/50  loss=0.6945  bal_acc=0.5139
  epoch  22/50  loss=0.6798  bal_acc=0.4688
  epoch  23/50  loss=0.6590  bal_acc=0.5069
  epoch  24/50  loss=0.6372  bal_acc=0.4896
  epoch  25/50  loss=0.6257  bal_acc=0.5174
  epoch  26/50  loss=0.6039  bal_acc=0.5347
  epoch  27/50  loss=0.5909  bal_acc=0.5434
  epoch  28/50  loss=0.5698  bal_acc=0.5330
  epoch  29/50  loss=0.5601  bal_acc=0.5365
  epoch  30/50  loss=0.5393  bal_acc=0.5486
  epoch  31/50  loss=0.5246  bal_acc=0.5365
  epoch  32/50  loss=0.5122  bal_acc=0.5451
  epoch  33/50  loss=0.5067  bal_acc=0.5156
  epoch  34/50  loss=0.4913  bal_acc=0.5451
  epoch  35/50  loss=0.4747  bal_acc=0.5347
  epoch  36/50  loss=0.4655  bal_acc=0.5451
  epoch  37/50  loss=0.4521  bal_acc=0.5399
  epoch  38/50  loss=0.4412  bal_acc=0.5469
  epoch  39/50  loss=0.4273  bal_acc=0.5521
  epoch  40/50  loss=0.4140  bal_acc=0.5469
  epoch  41/50  loss=0.4071  bal_acc=0.5486
  epoch  42/50  loss=0.3914  bal_acc=0.5434
  epoch  43/50  loss=0.3896  bal_acc=0.5382
  epoch  44/50  loss=0.3771  bal_acc=0.5469
  epoch  45/50  loss=0.3700  bal_acc=0.5573
  epoch  46/50  loss=0.3594  bal_acc=0.5451
  epoch  47/50  loss=0.3492  bal_acc=0.5538
  epoch  48/50  loss=0.3425  bal_acc=0.5469
  epoch  49/50  loss=0.3335  bal_acc=0.5521
  epoch  50/50  loss=0.3230  bal_acc=0.5660
  [LOSO 9/9] subject 8: acc=0.5660  running_mean=0.5613
Results saved to results/BNCI2014_001/results_trial_54.json
Trial logged to results/BNCI2014_001/trials.csv
[status] trial 54 done (state=COMPLETE, value=0.5613425925925926) -- 50 completed total
Device: cuda
[BNCI2014_001] loading from cache: /home/aleksander.berezowsk/.cache/spiking_eegnet/BNCI2014_001_af1ccf3e92f684d8a93c057082b654d7.npz
[BNCI2014_001] cache hit: (5184, 1, 22, 1001), classes=['feet', 'left_hand', 'right_hand', 'tongue'], subjects=9
Dataset meta: {'n_classes': 4, 'n_channels': 22, 'n_samples': 1001, 'class_names': ['feet', 'left_hand', 'right_hand', 'tongue'], 'subject_list': [1, 2, 3, 4, 5, 6, 7, 8, 9], 'n_subjects': 9, 'sfreq': 250.0}

=== LOSO (hold out subject 0) ===
  Train: 4608 trials  |  Test: 576 trials
  Model params: 47,524
  epoch   1/50  loss=1.3849  bal_acc=0.2674
  epoch   2/50  loss=1.3531  bal_acc=0.3385
  epoch   3/50  loss=1.3216  bal_acc=0.3941
  epoch   4/50  loss=1.2912  bal_acc=0.3872
  epoch   5/50  loss=1.2616  bal_acc=0.4062
  epoch   6/50  loss=1.2303  bal_acc=0.4149
  epoch   7/50  loss=1.2029  bal_acc=0.4080
  epoch   8/50  loss=1.1769  bal_acc=0.4427
  epoch   9/50  loss=1.1501  bal_acc=0.4427
  epoch  10/50  loss=1.1251  bal_acc=0.4427
  epoch  11/50  loss=1.0979  bal_acc=0.4427
  epoch  12/50  loss=1.0651  bal_acc=0.4583
  epoch  13/50  loss=1.0419  bal_acc=0.4635
  epoch  14/50  loss=1.0160  bal_acc=0.4931
  epoch  15/50  loss=0.9917  bal_acc=0.4861
  epoch  16/50  loss=0.9664  bal_acc=0.4983
  epoch  17/50  loss=0.9453  bal_acc=0.4983
  epoch  18/50  loss=0.9310  bal_acc=0.5312
  epoch  19/50  loss=0.9097  bal_acc=0.4983
  epoch  20/50  loss=0.8856  bal_acc=0.5226
  epoch  21/50  loss=0.8749  bal_acc=0.5035
  epoch  22/50  loss=0.8551  bal_acc=0.5347
  epoch  23/50  loss=0.8422  bal_acc=0.5156
  epoch  24/50  loss=0.8286  bal_acc=0.5278
  epoch  25/50  loss=0.8134  bal_acc=0.5260
  epoch  26/50  loss=0.8021  bal_acc=0.5434
  epoch  27/50  loss=0.7813  bal_acc=0.4878
  epoch  28/50  loss=0.7771  bal_acc=0.5278
  epoch  29/50  loss=0.7610  bal_acc=0.5174
  epoch  30/50  loss=0.7443  bal_acc=0.5295
  epoch  31/50  loss=0.7350  bal_acc=0.5573
  epoch  32/50  loss=0.7240  bal_acc=0.5347
  epoch  33/50  loss=0.7223  bal_acc=0.5243
  epoch  34/50  loss=0.7042  bal_acc=0.5260
  epoch  35/50  loss=0.6966  bal_acc=0.5260
  epoch  36/50  loss=0.6812  bal_acc=0.5538
  epoch  37/50  loss=0.6808  bal_acc=0.5365
  epoch  38/50  loss=0.6684  bal_acc=0.5295
  epoch  39/50  loss=0.6561  bal_acc=0.5295
  epoch  40/50  loss=0.6499  bal_acc=0.5226
  epoch  41/50  loss=0.6400  bal_acc=0.5347
  epoch  42/50  loss=0.6272  bal_acc=0.5503
  epoch  43/50  loss=0.6190  bal_acc=0.5330
  epoch  44/50  loss=0.6161  bal_acc=0.5434
  epoch  45/50  loss=0.6088  bal_acc=0.5434
  epoch  46/50  loss=0.5981  bal_acc=0.5295
  epoch  47/50  loss=0.5906  bal_acc=0.5260
  epoch  48/50  loss=0.5814  bal_acc=0.5503
  epoch  49/50  loss=0.5727  bal_acc=0.5382
  epoch  50/50  loss=0.5614  bal_acc=0.5295
  [LOSO 1/9] subject 0: acc=0.5295  running_mean=0.5295

=== LOSO (hold out subject 1) ===
  Train: 4608 trials  |  Test: 576 trials
  Model params: 47,524
  epoch   1/50  loss=1.3800  bal_acc=0.3611
  epoch   2/50  loss=1.3513  bal_acc=0.3594
  epoch   3/50  loss=1.3203  bal_acc=0.3681
  epoch   4/50  loss=1.2898  bal_acc=0.3420
  epoch   5/50  loss=1.2638  bal_acc=0.3524
  epoch   6/50  loss=1.2378  bal_acc=0.3819
  epoch   7/50  loss=1.2144  bal_acc=0.3785
  epoch   8/50  loss=1.1899  bal_acc=0.3767
  epoch   9/50  loss=1.1658  bal_acc=0.3750
  epoch  10/50  loss=1.1402  bal_acc=0.3924
  epoch  11/50  loss=1.1112  bal_acc=0.4010
  epoch  12/50  loss=1.0843  bal_acc=0.4097
  epoch  13/50  loss=1.0596  bal_acc=0.3993
  epoch  14/50  loss=1.0356  bal_acc=0.4062
  epoch  15/50  loss=1.0093  bal_acc=0.3872
  epoch  16/50  loss=0.9865  bal_acc=0.3837
  epoch  17/50  loss=0.9651  bal_acc=0.3889
