mkdir: cannot create directory ‘/scratch/mne_data’: Permission denied

[notice] A new release of pip is available: 24.2 -> 26.1.2
[notice] To update, run: pip install --upgrade pip

[notice] A new release of pip is available: 24.2 -> 26.1.2
[notice] To update, run: pip install --upgrade pip
ERROR: Invalid requirement: 'Binary file requirements.txt matches': Expected end or semicolon (after name and no valid version specifier)
    Binary file requirements.txt matches
           ^ (from line 1 of /home/aleksander.berezowsk/requirements_notorch.txt)

[notice] A new release of pip is available: 24.2 -> 26.1.2
[notice] To update, run: pip install --upgrade pip

[notice] A new release of pip is available: 24.2 -> 26.1.2
[notice] To update, run: pip install --upgrade pip
/home/aleksander.berezowsk/spiking-eegnet/src/main.py:92: ExperimentalWarning: Argument ``multivariate`` is an experimental feature. The interface can change in the future.
  sampler=TPESampler(n_startup_trials=tpe_trails, multivariate=True, group=True)
/home/aleksander.berezowsk/spiking-eegnet/src/main.py:92: ExperimentalWarning: Argument ``group`` is an experimental feature. The interface can change in the future.
  sampler=TPESampler(n_startup_trials=tpe_trails, multivariate=True, group=True)
[I 2026-07-05 03:59:03,794] Using an existing study with name 'snn_eegnet_v4_400_40' instead of creating a new one.
[I 2026-07-05 05:49:20,988] Trial 48 finished with value: 0.537037037037037 and parameters: {'LR_EXP': -2.681330198133714, 'DROPOUT': 0.3860473204374178, 'BETA': 0.8217210717898967, 'SPIKE_GRAD_SLOPE': 17.56073426116727, 'TEMPORAL_FILTERS': 32, 'DEPTH_MULTIPLIER': 3, 'POINTWISE_FILTERS': 33, 'TEMPORAL_KERNEL_DIV': 4, 'SEPARABLE_KERNEL_SIZE': 11, 'POOL1_SIZE': 2, 'POOL2_SIZE': 8, 'N_STEPS_TRAIN': 6, 'N_STEPS_EVAL': 7, 'READOUT_MODE': 'spk_mean'}. Best is trial 10 with value: 0.566550925925926.
[I 2026-07-05 06:52:28,109] Trial 49 finished with value: 0.5414737654320987 and parameters: {'LR_EXP': -3.055101994455839, 'DROPOUT': 0.4753106345531238, 'BETA': 0.773650468744164, 'SPIKE_GRAD_SLOPE': 4.084468146879436, 'TEMPORAL_FILTERS': 8, 'DEPTH_MULTIPLIER': 3, 'POINTWISE_FILTERS': 12, 'TEMPORAL_KERNEL_DIV': 8, 'SEPARABLE_KERNEL_SIZE': 41, 'POOL1_SIZE': 3, 'POOL2_SIZE': 3, 'N_STEPS_TRAIN': 9, 'N_STEPS_EVAL': 11, 'READOUT_MODE': 'spk_mean'}. Best is trial 10 with value: 0.566550925925926.
[I 2026-07-05 09:35:17,148] Trial 50 finished with value: 0.515625 and parameters: {'LR_EXP': -3.680828684573451, 'DROPOUT': 0.30083479464682505, 'BETA': 0.9369871306340245, 'SPIKE_GRAD_SLOPE': 13.78059258809198, 'TEMPORAL_FILTERS': 20, 'DEPTH_MULTIPLIER': 3, 'POINTWISE_FILTERS': 48, 'TEMPORAL_KERNEL_DIV': 7, 'SEPARABLE_KERNEL_SIZE': 52, 'POOL1_SIZE': 8, 'POOL2_SIZE': 2, 'N_STEPS_TRAIN': 14, 'N_STEPS_EVAL': 5, 'READOUT_MODE': 'spk_sum'}. Best is trial 46 with value: 0.5719521604938271.
[I 2026-07-05 11:55:43,248] Trial 55 finished with value: 0.5449459876543209 and parameters: {'LR_EXP': -2.52863125887949, 'DROPOUT': 0.12782450360194964, 'BETA': 0.8634937718525356, 'SPIKE_GRAD_SLOPE': 5.683791796374296, 'TEMPORAL_FILTERS': 23, 'DEPTH_MULTIPLIER': 4, 'POINTWISE_FILTERS': 33, 'TEMPORAL_KERNEL_DIV': 8, 'SEPARABLE_KERNEL_SIZE': 43, 'POOL1_SIZE': 5, 'POOL2_SIZE': 7, 'N_STEPS_TRAIN': 9, 'N_STEPS_EVAL': 31, 'READOUT_MODE': 'spk_mean'}. Best is trial 46 with value: 0.5719521604938271.
