Job ID   : 44534302
Node     : fg7
Started  : Fri Jul 10 10:11:30 MDT 2026
Directory: /home/aleksander.berezowsk/spiking-eegnet
Requirement already satisfied: setuptools==69.5.1 in /home/aleksander.berezowsk/venv/lib/python3.12/site-packages (69.5.1)
Requirement already satisfied: torch==2.4.0 in /home/aleksander.berezowsk/venv/lib/python3.12/site-packages (2.4.0)
Requirement already satisfied: torchvision==0.19.0 in /home/aleksander.berezowsk/venv/lib/python3.12/site-packages (0.19.0)
Requirement already satisfied: torchaudio==2.4.0 in /home/aleksander.berezowsk/venv/lib/python3.12/site-packages (2.4.0)
Requirement already satisfied: torchmetrics in /home/aleksander.berezowsk/venv/lib/python3.12/site-packages (1.9.0)
Requirement already satisfied: filelock in /home/aleksander.berezowsk/venv/lib/python3.12/site-packages (from torch==2.4.0) (3.29.0)
Requirement already satisfied: typing-extensions>=4.8.0 in /home/aleksander.berezowsk/venv/lib/python3.12/site-packages (from torch==2.4.0) (4.15.0)
Requirement already satisfied: sympy in /home/aleksander.berezowsk/venv/lib/python3.12/site-packages (from torch==2.4.0) (1.14.0)
Requirement already satisfied: networkx in /home/aleksander.berezowsk/venv/lib/python3.12/site-packages (from torch==2.4.0) (3.6.1)
Requirement already satisfied: jinja2 in /home/aleksander.berezowsk/venv/lib/python3.12/site-packages (from torch==2.4.0) (3.1.6)
Requirement already satisfied: fsspec in /home/aleksander.berezowsk/venv/lib/python3.12/site-packages (from torch==2.4.0) (2026.4.0)
Requirement already satisfied: setuptools in /home/aleksander.berezowsk/venv/lib/python3.12/site-packages (from torch==2.4.0) (69.5.1)
Requirement already satisfied: nvidia-cuda-nvrtc-cu12==12.1.105 in /home/aleksander.berezowsk/venv/lib/python3.12/site-packages (from torch==2.4.0) (12.1.105)
Requirement already satisfied: nvidia-cuda-runtime-cu12==12.1.105 in /home/aleksander.berezowsk/venv/lib/python3.12/site-packages (from torch==2.4.0) (12.1.105)
Requirement already satisfied: nvidia-cuda-cupti-cu12==12.1.105 in /home/aleksander.berezowsk/venv/lib/python3.12/site-packages (from torch==2.4.0) (12.1.105)
Requirement already satisfied: nvidia-cudnn-cu12==9.1.0.70 in /home/aleksander.berezowsk/venv/lib/python3.12/site-packages (from torch==2.4.0) (9.1.0.70)
Requirement already satisfied: nvidia-cublas-cu12==12.1.3.1 in /home/aleksander.berezowsk/venv/lib/python3.12/site-packages (from torch==2.4.0) (12.1.3.1)
Requirement already satisfied: nvidia-cufft-cu12==11.0.2.54 in /home/aleksander.berezowsk/venv/lib/python3.12/site-packages (from torch==2.4.0) (11.0.2.54)
Requirement already satisfied: nvidia-curand-cu12==10.3.2.106 in /home/aleksander.berezowsk/venv/lib/python3.12/site-packages (from torch==2.4.0) (10.3.2.106)
Requirement already satisfied: nvidia-cusolver-cu12==11.4.5.107 in /home/aleksander.berezowsk/venv/lib/python3.12/site-packages (from torch==2.4.0) (11.4.5.107)
Requirement already satisfied: nvidia-cusparse-cu12==12.1.0.106 in /home/aleksander.berezowsk/venv/lib/python3.12/site-packages (from torch==2.4.0) (12.1.0.106)
Requirement already satisfied: nvidia-nccl-cu12==2.20.5 in /home/aleksander.berezowsk/venv/lib/python3.12/site-packages (from torch==2.4.0) (2.20.5)
Requirement already satisfied: nvidia-nvtx-cu12==12.1.105 in /home/aleksander.berezowsk/venv/lib/python3.12/site-packages (from torch==2.4.0) (12.1.105)
Requirement already satisfied: triton==3.0.0 in /home/aleksander.berezowsk/venv/lib/python3.12/site-packages (from torch==2.4.0) (3.0.0)
Requirement already satisfied: numpy in /home/aleksander.berezowsk/venv/lib/python3.12/site-packages (from torchvision==0.19.0) (2.4.6)
Requirement already satisfied: pillow!=8.3.*,>=5.3.0 in /home/aleksander.berezowsk/venv/lib/python3.12/site-packages (from torchvision==0.19.0) (12.2.0)
Requirement already satisfied: nvidia-nvjitlink-cu12 in /home/aleksander.berezowsk/venv/lib/python3.12/site-packages (from nvidia-cusolver-cu12==11.4.5.107->torch==2.4.0) (12.9.86)
Requirement already satisfied: packaging>17.1 in /home/aleksander.berezowsk/venv/lib/python3.12/site-packages (from torchmetrics) (26.2)
Requirement already satisfied: lightning-utilities>=0.15.3 in /home/aleksander.berezowsk/venv/lib/python3.12/site-packages (from torchmetrics) (0.15.3)
Requirement already satisfied: MarkupSafe>=2.0 in /home/aleksander.berezowsk/venv/lib/python3.12/site-packages (from jinja2->torch==2.4.0) (3.0.3)
Requirement already satisfied: mpmath<1.4,>=1.1.0 in /home/aleksander.berezowsk/venv/lib/python3.12/site-packages (from sympy->torch==2.4.0) (1.3.0)
Requirement already satisfied: optuna in /home/aleksander.berezowsk/venv/lib/python3.12/site-packages (4.9.0)
Requirement already satisfied: snntorch in /home/aleksander.berezowsk/venv/lib/python3.12/site-packages (0.9.4)
Requirement already satisfied: seaborn in /home/aleksander.berezowsk/venv/lib/python3.12/site-packages (0.13.2)
Requirement already satisfied: scikit-learn in /home/aleksander.berezowsk/venv/lib/python3.12/site-packages (1.8.0)
Requirement already satisfied: alembic>=1.5.0 in /home/aleksander.berezowsk/venv/lib/python3.12/site-packages (from optuna) (1.18.4)
Requirement already satisfied: colorlog in /home/aleksander.berezowsk/venv/lib/python3.12/site-packages (from optuna) (6.10.1)
Requirement already satisfied: numpy in /home/aleksander.berezowsk/venv/lib/python3.12/site-packages (from optuna) (2.4.6)
Requirement already satisfied: packaging>=20.0 in /home/aleksander.berezowsk/venv/lib/python3.12/site-packages (from optuna) (26.2)
Requirement already satisfied: sqlalchemy>=1.4.2 in /home/aleksander.berezowsk/venv/lib/python3.12/site-packages (from optuna) (2.0.50)
Requirement already satisfied: tqdm in /home/aleksander.berezowsk/venv/lib/python3.12/site-packages (from optuna) (4.67.3)
Requirement already satisfied: PyYAML in /home/aleksander.berezowsk/venv/lib/python3.12/site-packages (from optuna) (6.0.3)
Requirement already satisfied: pandas>=1.2 in /home/aleksander.berezowsk/venv/lib/python3.12/site-packages (from seaborn) (3.0.3)
Requirement already satisfied: matplotlib!=3.6.1,>=3.4 in /home/aleksander.berezowsk/venv/lib/python3.12/site-packages (from seaborn) (3.10.9)
Requirement already satisfied: scipy>=1.10.0 in /home/aleksander.berezowsk/venv/lib/python3.12/site-packages (from scikit-learn) (1.17.1)
Requirement already satisfied: joblib>=1.3.0 in /home/aleksander.berezowsk/venv/lib/python3.12/site-packages (from scikit-learn) (1.5.3)
Requirement already satisfied: threadpoolctl>=3.2.0 in /home/aleksander.berezowsk/venv/lib/python3.12/site-packages (from scikit-learn) (3.6.0)
Requirement already satisfied: Mako in /home/aleksander.berezowsk/venv/lib/python3.12/site-packages (from alembic>=1.5.0->optuna) (1.3.12)
Requirement already satisfied: typing-extensions>=4.12 in /home/aleksander.berezowsk/venv/lib/python3.12/site-packages (from alembic>=1.5.0->optuna) (4.15.0)
Requirement already satisfied: contourpy>=1.0.1 in /home/aleksander.berezowsk/venv/lib/python3.12/site-packages (from matplotlib!=3.6.1,>=3.4->seaborn) (1.3.3)
Requirement already satisfied: cycler>=0.10 in /home/aleksander.berezowsk/venv/lib/python3.12/site-packages (from matplotlib!=3.6.1,>=3.4->seaborn) (0.12.1)
Requirement already satisfied: fonttools>=4.22.0 in /home/aleksander.berezowsk/venv/lib/python3.12/site-packages (from matplotlib!=3.6.1,>=3.4->seaborn) (4.63.0)
Requirement already satisfied: kiwisolver>=1.3.1 in /home/aleksander.berezowsk/venv/lib/python3.12/site-packages (from matplotlib!=3.6.1,>=3.4->seaborn) (1.5.0)
Requirement already satisfied: pillow>=8 in /home/aleksander.berezowsk/venv/lib/python3.12/site-packages (from matplotlib!=3.6.1,>=3.4->seaborn) (12.2.0)
Requirement already satisfied: pyparsing>=3 in /home/aleksander.berezowsk/venv/lib/python3.12/site-packages (from matplotlib!=3.6.1,>=3.4->seaborn) (3.3.2)
Requirement already satisfied: python-dateutil>=2.7 in /home/aleksander.berezowsk/venv/lib/python3.12/site-packages (from matplotlib!=3.6.1,>=3.4->seaborn) (2.9.0.post0)
Requirement already satisfied: greenlet>=1 in /home/aleksander.berezowsk/venv/lib/python3.12/site-packages (from sqlalchemy>=1.4.2->optuna) (3.5.1)
Requirement already satisfied: six>=1.5 in /home/aleksander.berezowsk/venv/lib/python3.12/site-packages (from python-dateutil>=2.7->matplotlib!=3.6.1,>=3.4->seaborn) (1.17.0)
Requirement already satisfied: MarkupSafe>=0.9.2 in /home/aleksander.berezowsk/venv/lib/python3.12/site-packages (from Mako->alembic>=1.5.0->optuna) (3.0.3)
Auto-detected Optuna study: 'snn_eegnet_v4_400_40'
Loaded best params from study 'snn_eegnet_v4_400_40' in sqlite:///optuna_study.db (trial #111, value=0.5725)
Resolved config:
  DATASET_KEY               = BNCI2014_001
  EPOCHS                    = 50
  BATCH_SIZE                = 32
  LR_EXP                    = -3.0804150699368527
  DROPOUT                   = 0.41020431135088337
  BETA                      = 0.8553891025755443
  SPIKE_GRAD_SLOPE          = 35.31311984721932
  TEMPORAL_FILTERS          = 37
  DEPTH_MULTIPLIER          = 2
  POINTWISE_FILTERS         = 58
  TEMPORAL_KERNEL_DIV       = 6
  SEPARABLE_KERNEL_SIZE     = 12
  POOL1_SIZE                = 5
  POOL2_SIZE                = 5
  N_STEPS_TRAIN             = 8
  N_STEPS_EVAL              = 10
  READOUT_MODE              = spk_sum

Device: cuda
[BNCI2014_001] loading from cache: /home/aleksander.berezowsk/.cache/spiking_eegnet/BNCI2014_001_af1ccf3e92f684d8a93c057082b654d7.npz
[BNCI2014_001] cache hit: (5184, 1, 22, 1001), classes=['feet', 'left_hand', 'right_hand', 'tongue'], subjects=9
Dataset meta: {'n_classes': 4, 'n_channels': 22, 'n_samples': 1001, 'class_names': ['feet', 'left_hand', 'right_hand', 'tongue'], 'subject_list': [1, 2, 3, 4, 5, 6, 7, 8, 9], 'n_subjects': 9, 'sfreq': 250.0}

=== Phase 1: LOSO subject 1/9 (internal idx 0, subject id 1) ===
  Train: 4608 trials | Test: 576 trials
  Model params: 22,572
  epoch   1/50  loss=1.5070  bal_acc=0.4132
  epoch   2/50  loss=1.2485  bal_acc=0.4236
  epoch   3/50  loss=1.1069  bal_acc=0.4497
  epoch   4/50  loss=1.0165  bal_acc=0.3958
  epoch   5/50  loss=0.9505  bal_acc=0.4861
  epoch   6/50  loss=0.9120  bal_acc=0.4514
  epoch   7/50  loss=0.8685  bal_acc=0.5260
  epoch   8/50  loss=0.8180  bal_acc=0.5000
  epoch   9/50  loss=0.7821  bal_acc=0.4913
  epoch  10/50  loss=0.7772  bal_acc=0.5521
  epoch  11/50  loss=0.7444  bal_acc=0.5035
  epoch  12/50  loss=0.7265  bal_acc=0.4497
  epoch  13/50  loss=0.7178  bal_acc=0.5503
  epoch  14/50  loss=0.6869  bal_acc=0.5260
  epoch  15/50  loss=0.6517  bal_acc=0.5417
  epoch  16/50  loss=0.6486  bal_acc=0.5382
  epoch  17/50  loss=0.6027  bal_acc=0.5399
  epoch  18/50  loss=0.5983  bal_acc=0.5521
  epoch  19/50  loss=0.5740  bal_acc=0.5486
  epoch  20/50  loss=0.5310  bal_acc=0.5781
  epoch  21/50  loss=0.5307  bal_acc=0.5226
  epoch  22/50  loss=0.5209  bal_acc=0.5417
  epoch  23/50  loss=0.5065  bal_acc=0.4896
  epoch  24/50  loss=0.4874  bal_acc=0.5312
  epoch  25/50  loss=0.4756  bal_acc=0.5087
  epoch  26/50  loss=0.4488  bal_acc=0.5191
  epoch  27/50  loss=0.4277  bal_acc=0.5295
  epoch  28/50  loss=0.4383  bal_acc=0.5503
  epoch  29/50  loss=0.4199  bal_acc=0.5486
  epoch  30/50  loss=0.4186  bal_acc=0.5347
  epoch  31/50  loss=0.4075  bal_acc=0.5087
  epoch  32/50  loss=0.4120  bal_acc=0.4948
  epoch  33/50  loss=0.3958  bal_acc=0.5469
  epoch  34/50  loss=0.3651  bal_acc=0.5312
  epoch  35/50  loss=0.3489  bal_acc=0.5122
  epoch  36/50  loss=0.3769  bal_acc=0.5295
  epoch  37/50  loss=0.3737  bal_acc=0.5417
  epoch  38/50  loss=0.3435  bal_acc=0.5347
  epoch  39/50  loss=0.3337  bal_acc=0.5417
  epoch  40/50  loss=0.3355  bal_acc=0.5503
  epoch  41/50  loss=0.3501  bal_acc=0.4878
  epoch  42/50  loss=0.3396  bal_acc=0.4983
  epoch  43/50  loss=0.2970  bal_acc=0.5399
  epoch  44/50  loss=0.3170  bal_acc=0.5243
  epoch  45/50  loss=0.3048  bal_acc=0.5208
  epoch  46/50  loss=0.3169  bal_acc=0.5122
  epoch  47/50  loss=0.3110  bal_acc=0.5417
  epoch  48/50  loss=0.2838  bal_acc=0.5260
  epoch  49/50  loss=0.2794  bal_acc=0.5399
  epoch  50/50  loss=0.2797  bal_acc=0.5208
  -> bal_acc=0.5208  f1_macro=0.5145

=== Phase 1: LOSO subject 2/9 (internal idx 1, subject id 2) ===
  Train: 4608 trials | Test: 576 trials
  Model params: 22,572
  epoch   1/50  loss=1.4880  bal_acc=0.3611
  epoch   2/50  loss=1.1686  bal_acc=0.4167
  epoch   3/50  loss=1.0184  bal_acc=0.3976
  epoch   4/50  loss=0.9558  bal_acc=0.3872
  epoch   5/50  loss=0.9131  bal_acc=0.4167
  epoch   6/50  loss=0.8375  bal_acc=0.3889
  epoch   7/50  loss=0.8205  bal_acc=0.4201
  epoch   8/50  loss=0.7713  bal_acc=0.4028
  epoch   9/50  loss=0.6905  bal_acc=0.3854
  epoch  10/50  loss=0.7062  bal_acc=0.4271
  epoch  11/50  loss=0.6829  bal_acc=0.4028
  epoch  12/50  loss=0.6712  bal_acc=0.3958
  epoch  13/50  loss=0.6500  bal_acc=0.4566
  epoch  14/50  loss=0.6061  bal_acc=0.4427
  epoch  15/50  loss=0.5846  bal_acc=0.4236
  epoch  16/50  loss=0.5416  bal_acc=0.4427
  epoch  17/50  loss=0.5422  bal_acc=0.4288
  epoch  18/50  loss=0.5612  bal_acc=0.3854
  epoch  19/50  loss=0.5300  bal_acc=0.4288
  epoch  20/50  loss=0.5030  bal_acc=0.4115
  epoch  21/50  loss=0.5034  bal_acc=0.4201
  epoch  22/50  loss=0.4808  bal_acc=0.4236
  epoch  23/50  loss=0.4429  bal_acc=0.4444
  epoch  24/50  loss=0.4453  bal_acc=0.4306
  epoch  25/50  loss=0.3754  bal_acc=0.4410
  epoch  26/50  loss=0.4422  bal_acc=0.4236
  epoch  27/50  loss=0.3784  bal_acc=0.4306
  epoch  28/50  loss=0.3755  bal_acc=0.4062
  epoch  29/50  loss=0.3770  bal_acc=0.4740
  epoch  30/50  loss=0.3810  bal_acc=0.4253
  epoch  31/50  loss=0.3856  bal_acc=0.4253
  epoch  32/50  loss=0.3290  bal_acc=0.4080
  epoch  33/50  loss=0.3334  bal_acc=0.4288
  epoch  34/50  loss=0.3321  bal_acc=0.4167
  epoch  35/50  loss=0.3317  bal_acc=0.4201
  epoch  36/50  loss=0.3340  bal_acc=0.4184
  epoch  37/50  loss=0.3028  bal_acc=0.4219
  epoch  38/50  loss=0.3126  bal_acc=0.4306
  epoch  39/50  loss=0.3213  bal_acc=0.4149
  epoch  40/50  loss=0.2847  bal_acc=0.4167
  epoch  41/50  loss=0.2815  bal_acc=0.4062
  epoch  42/50  loss=0.2781  bal_acc=0.4149
  epoch  43/50  loss=0.2774  bal_acc=0.4271
  epoch  44/50  loss=0.3074  bal_acc=0.4149
  epoch  45/50  loss=0.2565  bal_acc=0.4271
  epoch  46/50  loss=0.2742  bal_acc=0.4410
  epoch  47/50  loss=0.2762  bal_acc=0.4167
  epoch  48/50  loss=0.2617  bal_acc=0.4358
  epoch  49/50  loss=0.2793  bal_acc=0.4080
  epoch  50/50  loss=0.2722  bal_acc=0.4479
  -> bal_acc=0.4479  f1_macro=0.4486

=== Phase 1: LOSO subject 3/9 (internal idx 2, subject id 3) ===
  Train: 4608 trials | Test: 576 trials
  Model params: 22,572
  epoch   1/50  loss=1.5602  bal_acc=0.4271
  epoch   2/50  loss=1.2840  bal_acc=0.4983
  epoch   3/50  loss=1.1626  bal_acc=0.5365
  epoch   4/50  loss=1.1074  bal_acc=0.5625
  epoch   5/50  loss=1.0251  bal_acc=0.5625
  epoch   6/50  loss=0.9782  bal_acc=0.6059
  epoch   7/50  loss=0.9222  bal_acc=0.5955
  epoch   8/50  loss=0.9071  bal_acc=0.5260
  epoch   9/50  loss=0.8507  bal_acc=0.6389
  epoch  10/50  loss=0.8270  bal_acc=0.5799
  epoch  11/50  loss=0.8095  bal_acc=0.5712
  epoch  12/50  loss=0.7460  bal_acc=0.6736
  epoch  13/50  loss=0.7330  bal_acc=0.6181
  epoch  14/50  loss=0.7109  bal_acc=0.6233
  epoch  15/50  loss=0.7063  bal_acc=0.6250
  epoch  16/50  loss=0.6650  bal_acc=0.6510
  epoch  17/50  loss=0.6388  bal_acc=0.6302
  epoch  18/50  loss=0.6306  bal_acc=0.6545
  epoch  19/50  loss=0.6692  bal_acc=0.5503
  epoch  20/50  loss=0.6114  bal_acc=0.5833
  epoch  21/50  loss=0.5721  bal_acc=0.6910
  epoch  22/50  loss=0.5374  bal_acc=0.6701
  epoch  23/50  loss=0.5422  bal_acc=0.6528
  epoch  24/50  loss=0.5397  bal_acc=0.6285
  epoch  25/50  loss=0.5179  bal_acc=0.5642
  epoch  26/50  loss=0.5063  bal_acc=0.6719
  epoch  27/50  loss=0.4688  bal_acc=0.7014
  epoch  28/50  loss=0.4845  bal_acc=0.6719
  epoch  29/50  loss=0.4801  bal_acc=0.6094
  epoch  30/50  loss=0.4512  bal_acc=0.6389
  epoch  31/50  loss=0.4158  bal_acc=0.6649
  epoch  32/50  loss=0.4377  bal_acc=0.6076
  epoch  33/50  loss=0.3951  bal_acc=0.6424
  epoch  34/50  loss=0.3804  bal_acc=0.6198
  epoch  35/50  loss=0.3747  bal_acc=0.6285
  epoch  36/50  loss=0.3609  bal_acc=0.6111
  epoch  37/50  loss=0.3768  bal_acc=0.6354
  epoch  38/50  loss=0.3894  bal_acc=0.6007
  epoch  39/50  loss=0.3898  bal_acc=0.6146
  epoch  40/50  loss=0.3286  bal_acc=0.6059
  epoch  41/50  loss=0.3169  bal_acc=0.6198
  epoch  42/50  loss=0.3013  bal_acc=0.6285
  epoch  43/50  loss=0.3312  bal_acc=0.6545
  epoch  44/50  loss=0.3187  bal_acc=0.5903
  epoch  45/50  loss=0.3591  bal_acc=0.6042
  epoch  46/50  loss=0.3150  bal_acc=0.6285
  epoch  47/50  loss=0.3416  bal_acc=0.6233
  epoch  48/50  loss=0.2853  bal_acc=0.6562
  epoch  49/50  loss=0.2897  bal_acc=0.6094
  epoch  50/50  loss=0.2815  bal_acc=0.6042
  -> bal_acc=0.6042  f1_macro=0.5863

=== Phase 1: LOSO subject 4/9 (internal idx 3, subject id 4) ===
  Train: 4608 trials | Test: 576 trials
  Model params: 22,572
  epoch   1/50  loss=1.5675  bal_acc=0.3993
  epoch   2/50  loss=1.2445  bal_acc=0.3802
  epoch   3/50  loss=1.0920  bal_acc=0.3715
  epoch   4/50  loss=1.0090  bal_acc=0.4323
  epoch   5/50  loss=0.9544  bal_acc=0.4444
  epoch   6/50  loss=0.8718  bal_acc=0.4479
  epoch   7/50  loss=0.8238  bal_acc=0.4566
  epoch   8/50  loss=0.8273  bal_acc=0.4340
  epoch   9/50  loss=0.7982  bal_acc=0.4549
  epoch  10/50  loss=0.7530  bal_acc=0.5035
  epoch  11/50  loss=0.7419  bal_acc=0.4444
  epoch  12/50  loss=0.7049  bal_acc=0.4983
  epoch  13/50  loss=0.6666  bal_acc=0.4462
  epoch  14/50  loss=0.6402  bal_acc=0.4462
  epoch  15/50  loss=0.6385  bal_acc=0.4809
  epoch  16/50  loss=0.6420  bal_acc=0.4271
  epoch  17/50  loss=0.5791  bal_acc=0.4688
  epoch  18/50  loss=0.5754  bal_acc=0.3854
  epoch  19/50  loss=0.5456  bal_acc=0.4601
  epoch  20/50  loss=0.5097  bal_acc=0.4965
  epoch  21/50  loss=0.5238  bal_acc=0.4410
  epoch  22/50  loss=0.4912  bal_acc=0.4861
  epoch  23/50  loss=0.4937  bal_acc=0.4705
  epoch  24/50  loss=0.4789  bal_acc=0.4444
  epoch  25/50  loss=0.4518  bal_acc=0.4635
  epoch  26/50  loss=0.4571  bal_acc=0.4861
  epoch  27/50  loss=0.4248  bal_acc=0.4566
  epoch  28/50  loss=0.4710  bal_acc=0.4705
  epoch  29/50  loss=0.4168  bal_acc=0.4896
  epoch  30/50  loss=0.4039  bal_acc=0.4479
  epoch  31/50  loss=0.4073  bal_acc=0.4462
  epoch  32/50  loss=0.3760  bal_acc=0.4705
  epoch  33/50  loss=0.3653  bal_acc=0.4444
  epoch  34/50  loss=0.3657  bal_acc=0.4531
  epoch  35/50  loss=0.3468  bal_acc=0.4688
  epoch  36/50  loss=0.3569  bal_acc=0.4618
  epoch  37/50  loss=0.3471  bal_acc=0.4444
  epoch  38/50  loss=0.3010  bal_acc=0.4774
  epoch  39/50  loss=0.3193  bal_acc=0.4479
  epoch  40/50  loss=0.3132  bal_acc=0.4462
  epoch  41/50  loss=0.2825  bal_acc=0.4705
  epoch  42/50  loss=0.2991  bal_acc=0.4340
  epoch  43/50  loss=0.2794  bal_acc=0.4253
  epoch  44/50  loss=0.3129  bal_acc=0.4549
  epoch  45/50  loss=0.2665  bal_acc=0.4271
  epoch  46/50  loss=0.2709  bal_acc=0.4479
  epoch  47/50  loss=0.2822  bal_acc=0.4340
  epoch  48/50  loss=0.2941  bal_acc=0.4236
  epoch  49/50  loss=0.2829  bal_acc=0.4201
  epoch  50/50  loss=0.2518  bal_acc=0.4132
  -> bal_acc=0.4132  f1_macro=0.4039

=== Phase 1: LOSO subject 5/9 (internal idx 4, subject id 5) ===
  Train: 4608 trials | Test: 576 trials
  Model params: 22,572
  epoch   1/50  loss=1.5471  bal_acc=0.3281
  epoch   2/50  loss=1.3268  bal_acc=0.3628
  epoch   3/50  loss=1.1581  bal_acc=0.4427
  epoch   4/50  loss=1.1100  bal_acc=0.4340
  epoch   5/50  loss=0.9798  bal_acc=0.4531
  epoch   6/50  loss=0.9330  bal_acc=0.4062
  epoch   7/50  loss=0.8866  bal_acc=0.4809
  epoch   8/50  loss=0.8315  bal_acc=0.4861
  epoch   9/50  loss=0.7935  bal_acc=0.4861
  epoch  10/50  loss=0.7485  bal_acc=0.3924
  epoch  11/50  loss=0.7351  bal_acc=0.5469
  epoch  12/50  loss=0.6973  bal_acc=0.5035
  epoch  13/50  loss=0.6568  bal_acc=0.5295
  epoch  14/50  loss=0.6857  bal_acc=0.5538
  epoch  15/50  loss=0.6383  bal_acc=0.4774
  epoch  16/50  loss=0.6327  bal_acc=0.4965
  epoch  17/50  loss=0.6061  bal_acc=0.5694
  epoch  18/50  loss=0.5741  bal_acc=0.4948
  epoch  19/50  loss=0.5599  bal_acc=0.4965
  epoch  20/50  loss=0.5498  bal_acc=0.5313
  epoch  21/50  loss=0.4987  bal_acc=0.5052
  epoch  22/50  loss=0.5036  bal_acc=0.5816
  epoch  23/50  loss=0.5016  bal_acc=0.4566
  epoch  24/50  loss=0.4519  bal_acc=0.5243
  epoch  25/50  loss=0.4710  bal_acc=0.5226
  epoch  26/50  loss=0.4365  bal_acc=0.5451
  epoch  27/50  loss=0.4341  bal_acc=0.4705
  epoch  28/50  loss=0.4445  bal_acc=0.4878
  epoch  29/50  loss=0.4269  bal_acc=0.5139
  epoch  30/50  loss=0.3983  bal_acc=0.5399
  epoch  31/50  loss=0.3723  bal_acc=0.5139
  epoch  32/50  loss=0.3691  bal_acc=0.4566
  epoch  33/50  loss=0.3974  bal_acc=0.5260
  epoch  34/50  loss=0.3784  bal_acc=0.5069
  epoch  35/50  loss=0.3312  bal_acc=0.4826
  epoch  36/50  loss=0.3388  bal_acc=0.5087
  epoch  37/50  loss=0.3534  bal_acc=0.5260
  epoch  38/50  loss=0.3088  bal_acc=0.5503
  epoch  39/50  loss=0.3511  bal_acc=0.5069
  epoch  40/50  loss=0.3385  bal_acc=0.5243
  epoch  41/50  loss=0.3068  bal_acc=0.5365
  epoch  42/50  loss=0.3038  bal_acc=0.5434
  epoch  43/50  loss=0.2797  bal_acc=0.5156
  epoch  44/50  loss=0.3033  bal_acc=0.5208
  epoch  45/50  loss=0.2859  bal_acc=0.5000
  epoch  46/50  loss=0.2676  bal_acc=0.5417
  epoch  47/50  loss=0.2737  bal_acc=0.5104
  epoch  48/50  loss=0.2780  bal_acc=0.5122
  epoch  49/50  loss=0.2683  bal_acc=0.5434
  epoch  50/50  loss=0.2401  bal_acc=0.5191
  -> bal_acc=0.5191  f1_macro=0.4836

=== Phase 1: LOSO subject 6/9 (internal idx 5, subject id 6) ===
  Train: 4608 trials | Test: 576 trials
  Model params: 22,572
  epoch   1/50  loss=1.5384  bal_acc=0.3854
  epoch   2/50  loss=1.2717  bal_acc=0.4323
  epoch   3/50  loss=1.1823  bal_acc=0.3993
  epoch   4/50  loss=1.0769  bal_acc=0.4340
  epoch   5/50  loss=0.9996  bal_acc=0.3889
  epoch   6/50  loss=0.9300  bal_acc=0.4774
  epoch   7/50  loss=0.8821  bal_acc=0.4774
  epoch   8/50  loss=0.8499  bal_acc=0.4323
  epoch   9/50  loss=0.7929  bal_acc=0.4184
  epoch  10/50  loss=0.7668  bal_acc=0.3993
  epoch  11/50  loss=0.7207  bal_acc=0.4219
  epoch  12/50  loss=0.7189  bal_acc=0.4306
  epoch  13/50  loss=0.6714  bal_acc=0.3524
  epoch  14/50  loss=0.6548  bal_acc=0.4288
  epoch  15/50  loss=0.6688  bal_acc=0.4444
  epoch  16/50  loss=0.6153  bal_acc=0.3872
  epoch  17/50  loss=0.6185  bal_acc=0.4149
  epoch  18/50  loss=0.5662  bal_acc=0.4115
  epoch  19/50  loss=0.5380  bal_acc=0.4306
  epoch  20/50  loss=0.5316  bal_acc=0.4427
  epoch  21/50  loss=0.5283  bal_acc=0.4288
  epoch  22/50  loss=0.5191  bal_acc=0.4288
  epoch  23/50  loss=0.4852  bal_acc=0.4444
  epoch  24/50  loss=0.4730  bal_acc=0.4080
  epoch  25/50  loss=0.4712  bal_acc=0.4479
  epoch  26/50  loss=0.4248  bal_acc=0.4462
  epoch  27/50  loss=0.4590  bal_acc=0.4427
  epoch  28/50  loss=0.4261  bal_acc=0.4670
  epoch  29/50  loss=0.4249  bal_acc=0.4236
  epoch  30/50  loss=0.4130  bal_acc=0.4288
  epoch  31/50  loss=0.3891  bal_acc=0.4740
  epoch  32/50  loss=0.3756  bal_acc=0.4444
  epoch  33/50  loss=0.3819  bal_acc=0.3750
  epoch  34/50  loss=0.3886  bal_acc=0.4531
  epoch  35/50  loss=0.3493  bal_acc=0.3837
  epoch  36/50  loss=0.3510  bal_acc=0.4462
  epoch  37/50  loss=0.3606  bal_acc=0.4601
  epoch  38/50  loss=0.3426  bal_acc=0.4201
  epoch  39/50  loss=0.3319  bal_acc=0.4601
  epoch  40/50  loss=0.3001  bal_acc=0.4375
  epoch  41/50  loss=0.3181  bal_acc=0.4844
  epoch  42/50  loss=0.3104  bal_acc=0.4462
  epoch  43/50  loss=0.2823  bal_acc=0.4688
  epoch  44/50  loss=0.2927  bal_acc=0.4392
  epoch  45/50  loss=0.2932  bal_acc=0.4323
  epoch  46/50  loss=0.2798  bal_acc=0.4236
  epoch  47/50  loss=0.2615  bal_acc=0.4288
  epoch  48/50  loss=0.2703  bal_acc=0.4149
  epoch  49/50  loss=0.2786  bal_acc=0.3976
  epoch  50/50  loss=0.2518  bal_acc=0.4601
  -> bal_acc=0.4601  f1_macro=0.4445

=== Phase 1: LOSO subject 7/9 (internal idx 6, subject id 7) ===
  Train: 4608 trials | Test: 576 trials
  Model params: 22,572
  epoch   1/50  loss=1.5194  bal_acc=0.3889
  epoch   2/50  loss=1.3580  bal_acc=0.3872
  epoch   3/50  loss=1.2394  bal_acc=0.5208
  epoch   4/50  loss=1.1175  bal_acc=0.5312
  epoch   5/50  loss=1.1104  bal_acc=0.5521
  epoch   6/50  loss=1.0061  bal_acc=0.5503
  epoch   7/50  loss=0.9933  bal_acc=0.5625
  epoch   8/50  loss=0.9145  bal_acc=0.5208
  epoch   9/50  loss=0.9225  bal_acc=0.5799
  epoch  10/50  loss=0.8406  bal_acc=0.5955
  epoch  11/50  loss=0.8248  bal_acc=0.5260
  epoch  12/50  loss=0.8098  bal_acc=0.5174
  epoch  13/50  loss=0.7475  bal_acc=0.5156
  epoch  14/50  loss=0.7388  bal_acc=0.4896
  epoch  15/50  loss=0.7122  bal_acc=0.5608
  epoch  16/50  loss=0.7081  bal_acc=0.4896
  epoch  17/50  loss=0.6985  bal_acc=0.5573
  epoch  18/50  loss=0.6594  bal_acc=0.5573
  epoch  19/50  loss=0.6223  bal_acc=0.5312
  epoch  20/50  loss=0.6390  bal_acc=0.5764
  epoch  21/50  loss=0.6216  bal_acc=0.5712
  epoch  22/50  loss=0.5984  bal_acc=0.5538
  epoch  23/50  loss=0.5501  bal_acc=0.5399
  epoch  24/50  loss=0.5602  bal_acc=0.5694
  epoch  25/50  loss=0.5524  bal_acc=0.5295
  epoch  26/50  loss=0.5259  bal_acc=0.5122
  epoch  27/50  loss=0.5233  bal_acc=0.5833
  epoch  28/50  loss=0.4825  bal_acc=0.5417
  epoch  29/50  loss=0.4712  bal_acc=0.5694
  epoch  30/50  loss=0.4819  bal_acc=0.5260
  epoch  31/50  loss=0.4623  bal_acc=0.5486
  epoch  32/50  loss=0.4782  bal_acc=0.5799
  epoch  33/50  loss=0.4454  bal_acc=0.5521
  epoch  34/50  loss=0.4169  bal_acc=0.5712
  epoch  35/50  loss=0.3990  bal_acc=0.5625
  epoch  36/50  loss=0.4050  bal_acc=0.5503
  epoch  37/50  loss=0.4088  bal_acc=0.5938
  epoch  38/50  loss=0.3733  bal_acc=0.5608
  epoch  39/50  loss=0.3758  bal_acc=0.5937
  epoch  40/50  loss=0.3874  bal_acc=0.5590
  epoch  41/50  loss=0.3702  bal_acc=0.5660
  epoch  42/50  loss=0.3408  bal_acc=0.5556
  epoch  43/50  loss=0.3642  bal_acc=0.5677
  epoch  44/50  loss=0.3448  bal_acc=0.5642
  epoch  45/50  loss=0.3986  bal_acc=0.5243
  epoch  46/50  loss=0.3461  bal_acc=0.5642
  epoch  47/50  loss=0.3562  bal_acc=0.5833
  epoch  48/50  loss=0.3573  bal_acc=0.5608
  epoch  49/50  loss=0.3243  bal_acc=0.5799
  epoch  50/50  loss=0.3013  bal_acc=0.5608
  -> bal_acc=0.5608  f1_macro=0.5520

=== Phase 1: LOSO subject 8/9 (internal idx 7, subject id 8) ===
  Train: 4608 trials | Test: 576 trials
  Model params: 22,572
  epoch   1/50  loss=1.5731  bal_acc=0.3576
  epoch   2/50  loss=1.2891  bal_acc=0.4219
  epoch   3/50  loss=1.1357  bal_acc=0.4809
  epoch   4/50  loss=1.0622  bal_acc=0.4913
  epoch   5/50  loss=1.0207  bal_acc=0.5035
  epoch   6/50  loss=1.0037  bal_acc=0.4653
  epoch   7/50  loss=0.9116  bal_acc=0.5833
  epoch   8/50  loss=0.8801  bal_acc=0.5816
  epoch   9/50  loss=0.8454  bal_acc=0.5399
  epoch  10/50  loss=0.7969  bal_acc=0.5521
  epoch  11/50  loss=0.7946  bal_acc=0.6233
  epoch  12/50  loss=0.7411  bal_acc=0.6076
  epoch  13/50  loss=0.7233  bal_acc=0.6042
  epoch  14/50  loss=0.6500  bal_acc=0.6128
  epoch  15/50  loss=0.6834  bal_acc=0.6059
  epoch  16/50  loss=0.6866  bal_acc=0.6128
  epoch  17/50  loss=0.6448  bal_acc=0.6024
  epoch  18/50  loss=0.6086  bal_acc=0.6007
  epoch  19/50  loss=0.6251  bal_acc=0.6250
  epoch  20/50  loss=0.5981  bal_acc=0.6267
  epoch  21/50  loss=0.5746  bal_acc=0.6597
  epoch  22/50  loss=0.5390  bal_acc=0.6458
  epoch  23/50  loss=0.5245  bal_acc=0.6111
  epoch  24/50  loss=0.5239  bal_acc=0.6007
  epoch  25/50  loss=0.5196  bal_acc=0.6024
  epoch  26/50  loss=0.4867  bal_acc=0.5990
  epoch  27/50  loss=0.4711  bal_acc=0.6146
  epoch  28/50  loss=0.4416  bal_acc=0.6007
  epoch  29/50  loss=0.4293  bal_acc=0.6024
  epoch  30/50  loss=0.4265  bal_acc=0.5885
  epoch  31/50  loss=0.4172  bal_acc=0.5868
  epoch  32/50  loss=0.4051  bal_acc=0.5903
  epoch  33/50  loss=0.3858  bal_acc=0.6059
  epoch  34/50  loss=0.3839  bal_acc=0.5625
  epoch  35/50  loss=0.3913  bal_acc=0.5938
  epoch  36/50  loss=0.3504  bal_acc=0.6267
  epoch  37/50  loss=0.3447  bal_acc=0.5781
  epoch  38/50  loss=0.3340  bal_acc=0.5938
  epoch  39/50  loss=0.3354  bal_acc=0.6389
  epoch  40/50  loss=0.3374  bal_acc=0.6128
  epoch  41/50  loss=0.3241  bal_acc=0.6111
  epoch  42/50  loss=0.3415  bal_acc=0.5990
  epoch  43/50  loss=0.3457  bal_acc=0.6146
  epoch  44/50  loss=0.3361  bal_acc=0.6181
  epoch  45/50  loss=0.2938  bal_acc=0.6198
  epoch  46/50  loss=0.3079  bal_acc=0.6215
  epoch  47/50  loss=0.2909  bal_acc=0.5712
  epoch  48/50  loss=0.3033  bal_acc=0.5972
  epoch  49/50  loss=0.2771  bal_acc=0.6111
  epoch  50/50  loss=0.2652  bal_acc=0.5503
  -> bal_acc=0.5503  f1_macro=0.5430

=== Phase 1: LOSO subject 9/9 (internal idx 8, subject id 9) ===
  Train: 4608 trials | Test: 576 trials
  Model params: 22,572
  epoch   1/50  loss=1.4956  bal_acc=0.3351
  epoch   2/50  loss=1.2579  bal_acc=0.4080
  epoch   3/50  loss=1.1673  bal_acc=0.4497
  epoch   4/50  loss=1.0765  bal_acc=0.4427
  epoch   5/50  loss=0.9986  bal_acc=0.5191
  epoch   6/50  loss=0.9841  bal_acc=0.4097
  epoch   7/50  loss=0.9403  bal_acc=0.4878
  epoch   8/50  loss=0.8778  bal_acc=0.4670
  epoch   9/50  loss=0.8510  bal_acc=0.5069
  epoch  10/50  loss=0.8148  bal_acc=0.4444
  epoch  11/50  loss=0.8116  bal_acc=0.4792
  epoch  12/50  loss=0.7478  bal_acc=0.5174
  epoch  13/50  loss=0.8060  bal_acc=0.4844
  epoch  14/50  loss=0.7097  bal_acc=0.5729
  epoch  15/50  loss=0.7189  bal_acc=0.5608
  epoch  16/50  loss=0.6682  bal_acc=0.5226
  epoch  17/50  loss=0.6430  bal_acc=0.5590
  epoch  18/50  loss=0.6486  bal_acc=0.5417
  epoch  19/50  loss=0.6401  bal_acc=0.5590
  epoch  20/50  loss=0.5819  bal_acc=0.5573
  epoch  21/50  loss=0.5953  bal_acc=0.5434
  epoch  22/50  loss=0.5880  bal_acc=0.5781
  epoch  23/50  loss=0.5609  bal_acc=0.5885
  epoch  24/50  loss=0.5300  bal_acc=0.5417
  epoch  25/50  loss=0.4977  bal_acc=0.5156
  epoch  26/50  loss=0.5177  bal_acc=0.5434
  epoch  27/50  loss=0.5003  bal_acc=0.5608
  epoch  28/50  loss=0.4818  bal_acc=0.5139
  epoch  29/50  loss=0.4897  bal_acc=0.5625
  epoch  30/50  loss=0.4439  bal_acc=0.5191
  epoch  31/50  loss=0.4506  bal_acc=0.5434
  epoch  32/50  loss=0.4271  bal_acc=0.5903
  epoch  33/50  loss=0.4080  bal_acc=0.5226
  epoch  34/50  loss=0.4304  bal_acc=0.5243
  epoch  35/50  loss=0.4389  bal_acc=0.5156
  epoch  36/50  loss=0.3907  bal_acc=0.5330
  epoch  37/50  loss=0.3572  bal_acc=0.5851
  epoch  38/50  loss=0.3830  bal_acc=0.5208
  epoch  39/50  loss=0.3617  bal_acc=0.5260
  epoch  40/50  loss=0.3705  bal_acc=0.5573
  epoch  41/50  loss=0.3627  bal_acc=0.4531
  epoch  42/50  loss=0.3346  bal_acc=0.5260
  epoch  43/50  loss=0.3185  bal_acc=0.5243
  epoch  44/50  loss=0.3175  bal_acc=0.5347
  epoch  45/50  loss=0.3512  bal_acc=0.4792
  epoch  46/50  loss=0.3070  bal_acc=0.5278
  epoch  47/50  loss=0.3162  bal_acc=0.5399
  epoch  48/50  loss=0.2966  bal_acc=0.5226
  epoch  49/50  loss=0.2813  bal_acc=0.5503
  epoch  50/50  loss=0.2938  bal_acc=0.5608
  -> bal_acc=0.5608  f1_macro=0.5630
Saved -> results_FinalTest/BNCI2014_001/ablation_study/01_per_subject_accuracy.png
Saved -> results_FinalTest/BNCI2014_001/ablation_study/02_confusion_matrices.png
Saved -> results_FinalTest/BNCI2014_001/ablation_study/03_per_class_accuracy_heatmap.png
Saved -> results_FinalTest/BNCI2014_001/ablation_study/04_training_curves.png
Saved -> results_FinalTest/BNCI2014_001/ablation_study/05_accuracy_distribution.png
Saved -> results_FinalTest/BNCI2014_001/ablation_study/per_subject_summary.csv

=== Phase 2a: ablation 'readout_spk_mean' (readout=spk_mean) ===
  Model params: 22,572
  epoch   1/50  loss=1.3324  bal_acc=0.3698
  epoch   2/50  loss=1.1858  bal_acc=0.4323
  epoch   3/50  loss=1.0435  bal_acc=0.4878
  epoch   4/50  loss=0.9411  bal_acc=0.5538
  epoch   5/50  loss=0.8620  bal_acc=0.5538
  epoch   6/50  loss=0.8067  bal_acc=0.5538
  epoch   7/50  loss=0.7615  bal_acc=0.5503
  epoch   8/50  loss=0.7059  bal_acc=0.5851
  epoch   9/50  loss=0.6714  bal_acc=0.5608
  epoch  10/50  loss=0.6450  bal_acc=0.6094
  epoch  11/50  loss=0.6147  bal_acc=0.5747
  epoch  12/50  loss=0.5938  bal_acc=0.5747
  epoch  13/50  loss=0.5585  bal_acc=0.5729
  epoch  14/50  loss=0.5466  bal_acc=0.5590
  epoch  15/50  loss=0.5177  bal_acc=0.6024
  epoch  16/50  loss=0.4961  bal_acc=0.5990
  epoch  17/50  loss=0.4869  bal_acc=0.6007
  epoch  18/50  loss=0.4700  bal_acc=0.6198
  epoch  19/50  loss=0.4486  bal_acc=0.5920
  epoch  20/50  loss=0.4313  bal_acc=0.5747
  epoch  21/50  loss=0.4107  bal_acc=0.5625
  epoch  22/50  loss=0.3935  bal_acc=0.5833
  epoch  23/50  loss=0.3856  bal_acc=0.6024
  epoch  24/50  loss=0.3584  bal_acc=0.6198
  epoch  25/50  loss=0.3530  bal_acc=0.6215
  epoch  26/50  loss=0.3342  bal_acc=0.6163
  epoch  27/50  loss=0.3282  bal_acc=0.6198
  epoch  28/50  loss=0.3222  bal_acc=0.5851
  epoch  29/50  loss=0.3139  bal_acc=0.5764
  epoch  30/50  loss=0.2978  bal_acc=0.6181
  epoch  31/50  loss=0.3056  bal_acc=0.5990
  epoch  32/50  loss=0.2800  bal_acc=0.6163
  epoch  33/50  loss=0.2790  bal_acc=0.6250
  epoch  34/50  loss=0.2654  bal_acc=0.6146
  epoch  35/50  loss=0.2483  bal_acc=0.6024
  epoch  36/50  loss=0.2388  bal_acc=0.6250
  epoch  37/50  loss=0.2410  bal_acc=0.5938
  epoch  38/50  loss=0.2285  bal_acc=0.6076
  epoch  39/50  loss=0.2287  bal_acc=0.6215
  epoch  40/50  loss=0.2119  bal_acc=0.6007
  epoch  41/50  loss=0.2092  bal_acc=0.5955
  epoch  42/50  loss=0.2050  bal_acc=0.6059
  epoch  43/50  loss=0.2146  bal_acc=0.6319
  epoch  44/50  loss=0.2101  bal_acc=0.5747
  epoch  45/50  loss=0.1926  bal_acc=0.5990
  epoch  46/50  loss=0.1869  bal_acc=0.5712
  epoch  47/50  loss=0.1879  bal_acc=0.6111
  epoch  48/50  loss=0.1882  bal_acc=0.6181
  epoch  49/50  loss=0.1679  bal_acc=0.5903
  epoch  50/50  loss=0.1747  bal_acc=0.5885
  Model params: 22,572
  epoch   1/50  loss=1.3317  bal_acc=0.3472
  epoch   2/50  loss=1.1794  bal_acc=0.3906
  epoch   3/50  loss=1.0511  bal_acc=0.4236
  epoch   4/50  loss=0.9623  bal_acc=0.3941
  epoch   5/50  loss=0.8673  bal_acc=0.4323
  epoch   6/50  loss=0.7877  bal_acc=0.4392
  epoch   7/50  loss=0.7304  bal_acc=0.4444
  epoch   8/50  loss=0.6868  bal_acc=0.4688
  epoch   9/50  loss=0.6439  bal_acc=0.4201
  epoch  10/50  loss=0.6089  bal_acc=0.4358
  epoch  11/50  loss=0.5774  bal_acc=0.4479
  epoch  12/50  loss=0.5458  bal_acc=0.4566
  epoch  13/50  loss=0.5088  bal_acc=0.4583
  epoch  14/50  loss=0.4943  bal_acc=0.4601
  epoch  15/50  loss=0.4537  bal_acc=0.4444
  epoch  16/50  loss=0.4388  bal_acc=0.4583
  epoch  17/50  loss=0.4227  bal_acc=0.4757
  epoch  18/50  loss=0.3981  bal_acc=0.4688
  epoch  19/50  loss=0.3963  bal_acc=0.4896
  epoch  20/50  loss=0.3735  bal_acc=0.4774
  epoch  21/50  loss=0.3657  bal_acc=0.4809
  epoch  22/50  loss=0.3466  bal_acc=0.4705
  epoch  23/50  loss=0.3410  bal_acc=0.4722
  epoch  24/50  loss=0.3180  bal_acc=0.4635
  epoch  25/50  loss=0.2962  bal_acc=0.4792
  epoch  26/50  loss=0.3064  bal_acc=0.4687
  epoch  27/50  loss=0.2917  bal_acc=0.4583
  epoch  28/50  loss=0.2780  bal_acc=0.4549
  epoch  29/50  loss=0.2669  bal_acc=0.4861
  epoch  30/50  loss=0.2483  bal_acc=0.4948
  epoch  31/50  loss=0.2494  bal_acc=0.4931
  epoch  32/50  loss=0.2533  bal_acc=0.4861
  epoch  33/50  loss=0.2410  bal_acc=0.4635
  epoch  34/50  loss=0.2262  bal_acc=0.4583
  epoch  35/50  loss=0.2234  bal_acc=0.5017
  epoch  36/50  loss=0.2212  bal_acc=0.4705
  epoch  37/50  loss=0.2249  bal_acc=0.4566
  epoch  38/50  loss=0.2117  bal_acc=0.4809
  epoch  39/50  loss=0.1983  bal_acc=0.4774
  epoch  40/50  loss=0.2034  bal_acc=0.4844
  epoch  41/50  loss=0.1926  bal_acc=0.4861
  epoch  42/50  loss=0.1841  bal_acc=0.4670
  epoch  43/50  loss=0.1776  bal_acc=0.4514
  epoch  44/50  loss=0.1618  bal_acc=0.4688
  epoch  45/50  loss=0.1618  bal_acc=0.4392
  epoch  46/50  loss=0.1652  bal_acc=0.4896
  epoch  47/50  loss=0.1535  bal_acc=0.4705
  epoch  48/50  loss=0.1618  bal_acc=0.4392
  epoch  49/50  loss=0.1577  bal_acc=0.4688
  epoch  50/50  loss=0.1431  bal_acc=0.4566
  Model params: 22,572
  epoch   1/50  loss=1.3186  bal_acc=0.4809
  epoch   2/50  loss=1.1513  bal_acc=0.5278
  epoch   3/50  loss=1.0234  bal_acc=0.6319
  epoch   4/50  loss=0.9415  bal_acc=0.6302
  epoch   5/50  loss=0.8755  bal_acc=0.6927
  epoch   6/50  loss=0.8096  bal_acc=0.6927
  epoch   7/50  loss=0.7722  bal_acc=0.7205
  epoch   8/50  loss=0.7251  bal_acc=0.7031
  epoch   9/50  loss=0.6862  bal_acc=0.7118
  epoch  10/50  loss=0.6658  bal_acc=0.7031
  epoch  11/50  loss=0.6239  bal_acc=0.6840
  epoch  12/50  loss=0.6104  bal_acc=0.7205
  epoch  13/50  loss=0.5886  bal_acc=0.6788
  epoch  14/50  loss=0.5626  bal_acc=0.7118
  epoch  15/50  loss=0.5372  bal_acc=0.6649
  epoch  16/50  loss=0.5129  bal_acc=0.7378
  epoch  17/50  loss=0.4995  bal_acc=0.7639
  epoch  18/50  loss=0.4862  bal_acc=0.7378
  epoch  19/50  loss=0.4584  bal_acc=0.7309
  epoch  20/50  loss=0.4445  bal_acc=0.6997
  epoch  21/50  loss=0.4281  bal_acc=0.7639
  epoch  22/50  loss=0.4152  bal_acc=0.7361
  epoch  23/50  loss=0.4203  bal_acc=0.7517
  epoch  24/50  loss=0.3906  bal_acc=0.7569
  epoch  25/50  loss=0.3801  bal_acc=0.7413
  epoch  26/50  loss=0.3653  bal_acc=0.7517
  epoch  27/50  loss=0.3478  bal_acc=0.7378
  epoch  28/50  loss=0.3514  bal_acc=0.7378
  epoch  29/50  loss=0.3313  bal_acc=0.7396
  epoch  30/50  loss=0.3214  bal_acc=0.7396
  epoch  31/50  loss=0.3191  bal_acc=0.7083
  epoch  32/50  loss=0.2944  bal_acc=0.7344
  epoch  33/50  loss=0.2854  bal_acc=0.7396
  epoch  34/50  loss=0.2892  bal_acc=0.7153
  epoch  35/50  loss=0.2856  bal_acc=0.7188
  epoch  36/50  loss=0.2671  bal_acc=0.6597
  epoch  37/50  loss=0.2712  bal_acc=0.7309
  epoch  38/50  loss=0.2465  bal_acc=0.7118
  epoch  39/50  loss=0.2446  bal_acc=0.7170
  epoch  40/50  loss=0.2380  bal_acc=0.6979
  epoch  41/50  loss=0.2557  bal_acc=0.7292
  epoch  42/50  loss=0.2413  bal_acc=0.6927
  epoch  43/50  loss=0.2335  bal_acc=0.6458
  epoch  44/50  loss=0.2344  bal_acc=0.7257
  epoch  45/50  loss=0.2348  bal_acc=0.7326
  epoch  46/50  loss=0.2149  bal_acc=0.6944
  epoch  47/50  loss=0.2071  bal_acc=0.6441
  epoch  48/50  loss=0.2100  bal_acc=0.6632
  epoch  49/50  loss=0.2047  bal_acc=0.7083
  epoch  50/50  loss=0.2150  bal_acc=0.6736
  Model params: 22,572
  epoch   1/50  loss=1.3251  bal_acc=0.3889
  epoch   2/50  loss=1.1427  bal_acc=0.4635
  epoch   3/50  loss=1.0082  bal_acc=0.4531
  epoch   4/50  loss=0.9233  bal_acc=0.4358
  epoch   5/50  loss=0.8425  bal_acc=0.4427
  epoch   6/50  loss=0.7655  bal_acc=0.5087
  epoch   7/50  loss=0.7237  bal_acc=0.4549
  epoch   8/50  loss=0.6842  bal_acc=0.5174
  epoch   9/50  loss=0.6513  bal_acc=0.4844
  epoch  10/50  loss=0.6291  bal_acc=0.4062
  epoch  11/50  loss=0.5867  bal_acc=0.4861
  epoch  12/50  loss=0.5526  bal_acc=0.4705
  epoch  13/50  loss=0.5266  bal_acc=0.4774
  epoch  14/50  loss=0.5036  bal_acc=0.4896
  epoch  15/50  loss=0.4906  bal_acc=0.4705
  epoch  16/50  loss=0.4755  bal_acc=0.4722
  epoch  17/50  loss=0.4634  bal_acc=0.5365
  epoch  18/50  loss=0.4389  bal_acc=0.4774
  epoch  19/50  loss=0.4355  bal_acc=0.5208
  epoch  20/50  loss=0.4116  bal_acc=0.5052
  epoch  21/50  loss=0.3942  bal_acc=0.4809
  epoch  22/50  loss=0.3725  bal_acc=0.5191
  epoch  23/50  loss=0.3581  bal_acc=0.4965
  epoch  24/50  loss=0.3554  bal_acc=0.5191
  epoch  25/50  loss=0.3515  bal_acc=0.5278
  epoch  26/50  loss=0.3420  bal_acc=0.5017
  epoch  27/50  loss=0.3096  bal_acc=0.5208
  epoch  28/50  loss=0.2995  bal_acc=0.5226
  epoch  29/50  loss=0.2912  bal_acc=0.5122
  epoch  30/50  loss=0.2753  bal_acc=0.4861
  epoch  31/50  loss=0.2806  bal_acc=0.5122
  epoch  32/50  loss=0.2720  bal_acc=0.5052
  epoch  33/50  loss=0.2526  bal_acc=0.5295
  epoch  34/50  loss=0.2467  bal_acc=0.4983
  epoch  35/50  loss=0.2447  bal_acc=0.5139
  epoch  36/50  loss=0.2401  bal_acc=0.5087
  epoch  37/50  loss=0.2287  bal_acc=0.5174
  epoch  38/50  loss=0.2292  bal_acc=0.5122
  epoch  39/50  loss=0.2263  bal_acc=0.5278
  epoch  40/50  loss=0.2162  bal_acc=0.5365
  epoch  41/50  loss=0.2063  bal_acc=0.5226
  epoch  42/50  loss=0.1991  bal_acc=0.4705
  epoch  43/50  loss=0.2035  bal_acc=0.4931
  epoch  44/50  loss=0.2001  bal_acc=0.4878
  epoch  45/50  loss=0.1881  bal_acc=0.4983
  epoch  46/50  loss=0.1801  bal_acc=0.5365
  epoch  47/50  loss=0.1785  bal_acc=0.5191
  epoch  48/50  loss=0.1745  bal_acc=0.5260
  epoch  49/50  loss=0.1701  bal_acc=0.4792
  epoch  50/50  loss=0.1681  bal_acc=0.4861
  Model params: 22,572
  epoch   1/50  loss=1.3274  bal_acc=0.3837
  epoch   2/50  loss=1.1650  bal_acc=0.3559
  epoch   3/50  loss=1.0431  bal_acc=0.4774
  epoch   4/50  loss=0.9424  bal_acc=0.5191
  epoch   5/50  loss=0.8663  bal_acc=0.5035
  epoch   6/50  loss=0.8049  bal_acc=0.4826
  epoch   7/50  loss=0.7528  bal_acc=0.5608
  epoch   8/50  loss=0.7067  bal_acc=0.5243
  epoch   9/50  loss=0.6812  bal_acc=0.5052
  epoch  10/50  loss=0.6580  bal_acc=0.5330
  epoch  11/50  loss=0.6273  bal_acc=0.5069
  epoch  12/50  loss=0.5937  bal_acc=0.4965
  epoch  13/50  loss=0.5490  bal_acc=0.4323
  epoch  14/50  loss=0.5383  bal_acc=0.5243
  epoch  15/50  loss=0.5183  bal_acc=0.5347
  epoch  16/50  loss=0.5012  bal_acc=0.4913
  epoch  17/50  loss=0.4892  bal_acc=0.5260
  epoch  18/50  loss=0.4779  bal_acc=0.5382
  epoch  19/50  loss=0.4587  bal_acc=0.4983
  epoch  20/50  loss=0.4316  bal_acc=0.5399
  epoch  21/50  loss=0.4362  bal_acc=0.5104
  epoch  22/50  loss=0.4019  bal_acc=0.5208
  epoch  23/50  loss=0.3814  bal_acc=0.5208
  epoch  24/50  loss=0.3646  bal_acc=0.5052
  epoch  25/50  loss=0.3502  bal_acc=0.5538
  epoch  26/50  loss=0.3554  bal_acc=0.5434
  epoch  27/50  loss=0.3342  bal_acc=0.5382
  epoch  28/50  loss=0.3301  bal_acc=0.4983
  epoch  29/50  loss=0.3127  bal_acc=0.5365
  epoch  30/50  loss=0.3063  bal_acc=0.5278
  epoch  31/50  loss=0.2915  bal_acc=0.5260
  epoch  32/50  loss=0.3023  bal_acc=0.5243
  epoch  33/50  loss=0.2757  bal_acc=0.5122
  epoch  34/50  loss=0.2706  bal_acc=0.5330
  epoch  35/50  loss=0.2635  bal_acc=0.5417
  epoch  36/50  loss=0.2610  bal_acc=0.5365
  epoch  37/50  loss=0.2430  bal_acc=0.5503
  epoch  38/50  loss=0.2425  bal_acc=0.5677
  epoch  39/50  loss=0.2409  bal_acc=0.5382
  epoch  40/50  loss=0.2450  bal_acc=0.5330
  epoch  41/50  loss=0.2313  bal_acc=0.5486
  epoch  42/50  loss=0.2345  bal_acc=0.5260
  epoch  43/50  loss=0.2177  bal_acc=0.5382
  epoch  44/50  loss=0.2011  bal_acc=0.5451
  epoch  45/50  loss=0.1981  bal_acc=0.5312
  epoch  46/50  loss=0.2045  bal_acc=0.5156
  epoch  47/50  loss=0.1959  bal_acc=0.5226
  epoch  48/50  loss=0.1795  bal_acc=0.5799
  epoch  49/50  loss=0.1821  bal_acc=0.4774
  epoch  50/50  loss=0.1859  bal_acc=0.5122
  Model params: 22,572
  epoch   1/50  loss=1.3311  bal_acc=0.4028
  epoch   2/50  loss=1.1529  bal_acc=0.4340
  epoch   3/50  loss=0.9983  bal_acc=0.4358
  epoch   4/50  loss=0.8922  bal_acc=0.4670
  epoch   5/50  loss=0.8300  bal_acc=0.4167
  epoch   6/50  loss=0.7488  bal_acc=0.4115
  epoch   7/50  loss=0.7083  bal_acc=0.4323
  epoch   8/50  loss=0.6837  bal_acc=0.4566
  epoch   9/50  loss=0.6457  bal_acc=0.4826
  epoch  10/50  loss=0.6239  bal_acc=0.4323
  epoch  11/50  loss=0.5744  bal_acc=0.4392
  epoch  12/50  loss=0.5650  bal_acc=0.4705
  epoch  13/50  loss=0.5277  bal_acc=0.4618
  epoch  14/50  loss=0.5075  bal_acc=0.4045
  epoch  15/50  loss=0.4915  bal_acc=0.4583
  epoch  16/50  loss=0.4756  bal_acc=0.4844
  epoch  17/50  loss=0.4527  bal_acc=0.4236
  epoch  18/50  loss=0.4483  bal_acc=0.4253
  epoch  19/50  loss=0.4259  bal_acc=0.4115
  epoch  20/50  loss=0.4150  bal_acc=0.4635
  epoch  21/50  loss=0.4046  bal_acc=0.4688
  epoch  22/50  loss=0.3867  bal_acc=0.4358
  epoch  23/50  loss=0.3638  bal_acc=0.4670
  epoch  24/50  loss=0.3632  bal_acc=0.4549
  epoch  25/50  loss=0.3370  bal_acc=0.4236
  epoch  26/50  loss=0.3310  bal_acc=0.4392
  epoch  27/50  loss=0.3182  bal_acc=0.4618
  epoch  28/50  loss=0.3115  bal_acc=0.4462
  epoch  29/50  loss=0.2962  bal_acc=0.4462
  epoch  30/50  loss=0.2855  bal_acc=0.4392
  epoch  31/50  loss=0.3083  bal_acc=0.4549
  epoch  32/50  loss=0.2765  bal_acc=0.4115
  epoch  33/50  loss=0.2678  bal_acc=0.4045
  epoch  34/50  loss=0.2566  bal_acc=0.4635
  epoch  35/50  loss=0.2559  bal_acc=0.4132
  epoch  36/50  loss=0.2258  bal_acc=0.4462
  epoch  37/50  loss=0.2247  bal_acc=0.4201
  epoch  38/50  loss=0.2200  bal_acc=0.4462
  epoch  39/50  loss=0.2151  bal_acc=0.4219
  epoch  40/50  loss=0.2053  bal_acc=0.4132
  epoch  41/50  loss=0.2018  bal_acc=0.4132
  epoch  42/50  loss=0.1835  bal_acc=0.4201
  epoch  43/50  loss=0.1859  bal_acc=0.4497
  epoch  44/50  loss=0.1863  bal_acc=0.4375
  epoch  45/50  loss=0.1838  bal_acc=0.4306
  epoch  46/50  loss=0.1760  bal_acc=0.4149
  epoch  47/50  loss=0.1743  bal_acc=0.4149
  epoch  48/50  loss=0.1837  bal_acc=0.4358
  epoch  49/50  loss=0.1640  bal_acc=0.4323
  epoch  50/50  loss=0.1695  bal_acc=0.4132
  Model params: 22,572
  epoch   1/50  loss=1.3373  bal_acc=0.3854
  epoch   2/50  loss=1.1854  bal_acc=0.5434
  epoch   3/50  loss=1.0313  bal_acc=0.5903
  epoch   4/50  loss=0.9312  bal_acc=0.6250
  epoch   5/50  loss=0.8555  bal_acc=0.6441
  epoch   6/50  loss=0.8005  bal_acc=0.6389
  epoch   7/50  loss=0.7421  bal_acc=0.6215
  epoch   8/50  loss=0.6980  bal_acc=0.6267
  epoch   9/50  loss=0.6550  bal_acc=0.6233
  epoch  10/50  loss=0.6313  bal_acc=0.5972
  epoch  11/50  loss=0.5993  bal_acc=0.6163
  epoch  12/50  loss=0.5938  bal_acc=0.6059
  epoch  13/50  loss=0.5539  bal_acc=0.6024
  epoch  14/50  loss=0.5323  bal_acc=0.6094
  epoch  15/50  loss=0.5311  bal_acc=0.6111
  epoch  16/50  loss=0.5001  bal_acc=0.6198
  epoch  17/50  loss=0.4707  bal_acc=0.6372
  epoch  18/50  loss=0.4588  bal_acc=0.6389
  epoch  19/50  loss=0.4322  bal_acc=0.6198
  epoch  20/50  loss=0.4227  bal_acc=0.6128
  epoch  21/50  loss=0.4173  bal_acc=0.6354
  epoch  22/50  loss=0.3922  bal_acc=0.6198
  epoch  23/50  loss=0.3680  bal_acc=0.6250
  epoch  24/50  loss=0.3696  bal_acc=0.6302
  epoch  25/50  loss=0.3588  bal_acc=0.6441
  epoch  26/50  loss=0.3564  bal_acc=0.5903
  epoch  27/50  loss=0.3323  bal_acc=0.6424
  epoch  28/50  loss=0.3173  bal_acc=0.6285
  epoch  29/50  loss=0.2946  bal_acc=0.6389
  epoch  30/50  loss=0.2947  bal_acc=0.6285
  epoch  31/50  loss=0.2797  bal_acc=0.6337
  epoch  32/50  loss=0.2888  bal_acc=0.6250
  epoch  33/50  loss=0.2656  bal_acc=0.6146
  epoch  34/50  loss=0.2626  bal_acc=0.6198
  epoch  35/50  loss=0.2633  bal_acc=0.5972
  epoch  36/50  loss=0.2528  bal_acc=0.6250
  epoch  37/50  loss=0.2600  bal_acc=0.6302
  epoch  38/50  loss=0.2480  bal_acc=0.6215
  epoch  39/50  loss=0.2368  bal_acc=0.6024
  epoch  40/50  loss=0.2473  bal_acc=0.6441
  epoch  41/50  loss=0.2301  bal_acc=0.6458
  epoch  42/50  loss=0.2242  bal_acc=0.6076
  epoch  43/50  loss=0.2220  bal_acc=0.6406
  epoch  44/50  loss=0.2094  bal_acc=0.6198
  epoch  45/50  loss=0.2069  bal_acc=0.6372
  epoch  46/50  loss=0.1822  bal_acc=0.6302
  epoch  47/50  loss=0.1825  bal_acc=0.6476
  epoch  48/50  loss=0.1978  bal_acc=0.6233
  epoch  49/50  loss=0.1917  bal_acc=0.6302
  epoch  50/50  loss=0.1768  bal_acc=0.6233
  Model params: 22,572
  epoch   1/50  loss=1.3328  bal_acc=0.3906
  epoch   2/50  loss=1.1665  bal_acc=0.4670
  epoch   3/50  loss=1.0386  bal_acc=0.4948
  epoch   4/50  loss=0.9360  bal_acc=0.5417
  epoch   5/50  loss=0.8642  bal_acc=0.5694
  epoch   6/50  loss=0.8175  bal_acc=0.5642
  epoch   7/50  loss=0.7630  bal_acc=0.5868
  epoch   8/50  loss=0.7116  bal_acc=0.6042
  epoch   9/50  loss=0.6676  bal_acc=0.6181
  epoch  10/50  loss=0.6553  bal_acc=0.5868
  epoch  11/50  loss=0.6040  bal_acc=0.6354
  epoch  12/50  loss=0.5858  bal_acc=0.5990
  epoch  13/50  loss=0.5662  bal_acc=0.6406
  epoch  14/50  loss=0.5225  bal_acc=0.6615
  epoch  15/50  loss=0.5091  bal_acc=0.6615
  epoch  16/50  loss=0.5013  bal_acc=0.6406
  epoch  17/50  loss=0.4842  bal_acc=0.6285
  epoch  18/50  loss=0.4527  bal_acc=0.6354
  epoch  19/50  loss=0.4503  bal_acc=0.6128
  epoch  20/50  loss=0.4294  bal_acc=0.6285
  epoch  21/50  loss=0.4150  bal_acc=0.6389
  epoch  22/50  loss=0.4007  bal_acc=0.6372
  epoch  23/50  loss=0.3874  bal_acc=0.6111
  epoch  24/50  loss=0.3839  bal_acc=0.6476
  epoch  25/50  loss=0.3550  bal_acc=0.6458
  epoch  26/50  loss=0.3615  bal_acc=0.6597
  epoch  27/50  loss=0.3409  bal_acc=0.6649
  epoch  28/50  loss=0.3372  bal_acc=0.6319
  epoch  29/50  loss=0.3286  bal_acc=0.6528
  epoch  30/50  loss=0.3070  bal_acc=0.6493
  epoch  31/50  loss=0.2977  bal_acc=0.6424
  epoch  32/50  loss=0.2881  bal_acc=0.6441
  epoch  33/50  loss=0.2744  bal_acc=0.6233
  epoch  34/50  loss=0.2768  bal_acc=0.6441
  epoch  35/50  loss=0.2725  bal_acc=0.6337
  epoch  36/50  loss=0.2543  bal_acc=0.6319
  epoch  37/50  loss=0.2528  bal_acc=0.6337
  epoch  38/50  loss=0.2501  bal_acc=0.6319
  epoch  39/50  loss=0.2385  bal_acc=0.6337
  epoch  40/50  loss=0.2353  bal_acc=0.6181
  epoch  41/50  loss=0.2247  bal_acc=0.6458
  epoch  42/50  loss=0.2252  bal_acc=0.6337
  epoch  43/50  loss=0.2246  bal_acc=0.6458
  epoch  44/50  loss=0.2063  bal_acc=0.6684
  epoch  45/50  loss=0.2052  bal_acc=0.6337
  epoch  46/50  loss=0.2029  bal_acc=0.6684
  epoch  47/50  loss=0.1959  bal_acc=0.6545
  epoch  48/50  loss=0.1948  bal_acc=0.6354
  epoch  49/50  loss=0.1895  bal_acc=0.6198
  epoch  50/50  loss=0.1713  bal_acc=0.6649
  Model params: 22,572
  epoch   1/50  loss=1.3359  bal_acc=0.3889
  epoch   2/50  loss=1.1823  bal_acc=0.4028
  epoch   3/50  loss=1.0574  bal_acc=0.4479
  epoch   4/50  loss=0.9659  bal_acc=0.4931
  epoch   5/50  loss=0.8888  bal_acc=0.4983
  epoch   6/50  loss=0.8144  bal_acc=0.4826
  epoch   7/50  loss=0.7670  bal_acc=0.5156
  epoch   8/50  loss=0.7240  bal_acc=0.4983
  epoch   9/50  loss=0.6899  bal_acc=0.5156
  epoch  10/50  loss=0.6566  bal_acc=0.5191
  epoch  11/50  loss=0.6235  bal_acc=0.5382
  epoch  12/50  loss=0.5927  bal_acc=0.5920
  epoch  13/50  loss=0.5648  bal_acc=0.5521
  epoch  14/50  loss=0.5432  bal_acc=0.5608
  epoch  15/50  loss=0.5086  bal_acc=0.5122
  epoch  16/50  loss=0.5141  bal_acc=0.5538
  epoch  17/50  loss=0.4805  bal_acc=0.5556
  epoch  18/50  loss=0.4782  bal_acc=0.5295
  epoch  19/50  loss=0.4469  bal_acc=0.5330
  epoch  20/50  loss=0.4337  bal_acc=0.5434
  epoch  21/50  loss=0.4064  bal_acc=0.5365
  epoch  22/50  loss=0.3841  bal_acc=0.5694
  epoch  23/50  loss=0.3852  bal_acc=0.5833
  epoch  24/50  loss=0.3630  bal_acc=0.5590
  epoch  25/50  loss=0.3530  bal_acc=0.5538
  epoch  26/50  loss=0.3458  bal_acc=0.5260
  epoch  27/50  loss=0.3372  bal_acc=0.5677
  epoch  28/50  loss=0.3146  bal_acc=0.5885
  epoch  29/50  loss=0.3163  bal_acc=0.5920
  epoch  30/50  loss=0.3049  bal_acc=0.5799
  epoch  31/50  loss=0.2837  bal_acc=0.5712
  epoch  32/50  loss=0.2915  bal_acc=0.5451
  epoch  33/50  loss=0.2873  bal_acc=0.5590
  epoch  34/50  loss=0.2689  bal_acc=0.5503
  epoch  35/50  loss=0.2566  bal_acc=0.5694
  epoch  36/50  loss=0.2567  bal_acc=0.5503
  epoch  37/50  loss=0.2603  bal_acc=0.5330
  epoch  38/50  loss=0.2360  bal_acc=0.5885
  epoch  39/50  loss=0.2462  bal_acc=0.5694
  epoch  40/50  loss=0.2576  bal_acc=0.5260
  epoch  41/50  loss=0.2383  bal_acc=0.5747
  epoch  42/50  loss=0.2173  bal_acc=0.5833
  epoch  43/50  loss=0.1959  bal_acc=0.5451
  epoch  44/50  loss=0.2144  bal_acc=0.5694
  epoch  45/50  loss=0.2108  bal_acc=0.5399
  epoch  46/50  loss=0.1979  bal_acc=0.5747
  epoch  47/50  loss=0.1996  bal_acc=0.5590
  epoch  48/50  loss=0.1855  bal_acc=0.5521
  epoch  49/50  loss=0.1770  bal_acc=0.5399
  epoch  50/50  loss=0.1716  bal_acc=0.5399
  -> mean_bal_acc=0.5509 (n=9 subjects)
Saved -> results_FinalTest/BNCI2014_001/ablation_study/08_ablation_comparison.png
Saved -> results_FinalTest/BNCI2014_001/ablation_study/ablation_summary.csv
Saved -> results_FinalTest/BNCI2014_001/ablation_study/06_channel_importance.png
Saved -> results_FinalTest/BNCI2014_001/ablation_study/07_channel_importance_heatmap.png
Saved -> results_FinalTest/BNCI2014_001/ablation_study/channel_importance.csv

Saved recommendations -> results_FinalTest/BNCI2014_001/ablation_study/recommendations.txt

======================================================================
PER-SUBJECT + ABLATION STUDY — SUMMARY
======================================================================

----------------------------------------------------------------------
PER-SUBJECT PERFORMANCE
----------------------------------------------------------------------
  Mean balanced accuracy : 0.5152
  Std balanced accuracy  : 0.0626
  Chance level            : 0.2500
  Best subject  : 3.0  (acc=0.6042)
  Worst subject : 4.0 (acc=0.4132)
  Best-worst spread : 0.1910

  Full ranking (best -> worst):
      subject  3.0: bal_acc=0.6042  f1_macro=0.5863
      subject  7.0: bal_acc=0.5608  f1_macro=0.5520
      subject  9.0: bal_acc=0.5608  f1_macro=0.5630
      subject  8.0: bal_acc=0.5503  f1_macro=0.5430
      subject  1.0: bal_acc=0.5208  f1_macro=0.5145
      subject  5.0: bal_acc=0.5191  f1_macro=0.4836
      subject  6.0: bal_acc=0.4601  f1_macro=0.4445
      subject  2.0: bal_acc=0.4479  f1_macro=0.4486
      subject  4.0: bal_acc=0.4132  f1_macro=0.4039

  ... (see recommendations.txt for full report)

Done. All outputs written to: /home/aleksander.berezowsk/spiking-eegnet/results_FinalTest/BNCI2014_001/ablation_study
Finished : Fri Jul 10 15:20:08 MDT 2026
Exit code: 0
