Job ID   : 44392965
Node     : fg3
Started  : Sun Jul  5 23:23:42 MDT 2026
Directory: /home/aleksander.berezowsk/spiking-eegnet
Requirement already satisfied: setuptools==69.5.1 in /home/aleksander.berezowsk/venv/lib/python3.12/site-packages (69.5.1)
Requirement already satisfied: torch==2.4.0 in /home/aleksander.berezowsk/venv/lib/python3.12/site-packages (2.4.0)
Requirement already satisfied: torchvision==0.19.0 in /home/aleksander.berezowsk/venv/lib/python3.12/site-packages (0.19.0)
Requirement already satisfied: torchaudio==2.4.0 in /home/aleksander.berezowsk/venv/lib/python3.12/site-packages (2.4.0)
Requirement already satisfied: torchmetrics in /home/aleksander.berezowsk/venv/lib/python3.12/site-packages (1.9.0)
Requirement already satisfied: filelock in /home/aleksander.berezowsk/venv/lib/python3.12/site-packages (from torch==2.4.0) (3.29.0)
Requirement already satisfied: typing-extensions>=4.8.0 in /home/aleksander.berezowsk/venv/lib/python3.12/site-packages (from torch==2.4.0) (4.15.0)
Requirement already satisfied: sympy in /home/aleksander.berezowsk/venv/lib/python3.12/site-packages (from torch==2.4.0) (1.14.0)
Requirement already satisfied: networkx in /home/aleksander.berezowsk/venv/lib/python3.12/site-packages (from torch==2.4.0) (3.6.1)
Requirement already satisfied: jinja2 in /home/aleksander.berezowsk/venv/lib/python3.12/site-packages (from torch==2.4.0) (3.1.6)
Requirement already satisfied: fsspec in /home/aleksander.berezowsk/venv/lib/python3.12/site-packages (from torch==2.4.0) (2026.4.0)
Requirement already satisfied: setuptools in /home/aleksander.berezowsk/venv/lib/python3.12/site-packages (from torch==2.4.0) (69.5.1)
Requirement already satisfied: nvidia-cuda-nvrtc-cu12==12.1.105 in /home/aleksander.berezowsk/venv/lib/python3.12/site-packages (from torch==2.4.0) (12.1.105)
Requirement already satisfied: nvidia-cuda-runtime-cu12==12.1.105 in /home/aleksander.berezowsk/venv/lib/python3.12/site-packages (from torch==2.4.0) (12.1.105)
Requirement already satisfied: nvidia-cuda-cupti-cu12==12.1.105 in /home/aleksander.berezowsk/venv/lib/python3.12/site-packages (from torch==2.4.0) (12.1.105)
Requirement already satisfied: nvidia-cudnn-cu12==9.1.0.70 in /home/aleksander.berezowsk/venv/lib/python3.12/site-packages (from torch==2.4.0) (9.1.0.70)
Requirement already satisfied: nvidia-cublas-cu12==12.1.3.1 in /home/aleksander.berezowsk/venv/lib/python3.12/site-packages (from torch==2.4.0) (12.1.3.1)
Requirement already satisfied: nvidia-cufft-cu12==11.0.2.54 in /home/aleksander.berezowsk/venv/lib/python3.12/site-packages (from torch==2.4.0) (11.0.2.54)
Requirement already satisfied: nvidia-curand-cu12==10.3.2.106 in /home/aleksander.berezowsk/venv/lib/python3.12/site-packages (from torch==2.4.0) (10.3.2.106)
Requirement already satisfied: nvidia-cusolver-cu12==11.4.5.107 in /home/aleksander.berezowsk/venv/lib/python3.12/site-packages (from torch==2.4.0) (11.4.5.107)
Requirement already satisfied: nvidia-cusparse-cu12==12.1.0.106 in /home/aleksander.berezowsk/venv/lib/python3.12/site-packages (from torch==2.4.0) (12.1.0.106)
Requirement already satisfied: nvidia-nccl-cu12==2.20.5 in /home/aleksander.berezowsk/venv/lib/python3.12/site-packages (from torch==2.4.0) (2.20.5)
Requirement already satisfied: nvidia-nvtx-cu12==12.1.105 in /home/aleksander.berezowsk/venv/lib/python3.12/site-packages (from torch==2.4.0) (12.1.105)
Requirement already satisfied: triton==3.0.0 in /home/aleksander.berezowsk/venv/lib/python3.12/site-packages (from torch==2.4.0) (3.0.0)
Requirement already satisfied: numpy in /home/aleksander.berezowsk/venv/lib/python3.12/site-packages (from torchvision==0.19.0) (2.4.6)
Requirement already satisfied: pillow!=8.3.*,>=5.3.0 in /home/aleksander.berezowsk/venv/lib/python3.12/site-packages (from torchvision==0.19.0) (12.2.0)
Requirement already satisfied: nvidia-nvjitlink-cu12 in /home/aleksander.berezowsk/venv/lib/python3.12/site-packages (from nvidia-cusolver-cu12==11.4.5.107->torch==2.4.0) (12.9.86)
Requirement already satisfied: packaging>17.1 in /home/aleksander.berezowsk/venv/lib/python3.12/site-packages (from torchmetrics) (26.2)
Requirement already satisfied: lightning-utilities>=0.15.3 in /home/aleksander.berezowsk/venv/lib/python3.12/site-packages (from torchmetrics) (0.15.3)
Requirement already satisfied: MarkupSafe>=2.0 in /home/aleksander.berezowsk/venv/lib/python3.12/site-packages (from jinja2->torch==2.4.0) (3.0.3)
Requirement already satisfied: mpmath<1.4,>=1.1.0 in /home/aleksander.berezowsk/venv/lib/python3.12/site-packages (from sympy->torch==2.4.0) (1.3.0)
Requirement already satisfied: optuna in /home/aleksander.berezowsk/venv/lib/python3.12/site-packages (4.9.0)
Requirement already satisfied: snntorch in /home/aleksander.berezowsk/venv/lib/python3.12/site-packages (0.9.4)
Requirement already satisfied: alembic>=1.5.0 in /home/aleksander.berezowsk/venv/lib/python3.12/site-packages (from optuna) (1.18.4)
Requirement already satisfied: colorlog in /home/aleksander.berezowsk/venv/lib/python3.12/site-packages (from optuna) (6.10.1)
Requirement already satisfied: numpy in /home/aleksander.berezowsk/venv/lib/python3.12/site-packages (from optuna) (2.4.6)
Requirement already satisfied: packaging>=20.0 in /home/aleksander.berezowsk/venv/lib/python3.12/site-packages (from optuna) (26.2)
Requirement already satisfied: sqlalchemy>=1.4.2 in /home/aleksander.berezowsk/venv/lib/python3.12/site-packages (from optuna) (2.0.50)
Requirement already satisfied: tqdm in /home/aleksander.berezowsk/venv/lib/python3.12/site-packages (from optuna) (4.67.3)
Requirement already satisfied: PyYAML in /home/aleksander.berezowsk/venv/lib/python3.12/site-packages (from optuna) (6.0.3)
Requirement already satisfied: Mako in /home/aleksander.berezowsk/venv/lib/python3.12/site-packages (from alembic>=1.5.0->optuna) (1.3.12)
Requirement already satisfied: typing-extensions>=4.12 in /home/aleksander.berezowsk/venv/lib/python3.12/site-packages (from alembic>=1.5.0->optuna) (4.15.0)
Requirement already satisfied: greenlet>=1 in /home/aleksander.berezowsk/venv/lib/python3.12/site-packages (from sqlalchemy>=1.4.2->optuna) (3.5.1)
Requirement already satisfied: MarkupSafe>=0.9.2 in /home/aleksander.berezowsk/venv/lib/python3.12/site-packages (from Mako->alembic>=1.5.0->optuna) (3.0.3)
Device: cuda
[BNCI2014_001] loading from cache: /home/aleksander.berezowsk/.cache/spiking_eegnet/BNCI2014_001_af1ccf3e92f684d8a93c057082b654d7.npz
[BNCI2014_001] cache hit: (5184, 1, 22, 1001), classes=['feet', 'left_hand', 'right_hand', 'tongue'], subjects=9
Dataset meta: {'n_classes': 4, 'n_channels': 22, 'n_samples': 1001, 'class_names': ['feet', 'left_hand', 'right_hand', 'tongue'], 'subject_list': [1, 2, 3, 4, 5, 6, 7, 8, 9], 'n_subjects': 9, 'sfreq': 250.0}

=== LOSO (hold out subject 0) ===
  Train: 4608 trials  |  Test: 576 trials
  Model params: 37,949
  epoch   1/50  loss=1.3100  bal_acc=0.4236
  epoch   2/50  loss=1.0899  bal_acc=0.4826
  epoch   3/50  loss=0.9347  bal_acc=0.4878
  epoch   4/50  loss=0.8296  bal_acc=0.4861
  epoch   5/50  loss=0.7280  bal_acc=0.5365
  epoch   6/50  loss=0.6740  bal_acc=0.6250
  epoch   7/50  loss=0.6155  bal_acc=0.5660
  epoch   8/50  loss=0.5487  bal_acc=0.5729
  epoch   9/50  loss=0.5123  bal_acc=0.5521
  epoch  10/50  loss=0.4801  bal_acc=0.5712
  epoch  11/50  loss=0.4262  bal_acc=0.5729
  epoch  12/50  loss=0.4018  bal_acc=0.5694
  epoch  13/50  loss=0.3760  bal_acc=0.6076
  epoch  14/50  loss=0.3445  bal_acc=0.5920
  epoch  15/50  loss=0.3163  bal_acc=0.5625
  epoch  16/50  loss=0.2972  bal_acc=0.5781
  epoch  17/50  loss=0.2766  bal_acc=0.5660
  epoch  18/50  loss=0.2490  bal_acc=0.5399
  epoch  19/50  loss=0.2331  bal_acc=0.5833
  epoch  20/50  loss=0.2198  bal_acc=0.5938
  epoch  21/50  loss=0.1974  bal_acc=0.5712
  epoch  22/50  loss=0.1816  bal_acc=0.5712
  epoch  23/50  loss=0.1883  bal_acc=0.6007
  epoch  24/50  loss=0.1718  bal_acc=0.6094
  epoch  25/50  loss=0.1482  bal_acc=0.5972
  epoch  26/50  loss=0.1419  bal_acc=0.6042
  epoch  27/50  loss=0.1408  bal_acc=0.5642
  epoch  28/50  loss=0.1287  bal_acc=0.5833
  epoch  29/50  loss=0.1370  bal_acc=0.5729
  epoch  30/50  loss=0.1221  bal_acc=0.5799
  epoch  31/50  loss=0.1190  bal_acc=0.5712
  epoch  32/50  loss=0.1105  bal_acc=0.5885
  epoch  33/50  loss=0.1172  bal_acc=0.5833
  epoch  34/50  loss=0.1182  bal_acc=0.5833
  epoch  35/50  loss=0.1147  bal_acc=0.5990
  epoch  36/50  loss=0.0948  bal_acc=0.5799
  epoch  37/50  loss=0.0911  bal_acc=0.5694
  epoch  38/50  loss=0.0958  bal_acc=0.5486
  epoch  39/50  loss=0.0809  bal_acc=0.5851
  epoch  40/50  loss=0.0777  bal_acc=0.5816
  epoch  41/50  loss=0.0751  bal_acc=0.5677
  epoch  42/50  loss=0.0708  bal_acc=0.5642
  epoch  43/50  loss=0.0801  bal_acc=0.5781
  epoch  44/50  loss=0.0720  bal_acc=0.5712
  epoch  45/50  loss=0.0617  bal_acc=0.5538
  epoch  46/50  loss=0.0555  bal_acc=0.5608
  epoch  47/50  loss=0.0717  bal_acc=0.5573
  epoch  48/50  loss=0.0661  bal_acc=0.5469
  epoch  49/50  loss=0.0640  bal_acc=0.5434
  epoch  50/50  loss=0.0674  bal_acc=0.5903
  [LOSO 1/9] subject 0: acc=0.5903  running_mean=0.5903

=== LOSO (hold out subject 1) ===
  Train: 4608 trials  |  Test: 576 trials
  Model params: 37,949
  epoch   1/50  loss=1.3296  bal_acc=0.3715
  epoch   2/50  loss=1.1043  bal_acc=0.4236
  epoch   3/50  loss=0.9257  bal_acc=0.4340
  epoch   4/50  loss=0.8032  bal_acc=0.4080
  epoch   5/50  loss=0.7211  bal_acc=0.4184
  epoch   6/50  loss=0.6455  bal_acc=0.4774
  epoch   7/50  loss=0.5768  bal_acc=0.4705
  epoch   8/50  loss=0.5251  bal_acc=0.4288
  epoch   9/50  loss=0.4795  bal_acc=0.4531
  epoch  10/50  loss=0.4313  bal_acc=0.4392
  epoch  11/50  loss=0.4043  bal_acc=0.4740
  epoch  12/50  loss=0.3553  bal_acc=0.4635
  epoch  13/50  loss=0.3336  bal_acc=0.4323
  epoch  14/50  loss=0.3093  bal_acc=0.4219
  epoch  15/50  loss=0.2766  bal_acc=0.4792
  epoch  16/50  loss=0.2638  bal_acc=0.5087
  epoch  17/50  loss=0.2417  bal_acc=0.4861
  epoch  18/50  loss=0.2222  bal_acc=0.4670
  epoch  19/50  loss=0.2043  bal_acc=0.4618
  epoch  20/50  loss=0.1901  bal_acc=0.4757
  epoch  21/50  loss=0.1740  bal_acc=0.4792
  epoch  22/50  loss=0.1529  bal_acc=0.4740
  epoch  23/50  loss=0.1573  bal_acc=0.4635
  epoch  24/50  loss=0.1484  bal_acc=0.4635
  epoch  25/50  loss=0.1352  bal_acc=0.4861
  epoch  26/50  loss=0.1334  bal_acc=0.4514
  epoch  27/50  loss=0.1200  bal_acc=0.4878
  epoch  28/50  loss=0.1236  bal_acc=0.4844
  epoch  29/50  loss=0.1097  bal_acc=0.4514
  epoch  30/50  loss=0.0945  bal_acc=0.4653
  epoch  31/50  loss=0.1016  bal_acc=0.5000
  epoch  32/50  loss=0.0890  bal_acc=0.4844
  epoch  33/50  loss=0.0944  bal_acc=0.4965
  epoch  34/50  loss=0.0962  bal_acc=0.4809
  epoch  35/50  loss=0.0722  bal_acc=0.4670
  epoch  36/50  loss=0.0771  bal_acc=0.5017
  epoch  37/50  loss=0.0835  bal_acc=0.4792
  epoch  38/50  loss=0.0782  bal_acc=0.4948
  epoch  39/50  loss=0.0735  bal_acc=0.4688
  epoch  40/50  loss=0.0821  bal_acc=0.4965
  epoch  41/50  loss=0.0780  bal_acc=0.4983
  epoch  42/50  loss=0.0672  bal_acc=0.4965
  epoch  43/50  loss=0.0691  bal_acc=0.4549
  epoch  44/50  loss=0.0701  bal_acc=0.5087
  epoch  45/50  loss=0.0684  bal_acc=0.4896
  epoch  46/50  loss=0.0608  bal_acc=0.4983
  epoch  47/50  loss=0.0589  bal_acc=0.5017
  epoch  48/50  loss=0.0652  bal_acc=0.5017
  epoch  49/50  loss=0.0558  bal_acc=0.4740
  epoch  50/50  loss=0.0501  bal_acc=0.4774
  [LOSO 2/9] subject 1: acc=0.4774  running_mean=0.5339

=== LOSO (hold out subject 2) ===
  Train: 4608 trials  |  Test: 576 trials
  Model params: 37,949
  epoch   1/50  loss=1.3530  bal_acc=0.4497
  epoch   2/50  loss=1.1169  bal_acc=0.5382
  epoch   3/50  loss=0.9742  bal_acc=0.5712
  epoch   4/50  loss=0.8719  bal_acc=0.5816
  epoch   5/50  loss=0.7775  bal_acc=0.6701
  epoch   6/50  loss=0.7005  bal_acc=0.6233
  epoch   7/50  loss=0.6276  bal_acc=0.6892
  epoch   8/50  loss=0.5892  bal_acc=0.6580
  epoch   9/50  loss=0.5509  bal_acc=0.6267
  epoch  10/50  loss=0.4976  bal_acc=0.6545
  epoch  11/50  loss=0.4659  bal_acc=0.6458
  epoch  12/50  loss=0.4091  bal_acc=0.6562
  epoch  13/50  loss=0.3773  bal_acc=0.6510
  epoch  14/50  loss=0.3650  bal_acc=0.6892
  epoch  15/50  loss=0.3328  bal_acc=0.6632
  epoch  16/50  loss=0.3143  bal_acc=0.6632
  epoch  17/50  loss=0.2798  bal_acc=0.6806
  epoch  18/50  loss=0.2645  bal_acc=0.6545
  epoch  19/50  loss=0.2414  bal_acc=0.7257
  epoch  20/50  loss=0.2338  bal_acc=0.6997
  epoch  21/50  loss=0.2240  bal_acc=0.7118
  epoch  22/50  loss=0.1855  bal_acc=0.7031
  epoch  23/50  loss=0.1785  bal_acc=0.6406
  epoch  24/50  loss=0.1717  bal_acc=0.7014
  epoch  25/50  loss=0.1501  bal_acc=0.6615
  epoch  26/50  loss=0.1524  bal_acc=0.6528
  epoch  27/50  loss=0.1452  bal_acc=0.6615
  epoch  28/50  loss=0.1317  bal_acc=0.6615
  epoch  29/50  loss=0.1322  bal_acc=0.6910
  epoch  30/50  loss=0.1371  bal_acc=0.6858
  epoch  31/50  loss=0.1228  bal_acc=0.6285
  epoch  32/50  loss=0.1234  bal_acc=0.6823
  epoch  33/50  loss=0.1198  bal_acc=0.6927
  epoch  34/50  loss=0.1078  bal_acc=0.6580
  epoch  35/50  loss=0.0926  bal_acc=0.6927
  epoch  36/50  loss=0.0925  bal_acc=0.6788
  epoch  37/50  loss=0.0989  bal_acc=0.6372
  epoch  38/50  loss=0.0983  bal_acc=0.6892
  epoch  39/50  loss=0.0834  bal_acc=0.6493
  epoch  40/50  loss=0.0851  bal_acc=0.6962
  epoch  41/50  loss=0.0800  bal_acc=0.6753
  epoch  42/50  loss=0.0822  bal_acc=0.6736
  epoch  43/50  loss=0.0846  bal_acc=0.6649
  epoch  44/50  loss=0.0666  bal_acc=0.6840
  epoch  45/50  loss=0.0718  bal_acc=0.6701
  epoch  46/50  loss=0.0651  bal_acc=0.6615
  epoch  47/50  loss=0.0824  bal_acc=0.6684
  epoch  48/50  loss=0.0669  bal_acc=0.6910
  epoch  49/50  loss=0.0703  bal_acc=0.6667
  epoch  50/50  loss=0.0958  bal_acc=0.6215
  [LOSO 3/9] subject 2: acc=0.6215  running_mean=0.5631

=== LOSO (hold out subject 3) ===
  Train: 4608 trials  |  Test: 576 trials
  Model params: 37,949
  epoch   1/50  loss=1.3159  bal_acc=0.3559
  epoch   2/50  loss=1.0538  bal_acc=0.4062
  epoch   3/50  loss=0.9077  bal_acc=0.4410
  epoch   4/50  loss=0.8008  bal_acc=0.4462
  epoch   5/50  loss=0.7044  bal_acc=0.4809
  epoch   6/50  loss=0.6351  bal_acc=0.4861
  epoch   7/50  loss=0.5751  bal_acc=0.4913
  epoch   8/50  loss=0.5140  bal_acc=0.4809
  epoch   9/50  loss=0.4898  bal_acc=0.5017
  epoch  10/50  loss=0.4291  bal_acc=0.5035
  epoch  11/50  loss=0.4042  bal_acc=0.4740
  epoch  12/50  loss=0.3627  bal_acc=0.4705
  epoch  13/50  loss=0.3358  bal_acc=0.4757
  epoch  14/50  loss=0.3065  bal_acc=0.5174
  epoch  15/50  loss=0.2773  bal_acc=0.4983
  epoch  16/50  loss=0.2645  bal_acc=0.5000
  epoch  17/50  loss=0.2519  bal_acc=0.4965
  epoch  18/50  loss=0.2493  bal_acc=0.4688
  epoch  19/50  loss=0.2193  bal_acc=0.5104
  epoch  20/50  loss=0.1945  bal_acc=0.5035
  epoch  21/50  loss=0.1821  bal_acc=0.4774
  epoch  22/50  loss=0.1822  bal_acc=0.5104
  epoch  23/50  loss=0.1584  bal_acc=0.4965
  epoch  24/50  loss=0.1544  bal_acc=0.4913
  epoch  25/50  loss=0.1361  bal_acc=0.4844
  epoch  26/50  loss=0.1273  bal_acc=0.4687
  epoch  27/50  loss=0.1268  bal_acc=0.4826
  epoch  28/50  loss=0.1173  bal_acc=0.4722
  epoch  29/50  loss=0.1056  bal_acc=0.4948
  epoch  30/50  loss=0.1025  bal_acc=0.4913
  epoch  31/50  loss=0.1015  bal_acc=0.4931
  epoch  32/50  loss=0.0952  bal_acc=0.4965
  epoch  33/50  loss=0.0972  bal_acc=0.4740
  epoch  34/50  loss=0.0901  bal_acc=0.4861
  epoch  35/50  loss=0.0896  bal_acc=0.5035
  epoch  36/50  loss=0.0781  bal_acc=0.4809
  epoch  37/50  loss=0.0783  bal_acc=0.4774
  epoch  38/50  loss=0.0890  bal_acc=0.4722
  epoch  39/50  loss=0.0765  bal_acc=0.4722
  epoch  40/50  loss=0.0765  bal_acc=0.5035
  epoch  41/50  loss=0.0799  bal_acc=0.4948
  epoch  42/50  loss=0.0777  bal_acc=0.4931
  epoch  43/50  loss=0.0677  bal_acc=0.4705
  epoch  44/50  loss=0.0648  bal_acc=0.4618
  epoch  45/50  loss=0.0613  bal_acc=0.5104
  epoch  46/50  loss=0.0626  bal_acc=0.4826
  epoch  47/50  loss=0.0626  bal_acc=0.4965
  epoch  48/50  loss=0.0877  bal_acc=0.4809
  epoch  49/50  loss=0.0692  bal_acc=0.4774
  epoch  50/50  loss=0.0558  bal_acc=0.4670
  [LOSO 4/9] subject 3: acc=0.4670  running_mean=0.5391

=== LOSO (hold out subject 4) ===
  Train: 4608 trials  |  Test: 576 trials
  Model params: 37,949
  epoch   1/50  loss=1.3045  bal_acc=0.3715
  epoch   2/50  loss=1.0834  bal_acc=0.5278
  epoch   3/50  loss=0.9153  bal_acc=0.4705
  epoch   4/50  loss=0.7895  bal_acc=0.4514
  epoch   5/50  loss=0.7086  bal_acc=0.5243
  epoch   6/50  loss=0.6372  bal_acc=0.5521
  epoch   7/50  loss=0.5735  bal_acc=0.4635
  epoch   8/50  loss=0.5174  bal_acc=0.4878
  epoch   9/50  loss=0.4890  bal_acc=0.4913
  epoch  10/50  loss=0.4548  bal_acc=0.5243
  epoch  11/50  loss=0.4054  bal_acc=0.4913
  epoch  12/50  loss=0.3832  bal_acc=0.4705
  epoch  13/50  loss=0.3432  bal_acc=0.4757
  epoch  14/50  loss=0.3160  bal_acc=0.5069
  epoch  15/50  loss=0.2997  bal_acc=0.5017
  epoch  16/50  loss=0.2694  bal_acc=0.5226
  epoch  17/50  loss=0.2538  bal_acc=0.5000
  epoch  18/50  loss=0.2284  bal_acc=0.5208
  epoch  19/50  loss=0.2196  bal_acc=0.4774
  epoch  20/50  loss=0.2118  bal_acc=0.5017
  epoch  21/50  loss=0.1970  bal_acc=0.5347
  epoch  22/50  loss=0.1792  bal_acc=0.5069
  epoch  23/50  loss=0.1669  bal_acc=0.5174
  epoch  24/50  loss=0.1546  bal_acc=0.5330
  epoch  25/50  loss=0.1442  bal_acc=0.5226
  epoch  26/50  loss=0.1432  bal_acc=0.4983
  epoch  27/50  loss=0.1385  bal_acc=0.5139
  epoch  28/50  loss=0.1200  bal_acc=0.5017
  epoch  29/50  loss=0.1150  bal_acc=0.5017
  epoch  30/50  loss=0.1116  bal_acc=0.5278
  epoch  31/50  loss=0.1027  bal_acc=0.5312
  epoch  32/50  loss=0.1037  bal_acc=0.5365
  epoch  33/50  loss=0.1117  bal_acc=0.5000
  epoch  34/50  loss=0.1096  bal_acc=0.4722
  epoch  35/50  loss=0.1090  bal_acc=0.5174
  epoch  36/50  loss=0.1074  bal_acc=0.5469
  epoch  37/50  loss=0.0834  bal_acc=0.5434
  epoch  38/50  loss=0.0888  bal_acc=0.5243
  epoch  39/50  loss=0.0907  bal_acc=0.5139
  epoch  40/50  loss=0.0792  bal_acc=0.4809
  epoch  41/50  loss=0.0753  bal_acc=0.4444
  epoch  42/50  loss=0.0770  bal_acc=0.5052
  epoch  43/50  loss=0.0793  bal_acc=0.4983
  epoch  44/50  loss=0.0831  bal_acc=0.4913
  epoch  45/50  loss=0.0777  bal_acc=0.4462
  epoch  46/50  loss=0.0729  bal_acc=0.4688
  epoch  47/50  loss=0.0743  bal_acc=0.4826
  epoch  48/50  loss=0.0646  bal_acc=0.5156
  epoch  49/50  loss=0.0689  bal_acc=0.5069
  epoch  50/50  loss=0.0655  bal_acc=0.5052
  [LOSO 5/9] subject 4: acc=0.5052  running_mean=0.5323

=== LOSO (hold out subject 5) ===
  Train: 4608 trials  |  Test: 576 trials
  Model params: 37,949
  epoch   1/50  loss=1.2778  bal_acc=0.4167
  epoch   2/50  loss=1.0349  bal_acc=0.4601
  epoch   3/50  loss=0.8786  bal_acc=0.4566
  epoch   4/50  loss=0.7731  bal_acc=0.4844
  epoch   5/50  loss=0.6980  bal_acc=0.4497
  epoch   6/50  loss=0.6366  bal_acc=0.4601
  epoch   7/50  loss=0.5722  bal_acc=0.4462
  epoch   8/50  loss=0.5313  bal_acc=0.5139
  epoch   9/50  loss=0.4881  bal_acc=0.4149
  epoch  10/50  loss=0.4526  bal_acc=0.4306
  epoch  11/50  loss=0.4151  bal_acc=0.5000
  epoch  12/50  loss=0.3791  bal_acc=0.4288
  epoch  13/50  loss=0.3500  bal_acc=0.4392
  epoch  14/50  loss=0.3309  bal_acc=0.4774
  epoch  15/50  loss=0.3022  bal_acc=0.4358
  epoch  16/50  loss=0.2783  bal_acc=0.4271
  epoch  17/50  loss=0.2610  bal_acc=0.4549
  epoch  18/50  loss=0.2627  bal_acc=0.4688
  epoch  19/50  loss=0.2315  bal_acc=0.4271
  epoch  20/50  loss=0.2159  bal_acc=0.3785
  epoch  21/50  loss=0.1942  bal_acc=0.4375
  epoch  22/50  loss=0.1792  bal_acc=0.4566
  epoch  23/50  loss=0.1705  bal_acc=0.4566
  epoch  24/50  loss=0.1661  bal_acc=0.4601
  epoch  25/50  loss=0.1605  bal_acc=0.4115
  epoch  26/50  loss=0.1347  bal_acc=0.4358
  epoch  27/50  loss=0.1256  bal_acc=0.4462
  epoch  28/50  loss=0.1293  bal_acc=0.4323
  epoch  29/50  loss=0.1190  bal_acc=0.4427
  epoch  30/50  loss=0.1084  bal_acc=0.4531
  epoch  31/50  loss=0.1062  bal_acc=0.4358
  epoch  32/50  loss=0.0919  bal_acc=0.4028
  epoch  33/50  loss=0.1043  bal_acc=0.4444
  epoch  34/50  loss=0.0888  bal_acc=0.4583
  epoch  35/50  loss=0.0867  bal_acc=0.4271
  epoch  36/50  loss=0.0947  bal_acc=0.5017
  epoch  37/50  loss=0.0903  bal_acc=0.4462
  epoch  38/50  loss=0.0847  bal_acc=0.4740
  epoch  39/50  loss=0.0927  bal_acc=0.4896
  epoch  40/50  loss=0.0828  bal_acc=0.4705
  epoch  41/50  loss=0.0797  bal_acc=0.4687
  epoch  42/50  loss=0.0685  bal_acc=0.4479
  epoch  43/50  loss=0.0850  bal_acc=0.4514
  epoch  44/50  loss=0.0837  bal_acc=0.4618
  epoch  45/50  loss=0.0683  bal_acc=0.4462
  epoch  46/50  loss=0.0785  bal_acc=0.4583
  epoch  47/50  loss=0.0738  bal_acc=0.5017
  epoch  48/50  loss=0.0609  bal_acc=0.4236
  epoch  49/50  loss=0.0618  bal_acc=0.4688
  epoch  50/50  loss=0.0600  bal_acc=0.4688
  [LOSO 6/9] subject 5: acc=0.4688  running_mean=0.5217

=== LOSO (hold out subject 6) ===
  Train: 4608 trials  |  Test: 576 trials
  Model params: 37,949
  epoch   1/50  loss=1.3199  bal_acc=0.5399
  epoch   2/50  loss=1.1112  bal_acc=0.5885
  epoch   3/50  loss=0.9648  bal_acc=0.6302
  epoch   4/50  loss=0.8398  bal_acc=0.5903
  epoch   5/50  loss=0.7573  bal_acc=0.6024
  epoch   6/50  loss=0.6964  bal_acc=0.6076
  epoch   7/50  loss=0.6171  bal_acc=0.5903
  epoch   8/50  loss=0.5741  bal_acc=0.5920
  epoch   9/50  loss=0.5113  bal_acc=0.5642
  epoch  10/50  loss=0.4832  bal_acc=0.6163
  epoch  11/50  loss=0.4389  bal_acc=0.5677
  epoch  12/50  loss=0.4062  bal_acc=0.5885
  epoch  13/50  loss=0.3909  bal_acc=0.5868
  epoch  14/50  loss=0.3526  bal_acc=0.5938
  epoch  15/50  loss=0.3302  bal_acc=0.6233
  epoch  16/50  loss=0.3035  bal_acc=0.5972
  epoch  17/50  loss=0.2900  bal_acc=0.6024
  epoch  18/50  loss=0.2553  bal_acc=0.5781
  epoch  19/50  loss=0.2497  bal_acc=0.6007
  epoch  20/50  loss=0.2321  bal_acc=0.5816
  epoch  21/50  loss=0.1980  bal_acc=0.5764
  epoch  22/50  loss=0.1892  bal_acc=0.6007
  epoch  23/50  loss=0.1811  bal_acc=0.5833
  epoch  24/50  loss=0.1703  bal_acc=0.5712
  epoch  25/50  loss=0.1666  bal_acc=0.5851
  epoch  26/50  loss=0.1486  bal_acc=0.5799
  epoch  27/50  loss=0.1446  bal_acc=0.5972
  epoch  28/50  loss=0.1404  bal_acc=0.5747
  epoch  29/50  loss=0.1154  bal_acc=0.5747
  epoch  30/50  loss=0.1185  bal_acc=0.5972
  epoch  31/50  loss=0.1249  bal_acc=0.5920
  epoch  32/50  loss=0.1091  bal_acc=0.5851
  epoch  33/50  loss=0.1115  bal_acc=0.5903
  epoch  34/50  loss=0.0895  bal_acc=0.5938
  epoch  35/50  loss=0.0898  bal_acc=0.6111
  epoch  36/50  loss=0.1000  bal_acc=0.5938
  epoch  37/50  loss=0.0877  bal_acc=0.5747
  epoch  38/50  loss=0.0933  bal_acc=0.5729
  epoch  39/50  loss=0.0851  bal_acc=0.5781
  epoch  40/50  loss=0.0933  bal_acc=0.5868
  epoch  41/50  loss=0.0877  bal_acc=0.6076
  epoch  42/50  loss=0.0779  bal_acc=0.5677
  epoch  43/50  loss=0.0749  bal_acc=0.5781
  epoch  44/50  loss=0.0680  bal_acc=0.5955
  epoch  45/50  loss=0.0808  bal_acc=0.5608
  epoch  46/50  loss=0.0773  bal_acc=0.5781
  epoch  47/50  loss=0.0763  bal_acc=0.5660
  epoch  48/50  loss=0.0702  bal_acc=0.5972
  epoch  49/50  loss=0.0623  bal_acc=0.6059
  epoch  50/50  loss=0.0614  bal_acc=0.5799
  [LOSO 7/9] subject 6: acc=0.5799  running_mean=0.5300

=== LOSO (hold out subject 7) ===
  Train: 4608 trials  |  Test: 576 trials
  Model params: 37,949
  epoch   1/50  loss=1.3344  bal_acc=0.4549
  epoch   2/50  loss=1.1005  bal_acc=0.5295
  epoch   3/50  loss=0.9699  bal_acc=0.5208
  epoch   4/50  loss=0.8768  bal_acc=0.4722
  epoch   5/50  loss=0.7823  bal_acc=0.5365
  epoch   6/50  loss=0.7155  bal_acc=0.5556
  epoch   7/50  loss=0.6674  bal_acc=0.5712
  epoch   8/50  loss=0.6050  bal_acc=0.5712
  epoch   9/50  loss=0.5672  bal_acc=0.6215
  epoch  10/50  loss=0.5116  bal_acc=0.5920
  epoch  11/50  loss=0.4797  bal_acc=0.6198
  epoch  12/50  loss=0.4490  bal_acc=0.6233
  epoch  13/50  loss=0.3993  bal_acc=0.6354
  epoch  14/50  loss=0.3767  bal_acc=0.6667
  epoch  15/50  loss=0.3452  bal_acc=0.6181
  epoch  16/50  loss=0.3090  bal_acc=0.6736
  epoch  17/50  loss=0.2861  bal_acc=0.6562
  epoch  18/50  loss=0.2623  bal_acc=0.6476
  epoch  19/50  loss=0.2453  bal_acc=0.6198
  epoch  20/50  loss=0.2291  bal_acc=0.6736
  epoch  21/50  loss=0.2057  bal_acc=0.6337
  epoch  22/50  loss=0.2127  bal_acc=0.6337
  epoch  23/50  loss=0.1895  bal_acc=0.6615
  epoch  24/50  loss=0.1876  bal_acc=0.6545
  epoch  25/50  loss=0.1698  bal_acc=0.6562
  epoch  26/50  loss=0.1509  bal_acc=0.6389
  epoch  27/50  loss=0.1440  bal_acc=0.6545
  epoch  28/50  loss=0.1437  bal_acc=0.6458
  epoch  29/50  loss=0.1318  bal_acc=0.6562
  epoch  30/50  loss=0.1278  bal_acc=0.6667
  epoch  31/50  loss=0.1181  bal_acc=0.6493
  epoch  32/50  loss=0.1065  bal_acc=0.6354
  epoch  33/50  loss=0.1186  bal_acc=0.6163
  epoch  34/50  loss=0.1114  bal_acc=0.6042
  epoch  35/50  loss=0.1002  bal_acc=0.6319
  epoch  36/50  loss=0.1013  bal_acc=0.6215
  epoch  37/50  loss=0.1164  bal_acc=0.6545
  epoch  38/50  loss=0.1017  bal_acc=0.6406
  epoch  39/50  loss=0.1059  bal_acc=0.6458
  epoch  40/50  loss=0.0859  bal_acc=0.6354
  epoch  41/50  loss=0.0852  bal_acc=0.6337
  epoch  42/50  loss=0.0829  bal_acc=0.6250
  epoch  43/50  loss=0.0748  bal_acc=0.6389
  epoch  44/50  loss=0.0762  bal_acc=0.6076
  epoch  45/50  loss=0.0766  bal_acc=0.5990
  epoch  46/50  loss=0.0715  bal_acc=0.6111
  epoch  47/50  loss=0.0688  bal_acc=0.6458
  epoch  48/50  loss=0.0673  bal_acc=0.5920
  epoch  49/50  loss=0.0738  bal_acc=0.5868
  epoch  50/50  loss=0.0885  bal_acc=0.6337
  [LOSO 8/9] subject 7: acc=0.6337  running_mean=0.5430

=== LOSO (hold out subject 8) ===
  Train: 4608 trials  |  Test: 576 trials
  Model params: 37,949
  epoch   1/50  loss=1.3347  bal_acc=0.4010
  epoch   2/50  loss=1.0878  bal_acc=0.4062
  epoch   3/50  loss=0.9419  bal_acc=0.4913
  epoch   4/50  loss=0.8162  bal_acc=0.4878
  epoch   5/50  loss=0.7418  bal_acc=0.5278
  epoch   6/50  loss=0.6822  bal_acc=0.4653
  epoch   7/50  loss=0.6227  bal_acc=0.5295
  epoch   8/50  loss=0.5767  bal_acc=0.4705
  epoch   9/50  loss=0.5265  bal_acc=0.4392
  epoch  10/50  loss=0.4871  bal_acc=0.5139
  epoch  11/50  loss=0.4459  bal_acc=0.5226
  epoch  12/50  loss=0.4101  bal_acc=0.4965
  epoch  13/50  loss=0.3704  bal_acc=0.5486
  epoch  14/50  loss=0.3625  bal_acc=0.5972
  epoch  15/50  loss=0.3423  bal_acc=0.5295
  epoch  16/50  loss=0.2987  bal_acc=0.5434
  epoch  17/50  loss=0.2799  bal_acc=0.5417
  epoch  18/50  loss=0.2627  bal_acc=0.5000
  epoch  19/50  loss=0.2323  bal_acc=0.5347
  epoch  20/50  loss=0.2240  bal_acc=0.4844
  epoch  21/50  loss=0.2233  bal_acc=0.5625
  epoch  22/50  loss=0.1923  bal_acc=0.5642
  epoch  23/50  loss=0.1752  bal_acc=0.5174
  epoch  24/50  loss=0.1639  bal_acc=0.5243
  epoch  25/50  loss=0.1543  bal_acc=0.5451
  epoch  26/50  loss=0.1365  bal_acc=0.5399
  epoch  27/50  loss=0.1431  bal_acc=0.4878
  epoch  28/50  loss=0.1352  bal_acc=0.5243
  epoch  29/50  loss=0.1454  bal_acc=0.4740
  epoch  30/50  loss=0.1263  bal_acc=0.5139
  epoch  31/50  loss=0.1194  bal_acc=0.5677
  epoch  32/50  loss=0.1158  bal_acc=0.5451
  epoch  33/50  loss=0.1154  bal_acc=0.5226
  epoch  34/50  loss=0.1149  bal_acc=0.5521
  epoch  35/50  loss=0.1130  bal_acc=0.5226
  epoch  36/50  loss=0.0902  bal_acc=0.5503
  epoch  37/50  loss=0.0933  bal_acc=0.5330
  epoch  38/50  loss=0.0847  bal_acc=0.5347
  epoch  39/50  loss=0.0949  bal_acc=0.5365
  epoch  40/50  loss=0.0897  bal_acc=0.5399
  epoch  41/50  loss=0.0859  bal_acc=0.5521
  epoch  42/50  loss=0.0810  bal_acc=0.5330
  epoch  43/50  loss=0.0906  bal_acc=0.5573
  epoch  44/50  loss=0.0911  bal_acc=0.5417
  epoch  45/50  loss=0.0907  bal_acc=0.5399
  epoch  46/50  loss=0.0683  bal_acc=0.5330
  epoch  47/50  loss=0.0861  bal_acc=0.5382
  epoch  48/50  loss=0.0728  bal_acc=0.5521
  epoch  49/50  loss=0.0701  bal_acc=0.5278
  epoch  50/50  loss=0.0678  bal_acc=0.5226
  [LOSO 9/9] subject 8: acc=0.5226  running_mean=0.5407
Results saved to results/BNCI2014_001/results_trial_75.json
Trial logged to results/BNCI2014_001/trials.csv
[status] trial 75 done (state=COMPLETE, value=0.5407021604938271) -- 69 completed total
Device: cuda
[BNCI2014_001] loading from cache: /home/aleksander.berezowsk/.cache/spiking_eegnet/BNCI2014_001_af1ccf3e92f684d8a93c057082b654d7.npz
[BNCI2014_001] cache hit: (5184, 1, 22, 1001), classes=['feet', 'left_hand', 'right_hand', 'tongue'], subjects=9
Dataset meta: {'n_classes': 4, 'n_channels': 22, 'n_samples': 1001, 'class_names': ['feet', 'left_hand', 'right_hand', 'tongue'], 'subject_list': [1, 2, 3, 4, 5, 6, 7, 8, 9], 'n_subjects': 9, 'sfreq': 250.0}

=== LOSO (hold out subject 0) ===
  Train: 4608 trials  |  Test: 576 trials
  Model params: 9,846
  epoch   1/50  loss=1.2097  bal_acc=0.4896
  epoch   2/50  loss=0.9783  bal_acc=0.5312
  epoch   3/50  loss=0.8479  bal_acc=0.5451
  epoch   4/50  loss=0.7558  bal_acc=0.5330
  epoch   5/50  loss=0.6874  bal_acc=0.5990
  epoch   6/50  loss=0.6332  bal_acc=0.6059
  epoch   7/50  loss=0.5939  bal_acc=0.6042
  epoch   8/50  loss=0.5452  bal_acc=0.5799
  epoch   9/50  loss=0.5130  bal_acc=0.5156
  epoch  10/50  loss=0.4722  bal_acc=0.5747
  epoch  11/50  loss=0.4501  bal_acc=0.5747
  epoch  12/50  loss=0.4201  bal_acc=0.6094
  epoch  13/50  loss=0.3940  bal_acc=0.5920
  epoch  14/50  loss=0.3803  bal_acc=0.5799
  epoch  15/50  loss=0.3744  bal_acc=0.6146
  epoch  16/50  loss=0.3334  bal_acc=0.5712
  epoch  17/50  loss=0.3311  bal_acc=0.5469
  epoch  18/50  loss=0.3108  bal_acc=0.5990
  epoch  19/50  loss=0.2986  bal_acc=0.6354
  epoch  20/50  loss=0.2946  bal_acc=0.5938
  epoch  21/50  loss=0.2935  bal_acc=0.5729
  epoch  22/50  loss=0.2549  bal_acc=0.6233
  epoch  23/50  loss=0.2500  bal_acc=0.5781
  epoch  24/50  loss=0.2402  bal_acc=0.5920
  epoch  25/50  loss=0.2563  bal_acc=0.5955
  epoch  26/50  loss=0.2343  bal_acc=0.6007
  epoch  27/50  loss=0.2413  bal_acc=0.6076
  epoch  28/50  loss=0.2057  bal_acc=0.6354
  epoch  29/50  loss=0.2008  bal_acc=0.6128
  epoch  30/50  loss=0.2056  bal_acc=0.6285
  epoch  31/50  loss=0.1873  bal_acc=0.6042
  epoch  32/50  loss=0.1892  bal_acc=0.5990
  epoch  33/50  loss=0.2088  bal_acc=0.5729
  epoch  34/50  loss=0.1798  bal_acc=0.6163
  epoch  35/50  loss=0.1582  bal_acc=0.6024
  epoch  36/50  loss=0.1744  bal_acc=0.6042
  epoch  37/50  loss=0.1877  bal_acc=0.5642
  epoch  38/50  loss=0.1742  bal_acc=0.6059
  epoch  39/50  loss=0.1596  bal_acc=0.5955
  epoch  40/50  loss=0.1579  bal_acc=0.6319
  epoch  41/50  loss=0.1321  bal_acc=0.5764
  epoch  42/50  loss=0.1355  bal_acc=0.6163
  epoch  43/50  loss=0.1419  bal_acc=0.5885
  epoch  44/50  loss=0.1388  bal_acc=0.6059
  epoch  45/50  loss=0.1578  bal_acc=0.6094
  epoch  46/50  loss=0.1446  bal_acc=0.5816
  epoch  47/50  loss=0.1566  bal_acc=0.6094
  epoch  48/50  loss=0.1256  bal_acc=0.6024
  epoch  49/50  loss=0.1308  bal_acc=0.5851
  epoch  50/50  loss=0.1232  bal_acc=0.6285
  [LOSO 1/9] subject 0: acc=0.6285  running_mean=0.6285

=== LOSO (hold out subject 1) ===
  Train: 4608 trials  |  Test: 576 trials
  Model params: 9,846
  epoch   1/50  loss=1.2286  bal_acc=0.3785
  epoch   2/50  loss=0.9532  bal_acc=0.4740
  epoch   3/50  loss=0.8039  bal_acc=0.4392
  epoch   4/50  loss=0.7148  bal_acc=0.4583
  epoch   5/50  loss=0.6589  bal_acc=0.4774
  epoch   6/50  loss=0.5969  bal_acc=0.4444
  epoch   7/50  loss=0.5511  bal_acc=0.4323
  epoch   8/50  loss=0.5076  bal_acc=0.4514
  epoch   9/50  loss=0.4749  bal_acc=0.4653
  epoch  10/50  loss=0.4479  bal_acc=0.4583
  epoch  11/50  loss=0.4204  bal_acc=0.4601
  epoch  12/50  loss=0.3941  bal_acc=0.4462
  epoch  13/50  loss=0.3734  bal_acc=0.4635
  epoch  14/50  loss=0.3523  bal_acc=0.4635
  epoch  15/50  loss=0.3402  bal_acc=0.4757
  epoch  16/50  loss=0.3079  bal_acc=0.4635
  epoch  17/50  loss=0.3014  bal_acc=0.4653
  epoch  18/50  loss=0.2919  bal_acc=0.4479
  epoch  19/50  loss=0.2554  bal_acc=0.4722
  epoch  20/50  loss=0.2477  bal_acc=0.4809
  epoch  21/50  loss=0.2466  bal_acc=0.4236
  epoch  22/50  loss=0.2326  bal_acc=0.4844
  epoch  23/50  loss=0.2209  bal_acc=0.4306
  epoch  24/50  loss=0.2059  bal_acc=0.4479
  epoch  25/50  loss=0.2212  bal_acc=0.4392
  epoch  26/50  loss=0.1979  bal_acc=0.4080
  epoch  27/50  loss=0.2024  bal_acc=0.4479
  epoch  28/50  loss=0.1898  bal_acc=0.4462
  epoch  29/50  loss=0.1792  bal_acc=0.4392
  epoch  30/50  loss=0.1822  bal_acc=0.4479
  epoch  31/50  loss=0.1636  bal_acc=0.4670
  epoch  32/50  loss=0.1588  bal_acc=0.4618
  epoch  33/50  loss=0.1459  bal_acc=0.4583
  epoch  34/50  loss=0.1821  bal_acc=0.4288
  epoch  35/50  loss=0.1547  bal_acc=0.4670
  epoch  36/50  loss=0.1522  bal_acc=0.4705
  epoch  37/50  loss=0.1404  bal_acc=0.4705
  epoch  38/50  loss=0.1587  bal_acc=0.4861
  epoch  39/50  loss=0.1461  bal_acc=0.4601
  epoch  40/50  loss=0.1339  bal_acc=0.4722
  epoch  41/50  loss=0.1130  bal_acc=0.4757
  epoch  42/50  loss=0.1170  bal_acc=0.4965
  epoch  43/50  loss=0.1360  bal_acc=0.4635
  epoch  44/50  loss=0.1336  bal_acc=0.4722
  epoch  45/50  loss=0.1276  bal_acc=0.4635
  epoch  46/50  loss=0.1424  bal_acc=0.4618
  epoch  47/50  loss=0.1244  bal_acc=0.4635
  epoch  48/50  loss=0.1156  bal_acc=0.4809
  epoch  49/50  loss=0.1331  bal_acc=0.4549
  epoch  50/50  loss=0.1088  bal_acc=0.4531
  [LOSO 2/9] subject 1: acc=0.4531  running_mean=0.5408

=== LOSO (hold out subject 2) ===
  Train: 4608 trials  |  Test: 576 trials
  Model params: 9,846
  epoch   1/50  loss=1.2742  bal_acc=0.5434
  epoch   2/50  loss=1.0436  bal_acc=0.5938
  epoch   3/50  loss=0.9113  bal_acc=0.6858
  epoch   4/50  loss=0.8157  bal_acc=0.6476
  epoch   5/50  loss=0.7235  bal_acc=0.6788
  epoch   6/50  loss=0.6580  bal_acc=0.6024
  epoch   7/50  loss=0.6045  bal_acc=0.6823
  epoch   8/50  loss=0.5801  bal_acc=0.6719
  epoch   9/50  loss=0.5329  bal_acc=0.6771
  epoch  10/50  loss=0.5062  bal_acc=0.6840
  epoch  11/50  loss=0.4613  bal_acc=0.6580
  epoch  12/50  loss=0.4300  bal_acc=0.6944
  epoch  13/50  loss=0.4152  bal_acc=0.7135
  epoch  14/50  loss=0.4011  bal_acc=0.7205
  epoch  15/50  loss=0.3548  bal_acc=0.6545
  epoch  16/50  loss=0.3476  bal_acc=0.6858
  epoch  17/50  loss=0.3267  bal_acc=0.6076
  epoch  18/50  loss=0.3094  bal_acc=0.6753
  epoch  19/50  loss=0.3170  bal_acc=0.6493
  epoch  20/50  loss=0.2884  bal_acc=0.6823
  epoch  21/50  loss=0.2881  bal_acc=0.6042
  epoch  22/50  loss=0.2953  bal_acc=0.6840
  epoch  23/50  loss=0.2670  bal_acc=0.6649
  epoch  24/50  loss=0.2498  bal_acc=0.6823
  epoch  25/50  loss=0.2307  bal_acc=0.6944
  epoch  26/50  loss=0.2251  bal_acc=0.6337
  epoch  27/50  loss=0.2180  bal_acc=0.6823
  epoch  28/50  loss=0.2069  bal_acc=0.6892
  epoch  29/50  loss=0.1982  bal_acc=0.6615
  epoch  30/50  loss=0.2033  bal_acc=0.7257
  epoch  31/50  loss=0.2134  bal_acc=0.6545
  epoch  32/50  loss=0.2106  bal_acc=0.6979
  epoch  33/50  loss=0.1921  bal_acc=0.6528
  epoch  34/50  loss=0.1783  bal_acc=0.6406
  epoch  35/50  loss=0.1732  bal_acc=0.6545
  epoch  36/50  loss=0.1734  bal_acc=0.6181
  epoch  37/50  loss=0.1837  bal_acc=0.7135
  epoch  38/50  loss=0.1582  bal_acc=0.6250
  epoch  39/50  loss=0.1506  bal_acc=0.6597
  epoch  40/50  loss=0.1573  bal_acc=0.6545
  epoch  41/50  loss=0.1708  bal_acc=0.6892
  epoch  42/50  loss=0.1522  bal_acc=0.6910
  epoch  43/50  loss=0.1386  bal_acc=0.6684
  epoch  44/50  loss=0.1635  bal_acc=0.6823
  epoch  45/50  loss=0.1509  bal_acc=0.6736
  epoch  46/50  loss=0.1422  bal_acc=0.7188
  epoch  47/50  loss=0.1439  bal_acc=0.6615
  epoch  48/50  loss=0.1627  bal_acc=0.6580
  epoch  49/50  loss=0.1275  bal_acc=0.7049
  epoch  50/50  loss=0.1432  bal_acc=0.7222
  [LOSO 3/9] subject 2: acc=0.7222  running_mean=0.6013

=== LOSO (hold out subject 3) ===
  Train: 4608 trials  |  Test: 576 trials
  Model params: 9,846
  epoch   1/50  loss=1.2190  bal_acc=0.5052
  epoch   2/50  loss=0.9163  bal_acc=0.4236
  epoch   3/50  loss=0.7977  bal_acc=0.4010
  epoch   4/50  loss=0.7066  bal_acc=0.4375
  epoch   5/50  loss=0.6355  bal_acc=0.4740
  epoch   6/50  loss=0.5716  bal_acc=0.4514
  epoch   7/50  loss=0.5388  bal_acc=0.5017
  epoch   8/50  loss=0.5116  bal_acc=0.4444
  epoch   9/50  loss=0.4616  bal_acc=0.4826
  epoch  10/50  loss=0.4334  bal_acc=0.4983
  epoch  11/50  loss=0.4091  bal_acc=0.4462
  epoch  12/50  loss=0.3892  bal_acc=0.4427
  epoch  13/50  loss=0.3706  bal_acc=0.4861
  epoch  14/50  loss=0.3428  bal_acc=0.4601
  epoch  15/50  loss=0.3169  bal_acc=0.4792
  epoch  16/50  loss=0.3161  bal_acc=0.5556
  epoch  17/50  loss=0.2894  bal_acc=0.4253
  epoch  18/50  loss=0.2669  bal_acc=0.4253
  epoch  19/50  loss=0.2721  bal_acc=0.4705
  epoch  20/50  loss=0.2607  bal_acc=0.4531
  epoch  21/50  loss=0.2719  bal_acc=0.4792
  epoch  22/50  loss=0.2494  bal_acc=0.5069
  epoch  23/50  loss=0.2247  bal_acc=0.4774
  epoch  24/50  loss=0.2120  bal_acc=0.4792
  epoch  25/50  loss=0.2067  bal_acc=0.4913
  epoch  26/50  loss=0.2134  bal_acc=0.4601
  epoch  27/50  loss=0.1889  bal_acc=0.4705
  epoch  28/50  loss=0.1934  bal_acc=0.4427
  epoch  29/50  loss=0.1868  bal_acc=0.4740
  epoch  30/50  loss=0.2061  bal_acc=0.4635
  epoch  31/50  loss=0.1885  bal_acc=0.4688
  epoch  32/50  loss=0.1726  bal_acc=0.4601
  epoch  33/50  loss=0.1699  bal_acc=0.4740
  epoch  34/50  loss=0.1608  bal_acc=0.4861
  epoch  35/50  loss=0.1542  bal_acc=0.4688
  epoch  36/50  loss=0.1532  bal_acc=0.4010
  epoch  37/50  loss=0.1481  bal_acc=0.4983
  epoch  38/50  loss=0.1586  bal_acc=0.5000
  epoch  39/50  loss=0.1501  bal_acc=0.5035
  epoch  40/50  loss=0.1368  bal_acc=0.4896
  epoch  41/50  loss=0.1536  bal_acc=0.4410
  epoch  42/50  loss=0.1375  bal_acc=0.4705
  epoch  43/50  loss=0.1272  bal_acc=0.4531
  epoch  44/50  loss=0.1518  bal_acc=0.4792
  epoch  45/50  loss=0.1308  bal_acc=0.4462
  epoch  46/50  loss=0.1399  bal_acc=0.5000
  epoch  47/50  loss=0.1377  bal_acc=0.4878
  epoch  48/50  loss=0.1563  bal_acc=0.4705
  epoch  49/50  loss=0.1262  bal_acc=0.5052
  epoch  50/50  loss=0.1215  bal_acc=0.4948
  [LOSO 4/9] subject 3: acc=0.4948  running_mean=0.5747

=== LOSO (hold out subject 4) ===
  Train: 4608 trials  |  Test: 576 trials
  Model params: 9,846
  epoch   1/50  loss=1.2629  bal_acc=0.3576
  epoch   2/50  loss=0.9567  bal_acc=0.4497
  epoch   3/50  loss=0.8458  bal_acc=0.3316
  epoch   4/50  loss=0.7428  bal_acc=0.4931
  epoch   5/50  loss=0.6828  bal_acc=0.4462
  epoch   6/50  loss=0.6222  bal_acc=0.5521
  epoch   7/50  loss=0.6117  bal_acc=0.5347
  epoch   8/50  loss=0.5526  bal_acc=0.5712
  epoch   9/50  loss=0.5203  bal_acc=0.5122
  epoch  10/50  loss=0.4733  bal_acc=0.5295
  epoch  11/50  loss=0.4520  bal_acc=0.5781
  epoch  12/50  loss=0.4121  bal_acc=0.5417
  epoch  13/50  loss=0.4060  bal_acc=0.5642
  epoch  14/50  loss=0.3767  bal_acc=0.5573
  epoch  15/50  loss=0.3696  bal_acc=0.5903
  epoch  16/50  loss=0.3406  bal_acc=0.5920
  epoch  17/50  loss=0.3343  bal_acc=0.5330
  epoch  18/50  loss=0.3200  bal_acc=0.5330
  epoch  19/50  loss=0.2855  bal_acc=0.5278
  epoch  20/50  loss=0.2870  bal_acc=0.5660
  epoch  21/50  loss=0.2785  bal_acc=0.5104
  epoch  22/50  loss=0.2729  bal_acc=0.5243
  epoch  23/50  loss=0.2648  bal_acc=0.5764
  epoch  24/50  loss=0.2458  bal_acc=0.5833
  epoch  25/50  loss=0.2475  bal_acc=0.4774
  epoch  26/50  loss=0.2547  bal_acc=0.5000
  epoch  27/50  loss=0.2315  bal_acc=0.5399
  epoch  28/50  loss=0.2008  bal_acc=0.5122
  epoch  29/50  loss=0.2178  bal_acc=0.5399
  epoch  30/50  loss=0.1963  bal_acc=0.4983
  epoch  31/50  loss=0.2101  bal_acc=0.4878
  epoch  32/50  loss=0.1934  bal_acc=0.4948
  epoch  33/50  loss=0.1937  bal_acc=0.4844
  epoch  34/50  loss=0.1634  bal_acc=0.5399
  epoch  35/50  loss=0.1874  bal_acc=0.5781
  epoch  36/50  loss=0.1660  bal_acc=0.5243
  epoch  37/50  loss=0.1914  bal_acc=0.5382
  epoch  38/50  loss=0.1595  bal_acc=0.5486
  epoch  39/50  loss=0.1520  bal_acc=0.5017
  epoch  40/50  loss=0.1621  bal_acc=0.5590
  epoch  41/50  loss=0.1612  bal_acc=0.5017
  epoch  42/50  loss=0.1440  bal_acc=0.5104
  epoch  43/50  loss=0.1421  bal_acc=0.5729
  epoch  44/50  loss=0.1503  bal_acc=0.5799
  epoch  45/50  loss=0.1547  bal_acc=0.5069
  epoch  46/50  loss=0.1433  bal_acc=0.5799
  epoch  47/50  loss=0.1354  bal_acc=0.5208
  epoch  48/50  loss=0.1424  bal_acc=0.5139
  epoch  49/50  loss=0.1386  bal_acc=0.5017
  epoch  50/50  loss=0.1238  bal_acc=0.5399
  [LOSO 5/9] subject 4: acc=0.5399  running_mean=0.5677

=== LOSO (hold out subject 5) ===
  Train: 4608 trials  |  Test: 576 trials
  Model params: 9,846
  epoch   1/50  loss=1.2349  bal_acc=0.4080
  epoch   2/50  loss=0.9231  bal_acc=0.4306
  epoch   3/50  loss=0.7910  bal_acc=0.4670
  epoch   4/50  loss=0.7007  bal_acc=0.3802
  epoch   5/50  loss=0.6413  bal_acc=0.4340
  epoch   6/50  loss=0.5915  bal_acc=0.4531
  epoch   7/50  loss=0.5546  bal_acc=0.3594
  epoch   8/50  loss=0.4847  bal_acc=0.4045
  epoch   9/50  loss=0.4797  bal_acc=0.4323
  epoch  10/50  loss=0.4397  bal_acc=0.4323
  epoch  11/50  loss=0.4151  bal_acc=0.4462
  epoch  12/50  loss=0.3912  bal_acc=0.3837
  epoch  13/50  loss=0.3676  bal_acc=0.4340
  epoch  14/50  loss=0.3521  bal_acc=0.4149
  epoch  15/50  loss=0.3139  bal_acc=0.4549
  epoch  16/50  loss=0.3152  bal_acc=0.3906
  epoch  17/50  loss=0.2942  bal_acc=0.4392
  epoch  18/50  loss=0.2847  bal_acc=0.4566
  epoch  19/50  loss=0.2738  bal_acc=0.4253
  epoch  20/50  loss=0.2634  bal_acc=0.4722
  epoch  21/50  loss=0.2490  bal_acc=0.5035
  epoch  22/50  loss=0.2523  bal_acc=0.4635
  epoch  23/50  loss=0.2369  bal_acc=0.4653
  epoch  24/50  loss=0.2186  bal_acc=0.3941
  epoch  25/50  loss=0.2034  bal_acc=0.4635
  epoch  26/50  loss=0.2216  bal_acc=0.4896
  epoch  27/50  loss=0.1789  bal_acc=0.3941
  epoch  28/50  loss=0.1910  bal_acc=0.4167
  epoch  29/50  loss=0.1675  bal_acc=0.4531
  epoch  30/50  loss=0.1812  bal_acc=0.4184
  epoch  31/50  loss=0.1819  bal_acc=0.4479
  epoch  32/50  loss=0.1568  bal_acc=0.5052
  epoch  33/50  loss=0.1540  bal_acc=0.4479
  epoch  34/50  loss=0.1641  bal_acc=0.4201
  epoch  35/50  loss=0.1337  bal_acc=0.4583
  epoch  36/50  loss=0.1734  bal_acc=0.4115
  epoch  37/50  loss=0.1511  bal_acc=0.4531
  epoch  38/50  loss=0.1323  bal_acc=0.4618
  epoch  39/50  loss=0.1452  bal_acc=0.4514
  epoch  40/50  loss=0.1416  bal_acc=0.4514
  epoch  41/50  loss=0.1435  bal_acc=0.3924
  epoch  42/50  loss=0.1462  bal_acc=0.3767
  epoch  43/50  loss=0.1175  bal_acc=0.3733
  epoch  44/50  loss=0.1292  bal_acc=0.3993
  epoch  45/50  loss=0.1179  bal_acc=0.4375
  epoch  46/50  loss=0.1073  bal_acc=0.4236
  epoch  47/50  loss=0.1214  bal_acc=0.3872
  epoch  48/50  loss=0.1311  bal_acc=0.4306
  epoch  49/50  loss=0.1289  bal_acc=0.4184
  epoch  50/50  loss=0.1226  bal_acc=0.4444
  [LOSO 6/9] subject 5: acc=0.4444  running_mean=0.5472

=== LOSO (hold out subject 6) ===
  Train: 4608 trials  |  Test: 576 trials
  Model params: 9,846
  epoch   1/50  loss=1.2543  bal_acc=0.5399
  epoch   2/50  loss=0.9863  bal_acc=0.5764
  epoch   3/50  loss=0.8405  bal_acc=0.5226
  epoch   4/50  loss=0.7633  bal_acc=0.6458
  epoch   5/50  loss=0.6633  bal_acc=0.6007
  epoch   6/50  loss=0.6265  bal_acc=0.6163
  epoch   7/50  loss=0.5755  bal_acc=0.6007
  epoch   8/50  loss=0.5428  bal_acc=0.6302
  epoch   9/50  loss=0.5193  bal_acc=0.6111
  epoch  10/50  loss=0.4460  bal_acc=0.6233
  epoch  11/50  loss=0.4692  bal_acc=0.6233
  epoch  12/50  loss=0.4132  bal_acc=0.6198
  epoch  13/50  loss=0.3895  bal_acc=0.6007
  epoch  14/50  loss=0.3612  bal_acc=0.5868
  epoch  15/50  loss=0.3530  bal_acc=0.5938
  epoch  16/50  loss=0.3384  bal_acc=0.5868
  epoch  17/50  loss=0.3160  bal_acc=0.5799
  epoch  18/50  loss=0.3036  bal_acc=0.5955
  epoch  19/50  loss=0.3109  bal_acc=0.5833
  epoch  20/50  loss=0.2768  bal_acc=0.6233
  epoch  21/50  loss=0.2764  bal_acc=0.5729
  epoch  22/50  loss=0.2715  bal_acc=0.6007
  epoch  23/50  loss=0.2317  bal_acc=0.6250
  epoch  24/50  loss=0.2280  bal_acc=0.5955
  epoch  25/50  loss=0.2292  bal_acc=0.5833
  epoch  26/50  loss=0.2500  bal_acc=0.6094
  epoch  27/50  loss=0.2131  bal_acc=0.6181
  epoch  28/50  loss=0.2288  bal_acc=0.6215
  epoch  29/50  loss=0.2052  bal_acc=0.5955
  epoch  30/50  loss=0.1971  bal_acc=0.6007
  epoch  31/50  loss=0.1822  bal_acc=0.5868
  epoch  32/50  loss=0.1781  bal_acc=0.5955
  epoch  33/50  loss=0.1809  bal_acc=0.5990
  epoch  34/50  loss=0.1851  bal_acc=0.6233
  epoch  35/50  loss=0.1754  bal_acc=0.5955
  epoch  36/50  loss=0.1664  bal_acc=0.6163
  epoch  37/50  loss=0.1642  bal_acc=0.5885
  epoch  38/50  loss=0.1917  bal_acc=0.5781
  epoch  39/50  loss=0.1573  bal_acc=0.5920
  epoch  40/50  loss=0.1469  bal_acc=0.6076
  epoch  41/50  loss=0.1485  bal_acc=0.5972
  epoch  42/50  loss=0.1430  bal_acc=0.6146
  epoch  43/50  loss=0.1470  bal_acc=0.6042
  epoch  44/50  loss=0.1466  bal_acc=0.6059
  epoch  45/50  loss=0.1289  bal_acc=0.6059
  epoch  46/50  loss=0.1338  bal_acc=0.5955
  epoch  47/50  loss=0.1321  bal_acc=0.5816
  epoch  48/50  loss=0.1350  bal_acc=0.6007
  epoch  49/50  loss=0.1329  bal_acc=0.6094
  epoch  50/50  loss=0.1372  bal_acc=0.5799
  [LOSO 7/9] subject 6: acc=0.5799  running_mean=0.5518

=== LOSO (hold out subject 7) ===
  Train: 4608 trials  |  Test: 576 trials
  Model params: 9,846
  epoch   1/50  loss=1.2546  bal_acc=0.4601
  epoch   2/50  loss=1.0416  bal_acc=0.5556
  epoch   3/50  loss=0.8870  bal_acc=0.5816
  epoch   4/50  loss=0.7718  bal_acc=0.6493
  epoch   5/50  loss=0.6921  bal_acc=0.5642
  epoch   6/50  loss=0.6451  bal_acc=0.6267
  epoch   7/50  loss=0.5942  bal_acc=0.6458
  epoch   8/50  loss=0.5374  bal_acc=0.6910
  epoch   9/50  loss=0.5003  bal_acc=0.6458
  epoch  10/50  loss=0.4631  bal_acc=0.6545
  epoch  11/50  loss=0.4309  bal_acc=0.6441
  epoch  12/50  loss=0.4134  bal_acc=0.6406
  epoch  13/50  loss=0.3939  bal_acc=0.6337
  epoch  14/50  loss=0.3720  bal_acc=0.6215
  epoch  15/50  loss=0.3592  bal_acc=0.6406
  epoch  16/50  loss=0.3364  bal_acc=0.6424
  epoch  17/50  loss=0.3040  bal_acc=0.6285
  epoch  18/50  loss=0.3094  bal_acc=0.6389
  epoch  19/50  loss=0.2955  bal_acc=0.6372
  epoch  20/50  loss=0.2806  bal_acc=0.6250
  epoch  21/50  loss=0.2633  bal_acc=0.6302
  epoch  22/50  loss=0.2670  bal_acc=0.6215
  epoch  23/50  loss=0.2493  bal_acc=0.6181
  epoch  24/50  loss=0.2361  bal_acc=0.6233
  epoch  25/50  loss=0.2578  bal_acc=0.6146
  epoch  26/50  loss=0.2403  bal_acc=0.6181
  epoch  27/50  loss=0.2182  bal_acc=0.5833
  epoch  28/50  loss=0.2074  bal_acc=0.6319
  epoch  29/50  loss=0.2026  bal_acc=0.6372
  epoch  30/50  loss=0.1818  bal_acc=0.6076
  epoch  31/50  loss=0.1920  bal_acc=0.6285
  epoch  32/50  loss=0.1851  bal_acc=0.6285
  epoch  33/50  loss=0.1791  bal_acc=0.6476
  epoch  34/50  loss=0.1752  bal_acc=0.6059
  epoch  35/50  loss=0.1714  bal_acc=0.6181
  epoch  36/50  loss=0.1725  bal_acc=0.6146
  epoch  37/50  loss=0.1616  bal_acc=0.6076
  epoch  38/50  loss=0.1606  bal_acc=0.5938
  epoch  39/50  loss=0.1386  bal_acc=0.6059
  epoch  40/50  loss=0.1549  bal_acc=0.5903
  epoch  41/50  loss=0.1425  bal_acc=0.5833
  epoch  42/50  loss=0.1602  bal_acc=0.6146
  epoch  43/50  loss=0.1560  bal_acc=0.6128
  epoch  44/50  loss=0.1398  bal_acc=0.6319
  epoch  45/50  loss=0.1434  bal_acc=0.6424
  epoch  46/50  loss=0.1401  bal_acc=0.6111
  epoch  47/50  loss=0.1402  bal_acc=0.6250
  epoch  48/50  loss=0.1294  bal_acc=0.6198
  epoch  49/50  loss=0.1316  bal_acc=0.5434
  epoch  50/50  loss=0.1327  bal_acc=0.6198
  [LOSO 8/9] subject 7: acc=0.6198  running_mean=0.5603

=== LOSO (hold out subject 8) ===
  Train: 4608 trials  |  Test: 576 trials
  Model params: 9,846
  epoch   1/50  loss=1.2529  bal_acc=0.4722
  epoch   2/50  loss=1.0210  bal_acc=0.4913
  epoch   3/50  loss=0.8966  bal_acc=0.5312
  epoch   4/50  loss=0.7665  bal_acc=0.5573
  epoch   5/50  loss=0.7124  bal_acc=0.5260
  epoch   6/50  loss=0.6299  bal_acc=0.4913
  epoch   7/50  loss=0.5997  bal_acc=0.5694
  epoch   8/50  loss=0.5680  bal_acc=0.6267
  epoch   9/50  loss=0.5049  bal_acc=0.5556
  epoch  10/50  loss=0.4857  bal_acc=0.5069
  epoch  11/50  loss=0.4343  bal_acc=0.4792
  epoch  12/50  loss=0.4307  bal_acc=0.5868
  epoch  13/50  loss=0.4064  bal_acc=0.5694
  epoch  14/50  loss=0.3800  bal_acc=0.5972
  epoch  15/50  loss=0.3571  bal_acc=0.6198
  epoch  16/50  loss=0.3436  bal_acc=0.5920
  epoch  17/50  loss=0.2971  bal_acc=0.6007
  epoch  18/50  loss=0.2994  bal_acc=0.6076
  epoch  19/50  loss=0.2882  bal_acc=0.5938
  epoch  20/50  loss=0.2702  bal_acc=0.5903
  epoch  21/50  loss=0.2824  bal_acc=0.5573
  epoch  22/50  loss=0.2692  bal_acc=0.5399
  epoch  23/50  loss=0.2443  bal_acc=0.5469
  epoch  24/50  loss=0.2381  bal_acc=0.5729
  epoch  25/50  loss=0.2284  bal_acc=0.5660
  epoch  26/50  loss=0.2242  bal_acc=0.5538
  epoch  27/50  loss=0.2289  bal_acc=0.5972
  epoch  28/50  loss=0.2222  bal_acc=0.5590
  epoch  29/50  loss=0.1947  bal_acc=0.5590
  epoch  30/50  loss=0.2156  bal_acc=0.5260
  epoch  31/50  loss=0.1921  bal_acc=0.5781
  epoch  32/50  loss=0.1822  bal_acc=0.5573
  epoch  33/50  loss=0.1755  bal_acc=0.5694
  epoch  34/50  loss=0.1750  bal_acc=0.5920
  epoch  35/50  loss=0.1663  bal_acc=0.5590
  epoch  36/50  loss=0.1575  bal_acc=0.5486
  epoch  37/50  loss=0.1648  bal_acc=0.5938
  epoch  38/50  loss=0.1480  bal_acc=0.5868
  epoch  39/50  loss=0.1577  bal_acc=0.5747
  epoch  40/50  loss=0.1483  bal_acc=0.6007
  epoch  41/50  loss=0.1481  bal_acc=0.5330
  epoch  42/50  loss=0.1914  bal_acc=0.5469
  epoch  43/50  loss=0.1562  bal_acc=0.5955
  epoch  44/50  loss=0.1356  bal_acc=0.5885
  epoch  45/50  loss=0.1401  bal_acc=0.5712
  epoch  46/50  loss=0.1417  bal_acc=0.5938
  epoch  47/50  loss=0.1299  bal_acc=0.5885
  epoch  48/50  loss=0.1225  bal_acc=0.5833
  epoch  49/50  loss=0.1113  bal_acc=0.6007
  epoch  50/50  loss=0.1140  bal_acc=0.5781
  [LOSO 9/9] subject 8: acc=0.5781  running_mean=0.5623
Results saved to results/BNCI2014_001/results_trial_82.json
Trial logged to results/BNCI2014_001/trials.csv
[status] trial 82 done (state=COMPLETE, value=0.5623070987654322) -- 71 completed total
Device: cuda
[BNCI2014_001] loading from cache: /home/aleksander.berezowsk/.cache/spiking_eegnet/BNCI2014_001_af1ccf3e92f684d8a93c057082b654d7.npz
[BNCI2014_001] cache hit: (5184, 1, 22, 1001), classes=['feet', 'left_hand', 'right_hand', 'tongue'], subjects=9
Dataset meta: {'n_classes': 4, 'n_channels': 22, 'n_samples': 1001, 'class_names': ['feet', 'left_hand', 'right_hand', 'tongue'], 'subject_list': [1, 2, 3, 4, 5, 6, 7, 8, 9], 'n_subjects': 9, 'sfreq': 250.0}

=== LOSO (hold out subject 0) ===
  Train: 4608 trials  |  Test: 576 trials
  Model params: 13,465
  epoch   1/50  loss=1.2711  bal_acc=0.5000
  epoch   2/50  loss=1.0099  bal_acc=0.5451
  epoch   3/50  loss=0.8323  bal_acc=0.6007
  epoch   4/50  loss=0.7287  bal_acc=0.5608
  epoch   5/50  loss=0.6599  bal_acc=0.5694
  epoch   6/50  loss=0.6240  bal_acc=0.5990
  epoch   7/50  loss=0.5661  bal_acc=0.5938
  epoch   8/50  loss=0.5062  bal_acc=0.5990
  epoch   9/50  loss=0.4795  bal_acc=0.5972
  epoch  10/50  loss=0.4570  bal_acc=0.5990
  epoch  11/50  loss=0.4043  bal_acc=0.5590
  epoch  12/50  loss=0.3749  bal_acc=0.5781
  epoch  13/50  loss=0.3471  bal_acc=0.5955
  epoch  14/50  loss=0.3334  bal_acc=0.5955
  epoch  15/50  loss=0.3150  bal_acc=0.5903
  epoch  16/50  loss=0.2948  bal_acc=0.6094
  epoch  17/50  loss=0.2710  bal_acc=0.6076
  epoch  18/50  loss=0.2600  bal_acc=0.5729
  epoch  19/50  loss=0.2413  bal_acc=0.5556
  epoch  20/50  loss=0.2425  bal_acc=0.5938
  epoch  21/50  loss=0.2389  bal_acc=0.5885
  epoch  22/50  loss=0.2065  bal_acc=0.5642
  epoch  23/50  loss=0.2050  bal_acc=0.5903
  epoch  24/50  loss=0.1816  bal_acc=0.6042
  epoch  25/50  loss=0.1694  bal_acc=0.6094
  epoch  26/50  loss=0.1680  bal_acc=0.6146
  epoch  27/50  loss=0.1548  bal_acc=0.5938
  epoch  28/50  loss=0.1547  bal_acc=0.6233
  epoch  29/50  loss=0.1541  bal_acc=0.6215
  epoch  30/50  loss=0.1353  bal_acc=0.6250
  epoch  31/50  loss=0.1425  bal_acc=0.5885
  epoch  32/50  loss=0.1349  bal_acc=0.5868
  epoch  33/50  loss=0.1173  bal_acc=0.5781
  epoch  34/50  loss=0.1159  bal_acc=0.6163
  epoch  35/50  loss=0.1042  bal_acc=0.5903
  epoch  36/50  loss=0.1092  bal_acc=0.5990
  epoch  37/50  loss=0.1060  bal_acc=0.6059
  epoch  38/50  loss=0.1095  bal_acc=0.6076
  epoch  39/50  loss=0.0877  bal_acc=0.5920
  epoch  40/50  loss=0.0914  bal_acc=0.6059
  epoch  41/50  loss=0.0938  bal_acc=0.6042
  epoch  42/50  loss=0.0881  bal_acc=0.5729
  epoch  43/50  loss=0.0845  bal_acc=0.6024
  epoch  44/50  loss=0.0832  bal_acc=0.5608
  epoch  45/50  loss=0.0848  bal_acc=0.5972
  epoch  46/50  loss=0.0829  bal_acc=0.6007
  epoch  47/50  loss=0.0834  bal_acc=0.5955
  epoch  48/50  loss=0.0627  bal_acc=0.6128
  epoch  49/50  loss=0.0783  bal_acc=0.5920
  epoch  50/50  loss=0.0598  bal_acc=0.5833
  [LOSO 1/9] subject 0: acc=0.5833  running_mean=0.5833

=== LOSO (hold out subject 1) ===
  Train: 4608 trials  |  Test: 576 trials
  Model params: 13,465
  epoch   1/50  loss=1.2811  bal_acc=0.4115
  epoch   2/50  loss=1.0069  bal_acc=0.4375
  epoch   3/50  loss=0.8130  bal_acc=0.4045
  epoch   4/50  loss=0.6978  bal_acc=0.4531
  epoch   5/50  loss=0.6121  bal_acc=0.4097
  epoch   6/50  loss=0.5391  bal_acc=0.4531
  epoch   7/50  loss=0.5026  bal_acc=0.4497
  epoch   8/50  loss=0.4622  bal_acc=0.4497
  epoch   9/50  loss=0.4089  bal_acc=0.4601
  epoch  10/50  loss=0.3732  bal_acc=0.3993
  epoch  11/50  loss=0.3625  bal_acc=0.4427
  epoch  12/50  loss=0.3324  bal_acc=0.4601
  epoch  13/50  loss=0.3013  bal_acc=0.4670
  epoch  14/50  loss=0.2802  bal_acc=0.4497
  epoch  15/50  loss=0.2660  bal_acc=0.4184
  epoch  16/50  loss=0.2358  bal_acc=0.4271
  epoch  17/50  loss=0.2215  bal_acc=0.4635
  epoch  18/50  loss=0.2257  bal_acc=0.4392
  epoch  19/50  loss=0.1956  bal_acc=0.4410
  epoch  20/50  loss=0.1942  bal_acc=0.4271
  epoch  21/50  loss=0.1801  bal_acc=0.4601
  epoch  22/50  loss=0.1734  bal_acc=0.4583
  epoch  23/50  loss=0.1547  bal_acc=0.4653
  epoch  24/50  loss=0.1533  bal_acc=0.4479
  epoch  25/50  loss=0.1355  bal_acc=0.4497
  epoch  26/50  loss=0.1412  bal_acc=0.4375
  epoch  27/50  loss=0.1263  bal_acc=0.4653
  epoch  28/50  loss=0.1246  bal_acc=0.4583
  epoch  29/50  loss=0.1169  bal_acc=0.4410
  epoch  30/50  loss=0.1185  bal_acc=0.4340
  epoch  31/50  loss=0.1018  bal_acc=0.4497
  epoch  32/50  loss=0.1124  bal_acc=0.4306
  epoch  33/50  loss=0.0966  bal_acc=0.4601
  epoch  34/50  loss=0.0873  bal_acc=0.4514
  epoch  35/50  loss=0.0862  bal_acc=0.4410
  epoch  36/50  loss=0.0994  bal_acc=0.4514
  epoch  37/50  loss=0.0839  bal_acc=0.4462
  epoch  38/50  loss=0.0832  bal_acc=0.4531
  epoch  39/50  loss=0.0830  bal_acc=0.4444
  epoch  40/50  loss=0.0739  bal_acc=0.4340
  epoch  41/50  loss=0.0740  bal_acc=0.4635
  epoch  42/50  loss=0.0801  bal_acc=0.4740
  epoch  43/50  loss=0.0641  bal_acc=0.4514
  epoch  44/50  loss=0.0563  bal_acc=0.4479
  epoch  45/50  loss=0.0725  bal_acc=0.4792
  epoch  46/50  loss=0.0698  bal_acc=0.4514
  epoch  47/50  loss=0.0627  bal_acc=0.3715
  epoch  48/50  loss=0.0607  bal_acc=0.4323
  epoch  49/50  loss=0.0629  bal_acc=0.4549
  epoch  50/50  loss=0.0543  bal_acc=0.4618
  [LOSO 2/9] subject 1: acc=0.4618  running_mean=0.5226

=== LOSO (hold out subject 2) ===
  Train: 4608 trials  |  Test: 576 trials
  Model params: 13,465
  epoch   1/50  loss=1.2639  bal_acc=0.5868
  epoch   2/50  loss=1.0053  bal_acc=0.6753
  epoch   3/50  loss=0.8595  bal_acc=0.7014
  epoch   4/50  loss=0.7686  bal_acc=0.6858
  epoch   5/50  loss=0.6999  bal_acc=0.7240
  epoch   6/50  loss=0.6588  bal_acc=0.7396
  epoch   7/50  loss=0.6204  bal_acc=0.7344
  epoch   8/50  loss=0.5627  bal_acc=0.6875
  epoch   9/50  loss=0.5222  bal_acc=0.7309
  epoch  10/50  loss=0.4910  bal_acc=0.7118
  epoch  11/50  loss=0.4640  bal_acc=0.7049
  epoch  12/50  loss=0.4412  bal_acc=0.6719
  epoch  13/50  loss=0.4080  bal_acc=0.6684
  epoch  14/50  loss=0.3782  bal_acc=0.7014
  epoch  15/50  loss=0.3531  bal_acc=0.6979
  epoch  16/50  loss=0.3332  bal_acc=0.6319
  epoch  17/50  loss=0.3090  bal_acc=0.7135
  epoch  18/50  loss=0.2916  bal_acc=0.6545
  epoch  19/50  loss=0.2818  bal_acc=0.7205
  epoch  20/50  loss=0.2497  bal_acc=0.6910
  epoch  21/50  loss=0.2550  bal_acc=0.6302
  epoch  22/50  loss=0.2320  bal_acc=0.7049
  epoch  23/50  loss=0.2293  bal_acc=0.6649
  epoch  24/50  loss=0.1989  bal_acc=0.6545
  epoch  25/50  loss=0.2131  bal_acc=0.6580
  epoch  26/50  loss=0.1905  bal_acc=0.7274
  epoch  27/50  loss=0.1931  bal_acc=0.6788
  epoch  28/50  loss=0.1711  bal_acc=0.6788
  epoch  29/50  loss=0.1754  bal_acc=0.6788
  epoch  30/50  loss=0.1656  bal_acc=0.6753
  epoch  31/50  loss=0.1482  bal_acc=0.6267
  epoch  32/50  loss=0.1441  bal_acc=0.6858
  epoch  33/50  loss=0.1458  bal_acc=0.6788
  epoch  34/50  loss=0.1379  bal_acc=0.6788
  epoch  35/50  loss=0.1265  bal_acc=0.6545
  epoch  36/50  loss=0.1308  bal_acc=0.6892
  epoch  37/50  loss=0.1214  bal_acc=0.6701
  epoch  38/50  loss=0.1291  bal_acc=0.6962
  epoch  39/50  loss=0.1084  bal_acc=0.6632
  epoch  40/50  loss=0.1147  bal_acc=0.6476
  epoch  41/50  loss=0.1010  bal_acc=0.6840
  epoch  42/50  loss=0.1057  bal_acc=0.6892
  epoch  43/50  loss=0.0980  bal_acc=0.7066
  epoch  44/50  loss=0.0896  bal_acc=0.6806
  epoch  45/50  loss=0.0924  bal_acc=0.6736
  epoch  46/50  loss=0.0884  bal_acc=0.6875
  epoch  47/50  loss=0.0857  bal_acc=0.6858
  epoch  48/50  loss=0.0947  bal_acc=0.7205
  epoch  49/50  loss=0.0950  bal_acc=0.6701
  epoch  50/50  loss=0.0922  bal_acc=0.6406
  [LOSO 3/9] subject 2: acc=0.6406  running_mean=0.5619

=== LOSO (hold out subject 3) ===
  Train: 4608 trials  |  Test: 576 trials
  Model params: 13,465
  epoch   1/50  loss=1.2762  bal_acc=0.3698
  epoch   2/50  loss=1.0012  bal_acc=0.4201
  epoch   3/50  loss=0.8290  bal_acc=0.4792
  epoch   4/50  loss=0.7150  bal_acc=0.4809
  epoch   5/50  loss=0.6362  bal_acc=0.4410
  epoch   6/50  loss=0.5829  bal_acc=0.5486
  epoch   7/50  loss=0.5314  bal_acc=0.5035
  epoch   8/50  loss=0.4867  bal_acc=0.5382
  epoch   9/50  loss=0.4528  bal_acc=0.5174
  epoch  10/50  loss=0.4153  bal_acc=0.4566
  epoch  11/50  loss=0.3794  bal_acc=0.5156
  epoch  12/50  loss=0.3584  bal_acc=0.5174
  epoch  13/50  loss=0.3236  bal_acc=0.4774
  epoch  14/50  loss=0.3148  bal_acc=0.4826
  epoch  15/50  loss=0.2773  bal_acc=0.5347
  epoch  16/50  loss=0.2661  bal_acc=0.5503
  epoch  17/50  loss=0.2523  bal_acc=0.4792
  epoch  18/50  loss=0.2340  bal_acc=0.5139
  epoch  19/50  loss=0.2187  bal_acc=0.4965
  epoch  20/50  loss=0.2108  bal_acc=0.5608
  epoch  21/50  loss=0.1958  bal_acc=0.5104
  epoch  22/50  loss=0.1988  bal_acc=0.5069
  epoch  23/50  loss=0.1643  bal_acc=0.5625
  epoch  24/50  loss=0.1589  bal_acc=0.5226
  epoch  25/50  loss=0.1532  bal_acc=0.5382
  epoch  26/50  loss=0.1441  bal_acc=0.5642
  epoch  27/50  loss=0.1407  bal_acc=0.5347
  epoch  28/50  loss=0.1282  bal_acc=0.5434
  epoch  29/50  loss=0.1398  bal_acc=0.5660
  epoch  30/50  loss=0.1154  bal_acc=0.5174
  epoch  31/50  loss=0.1100  bal_acc=0.5191
  epoch  32/50  loss=0.1166  bal_acc=0.5087
  epoch  33/50  loss=0.0990  bal_acc=0.5122
  epoch  34/50  loss=0.1029  bal_acc=0.5260
  epoch  35/50  loss=0.1026  bal_acc=0.5417
  epoch  36/50  loss=0.1006  bal_acc=0.5139
  epoch  37/50  loss=0.1030  bal_acc=0.5469
  epoch  38/50  loss=0.0905  bal_acc=0.5295
  epoch  39/50  loss=0.0699  bal_acc=0.5312
  epoch  40/50  loss=0.0791  bal_acc=0.5417
  epoch  41/50  loss=0.0876  bal_acc=0.4965
  epoch  42/50  loss=0.0905  bal_acc=0.5000
  epoch  43/50  loss=0.0805  bal_acc=0.5538
  epoch  44/50  loss=0.0744  bal_acc=0.5260
  epoch  45/50  loss=0.0736  bal_acc=0.5382
  epoch  46/50  loss=0.0693  bal_acc=0.4826
  epoch  47/50  loss=0.0690  bal_acc=0.4722
  epoch  48/50  loss=0.0696  bal_acc=0.5122
  epoch  49/50  loss=0.0679  bal_acc=0.4896
  epoch  50/50  loss=0.0635  bal_acc=0.5226
  [LOSO 4/9] subject 3: acc=0.5226  running_mean=0.5521

=== LOSO (hold out subject 4) ===
  Train: 4608 trials  |  Test: 576 trials
  Model params: 13,465
  epoch   1/50  loss=1.2622  bal_acc=0.4028
  epoch   2/50  loss=0.9696  bal_acc=0.4688
  epoch   3/50  loss=0.8196  bal_acc=0.4861
  epoch   4/50  loss=0.7206  bal_acc=0.4444
  epoch   5/50  loss=0.6501  bal_acc=0.5278
  epoch   6/50  loss=0.6042  bal_acc=0.4705
  epoch   7/50  loss=0.5537  bal_acc=0.4826
  epoch   8/50  loss=0.5145  bal_acc=0.4444
  epoch   9/50  loss=0.4673  bal_acc=0.4826
  epoch  10/50  loss=0.4431  bal_acc=0.5035
  epoch  11/50  loss=0.4005  bal_acc=0.4618
  epoch  12/50  loss=0.3878  bal_acc=0.4878
  epoch  13/50  loss=0.3590  bal_acc=0.5122
  epoch  14/50  loss=0.3407  bal_acc=0.5347
  epoch  15/50  loss=0.3188  bal_acc=0.4792
  epoch  16/50  loss=0.2961  bal_acc=0.5330
  epoch  17/50  loss=0.2729  bal_acc=0.5104
  epoch  18/50  loss=0.2698  bal_acc=0.4844
  epoch  19/50  loss=0.2427  bal_acc=0.5035
  epoch  20/50  loss=0.2316  bal_acc=0.5208
  epoch  21/50  loss=0.2319  bal_acc=0.5330
  epoch  22/50  loss=0.2039  bal_acc=0.4809
  epoch  23/50  loss=0.1946  bal_acc=0.5017
  epoch  24/50  loss=0.1787  bal_acc=0.5486
  epoch  25/50  loss=0.1635  bal_acc=0.5764
  epoch  26/50  loss=0.1785  bal_acc=0.4913
  epoch  27/50  loss=0.1585  bal_acc=0.5191
  epoch  28/50  loss=0.1564  bal_acc=0.5486
  epoch  29/50  loss=0.1456  bal_acc=0.5538
  epoch  30/50  loss=0.1284  bal_acc=0.5382
  epoch  31/50  loss=0.1371  bal_acc=0.5035
  epoch  32/50  loss=0.1337  bal_acc=0.5712
  epoch  33/50  loss=0.1223  bal_acc=0.5660
  epoch  34/50  loss=0.1165  bal_acc=0.5104
  epoch  35/50  loss=0.1169  bal_acc=0.5694
  epoch  36/50  loss=0.1141  bal_acc=0.4896
  epoch  37/50  loss=0.1234  bal_acc=0.4774
  epoch  38/50  loss=0.1148  bal_acc=0.5573
  epoch  39/50  loss=0.0915  bal_acc=0.5434
  epoch  40/50  loss=0.1019  bal_acc=0.5035
  epoch  41/50  loss=0.1027  bal_acc=0.5278
  epoch  42/50  loss=0.1042  bal_acc=0.4861
  epoch  43/50  loss=0.0842  bal_acc=0.4983
  epoch  44/50  loss=0.0713  bal_acc=0.5104
  epoch  45/50  loss=0.0732  bal_acc=0.5764
  epoch  46/50  loss=0.0638  bal_acc=0.5208
  epoch  47/50  loss=0.0802  bal_acc=0.5069
  epoch  48/50  loss=0.0758  bal_acc=0.4618
  epoch  49/50  loss=0.0762  bal_acc=0.5122
  epoch  50/50  loss=0.0670  bal_acc=0.5122
  [LOSO 5/9] subject 4: acc=0.5122  running_mean=0.5441

=== LOSO (hold out subject 5) ===
  Train: 4608 trials  |  Test: 576 trials
  Model params: 13,465
  epoch   1/50  loss=1.2529  bal_acc=0.3681
  epoch   2/50  loss=0.9799  bal_acc=0.4028
  epoch   3/50  loss=0.8132  bal_acc=0.4740
  epoch   4/50  loss=0.7047  bal_acc=0.4566
  epoch   5/50  loss=0.6263  bal_acc=0.4705
  epoch   6/50  loss=0.5719  bal_acc=0.5035
  epoch   7/50  loss=0.5190  bal_acc=0.4444
  epoch   8/50  loss=0.4740  bal_acc=0.4618
  epoch   9/50  loss=0.4491  bal_acc=0.4514
  epoch  10/50  loss=0.4089  bal_acc=0.4271
  epoch  11/50  loss=0.3776  bal_acc=0.4549
  epoch  12/50  loss=0.3426  bal_acc=0.4184
  epoch  13/50  loss=0.3223  bal_acc=0.4705
  epoch  14/50  loss=0.3053  bal_acc=0.4601
  epoch  15/50  loss=0.2769  bal_acc=0.4670
  epoch  16/50  loss=0.2645  bal_acc=0.4410
  epoch  17/50  loss=0.2444  bal_acc=0.4271
  epoch  18/50  loss=0.2250  bal_acc=0.4931
  epoch  19/50  loss=0.2142  bal_acc=0.4757
  epoch  20/50  loss=0.2018  bal_acc=0.4306
  epoch  21/50  loss=0.1920  bal_acc=0.4462
  epoch  22/50  loss=0.1759  bal_acc=0.4167
  epoch  23/50  loss=0.1666  bal_acc=0.4635
  epoch  24/50  loss=0.1615  bal_acc=0.4340
  epoch  25/50  loss=0.1509  bal_acc=0.3854
  epoch  26/50  loss=0.1556  bal_acc=0.4149
  epoch  27/50  loss=0.1468  bal_acc=0.4097
  epoch  28/50  loss=0.1299  bal_acc=0.4236
  epoch  29/50  loss=0.1151  bal_acc=0.4236
  epoch  30/50  loss=0.1080  bal_acc=0.4149
  epoch  31/50  loss=0.1138  bal_acc=0.4375
  epoch  32/50  loss=0.1035  bal_acc=0.4306
  epoch  33/50  loss=0.1068  bal_acc=0.4045
  epoch  34/50  loss=0.1081  bal_acc=0.3993
  epoch  35/50  loss=0.1034  bal_acc=0.4549
  epoch  36/50  loss=0.0972  bal_acc=0.4514
  epoch  37/50  loss=0.0963  bal_acc=0.4410
  epoch  38/50  loss=0.0972  bal_acc=0.4167
  epoch  39/50  loss=0.0864  bal_acc=0.4462
  epoch  40/50  loss=0.0888  bal_acc=0.4340
  epoch  41/50  loss=0.0755  bal_acc=0.4323
  epoch  42/50  loss=0.0652  bal_acc=0.3802
  epoch  43/50  loss=0.0779  bal_acc=0.3906
  epoch  44/50  loss=0.0639  bal_acc=0.4549
  epoch  45/50  loss=0.0626  bal_acc=0.4306
  epoch  46/50  loss=0.0733  bal_acc=0.4115
  epoch  47/50  loss=0.0660  bal_acc=0.4323
  epoch  48/50  loss=0.0700  bal_acc=0.4201
  epoch  49/50  loss=0.0659  bal_acc=0.3872
  epoch  50/50  loss=0.0767  bal_acc=0.4219
  [LOSO 6/9] subject 5: acc=0.4219  running_mean=0.5237

=== LOSO (hold out subject 6) ===
  Train: 4608 trials  |  Test: 576 trials
  Model params: 13,465
  epoch   1/50  loss=1.2703  bal_acc=0.4358
  epoch   2/50  loss=0.9945  bal_acc=0.5625
  epoch   3/50  loss=0.8444  bal_acc=0.5677
  epoch   4/50  loss=0.7507  bal_acc=0.5920
  epoch   5/50  loss=0.6534  bal_acc=0.5712
  epoch   6/50  loss=0.6057  bal_acc=0.5538
  epoch   7/50  loss=0.5496  bal_acc=0.6128
  epoch   8/50  loss=0.5055  bal_acc=0.5903
  epoch   9/50  loss=0.4685  bal_acc=0.5660
  epoch  10/50  loss=0.4413  bal_acc=0.5694
  epoch  11/50  loss=0.4025  bal_acc=0.6094
  epoch  12/50  loss=0.3801  bal_acc=0.5035
  epoch  13/50  loss=0.3497  bal_acc=0.6007
  epoch  14/50  loss=0.3313  bal_acc=0.6198
  epoch  15/50  loss=0.3178  bal_acc=0.5642
  epoch  16/50  loss=0.2873  bal_acc=0.6250
  epoch  17/50  loss=0.2812  bal_acc=0.6146
  epoch  18/50  loss=0.2667  bal_acc=0.6059
  epoch  19/50  loss=0.2492  bal_acc=0.5451
  epoch  20/50  loss=0.2353  bal_acc=0.5885
  epoch  21/50  loss=0.2235  bal_acc=0.5868
  epoch  22/50  loss=0.1971  bal_acc=0.5972
  epoch  23/50  loss=0.2040  bal_acc=0.5712
  epoch  24/50  loss=0.1952  bal_acc=0.5642
  epoch  25/50  loss=0.1776  bal_acc=0.5556
  epoch  26/50  loss=0.1634  bal_acc=0.5972
  epoch  27/50  loss=0.1527  bal_acc=0.5729
  epoch  28/50  loss=0.1510  bal_acc=0.5938
  epoch  29/50  loss=0.1491  bal_acc=0.6094
  epoch  30/50  loss=0.1370  bal_acc=0.5990
  epoch  31/50  loss=0.1505  bal_acc=0.6007
  epoch  32/50  loss=0.1310  bal_acc=0.6007
  epoch  33/50  loss=0.1274  bal_acc=0.5503
  epoch  34/50  loss=0.1245  bal_acc=0.5538
  epoch  35/50  loss=0.1171  bal_acc=0.5781
  epoch  36/50  loss=0.1062  bal_acc=0.5955
  epoch  37/50  loss=0.1148  bal_acc=0.6267
  epoch  38/50  loss=0.1000  bal_acc=0.5868
  epoch  39/50  loss=0.1078  bal_acc=0.5816
  epoch  40/50  loss=0.0987  bal_acc=0.5885
  epoch  41/50  loss=0.0931  bal_acc=0.6163
  epoch  42/50  loss=0.0917  bal_acc=0.5938
  epoch  43/50  loss=0.0856  bal_acc=0.5538
  epoch  44/50  loss=0.0822  bal_acc=0.6042
  epoch  45/50  loss=0.0819  bal_acc=0.6059
  epoch  46/50  loss=0.0888  bal_acc=0.5990
  epoch  47/50  loss=0.0893  bal_acc=0.5920
  epoch  48/50  loss=0.0826  bal_acc=0.6094
  epoch  49/50  loss=0.0773  bal_acc=0.5799
  epoch  50/50  loss=0.0714  bal_acc=0.6111
  [LOSO 7/9] subject 6: acc=0.6111  running_mean=0.5362

=== LOSO (hold out subject 7) ===
  Train: 4608 trials  |  Test: 576 trials
  Model params: 13,465
  epoch   1/50  loss=1.2894  bal_acc=0.4965
  epoch   2/50  loss=1.0321  bal_acc=0.6024
  epoch   3/50  loss=0.8821  bal_acc=0.6146
  epoch   4/50  loss=0.7695  bal_acc=0.6719
  epoch   5/50  loss=0.6862  bal_acc=0.6476
  epoch   6/50  loss=0.6357  bal_acc=0.6667
  epoch   7/50  loss=0.5604  bal_acc=0.6753
  epoch   8/50  loss=0.5288  bal_acc=0.6823
  epoch   9/50  loss=0.4899  bal_acc=0.6441
  epoch  10/50  loss=0.4586  bal_acc=0.6736
  epoch  11/50  loss=0.4136  bal_acc=0.6962
  epoch  12/50  loss=0.3863  bal_acc=0.6580
  epoch  13/50  loss=0.3658  bal_acc=0.6024
  epoch  14/50  loss=0.3524  bal_acc=0.6441
  epoch  15/50  loss=0.3314  bal_acc=0.6267
  epoch  16/50  loss=0.2939  bal_acc=0.6458
  epoch  17/50  loss=0.2829  bal_acc=0.6406
  epoch  18/50  loss=0.2572  bal_acc=0.6424
  epoch  19/50  loss=0.2486  bal_acc=0.6736
  epoch  20/50  loss=0.2444  bal_acc=0.6597
  epoch  21/50  loss=0.2326  bal_acc=0.6736
  epoch  22/50  loss=0.2205  bal_acc=0.6424
  epoch  23/50  loss=0.2124  bal_acc=0.6372
  epoch  24/50  loss=0.1907  bal_acc=0.6389
  epoch  25/50  loss=0.1839  bal_acc=0.6354
  epoch  26/50  loss=0.1615  bal_acc=0.6406
  epoch  27/50  loss=0.1577  bal_acc=0.6389
  epoch  28/50  loss=0.1617  bal_acc=0.6389
  epoch  29/50  loss=0.1551  bal_acc=0.6389
  epoch  30/50  loss=0.1361  bal_acc=0.6406
  epoch  31/50  loss=0.1392  bal_acc=0.6285
  epoch  32/50  loss=0.1436  bal_acc=0.6476
  epoch  33/50  loss=0.1257  bal_acc=0.6424
  epoch  34/50  loss=0.1221  bal_acc=0.6094
  epoch  35/50  loss=0.1149  bal_acc=0.6510
  epoch  36/50  loss=0.1075  bal_acc=0.6354
  epoch  37/50  loss=0.1049  bal_acc=0.6354
  epoch  38/50  loss=0.1069  bal_acc=0.6354
  epoch  39/50  loss=0.1160  bal_acc=0.6024
  epoch  40/50  loss=0.1061  bal_acc=0.6493
  epoch  41/50  loss=0.0937  bal_acc=0.6233
  epoch  42/50  loss=0.0968  bal_acc=0.6406
  epoch  43/50  loss=0.1018  bal_acc=0.6198
  epoch  44/50  loss=0.0837  bal_acc=0.6337
  epoch  45/50  loss=0.0822  bal_acc=0.6233
  epoch  46/50  loss=0.0829  bal_acc=0.6493
  epoch  47/50  loss=0.0774  bal_acc=0.6354
  epoch  48/50  loss=0.0766  bal_acc=0.6319
  epoch  49/50  loss=0.0818  bal_acc=0.6354
  epoch  50/50  loss=0.0688  bal_acc=0.6319
  [LOSO 8/9] subject 7: acc=0.6319  running_mean=0.5482

=== LOSO (hold out subject 8) ===
  Train: 4608 trials  |  Test: 576 trials
  Model params: 13,465
  epoch   1/50  loss=1.2660  bal_acc=0.4340
  epoch   2/50  loss=0.9986  bal_acc=0.5069
  epoch   3/50  loss=0.8257  bal_acc=0.5573
  epoch   4/50  loss=0.7376  bal_acc=0.5017
  epoch   5/50  loss=0.6613  bal_acc=0.5521
  epoch   6/50  loss=0.6068  bal_acc=0.5260
  epoch   7/50  loss=0.5599  bal_acc=0.5642
  epoch   8/50  loss=0.5080  bal_acc=0.6076
  epoch   9/50  loss=0.4758  bal_acc=0.5642
  epoch  10/50  loss=0.4424  bal_acc=0.5851
  epoch  11/50  loss=0.4119  bal_acc=0.5833
  epoch  12/50  loss=0.3947  bal_acc=0.5903
  epoch  13/50  loss=0.3582  bal_acc=0.5851
  epoch  14/50  loss=0.3281  bal_acc=0.6302
  epoch  15/50  loss=0.3033  bal_acc=0.6181
  epoch  16/50  loss=0.2925  bal_acc=0.5712
  epoch  17/50  loss=0.2668  bal_acc=0.6441
  epoch  18/50  loss=0.2592  bal_acc=0.6372
  epoch  19/50  loss=0.2445  bal_acc=0.6319
  epoch  20/50  loss=0.2205  bal_acc=0.6302
  epoch  21/50  loss=0.2091  bal_acc=0.5955
  epoch  22/50  loss=0.2038  bal_acc=0.6233
  epoch  23/50  loss=0.1808  bal_acc=0.5920
  epoch  24/50  loss=0.1805  bal_acc=0.5799
  epoch  25/50  loss=0.1678  bal_acc=0.6042
  epoch  26/50  loss=0.1745  bal_acc=0.6354
  epoch  27/50  loss=0.1473  bal_acc=0.6042
  epoch  28/50  loss=0.1501  bal_acc=0.5781
  epoch  29/50  loss=0.1472  bal_acc=0.5990
  epoch  30/50  loss=0.1369  bal_acc=0.5938
  epoch  31/50  loss=0.1256  bal_acc=0.6094
  epoch  32/50  loss=0.1224  bal_acc=0.6024
  epoch  33/50  loss=0.1014  bal_acc=0.6163
  epoch  34/50  loss=0.1048  bal_acc=0.6076
  epoch  35/50  loss=0.1172  bal_acc=0.5747
