mkdir: cannot create directory ‘/scratch/mne_data’: Permission denied

[notice] A new release of pip is available: 24.2 -> 26.1.2
[notice] To update, run: pip install --upgrade pip

[notice] A new release of pip is available: 24.2 -> 26.1.2
[notice] To update, run: pip install --upgrade pip
ERROR: Invalid requirement: 'Binary file requirements.txt matches': Expected end or semicolon (after name and no valid version specifier)
    Binary file requirements.txt matches
           ^ (from line 1 of /home/aleksander.berezowsk/requirements_notorch.txt)

[notice] A new release of pip is available: 24.2 -> 26.1.2
[notice] To update, run: pip install --upgrade pip

[notice] A new release of pip is available: 24.2 -> 26.1.2
[notice] To update, run: pip install --upgrade pip
/home/aleksander.berezowsk/spiking-eegnet/src/main.py:92: ExperimentalWarning: Argument ``multivariate`` is an experimental feature. The interface can change in the future.
  sampler=TPESampler(n_startup_trials=tpe_trails, multivariate=True, group=True)
/home/aleksander.berezowsk/spiking-eegnet/src/main.py:92: ExperimentalWarning: Argument ``group`` is an experimental feature. The interface can change in the future.
  sampler=TPESampler(n_startup_trials=tpe_trails, multivariate=True, group=True)
[I 2026-07-07 02:07:42,581] Using an existing study with name 'snn_eegnet_v4_400_40' instead of creating a new one.
[I 2026-07-07 04:48:09,200] Trial 112 finished with value: 0.5437885802469136 and parameters: {'LR_EXP': -3.1440048882693232, 'DROPOUT': 0.3911648153012682, 'BETA': 0.9705396767919985, 'SPIKE_GRAD_SLOPE': 38.926274564664155, 'TEMPORAL_FILTERS': 30, 'DEPTH_MULTIPLIER': 4, 'POINTWISE_FILTERS': 56, 'TEMPORAL_KERNEL_DIV': 7, 'SEPARABLE_KERNEL_SIZE': 41, 'POOL1_SIZE': 3, 'POOL2_SIZE': 5, 'N_STEPS_TRAIN': 8, 'N_STEPS_EVAL': 30, 'READOUT_MODE': 'spk_sum'}. Best is trial 111 with value: 0.5725308641975309.
[I 2026-07-07 08:43:39,003] Trial 116 finished with value: 0.5636574074074074 and parameters: {'LR_EXP': -3.2668663050409323, 'DROPOUT': 0.47058807241082873, 'BETA': 0.7936535051277667, 'SPIKE_GRAD_SLOPE': 35.37644298989052, 'TEMPORAL_FILTERS': 39, 'DEPTH_MULTIPLIER': 3, 'POINTWISE_FILTERS': 27, 'TEMPORAL_KERNEL_DIV': 8, 'SEPARABLE_KERNEL_SIZE': 35, 'POOL1_SIZE': 4, 'POOL2_SIZE': 3, 'N_STEPS_TRAIN': 11, 'N_STEPS_EVAL': 18, 'READOUT_MODE': 'spk_mean'}. Best is trial 111 with value: 0.5725308641975309.
slurmstepd: error: *** JOB 44392970 ON fg7 CANCELLED AT 2026-07-07T10:32:15 ***
