mkdir: cannot create directory ‘/scratch/mne_data’: Permission denied

[notice] A new release of pip is available: 24.2 -> 26.1.2
[notice] To update, run: pip install --upgrade pip

[notice] A new release of pip is available: 24.2 -> 26.1.2
[notice] To update, run: pip install --upgrade pip
ERROR: Invalid requirement: 'Binary file requirements.txt matches': Expected end or semicolon (after name and no valid version specifier)
    Binary file requirements.txt matches
           ^ (from line 1 of /home/aleksander.berezowsk/requirements_notorch.txt)

[notice] A new release of pip is available: 24.2 -> 26.1.2
[notice] To update, run: pip install --upgrade pip

[notice] A new release of pip is available: 24.2 -> 26.1.2
[notice] To update, run: pip install --upgrade pip
/home/aleksander.berezowsk/spiking-eegnet/src/main.py:92: ExperimentalWarning: Argument ``multivariate`` is an experimental feature. The interface can change in the future.
  sampler=TPESampler(n_startup_trials=tpe_trails, multivariate=True, group=True)
/home/aleksander.berezowsk/spiking-eegnet/src/main.py:92: ExperimentalWarning: Argument ``group`` is an experimental feature. The interface can change in the future.
  sampler=TPESampler(n_startup_trials=tpe_trails, multivariate=True, group=True)
[I 2026-07-05 01:58:35,429] Using an existing study with name 'snn_eegnet_v4_400_40' instead of creating a new one.
[I 2026-07-05 03:52:30,795] Trial 43 finished with value: 0.47183641975308643 and parameters: {'LR_EXP': -4.076279452047817, 'DROPOUT': 0.27382292615936177, 'BETA': 0.8569346601019721, 'SPIKE_GRAD_SLOPE': 48.096861334316614, 'TEMPORAL_FILTERS': 60, 'DEPTH_MULTIPLIER': 1, 'POINTWISE_FILTERS': 36, 'TEMPORAL_KERNEL_DIV': 8, 'SEPARABLE_KERNEL_SIZE': 35, 'POOL1_SIZE': 8, 'POOL2_SIZE': 4, 'N_STEPS_TRAIN': 4, 'N_STEPS_EVAL': 29, 'READOUT_MODE': 'spk_mean'}. Best is trial 10 with value: 0.566550925925926.
[I 2026-07-05 06:56:32,425] Trial 47 finished with value: 0.5630787037037037 and parameters: {'LR_EXP': -2.7208155560448115, 'DROPOUT': 0.3684396564317036, 'BETA': 0.7794471853422705, 'SPIKE_GRAD_SLOPE': 3.854894457249117, 'TEMPORAL_FILTERS': 28, 'DEPTH_MULTIPLIER': 3, 'POINTWISE_FILTERS': 14, 'TEMPORAL_KERNEL_DIV': 7, 'SEPARABLE_KERNEL_SIZE': 11, 'POOL1_SIZE': 5, 'POOL2_SIZE': 4, 'N_STEPS_TRAIN': 12, 'N_STEPS_EVAL': 19, 'READOUT_MODE': 'spk_mean'}. Best is trial 10 with value: 0.566550925925926.
[I 2026-07-05 09:21:31,758] Trial 52 finished with value: 0.5318287037037037 and parameters: {'LR_EXP': -2.7405965874748417, 'DROPOUT': 0.4988356310082876, 'BETA': 0.8116476582794969, 'SPIKE_GRAD_SLOPE': 35.15253078179613, 'TEMPORAL_FILTERS': 47, 'DEPTH_MULTIPLIER': 2, 'POINTWISE_FILTERS': 58, 'TEMPORAL_KERNEL_DIV': 4, 'SEPARABLE_KERNEL_SIZE': 13, 'POOL1_SIZE': 2, 'POOL2_SIZE': 7, 'N_STEPS_TRAIN': 5, 'N_STEPS_EVAL': 25, 'READOUT_MODE': 'spk_sum'}. Best is trial 46 with value: 0.5719521604938271.
[I 2026-07-05 13:28:00,989] Trial 54 finished with value: 0.5613425925925926 and parameters: {'LR_EXP': -4.118842137323309, 'DROPOUT': 0.4004430217074033, 'BETA': 0.9833974118069863, 'SPIKE_GRAD_SLOPE': 19.935982635552158, 'TEMPORAL_FILTERS': 38, 'DEPTH_MULTIPLIER': 4, 'POINTWISE_FILTERS': 61, 'TEMPORAL_KERNEL_DIV': 5, 'SEPARABLE_KERNEL_SIZE': 40, 'POOL1_SIZE': 2, 'POOL2_SIZE': 5, 'N_STEPS_TRAIN': 9, 'N_STEPS_EVAL': 24, 'READOUT_MODE': 'spk_mean'}. Best is trial 46 with value: 0.5719521604938271.
