Job ID   : 44392957
Node     : fg1
Started  : Sat Jul  4 16:07:01 MDT 2026
Directory: /home/aleksander.berezowsk/spiking-eegnet
Requirement already satisfied: setuptools==69.5.1 in /home/aleksander.berezowsk/venv/lib/python3.12/site-packages (69.5.1)
Requirement already satisfied: torch==2.4.0 in /home/aleksander.berezowsk/venv/lib/python3.12/site-packages (2.4.0)
Requirement already satisfied: torchvision==0.19.0 in /home/aleksander.berezowsk/venv/lib/python3.12/site-packages (0.19.0)
Requirement already satisfied: torchaudio==2.4.0 in /home/aleksander.berezowsk/venv/lib/python3.12/site-packages (2.4.0)
Requirement already satisfied: torchmetrics in /home/aleksander.berezowsk/venv/lib/python3.12/site-packages (1.9.0)
Requirement already satisfied: filelock in /home/aleksander.berezowsk/venv/lib/python3.12/site-packages (from torch==2.4.0) (3.29.0)
Requirement already satisfied: typing-extensions>=4.8.0 in /home/aleksander.berezowsk/venv/lib/python3.12/site-packages (from torch==2.4.0) (4.15.0)
Requirement already satisfied: sympy in /home/aleksander.berezowsk/venv/lib/python3.12/site-packages (from torch==2.4.0) (1.14.0)
Requirement already satisfied: networkx in /home/aleksander.berezowsk/venv/lib/python3.12/site-packages (from torch==2.4.0) (3.6.1)
Requirement already satisfied: jinja2 in /home/aleksander.berezowsk/venv/lib/python3.12/site-packages (from torch==2.4.0) (3.1.6)
Requirement already satisfied: fsspec in /home/aleksander.berezowsk/venv/lib/python3.12/site-packages (from torch==2.4.0) (2026.4.0)
Requirement already satisfied: setuptools in /home/aleksander.berezowsk/venv/lib/python3.12/site-packages (from torch==2.4.0) (69.5.1)
Requirement already satisfied: nvidia-cuda-nvrtc-cu12==12.1.105 in /home/aleksander.berezowsk/venv/lib/python3.12/site-packages (from torch==2.4.0) (12.1.105)
Requirement already satisfied: nvidia-cuda-runtime-cu12==12.1.105 in /home/aleksander.berezowsk/venv/lib/python3.12/site-packages (from torch==2.4.0) (12.1.105)
Requirement already satisfied: nvidia-cuda-cupti-cu12==12.1.105 in /home/aleksander.berezowsk/venv/lib/python3.12/site-packages (from torch==2.4.0) (12.1.105)
Requirement already satisfied: nvidia-cudnn-cu12==9.1.0.70 in /home/aleksander.berezowsk/venv/lib/python3.12/site-packages (from torch==2.4.0) (9.1.0.70)
Requirement already satisfied: nvidia-cublas-cu12==12.1.3.1 in /home/aleksander.berezowsk/venv/lib/python3.12/site-packages (from torch==2.4.0) (12.1.3.1)
Requirement already satisfied: nvidia-cufft-cu12==11.0.2.54 in /home/aleksander.berezowsk/venv/lib/python3.12/site-packages (from torch==2.4.0) (11.0.2.54)
Requirement already satisfied: nvidia-curand-cu12==10.3.2.106 in /home/aleksander.berezowsk/venv/lib/python3.12/site-packages (from torch==2.4.0) (10.3.2.106)
Requirement already satisfied: nvidia-cusolver-cu12==11.4.5.107 in /home/aleksander.berezowsk/venv/lib/python3.12/site-packages (from torch==2.4.0) (11.4.5.107)
Requirement already satisfied: nvidia-cusparse-cu12==12.1.0.106 in /home/aleksander.berezowsk/venv/lib/python3.12/site-packages (from torch==2.4.0) (12.1.0.106)
Requirement already satisfied: nvidia-nccl-cu12==2.20.5 in /home/aleksander.berezowsk/venv/lib/python3.12/site-packages (from torch==2.4.0) (2.20.5)
Requirement already satisfied: nvidia-nvtx-cu12==12.1.105 in /home/aleksander.berezowsk/venv/lib/python3.12/site-packages (from torch==2.4.0) (12.1.105)
Requirement already satisfied: triton==3.0.0 in /home/aleksander.berezowsk/venv/lib/python3.12/site-packages (from torch==2.4.0) (3.0.0)
Requirement already satisfied: numpy in /home/aleksander.berezowsk/venv/lib/python3.12/site-packages (from torchvision==0.19.0) (2.4.6)
Requirement already satisfied: pillow!=8.3.*,>=5.3.0 in /home/aleksander.berezowsk/venv/lib/python3.12/site-packages (from torchvision==0.19.0) (12.2.0)
Requirement already satisfied: nvidia-nvjitlink-cu12 in /home/aleksander.berezowsk/venv/lib/python3.12/site-packages (from nvidia-cusolver-cu12==11.4.5.107->torch==2.4.0) (12.9.86)
Requirement already satisfied: packaging>17.1 in /home/aleksander.berezowsk/venv/lib/python3.12/site-packages (from torchmetrics) (26.2)
Requirement already satisfied: lightning-utilities>=0.15.3 in /home/aleksander.berezowsk/venv/lib/python3.12/site-packages (from torchmetrics) (0.15.3)
Requirement already satisfied: MarkupSafe>=2.0 in /home/aleksander.berezowsk/venv/lib/python3.12/site-packages (from jinja2->torch==2.4.0) (3.0.3)
Requirement already satisfied: mpmath<1.4,>=1.1.0 in /home/aleksander.berezowsk/venv/lib/python3.12/site-packages (from sympy->torch==2.4.0) (1.3.0)
Requirement already satisfied: optuna in /home/aleksander.berezowsk/venv/lib/python3.12/site-packages (4.9.0)
Requirement already satisfied: snntorch in /home/aleksander.berezowsk/venv/lib/python3.12/site-packages (0.9.4)
Requirement already satisfied: alembic>=1.5.0 in /home/aleksander.berezowsk/venv/lib/python3.12/site-packages (from optuna) (1.18.4)
Requirement already satisfied: colorlog in /home/aleksander.berezowsk/venv/lib/python3.12/site-packages (from optuna) (6.10.1)
Requirement already satisfied: numpy in /home/aleksander.berezowsk/venv/lib/python3.12/site-packages (from optuna) (2.4.6)
Requirement already satisfied: packaging>=20.0 in /home/aleksander.berezowsk/venv/lib/python3.12/site-packages (from optuna) (26.2)
Requirement already satisfied: sqlalchemy>=1.4.2 in /home/aleksander.berezowsk/venv/lib/python3.12/site-packages (from optuna) (2.0.50)
Requirement already satisfied: tqdm in /home/aleksander.berezowsk/venv/lib/python3.12/site-packages (from optuna) (4.67.3)
Requirement already satisfied: PyYAML in /home/aleksander.berezowsk/venv/lib/python3.12/site-packages (from optuna) (6.0.3)
Requirement already satisfied: Mako in /home/aleksander.berezowsk/venv/lib/python3.12/site-packages (from alembic>=1.5.0->optuna) (1.3.12)
Requirement already satisfied: typing-extensions>=4.12 in /home/aleksander.berezowsk/venv/lib/python3.12/site-packages (from alembic>=1.5.0->optuna) (4.15.0)
Requirement already satisfied: greenlet>=1 in /home/aleksander.berezowsk/venv/lib/python3.12/site-packages (from sqlalchemy>=1.4.2->optuna) (3.5.1)
Requirement already satisfied: MarkupSafe>=0.9.2 in /home/aleksander.berezowsk/venv/lib/python3.12/site-packages (from Mako->alembic>=1.5.0->optuna) (3.0.3)
Device: cuda
[BNCI2014_001] loading from cache: /home/aleksander.berezowsk/.cache/spiking_eegnet/BNCI2014_001_af1ccf3e92f684d8a93c057082b654d7.npz
[BNCI2014_001] cache hit: (5184, 1, 22, 1001), classes=['feet', 'left_hand', 'right_hand', 'tongue'], subjects=9
Dataset meta: {'n_classes': 4, 'n_channels': 22, 'n_samples': 1001, 'class_names': ['feet', 'left_hand', 'right_hand', 'tongue'], 'subject_list': [1, 2, 3, 4, 5, 6, 7, 8, 9], 'n_subjects': 9, 'sfreq': 250.0}

=== LOSO (hold out subject 0) ===
  Train: 4608 trials  |  Test: 576 trials
  Model params: 31,801
  epoch   1/50  loss=1.3017  bal_acc=0.4253
  epoch   2/50  loss=1.0266  bal_acc=0.4965
  epoch   3/50  loss=0.8700  bal_acc=0.5781
  epoch   4/50  loss=0.7362  bal_acc=0.5469
  epoch   5/50  loss=0.6499  bal_acc=0.5990
  epoch   6/50  loss=0.5600  bal_acc=0.5260
  epoch   7/50  loss=0.4969  bal_acc=0.5347
  epoch   8/50  loss=0.4252  bal_acc=0.5365
  epoch   9/50  loss=0.3667  bal_acc=0.5677
  epoch  10/50  loss=0.3346  bal_acc=0.5538
  epoch  11/50  loss=0.2902  bal_acc=0.5694
  epoch  12/50  loss=0.2497  bal_acc=0.5486
  epoch  13/50  loss=0.2137  bal_acc=0.5208
  epoch  14/50  loss=0.2298  bal_acc=0.5503
  epoch  15/50  loss=0.1721  bal_acc=0.5191
  epoch  16/50  loss=0.1587  bal_acc=0.5087
  epoch  17/50  loss=0.1470  bal_acc=0.5955
  epoch  18/50  loss=0.1389  bal_acc=0.5729
  epoch  19/50  loss=0.1446  bal_acc=0.5538
  epoch  20/50  loss=0.1256  bal_acc=0.5920
  epoch  21/50  loss=0.1151  bal_acc=0.5729
  epoch  22/50  loss=0.1151  bal_acc=0.5608
  epoch  23/50  loss=0.1167  bal_acc=0.5677
  epoch  24/50  loss=0.1134  bal_acc=0.5694
  epoch  25/50  loss=0.0995  bal_acc=0.5469
  epoch  26/50  loss=0.0840  bal_acc=0.5312
  epoch  27/50  loss=0.0876  bal_acc=0.5278
  epoch  28/50  loss=0.0947  bal_acc=0.5590
  epoch  29/50  loss=0.0989  bal_acc=0.5590
  epoch  30/50  loss=0.1022  bal_acc=0.5486
  epoch  31/50  loss=0.0851  bal_acc=0.5556
  epoch  32/50  loss=0.0778  bal_acc=0.5590
  epoch  33/50  loss=0.0857  bal_acc=0.5590
  epoch  34/50  loss=0.0776  bal_acc=0.5573
  epoch  35/50  loss=0.0725  bal_acc=0.5538
  epoch  36/50  loss=0.0772  bal_acc=0.5642
  epoch  37/50  loss=0.0621  bal_acc=0.5156
  epoch  38/50  loss=0.0836  bal_acc=0.5087
  epoch  39/50  loss=0.0740  bal_acc=0.5434
  epoch  40/50  loss=0.0804  bal_acc=0.5260
  epoch  41/50  loss=0.1044  bal_acc=0.5278
  epoch  42/50  loss=0.0836  bal_acc=0.5417
  epoch  43/50  loss=0.0717  bal_acc=0.5365
  epoch  44/50  loss=0.0780  bal_acc=0.5694
  epoch  45/50  loss=0.0810  bal_acc=0.5503
  epoch  46/50  loss=0.0692  bal_acc=0.5312
  epoch  47/50  loss=0.0686  bal_acc=0.5642
  epoch  48/50  loss=0.0563  bal_acc=0.5434
  epoch  49/50  loss=0.0636  bal_acc=0.5260
  epoch  50/50  loss=0.0646  bal_acc=0.5521
  [LOSO 1/9] subject 0: acc=0.5521  running_mean=0.5521

=== LOSO (hold out subject 1) ===
  Train: 4608 trials  |  Test: 576 trials
  Model params: 31,801
  epoch   1/50  loss=1.2266  bal_acc=0.4219
  epoch   2/50  loss=0.9396  bal_acc=0.3611
  epoch   3/50  loss=0.7819  bal_acc=0.4740
  epoch   4/50  loss=0.6948  bal_acc=0.3785
  epoch   5/50  loss=0.5802  bal_acc=0.4271
  epoch   6/50  loss=0.5108  bal_acc=0.4427
  epoch   7/50  loss=0.4351  bal_acc=0.4132
  epoch   8/50  loss=0.4019  bal_acc=0.3924
  epoch   9/50  loss=0.3478  bal_acc=0.4427
  epoch  10/50  loss=0.3052  bal_acc=0.3889
  epoch  11/50  loss=0.2761  bal_acc=0.4549
  epoch  12/50  loss=0.2448  bal_acc=0.4635
  epoch  13/50  loss=0.2234  bal_acc=0.4965
  epoch  14/50  loss=0.1909  bal_acc=0.4653
  epoch  15/50  loss=0.1519  bal_acc=0.4757
  epoch  16/50  loss=0.1345  bal_acc=0.4080
  epoch  17/50  loss=0.1564  bal_acc=0.4427
  epoch  18/50  loss=0.1526  bal_acc=0.4462
  epoch  19/50  loss=0.1553  bal_acc=0.4410
  epoch  20/50  loss=0.1247  bal_acc=0.4688
  epoch  21/50  loss=0.1092  bal_acc=0.5000
  epoch  22/50  loss=0.1152  bal_acc=0.4670
  epoch  23/50  loss=0.0893  bal_acc=0.4757
  epoch  24/50  loss=0.0878  bal_acc=0.4653
  epoch  25/50  loss=0.0751  bal_acc=0.4253
  epoch  26/50  loss=0.0799  bal_acc=0.4635
  epoch  27/50  loss=0.1060  bal_acc=0.4740
  epoch  28/50  loss=0.1035  bal_acc=0.4844
  epoch  29/50  loss=0.0970  bal_acc=0.4757
  epoch  30/50  loss=0.0942  bal_acc=0.4878
  epoch  31/50  loss=0.0862  bal_acc=0.4653
  epoch  32/50  loss=0.0813  bal_acc=0.4635
  epoch  33/50  loss=0.0636  bal_acc=0.4983
  epoch  34/50  loss=0.0683  bal_acc=0.4618
  epoch  35/50  loss=0.0598  bal_acc=0.4757
  epoch  36/50  loss=0.0716  bal_acc=0.4844
  epoch  37/50  loss=0.0708  bal_acc=0.4601
  epoch  38/50  loss=0.0711  bal_acc=0.4288
  epoch  39/50  loss=0.0857  bal_acc=0.4601
  epoch  40/50  loss=0.0639  bal_acc=0.4340
  epoch  41/50  loss=0.0773  bal_acc=0.4653
  epoch  42/50  loss=0.1031  bal_acc=0.4549
  epoch  43/50  loss=0.0704  bal_acc=0.4427
  epoch  44/50  loss=0.0640  bal_acc=0.4271
  epoch  45/50  loss=0.0517  bal_acc=0.4392
  epoch  46/50  loss=0.0580  bal_acc=0.4132
  epoch  47/50  loss=0.0560  bal_acc=0.4688
  epoch  48/50  loss=0.0395  bal_acc=0.4306
  epoch  49/50  loss=0.0653  bal_acc=0.4670
  epoch  50/50  loss=0.0469  bal_acc=0.4497
  [LOSO 2/9] subject 1: acc=0.4497  running_mean=0.5009

=== LOSO (hold out subject 2) ===
  Train: 4608 trials  |  Test: 576 trials
  Model params: 31,801
  epoch   1/50  loss=1.2899  bal_acc=0.6198
  epoch   2/50  loss=1.0070  bal_acc=0.6007
  epoch   3/50  loss=0.8633  bal_acc=0.6545
  epoch   4/50  loss=0.7592  bal_acc=0.6684
  epoch   5/50  loss=0.6746  bal_acc=0.6667
  epoch   6/50  loss=0.6048  bal_acc=0.6354
  epoch   7/50  loss=0.5448  bal_acc=0.6892
  epoch   8/50  loss=0.4720  bal_acc=0.6753
  epoch   9/50  loss=0.4003  bal_acc=0.7083
  epoch  10/50  loss=0.3712  bal_acc=0.6997
  epoch  11/50  loss=0.3342  bal_acc=0.6545
  epoch  12/50  loss=0.2543  bal_acc=0.6250
  epoch  13/50  loss=0.2307  bal_acc=0.6892
  epoch  14/50  loss=0.2238  bal_acc=0.6979
  epoch  15/50  loss=0.1999  bal_acc=0.6806
  epoch  16/50  loss=0.1751  bal_acc=0.6771
  epoch  17/50  loss=0.1706  bal_acc=0.7153
  epoch  18/50  loss=0.1483  bal_acc=0.6997
  epoch  19/50  loss=0.1456  bal_acc=0.6840
  epoch  20/50  loss=0.1337  bal_acc=0.6736
  epoch  21/50  loss=0.1341  bal_acc=0.6580
  epoch  22/50  loss=0.1265  bal_acc=0.7031
  epoch  23/50  loss=0.1275  bal_acc=0.6510
  epoch  24/50  loss=0.1083  bal_acc=0.6875
  epoch  25/50  loss=0.1064  bal_acc=0.6580
  epoch  26/50  loss=0.1181  bal_acc=0.6875
  epoch  27/50  loss=0.0915  bal_acc=0.6424
  epoch  28/50  loss=0.0984  bal_acc=0.6701
  epoch  29/50  loss=0.0916  bal_acc=0.6979
  epoch  30/50  loss=0.1029  bal_acc=0.7014
  epoch  31/50  loss=0.0965  bal_acc=0.6667
  epoch  32/50  loss=0.0935  bal_acc=0.6875
  epoch  33/50  loss=0.0773  bal_acc=0.6389
  epoch  34/50  loss=0.0616  bal_acc=0.6493
  epoch  35/50  loss=0.0555  bal_acc=0.6719
  epoch  36/50  loss=0.0772  bal_acc=0.6684
  epoch  37/50  loss=0.1008  bal_acc=0.6719
  epoch  38/50  loss=0.1095  bal_acc=0.7014
  epoch  39/50  loss=0.0778  bal_acc=0.6927
  epoch  40/50  loss=0.0700  bal_acc=0.7309
  epoch  41/50  loss=0.0821  bal_acc=0.6406
  epoch  42/50  loss=0.0827  bal_acc=0.6771
  epoch  43/50  loss=0.0647  bal_acc=0.6806
  epoch  44/50  loss=0.0631  bal_acc=0.6875
  epoch  45/50  loss=0.0550  bal_acc=0.6771
  epoch  46/50  loss=0.0551  bal_acc=0.6875
  epoch  47/50  loss=0.0635  bal_acc=0.6615
  epoch  48/50  loss=0.0843  bal_acc=0.7014
  epoch  49/50  loss=0.0896  bal_acc=0.6840
  epoch  50/50  loss=0.0818  bal_acc=0.7188
  [LOSO 3/9] subject 2: acc=0.7188  running_mean=0.5735

=== LOSO (hold out subject 3) ===
  Train: 4608 trials  |  Test: 576 trials
  Model params: 31,801
  epoch   1/50  loss=1.2464  bal_acc=0.4184
  epoch   2/50  loss=0.9506  bal_acc=0.4323
  epoch   3/50  loss=0.8018  bal_acc=0.4757
  epoch   4/50  loss=0.6936  bal_acc=0.4045
  epoch   5/50  loss=0.5985  bal_acc=0.3611
  epoch   6/50  loss=0.5284  bal_acc=0.4288
  epoch   7/50  loss=0.4781  bal_acc=0.4358
  epoch   8/50  loss=0.3974  bal_acc=0.4601
  epoch   9/50  loss=0.3510  bal_acc=0.4427
  epoch  10/50  loss=0.3234  bal_acc=0.4497
  epoch  11/50  loss=0.2837  bal_acc=0.4323
  epoch  12/50  loss=0.2532  bal_acc=0.4028
  epoch  13/50  loss=0.2097  bal_acc=0.4844
  epoch  14/50  loss=0.1892  bal_acc=0.4149
  epoch  15/50  loss=0.1845  bal_acc=0.4497
  epoch  16/50  loss=0.1479  bal_acc=0.4410
  epoch  17/50  loss=0.1384  bal_acc=0.4427
  epoch  18/50  loss=0.1521  bal_acc=0.4601
  epoch  19/50  loss=0.1371  bal_acc=0.4288
  epoch  20/50  loss=0.1229  bal_acc=0.4878
  epoch  21/50  loss=0.1094  bal_acc=0.4774
  epoch  22/50  loss=0.1083  bal_acc=0.4358
  epoch  23/50  loss=0.0988  bal_acc=0.4080
  epoch  24/50  loss=0.1136  bal_acc=0.4375
  epoch  25/50  loss=0.1223  bal_acc=0.4201
  epoch  26/50  loss=0.1008  bal_acc=0.4253
  epoch  27/50  loss=0.0971  bal_acc=0.4288
  epoch  28/50  loss=0.0830  bal_acc=0.4323
  epoch  29/50  loss=0.0744  bal_acc=0.4219
  epoch  30/50  loss=0.0766  bal_acc=0.4306
  epoch  31/50  loss=0.0884  bal_acc=0.4288
  epoch  32/50  loss=0.0808  bal_acc=0.4618
  epoch  33/50  loss=0.0874  bal_acc=0.4740
  epoch  34/50  loss=0.0744  bal_acc=0.4288
  epoch  35/50  loss=0.0591  bal_acc=0.4288
  epoch  36/50  loss=0.0657  bal_acc=0.4253
  epoch  37/50  loss=0.0681  bal_acc=0.4462
  epoch  38/50  loss=0.0546  bal_acc=0.4375
  epoch  39/50  loss=0.0701  bal_acc=0.4653
  epoch  40/50  loss=0.1133  bal_acc=0.4583
  epoch  41/50  loss=0.0979  bal_acc=0.4410
  epoch  42/50  loss=0.0569  bal_acc=0.4531
  epoch  43/50  loss=0.0441  bal_acc=0.4948
  epoch  44/50  loss=0.0445  bal_acc=0.4531
  epoch  45/50  loss=0.0513  bal_acc=0.4410
  epoch  46/50  loss=0.0534  bal_acc=0.4531
  epoch  47/50  loss=0.0605  bal_acc=0.4410
  epoch  48/50  loss=0.0913  bal_acc=0.4566
  epoch  49/50  loss=0.0816  bal_acc=0.4792
  epoch  50/50  loss=0.0644  bal_acc=0.4618
  [LOSO 4/9] subject 3: acc=0.4618  running_mean=0.5456

=== LOSO (hold out subject 4) ===
  Train: 4608 trials  |  Test: 576 trials
  Model params: 31,801
  epoch   1/50  loss=1.2949  bal_acc=0.3247
  epoch   2/50  loss=0.9929  bal_acc=0.4410
  epoch   3/50  loss=0.8362  bal_acc=0.4531
  epoch   4/50  loss=0.7164  bal_acc=0.4670
  epoch   5/50  loss=0.6353  bal_acc=0.4826
  epoch   6/50  loss=0.5480  bal_acc=0.5365
  epoch   7/50  loss=0.4577  bal_acc=0.4861
  epoch   8/50  loss=0.4061  bal_acc=0.5156
  epoch   9/50  loss=0.3805  bal_acc=0.4844
  epoch  10/50  loss=0.3252  bal_acc=0.4514
  epoch  11/50  loss=0.2639  bal_acc=0.4340
  epoch  12/50  loss=0.2415  bal_acc=0.4861
  epoch  13/50  loss=0.1922  bal_acc=0.4653
  epoch  14/50  loss=0.2080  bal_acc=0.4844
  epoch  15/50  loss=0.1891  bal_acc=0.4983
  epoch  16/50  loss=0.1554  bal_acc=0.4965
  epoch  17/50  loss=0.1421  bal_acc=0.5208
  epoch  18/50  loss=0.1503  bal_acc=0.5052
  epoch  19/50  loss=0.1522  bal_acc=0.5122
  epoch  20/50  loss=0.1320  bal_acc=0.4653
  epoch  21/50  loss=0.1124  bal_acc=0.4549
  epoch  22/50  loss=0.0962  bal_acc=0.4948
  epoch  23/50  loss=0.1163  bal_acc=0.5139
  epoch  24/50  loss=0.0975  bal_acc=0.5087
  epoch  25/50  loss=0.1065  bal_acc=0.5174
  epoch  26/50  loss=0.1243  bal_acc=0.5104
  epoch  27/50  loss=0.1108  bal_acc=0.5069
  epoch  28/50  loss=0.0879  bal_acc=0.4427
  epoch  29/50  loss=0.1088  bal_acc=0.4774
  epoch  30/50  loss=0.0975  bal_acc=0.4931
  epoch  31/50  loss=0.0706  bal_acc=0.5052
  epoch  32/50  loss=0.0643  bal_acc=0.4896
  epoch  33/50  loss=0.0678  bal_acc=0.5139
  epoch  34/50  loss=0.0695  bal_acc=0.5503
  epoch  35/50  loss=0.0889  bal_acc=0.4670
  epoch  36/50  loss=0.0708  bal_acc=0.5365
  epoch  37/50  loss=0.0707  bal_acc=0.4809
  epoch  38/50  loss=0.0757  bal_acc=0.4983
  epoch  39/50  loss=0.0772  bal_acc=0.5122
  epoch  40/50  loss=0.0797  bal_acc=0.4913
  epoch  41/50  loss=0.0823  bal_acc=0.5035
  epoch  42/50  loss=0.0647  bal_acc=0.5330
  epoch  43/50  loss=0.0638  bal_acc=0.5538
  epoch  44/50  loss=0.0597  bal_acc=0.5469
  epoch  45/50  loss=0.0616  bal_acc=0.5399
  epoch  46/50  loss=0.0563  bal_acc=0.5174
  epoch  47/50  loss=0.0624  bal_acc=0.5556
  epoch  48/50  loss=0.0692  bal_acc=0.5156
  epoch  49/50  loss=0.0716  bal_acc=0.5052
  epoch  50/50  loss=0.0543  bal_acc=0.4826
  [LOSO 5/9] subject 4: acc=0.4826  running_mean=0.5330

=== LOSO (hold out subject 5) ===
  Train: 4608 trials  |  Test: 576 trials
  Model params: 31,801
  epoch   1/50  loss=1.2419  bal_acc=0.3628
  epoch   2/50  loss=0.9480  bal_acc=0.3594
  epoch   3/50  loss=0.7574  bal_acc=0.3924
  epoch   4/50  loss=0.6826  bal_acc=0.3559
  epoch   5/50  loss=0.5742  bal_acc=0.4635
  epoch   6/50  loss=0.5074  bal_acc=0.3733
  epoch   7/50  loss=0.4330  bal_acc=0.4340
  epoch   8/50  loss=0.3671  bal_acc=0.3837
  epoch   9/50  loss=0.3322  bal_acc=0.4115
  epoch  10/50  loss=0.3057  bal_acc=0.4340
  epoch  11/50  loss=0.2785  bal_acc=0.4288
  epoch  12/50  loss=0.2103  bal_acc=0.4566
  epoch  13/50  loss=0.1945  bal_acc=0.3924
  epoch  14/50  loss=0.2162  bal_acc=0.4306
  epoch  15/50  loss=0.1708  bal_acc=0.4253
  epoch  16/50  loss=0.1492  bal_acc=0.4323
  epoch  17/50  loss=0.1312  bal_acc=0.4288
  epoch  18/50  loss=0.1119  bal_acc=0.3976
  epoch  19/50  loss=0.1252  bal_acc=0.4410
  epoch  20/50  loss=0.1167  bal_acc=0.4618
  epoch  21/50  loss=0.1138  bal_acc=0.4201
  epoch  22/50  loss=0.1163  bal_acc=0.4184
  epoch  23/50  loss=0.1000  bal_acc=0.4497
  epoch  24/50  loss=0.1133  bal_acc=0.4271
  epoch  25/50  loss=0.1008  bal_acc=0.4531
  epoch  26/50  loss=0.0904  bal_acc=0.4635
  epoch  27/50  loss=0.0966  bal_acc=0.4531
  epoch  28/50  loss=0.0949  bal_acc=0.4219
  epoch  29/50  loss=0.1046  bal_acc=0.4479
  epoch  30/50  loss=0.0710  bal_acc=0.4792
  epoch  31/50  loss=0.0793  bal_acc=0.4757
  epoch  32/50  loss=0.0673  bal_acc=0.4583
  epoch  33/50  loss=0.0800  bal_acc=0.4722
  epoch  34/50  loss=0.0774  bal_acc=0.4167
  epoch  35/50  loss=0.1009  bal_acc=0.4705
  epoch  36/50  loss=0.0750  bal_acc=0.4670
  epoch  37/50  loss=0.0772  bal_acc=0.4566
  epoch  38/50  loss=0.0752  bal_acc=0.4358
  epoch  39/50  loss=0.0753  bal_acc=0.4444
  epoch  40/50  loss=0.0655  bal_acc=0.4479
  epoch  41/50  loss=0.0722  bal_acc=0.4306
  epoch  42/50  loss=0.0529  bal_acc=0.4878
  epoch  43/50  loss=0.0591  bal_acc=0.4757
  epoch  44/50  loss=0.0611  bal_acc=0.4184
  epoch  45/50  loss=0.0647  bal_acc=0.4583
  epoch  46/50  loss=0.0512  bal_acc=0.4809
  epoch  47/50  loss=0.0562  bal_acc=0.4340
  epoch  48/50  loss=0.0828  bal_acc=0.4514
  epoch  49/50  loss=0.0756  bal_acc=0.4774
  epoch  50/50  loss=0.0788  bal_acc=0.4722
  [LOSO 6/9] subject 5: acc=0.4722  running_mean=0.5229

=== LOSO (hold out subject 6) ===
  Train: 4608 trials  |  Test: 576 trials
  Model params: 31,801
  epoch   1/50  loss=1.2529  bal_acc=0.4983
  epoch   2/50  loss=0.9836  bal_acc=0.5660
  epoch   3/50  loss=0.7964  bal_acc=0.5087
  epoch   4/50  loss=0.7026  bal_acc=0.6198
  epoch   5/50  loss=0.6270  bal_acc=0.6372
  epoch   6/50  loss=0.5441  bal_acc=0.6128
  epoch   7/50  loss=0.4576  bal_acc=0.5712
  epoch   8/50  loss=0.4162  bal_acc=0.6146
  epoch   9/50  loss=0.3750  bal_acc=0.5677
  epoch  10/50  loss=0.3298  bal_acc=0.6094
  epoch  11/50  loss=0.2882  bal_acc=0.6267
  epoch  12/50  loss=0.2694  bal_acc=0.6059
  epoch  13/50  loss=0.2285  bal_acc=0.6146
  epoch  14/50  loss=0.2095  bal_acc=0.5885
  epoch  15/50  loss=0.1794  bal_acc=0.6267
  epoch  16/50  loss=0.1672  bal_acc=0.5747
  epoch  17/50  loss=0.1630  bal_acc=0.5799
  epoch  18/50  loss=0.1380  bal_acc=0.5972
  epoch  19/50  loss=0.1388  bal_acc=0.6215
  epoch  20/50  loss=0.1239  bal_acc=0.5851
  epoch  21/50  loss=0.1273  bal_acc=0.5955
  epoch  22/50  loss=0.1161  bal_acc=0.5990
  epoch  23/50  loss=0.1231  bal_acc=0.5694
  epoch  24/50  loss=0.1411  bal_acc=0.5938
  epoch  25/50  loss=0.1233  bal_acc=0.5885
  epoch  26/50  loss=0.1031  bal_acc=0.6146
  epoch  27/50  loss=0.0859  bal_acc=0.6007
  epoch  28/50  loss=0.0792  bal_acc=0.5677
  epoch  29/50  loss=0.1164  bal_acc=0.5833
  epoch  30/50  loss=0.0724  bal_acc=0.6250
  epoch  31/50  loss=0.0839  bal_acc=0.5729
  epoch  32/50  loss=0.0922  bal_acc=0.5938
  epoch  33/50  loss=0.0643  bal_acc=0.5729
  epoch  34/50  loss=0.0683  bal_acc=0.5833
  epoch  35/50  loss=0.0709  bal_acc=0.5660
  epoch  36/50  loss=0.0989  bal_acc=0.5781
  epoch  37/50  loss=0.0862  bal_acc=0.5833
  epoch  38/50  loss=0.0709  bal_acc=0.5278
  epoch  39/50  loss=0.0749  bal_acc=0.5590
  epoch  40/50  loss=0.0733  bal_acc=0.5990
  epoch  41/50  loss=0.0838  bal_acc=0.5521
  epoch  42/50  loss=0.0749  bal_acc=0.5660
  epoch  43/50  loss=0.0721  bal_acc=0.5660
  epoch  44/50  loss=0.0508  bal_acc=0.5851
  epoch  45/50  loss=0.0556  bal_acc=0.5642
  epoch  46/50  loss=0.0695  bal_acc=0.5799
  epoch  47/50  loss=0.0687  bal_acc=0.5556
  epoch  48/50  loss=0.0669  bal_acc=0.5747
  epoch  49/50  loss=0.0695  bal_acc=0.5608
  epoch  50/50  loss=0.0742  bal_acc=0.5660
  [LOSO 7/9] subject 6: acc=0.5660  running_mean=0.5290

=== LOSO (hold out subject 7) ===
  Train: 4608 trials  |  Test: 576 trials
  Model params: 31,801
  epoch   1/50  loss=1.2884  bal_acc=0.4288
  epoch   2/50  loss=0.9746  bal_acc=0.5885
  epoch   3/50  loss=0.8213  bal_acc=0.6059
  epoch   4/50  loss=0.7374  bal_acc=0.5833
  epoch   5/50  loss=0.6292  bal_acc=0.6007
  epoch   6/50  loss=0.5665  bal_acc=0.6510
  epoch   7/50  loss=0.4804  bal_acc=0.6545
  epoch   8/50  loss=0.4255  bal_acc=0.5590
  epoch   9/50  loss=0.3859  bal_acc=0.6510
  epoch  10/50  loss=0.3288  bal_acc=0.6372
  epoch  11/50  loss=0.2908  bal_acc=0.6615
  epoch  12/50  loss=0.2538  bal_acc=0.6458
  epoch  13/50  loss=0.2276  bal_acc=0.6319
  epoch  14/50  loss=0.2119  bal_acc=0.6337
  epoch  15/50  loss=0.1806  bal_acc=0.6753
  epoch  16/50  loss=0.1758  bal_acc=0.6146
  epoch  17/50  loss=0.1442  bal_acc=0.6406
  epoch  18/50  loss=0.1507  bal_acc=0.6510
  epoch  19/50  loss=0.1316  bal_acc=0.6493
  epoch  20/50  loss=0.1392  bal_acc=0.6319
  epoch  21/50  loss=0.1233  bal_acc=0.5990
  epoch  22/50  loss=0.1276  bal_acc=0.6354
  epoch  23/50  loss=0.1104  bal_acc=0.6285
  epoch  24/50  loss=0.0997  bal_acc=0.6354
  epoch  25/50  loss=0.1479  bal_acc=0.6337
  epoch  26/50  loss=0.1224  bal_acc=0.6059
  epoch  27/50  loss=0.1089  bal_acc=0.6476
  epoch  28/50  loss=0.0908  bal_acc=0.6424
  epoch  29/50  loss=0.0806  bal_acc=0.6441
  epoch  30/50  loss=0.0703  bal_acc=0.6632
  epoch  31/50  loss=0.0710  bal_acc=0.6493
  epoch  32/50  loss=0.0882  bal_acc=0.6441
  epoch  33/50  loss=0.0843  bal_acc=0.6458
  epoch  34/50  loss=0.0765  bal_acc=0.6649
  epoch  35/50  loss=0.0950  bal_acc=0.6615
  epoch  36/50  loss=0.0736  bal_acc=0.6319
  epoch  37/50  loss=0.0880  bal_acc=0.6441
  epoch  38/50  loss=0.0859  bal_acc=0.7031
  epoch  39/50  loss=0.0792  bal_acc=0.6736
  epoch  40/50  loss=0.1148  bal_acc=0.6198
  epoch  41/50  loss=0.1031  bal_acc=0.6615
  epoch  42/50  loss=0.0717  bal_acc=0.6319
  epoch  43/50  loss=0.0644  bal_acc=0.6493
  epoch  44/50  loss=0.0547  bal_acc=0.6198
  epoch  45/50  loss=0.0614  bal_acc=0.6406
  epoch  46/50  loss=0.0520  bal_acc=0.6615
  epoch  47/50  loss=0.0507  bal_acc=0.6476
  epoch  48/50  loss=0.0654  bal_acc=0.6250
  epoch  49/50  loss=0.0625  bal_acc=0.6267
  epoch  50/50  loss=0.0677  bal_acc=0.5903
  [LOSO 8/9] subject 7: acc=0.5903  running_mean=0.5367

=== LOSO (hold out subject 8) ===
  Train: 4608 trials  |  Test: 576 trials
  Model params: 31,801
  epoch   1/50  loss=1.2657  bal_acc=0.4062
  epoch   2/50  loss=0.9928  bal_acc=0.5278
  epoch   3/50  loss=0.8329  bal_acc=0.4549
  epoch   4/50  loss=0.7360  bal_acc=0.4809
  epoch   5/50  loss=0.6301  bal_acc=0.5990
  epoch   6/50  loss=0.5617  bal_acc=0.5260
  epoch   7/50  loss=0.5000  bal_acc=0.5764
  epoch   8/50  loss=0.4553  bal_acc=0.4757
  epoch   9/50  loss=0.3878  bal_acc=0.5729
  epoch  10/50  loss=0.3243  bal_acc=0.5590
  epoch  11/50  loss=0.3114  bal_acc=0.5729
  epoch  12/50  loss=0.2786  bal_acc=0.5990
  epoch  13/50  loss=0.2483  bal_acc=0.5538
  epoch  14/50  loss=0.2082  bal_acc=0.5851
  epoch  15/50  loss=0.1764  bal_acc=0.5938
  epoch  16/50  loss=0.1600  bal_acc=0.5660
  epoch  17/50  loss=0.1647  bal_acc=0.5399
  epoch  18/50  loss=0.1719  bal_acc=0.5330
  epoch  19/50  loss=0.1418  bal_acc=0.5382
  epoch  20/50  loss=0.1334  bal_acc=0.5729
  epoch  21/50  loss=0.1160  bal_acc=0.5608
  epoch  22/50  loss=0.1409  bal_acc=0.4965
  epoch  23/50  loss=0.1155  bal_acc=0.5885
  epoch  24/50  loss=0.1218  bal_acc=0.5712
  epoch  25/50  loss=0.1068  bal_acc=0.5556
  epoch  26/50  loss=0.1242  bal_acc=0.5399
  epoch  27/50  loss=0.1093  bal_acc=0.5625
  epoch  28/50  loss=0.1077  bal_acc=0.5538
  epoch  29/50  loss=0.1021  bal_acc=0.5764
  epoch  30/50  loss=0.1060  bal_acc=0.6024
  epoch  31/50  loss=0.0768  bal_acc=0.5486
  epoch  32/50  loss=0.0682  bal_acc=0.5642
  epoch  33/50  loss=0.0751  bal_acc=0.6094
  epoch  34/50  loss=0.0749  bal_acc=0.5417
  epoch  35/50  loss=0.0560  bal_acc=0.5434
  epoch  36/50  loss=0.0709  bal_acc=0.5851
  epoch  37/50  loss=0.0826  bal_acc=0.5538
  epoch  38/50  loss=0.0781  bal_acc=0.5816
  epoch  39/50  loss=0.0869  bal_acc=0.5799
  epoch  40/50  loss=0.0764  bal_acc=0.5538
  epoch  41/50  loss=0.0847  bal_acc=0.5434
  epoch  42/50  loss=0.0951  bal_acc=0.5260
  epoch  43/50  loss=0.0753  bal_acc=0.5990
  epoch  44/50  loss=0.0587  bal_acc=0.5243
  epoch  45/50  loss=0.0796  bal_acc=0.5347
  epoch  46/50  loss=0.0858  bal_acc=0.5330
  epoch  47/50  loss=0.0734  bal_acc=0.5312
  epoch  48/50  loss=0.0663  bal_acc=0.5747
  epoch  49/50  loss=0.0555  bal_acc=0.5347
  epoch  50/50  loss=0.0591  bal_acc=0.5833
  [LOSO 9/9] subject 8: acc=0.5833  running_mean=0.5419
Results saved to results/BNCI2014_001/results_trial_30.json
Trial logged to results/BNCI2014_001/trials.csv
[status] trial 30 done (state=COMPLETE, value=0.5418595679012346) -- 29 completed total
Device: cuda
[BNCI2014_001] loading from cache: /home/aleksander.berezowsk/.cache/spiking_eegnet/BNCI2014_001_af1ccf3e92f684d8a93c057082b654d7.npz
[BNCI2014_001] cache hit: (5184, 1, 22, 1001), classes=['feet', 'left_hand', 'right_hand', 'tongue'], subjects=9
Dataset meta: {'n_classes': 4, 'n_channels': 22, 'n_samples': 1001, 'class_names': ['feet', 'left_hand', 'right_hand', 'tongue'], 'subject_list': [1, 2, 3, 4, 5, 6, 7, 8, 9], 'n_subjects': 9, 'sfreq': 250.0}

=== LOSO (hold out subject 0) ===
  Train: 4608 trials  |  Test: 576 trials
  Model params: 13,061
  epoch   1/50  loss=1.2193  bal_acc=0.4809
  epoch   2/50  loss=0.9929  bal_acc=0.5399
  epoch   3/50  loss=0.8494  bal_acc=0.6042
  epoch   4/50  loss=0.7794  bal_acc=0.5816
  epoch   5/50  loss=0.6893  bal_acc=0.6007
  epoch   6/50  loss=0.6249  bal_acc=0.6215
  epoch   7/50  loss=0.5783  bal_acc=0.5920
  epoch   8/50  loss=0.5577  bal_acc=0.6059
  epoch   9/50  loss=0.5101  bal_acc=0.6545
  epoch  10/50  loss=0.4831  bal_acc=0.6215
  epoch  11/50  loss=0.4544  bal_acc=0.6111
  epoch  12/50  loss=0.4250  bal_acc=0.6111
  epoch  13/50  loss=0.3979  bal_acc=0.6424
  epoch  14/50  loss=0.3804  bal_acc=0.6163
  epoch  15/50  loss=0.3672  bal_acc=0.5938
  epoch  16/50  loss=0.3528  bal_acc=0.6406
  epoch  17/50  loss=0.3340  bal_acc=0.5677
  epoch  18/50  loss=0.3083  bal_acc=0.5625
  epoch  19/50  loss=0.2836  bal_acc=0.5417
  epoch  20/50  loss=0.2831  bal_acc=0.5972
  epoch  21/50  loss=0.2641  bal_acc=0.5799
  epoch  22/50  loss=0.2514  bal_acc=0.6076
  epoch  23/50  loss=0.2434  bal_acc=0.5903
  epoch  24/50  loss=0.2476  bal_acc=0.5990
  epoch  25/50  loss=0.2416  bal_acc=0.5990
  epoch  26/50  loss=0.2187  bal_acc=0.6146
  epoch  27/50  loss=0.1986  bal_acc=0.5677
  epoch  28/50  loss=0.1912  bal_acc=0.6024
  epoch  29/50  loss=0.1884  bal_acc=0.5747
  epoch  30/50  loss=0.1802  bal_acc=0.5851
  epoch  31/50  loss=0.1905  bal_acc=0.6042
  epoch  32/50  loss=0.1895  bal_acc=0.6076
  epoch  33/50  loss=0.1558  bal_acc=0.5712
  epoch  34/50  loss=0.1576  bal_acc=0.6111
  epoch  35/50  loss=0.1589  bal_acc=0.6059
  epoch  36/50  loss=0.1533  bal_acc=0.6094
  epoch  37/50  loss=0.1439  bal_acc=0.5469
  epoch  38/50  loss=0.1420  bal_acc=0.5747
  epoch  39/50  loss=0.1424  bal_acc=0.5243
  epoch  40/50  loss=0.1338  bal_acc=0.5885
  epoch  41/50  loss=0.1375  bal_acc=0.5781
  epoch  42/50  loss=0.1243  bal_acc=0.5903
  epoch  43/50  loss=0.1276  bal_acc=0.5955
  epoch  44/50  loss=0.1315  bal_acc=0.5972
  epoch  45/50  loss=0.1201  bal_acc=0.5295
  epoch  46/50  loss=0.1115  bal_acc=0.5868
  epoch  47/50  loss=0.1047  bal_acc=0.5642
  epoch  48/50  loss=0.1063  bal_acc=0.6181
  epoch  49/50  loss=0.1101  bal_acc=0.5972
  epoch  50/50  loss=0.1119  bal_acc=0.5938
  [LOSO 1/9] subject 0: acc=0.5938  running_mean=0.5938

=== LOSO (hold out subject 1) ===
  Train: 4608 trials  |  Test: 576 trials
  Model params: 13,061
  epoch   1/50  loss=1.2001  bal_acc=0.3316
  epoch   2/50  loss=0.9413  bal_acc=0.4288
  epoch   3/50  loss=0.8075  bal_acc=0.3628
  epoch   4/50  loss=0.7219  bal_acc=0.4323
  epoch   5/50  loss=0.6274  bal_acc=0.4010
  epoch   6/50  loss=0.5952  bal_acc=0.3750
  epoch   7/50  loss=0.5510  bal_acc=0.3837
  epoch   8/50  loss=0.4962  bal_acc=0.4062
  epoch   9/50  loss=0.4618  bal_acc=0.4375
  epoch  10/50  loss=0.4309  bal_acc=0.4219
  epoch  11/50  loss=0.4143  bal_acc=0.4444
  epoch  12/50  loss=0.3841  bal_acc=0.4236
  epoch  13/50  loss=0.3700  bal_acc=0.4323
  epoch  14/50  loss=0.3600  bal_acc=0.3889
  epoch  15/50  loss=0.3188  bal_acc=0.4167
  epoch  16/50  loss=0.2925  bal_acc=0.4219
  epoch  17/50  loss=0.2771  bal_acc=0.4184
  epoch  18/50  loss=0.2749  bal_acc=0.3854
  epoch  19/50  loss=0.2609  bal_acc=0.4288
  epoch  20/50  loss=0.2316  bal_acc=0.4392
  epoch  21/50  loss=0.2362  bal_acc=0.4340
  epoch  22/50  loss=0.2161  bal_acc=0.4115
  epoch  23/50  loss=0.2141  bal_acc=0.4010
  epoch  24/50  loss=0.1822  bal_acc=0.4462
  epoch  25/50  loss=0.1808  bal_acc=0.4271
  epoch  26/50  loss=0.1833  bal_acc=0.4167
  epoch  27/50  loss=0.1800  bal_acc=0.4340
  epoch  28/50  loss=0.1646  bal_acc=0.4340
  epoch  29/50  loss=0.1649  bal_acc=0.4271
  epoch  30/50  loss=0.1726  bal_acc=0.4497
  epoch  31/50  loss=0.1489  bal_acc=0.4288
  epoch  32/50  loss=0.1373  bal_acc=0.4201
  epoch  33/50  loss=0.1330  bal_acc=0.3750
  epoch  34/50  loss=0.1285  bal_acc=0.4323
  epoch  35/50  loss=0.1345  bal_acc=0.4062
  epoch  36/50  loss=0.1247  bal_acc=0.4010
  epoch  37/50  loss=0.1195  bal_acc=0.4427
  epoch  38/50  loss=0.1213  bal_acc=0.4201
  epoch  39/50  loss=0.1269  bal_acc=0.4392
  epoch  40/50  loss=0.1116  bal_acc=0.4236
  epoch  41/50  loss=0.1147  bal_acc=0.3854
  epoch  42/50  loss=0.0965  bal_acc=0.3837
  epoch  43/50  loss=0.1003  bal_acc=0.4340
  epoch  44/50  loss=0.0958  bal_acc=0.4514
  epoch  45/50  loss=0.0936  bal_acc=0.4635
  epoch  46/50  loss=0.0922  bal_acc=0.3976
  epoch  47/50  loss=0.1090  bal_acc=0.4149
  epoch  48/50  loss=0.0895  bal_acc=0.3698
  epoch  49/50  loss=0.0893  bal_acc=0.4444
  epoch  50/50  loss=0.0962  bal_acc=0.4288
  [LOSO 2/9] subject 1: acc=0.4288  running_mean=0.5113

=== LOSO (hold out subject 2) ===
  Train: 4608 trials  |  Test: 576 trials
  Model params: 13,061
  epoch   1/50  loss=1.2506  bal_acc=0.5087
  epoch   2/50  loss=1.0222  bal_acc=0.6701
  epoch   3/50  loss=0.9037  bal_acc=0.6892
  epoch   4/50  loss=0.8098  bal_acc=0.6198
  epoch   5/50  loss=0.7399  bal_acc=0.7257
  epoch   6/50  loss=0.6855  bal_acc=0.6476
  epoch   7/50  loss=0.6432  bal_acc=0.7292
  epoch   8/50  loss=0.6079  bal_acc=0.6372
  epoch   9/50  loss=0.5573  bal_acc=0.7170
  epoch  10/50  loss=0.5282  bal_acc=0.6615
  epoch  11/50  loss=0.5077  bal_acc=0.7083
  epoch  12/50  loss=0.4609  bal_acc=0.7014
  epoch  13/50  loss=0.4333  bal_acc=0.6944
  epoch  14/50  loss=0.4134  bal_acc=0.6910
  epoch  15/50  loss=0.3923  bal_acc=0.7500
  epoch  16/50  loss=0.3703  bal_acc=0.7361
  epoch  17/50  loss=0.3573  bal_acc=0.7205
  epoch  18/50  loss=0.3233  bal_acc=0.6806
  epoch  19/50  loss=0.3134  bal_acc=0.6944
  epoch  20/50  loss=0.2987  bal_acc=0.7292
  epoch  21/50  loss=0.2909  bal_acc=0.7031
  epoch  22/50  loss=0.2786  bal_acc=0.6562
  epoch  23/50  loss=0.2627  bal_acc=0.7517
  epoch  24/50  loss=0.2434  bal_acc=0.7153
  epoch  25/50  loss=0.2496  bal_acc=0.6510
  epoch  26/50  loss=0.2361  bal_acc=0.6736
  epoch  27/50  loss=0.2182  bal_acc=0.6684
  epoch  28/50  loss=0.1995  bal_acc=0.6510
  epoch  29/50  loss=0.1987  bal_acc=0.6979
  epoch  30/50  loss=0.1925  bal_acc=0.6476
  epoch  31/50  loss=0.1904  bal_acc=0.6840
  epoch  32/50  loss=0.1671  bal_acc=0.7101
  epoch  33/50  loss=0.1605  bal_acc=0.6771
  epoch  34/50  loss=0.1588  bal_acc=0.7205
  epoch  35/50  loss=0.1654  bal_acc=0.5712
  epoch  36/50  loss=0.1603  bal_acc=0.7014
  epoch  37/50  loss=0.1569  bal_acc=0.7292
  epoch  38/50  loss=0.1748  bal_acc=0.6476
  epoch  39/50  loss=0.1682  bal_acc=0.6632
  epoch  40/50  loss=0.1338  bal_acc=0.6128
  epoch  41/50  loss=0.1422  bal_acc=0.7031
  epoch  42/50  loss=0.1430  bal_acc=0.6997
  epoch  43/50  loss=0.1369  bal_acc=0.6667
  epoch  44/50  loss=0.1335  bal_acc=0.6615
  epoch  45/50  loss=0.1486  bal_acc=0.7014
  epoch  46/50  loss=0.1331  bal_acc=0.6823
  epoch  47/50  loss=0.1308  bal_acc=0.6094
  epoch  48/50  loss=0.1132  bal_acc=0.7031
  epoch  49/50  loss=0.1200  bal_acc=0.6128
  epoch  50/50  loss=0.1088  bal_acc=0.6354
  [LOSO 3/9] subject 2: acc=0.6354  running_mean=0.5527

=== LOSO (hold out subject 3) ===
  Train: 4608 trials  |  Test: 576 trials
  Model params: 13,061
  epoch   1/50  loss=1.2257  bal_acc=0.4097
  epoch   2/50  loss=0.9336  bal_acc=0.4323
  epoch   3/50  loss=0.7952  bal_acc=0.3924
  epoch   4/50  loss=0.7299  bal_acc=0.4566
  epoch   5/50  loss=0.6646  bal_acc=0.4757
  epoch   6/50  loss=0.6110  bal_acc=0.4948
  epoch   7/50  loss=0.5563  bal_acc=0.4427
  epoch   8/50  loss=0.5304  bal_acc=0.4184
  epoch   9/50  loss=0.4962  bal_acc=0.4080
  epoch  10/50  loss=0.4678  bal_acc=0.4167
  epoch  11/50  loss=0.4322  bal_acc=0.4410
  epoch  12/50  loss=0.4017  bal_acc=0.5000
  epoch  13/50  loss=0.3796  bal_acc=0.4549
  epoch  14/50  loss=0.3512  bal_acc=0.4514
  epoch  15/50  loss=0.3447  bal_acc=0.5035
  epoch  16/50  loss=0.3323  bal_acc=0.4844
  epoch  17/50  loss=0.3042  bal_acc=0.4271
  epoch  18/50  loss=0.2867  bal_acc=0.4583
  epoch  19/50  loss=0.2614  bal_acc=0.4097
  epoch  20/50  loss=0.2640  bal_acc=0.4618
  epoch  21/50  loss=0.2475  bal_acc=0.5139
  epoch  22/50  loss=0.2345  bal_acc=0.4566
  epoch  23/50  loss=0.2180  bal_acc=0.4740
  epoch  24/50  loss=0.2101  bal_acc=0.4514
  epoch  25/50  loss=0.1978  bal_acc=0.4375
  epoch  26/50  loss=0.1923  bal_acc=0.4688
  epoch  27/50  loss=0.1754  bal_acc=0.4444
  epoch  28/50  loss=0.1797  bal_acc=0.4635
  epoch  29/50  loss=0.1439  bal_acc=0.5174
  epoch  30/50  loss=0.1520  bal_acc=0.4635
  epoch  31/50  loss=0.1535  bal_acc=0.4861
  epoch  32/50  loss=0.1397  bal_acc=0.5035
  epoch  33/50  loss=0.1472  bal_acc=0.4931
  epoch  34/50  loss=0.1342  bal_acc=0.5035
  epoch  35/50  loss=0.1241  bal_acc=0.4774
  epoch  36/50  loss=0.1397  bal_acc=0.4722
  epoch  37/50  loss=0.1305  bal_acc=0.4688
  epoch  38/50  loss=0.1263  bal_acc=0.4688
  epoch  39/50  loss=0.1168  bal_acc=0.5330
  epoch  40/50  loss=0.1153  bal_acc=0.4774
  epoch  41/50  loss=0.1022  bal_acc=0.4878
  epoch  42/50  loss=0.1289  bal_acc=0.4635
  epoch  43/50  loss=0.1055  bal_acc=0.4722
  epoch  44/50  loss=0.1037  bal_acc=0.4323
  epoch  45/50  loss=0.1050  bal_acc=0.4722
  epoch  46/50  loss=0.1012  bal_acc=0.4531
  epoch  47/50  loss=0.0991  bal_acc=0.4844
  epoch  48/50  loss=0.0863  bal_acc=0.4878
  epoch  49/50  loss=0.0964  bal_acc=0.4913
  epoch  50/50  loss=0.0879  bal_acc=0.4861
  [LOSO 4/9] subject 3: acc=0.4861  running_mean=0.5360

=== LOSO (hold out subject 4) ===
  Train: 4608 trials  |  Test: 576 trials
  Model params: 13,061
  epoch   1/50  loss=1.2461  bal_acc=0.3038
  epoch   2/50  loss=0.9723  bal_acc=0.3611
  epoch   3/50  loss=0.8214  bal_acc=0.3906
  epoch   4/50  loss=0.7319  bal_acc=0.5017
  epoch   5/50  loss=0.6592  bal_acc=0.4618
  epoch   6/50  loss=0.6156  bal_acc=0.4236
  epoch   7/50  loss=0.5719  bal_acc=0.4427
  epoch   8/50  loss=0.5069  bal_acc=0.4375
  epoch   9/50  loss=0.4990  bal_acc=0.4601
  epoch  10/50  loss=0.4912  bal_acc=0.5069
  epoch  11/50  loss=0.4474  bal_acc=0.4705
  epoch  12/50  loss=0.4208  bal_acc=0.4705
  epoch  13/50  loss=0.3899  bal_acc=0.4583
  epoch  14/50  loss=0.3737  bal_acc=0.4583
  epoch  15/50  loss=0.3564  bal_acc=0.4705
  epoch  16/50  loss=0.3325  bal_acc=0.4965
  epoch  17/50  loss=0.3105  bal_acc=0.4601
  epoch  18/50  loss=0.2922  bal_acc=0.5052
  epoch  19/50  loss=0.2706  bal_acc=0.4340
  epoch  20/50  loss=0.2756  bal_acc=0.4653
  epoch  21/50  loss=0.2504  bal_acc=0.5104
  epoch  22/50  loss=0.2548  bal_acc=0.4722
  epoch  23/50  loss=0.2338  bal_acc=0.5174
  epoch  24/50  loss=0.2087  bal_acc=0.5382
  epoch  25/50  loss=0.2085  bal_acc=0.4236
  epoch  26/50  loss=0.2068  bal_acc=0.5347
  epoch  27/50  loss=0.1933  bal_acc=0.4878
  epoch  28/50  loss=0.1910  bal_acc=0.4878
  epoch  29/50  loss=0.1931  bal_acc=0.4896
  epoch  30/50  loss=0.1697  bal_acc=0.5156
  epoch  31/50  loss=0.1594  bal_acc=0.4965
  epoch  32/50  loss=0.1520  bal_acc=0.5000
  epoch  33/50  loss=0.1548  bal_acc=0.5035
  epoch  34/50  loss=0.1421  bal_acc=0.4705
  epoch  35/50  loss=0.1401  bal_acc=0.5694
  epoch  36/50  loss=0.1525  bal_acc=0.4549
  epoch  37/50  loss=0.1350  bal_acc=0.4844
  epoch  38/50  loss=0.1154  bal_acc=0.4531
  epoch  39/50  loss=0.1422  bal_acc=0.5278
  epoch  40/50  loss=0.1232  bal_acc=0.4983
  epoch  41/50  loss=0.1273  bal_acc=0.5174
  epoch  42/50  loss=0.0947  bal_acc=0.5052
  epoch  43/50  loss=0.1043  bal_acc=0.4653
  epoch  44/50  loss=0.1202  bal_acc=0.4809
  epoch  45/50  loss=0.1186  bal_acc=0.4983
  epoch  46/50  loss=0.0972  bal_acc=0.5156
  epoch  47/50  loss=0.1116  bal_acc=0.5122
  epoch  48/50  loss=0.1007  bal_acc=0.5278
  epoch  49/50  loss=0.1127  bal_acc=0.5087
  epoch  50/50  loss=0.1095  bal_acc=0.5278
  [LOSO 5/9] subject 4: acc=0.5278  running_mean=0.5344

=== LOSO (hold out subject 5) ===
  Train: 4608 trials  |  Test: 576 trials
  Model params: 13,061
  epoch   1/50  loss=1.2032  bal_acc=0.3854
  epoch   2/50  loss=0.9334  bal_acc=0.3767
  epoch   3/50  loss=0.7877  bal_acc=0.4722
  epoch   4/50  loss=0.7078  bal_acc=0.4045
  epoch   5/50  loss=0.6469  bal_acc=0.4653
  epoch   6/50  loss=0.5872  bal_acc=0.3663
  epoch   7/50  loss=0.5710  bal_acc=0.4444
  epoch   8/50  loss=0.5131  bal_acc=0.3733
  epoch   9/50  loss=0.4918  bal_acc=0.3802
  epoch  10/50  loss=0.4600  bal_acc=0.3837
  epoch  11/50  loss=0.4296  bal_acc=0.4080
  epoch  12/50  loss=0.4074  bal_acc=0.4635
  epoch  13/50  loss=0.3641  bal_acc=0.3802
  epoch  14/50  loss=0.3637  bal_acc=0.4861
  epoch  15/50  loss=0.3372  bal_acc=0.4757
  epoch  16/50  loss=0.3090  bal_acc=0.4670
  epoch  17/50  loss=0.2918  bal_acc=0.4115
  epoch  18/50  loss=0.2762  bal_acc=0.4132
  epoch  19/50  loss=0.2699  bal_acc=0.3663
  epoch  20/50  loss=0.2522  bal_acc=0.3750
  epoch  21/50  loss=0.2363  bal_acc=0.4358
  epoch  22/50  loss=0.2175  bal_acc=0.4236
  epoch  23/50  loss=0.2276  bal_acc=0.3854
  epoch  24/50  loss=0.2110  bal_acc=0.3941
  epoch  25/50  loss=0.2129  bal_acc=0.4201
  epoch  26/50  loss=0.1937  bal_acc=0.4722
  epoch  27/50  loss=0.1667  bal_acc=0.4757
  epoch  28/50  loss=0.1818  bal_acc=0.3906
  epoch  29/50  loss=0.1688  bal_acc=0.4375
  epoch  30/50  loss=0.1525  bal_acc=0.4253
  epoch  31/50  loss=0.1531  bal_acc=0.4392
  epoch  32/50  loss=0.1394  bal_acc=0.4253
  epoch  33/50  loss=0.1455  bal_acc=0.4497
  epoch  34/50  loss=0.1366  bal_acc=0.3767
  epoch  35/50  loss=0.1389  bal_acc=0.3906
  epoch  36/50  loss=0.1233  bal_acc=0.4392
  epoch  37/50  loss=0.1101  bal_acc=0.3889
  epoch  38/50  loss=0.1294  bal_acc=0.4219
  epoch  39/50  loss=0.1297  bal_acc=0.4271
  epoch  40/50  loss=0.1222  bal_acc=0.4462
  epoch  41/50  loss=0.1067  bal_acc=0.4219
  epoch  42/50  loss=0.1130  bal_acc=0.3698
  epoch  43/50  loss=0.1131  bal_acc=0.4427
  epoch  44/50  loss=0.1070  bal_acc=0.4253
  epoch  45/50  loss=0.0886  bal_acc=0.4236
  epoch  46/50  loss=0.1055  bal_acc=0.4844
  epoch  47/50  loss=0.1045  bal_acc=0.4219
  epoch  48/50  loss=0.1022  bal_acc=0.4705
  epoch  49/50  loss=0.1068  bal_acc=0.3906
  epoch  50/50  loss=0.0910  bal_acc=0.4340
  [LOSO 6/9] subject 5: acc=0.4340  running_mean=0.5177

=== LOSO (hold out subject 6) ===
  Train: 4608 trials  |  Test: 576 trials
  Model params: 13,061
  epoch   1/50  loss=1.2704  bal_acc=0.5816
  epoch   2/50  loss=1.0163  bal_acc=0.5521
  epoch   3/50  loss=0.8574  bal_acc=0.5799
  epoch   4/50  loss=0.7734  bal_acc=0.6007
  epoch   5/50  loss=0.6892  bal_acc=0.5955
  epoch   6/50  loss=0.6433  bal_acc=0.6319
  epoch   7/50  loss=0.6023  bal_acc=0.6007
  epoch   8/50  loss=0.5462  bal_acc=0.6042
  epoch   9/50  loss=0.5233  bal_acc=0.6354
  epoch  10/50  loss=0.4922  bal_acc=0.6458
  epoch  11/50  loss=0.4675  bal_acc=0.6372
  epoch  12/50  loss=0.4297  bal_acc=0.6215
  epoch  13/50  loss=0.3949  bal_acc=0.5365
  epoch  14/50  loss=0.3909  bal_acc=0.6146
  epoch  15/50  loss=0.3670  bal_acc=0.6042
  epoch  16/50  loss=0.3541  bal_acc=0.6719
  epoch  17/50  loss=0.3204  bal_acc=0.6545
  epoch  18/50  loss=0.2953  bal_acc=0.5781
  epoch  19/50  loss=0.2847  bal_acc=0.6424
  epoch  20/50  loss=0.2884  bal_acc=0.6545
  epoch  21/50  loss=0.2590  bal_acc=0.5972
  epoch  22/50  loss=0.2499  bal_acc=0.6267
  epoch  23/50  loss=0.2427  bal_acc=0.6059
  epoch  24/50  loss=0.2355  bal_acc=0.6302
  epoch  25/50  loss=0.2112  bal_acc=0.6285
  epoch  26/50  loss=0.2020  bal_acc=0.6562
  epoch  27/50  loss=0.1985  bal_acc=0.6233
  epoch  28/50  loss=0.2040  bal_acc=0.5712
  epoch  29/50  loss=0.1931  bal_acc=0.6233
  epoch  30/50  loss=0.1733  bal_acc=0.6007
  epoch  31/50  loss=0.1859  bal_acc=0.6076
  epoch  32/50  loss=0.1532  bal_acc=0.6111
  epoch  33/50  loss=0.1693  bal_acc=0.6267
  epoch  34/50  loss=0.1573  bal_acc=0.5920
  epoch  35/50  loss=0.1528  bal_acc=0.6007
  epoch  36/50  loss=0.1411  bal_acc=0.6076
  epoch  37/50  loss=0.1356  bal_acc=0.6458
  epoch  38/50  loss=0.1355  bal_acc=0.6215
  epoch  39/50  loss=0.1340  bal_acc=0.6007
  epoch  40/50  loss=0.1315  bal_acc=0.6267
  epoch  41/50  loss=0.1238  bal_acc=0.6684
  epoch  42/50  loss=0.1119  bal_acc=0.6007
  epoch  43/50  loss=0.1213  bal_acc=0.6181
  epoch  44/50  loss=0.1274  bal_acc=0.6441
  epoch  45/50  loss=0.1110  bal_acc=0.6337
  epoch  46/50  loss=0.1088  bal_acc=0.6111
  epoch  47/50  loss=0.1132  bal_acc=0.6215
  epoch  48/50  loss=0.0955  bal_acc=0.6267
  epoch  49/50  loss=0.0933  bal_acc=0.6354
  epoch  50/50  loss=0.1057  bal_acc=0.6233
  [LOSO 7/9] subject 6: acc=0.6233  running_mean=0.5327

=== LOSO (hold out subject 7) ===
  Train: 4608 trials  |  Test: 576 trials
  Model params: 13,061
  epoch   1/50  loss=1.2414  bal_acc=0.4392
  epoch   2/50  loss=1.0060  bal_acc=0.6458
  epoch   3/50  loss=0.8855  bal_acc=0.6510
  epoch   4/50  loss=0.7883  bal_acc=0.6302
  epoch   5/50  loss=0.7358  bal_acc=0.6181
  epoch   6/50  loss=0.6723  bal_acc=0.6111
  epoch   7/50  loss=0.6263  bal_acc=0.6354
  epoch   8/50  loss=0.5857  bal_acc=0.6667
  epoch   9/50  loss=0.5373  bal_acc=0.6875
  epoch  10/50  loss=0.4989  bal_acc=0.6892
  epoch  11/50  loss=0.4832  bal_acc=0.6840
  epoch  12/50  loss=0.4458  bal_acc=0.6979
  epoch  13/50  loss=0.4198  bal_acc=0.6545
  epoch  14/50  loss=0.3867  bal_acc=0.6858
  epoch  15/50  loss=0.3590  bal_acc=0.6962
  epoch  16/50  loss=0.3494  bal_acc=0.6580
  epoch  17/50  loss=0.3421  bal_acc=0.5694
  epoch  18/50  loss=0.3229  bal_acc=0.6719
  epoch  19/50  loss=0.2985  bal_acc=0.6580
  epoch  20/50  loss=0.3082  bal_acc=0.6858
  epoch  21/50  loss=0.2736  bal_acc=0.6910
  epoch  22/50  loss=0.2539  bal_acc=0.7205
  epoch  23/50  loss=0.2412  bal_acc=0.7031
  epoch  24/50  loss=0.2486  bal_acc=0.6753
  epoch  25/50  loss=0.2368  bal_acc=0.6997
  epoch  26/50  loss=0.2074  bal_acc=0.6684
  epoch  27/50  loss=0.1965  bal_acc=0.6406
  epoch  28/50  loss=0.2055  bal_acc=0.6753
  epoch  29/50  loss=0.1860  bal_acc=0.6649
  epoch  30/50  loss=0.1737  bal_acc=0.6823
  epoch  31/50  loss=0.1793  bal_acc=0.6858
  epoch  32/50  loss=0.1636  bal_acc=0.6649
  epoch  33/50  loss=0.1593  bal_acc=0.6806
  epoch  34/50  loss=0.1511  bal_acc=0.6649
  epoch  35/50  loss=0.1528  bal_acc=0.6528
  epoch  36/50  loss=0.1397  bal_acc=0.6545
  epoch  37/50  loss=0.1359  bal_acc=0.6840
  epoch  38/50  loss=0.1345  bal_acc=0.6649
  epoch  39/50  loss=0.1334  bal_acc=0.6736
  epoch  40/50  loss=0.1263  bal_acc=0.6684
  epoch  41/50  loss=0.1337  bal_acc=0.6719
  epoch  42/50  loss=0.1221  bal_acc=0.6424
  epoch  43/50  loss=0.1360  bal_acc=0.6250
  epoch  44/50  loss=0.1262  bal_acc=0.6580
  epoch  45/50  loss=0.1105  bal_acc=0.6806
  epoch  46/50  loss=0.1232  bal_acc=0.6649
  epoch  47/50  loss=0.1143  bal_acc=0.6684
  epoch  48/50  loss=0.1162  bal_acc=0.6684
  epoch  49/50  loss=0.1044  bal_acc=0.6684
  epoch  50/50  loss=0.1245  bal_acc=0.6823
  [LOSO 8/9] subject 7: acc=0.6823  running_mean=0.5514

=== LOSO (hold out subject 8) ===
  Train: 4608 trials  |  Test: 576 trials
  Model params: 13,061
  epoch   1/50  loss=1.2386  bal_acc=0.4826
  epoch   2/50  loss=0.9862  bal_acc=0.5122
  epoch   3/50  loss=0.8495  bal_acc=0.5625
  epoch   4/50  loss=0.7597  bal_acc=0.5799
  epoch   5/50  loss=0.6901  bal_acc=0.5347
  epoch   6/50  loss=0.6636  bal_acc=0.6319
  epoch   7/50  loss=0.5988  bal_acc=0.5799
  epoch   8/50  loss=0.5562  bal_acc=0.5747
  epoch   9/50  loss=0.5149  bal_acc=0.5764
  epoch  10/50  loss=0.5006  bal_acc=0.6163
  epoch  11/50  loss=0.4737  bal_acc=0.5781
  epoch  12/50  loss=0.4438  bal_acc=0.6198
  epoch  13/50  loss=0.4119  bal_acc=0.6059
  epoch  14/50  loss=0.3932  bal_acc=0.5486
  epoch  15/50  loss=0.3755  bal_acc=0.5816
  epoch  16/50  loss=0.3596  bal_acc=0.5851
  epoch  17/50  loss=0.3346  bal_acc=0.5399
  epoch  18/50  loss=0.3186  bal_acc=0.5747
  epoch  19/50  loss=0.3110  bal_acc=0.5833
  epoch  20/50  loss=0.2854  bal_acc=0.5625
  epoch  21/50  loss=0.2677  bal_acc=0.5538
  epoch  22/50  loss=0.2639  bal_acc=0.5469
  epoch  23/50  loss=0.2434  bal_acc=0.5573
  epoch  24/50  loss=0.2441  bal_acc=0.5365
  epoch  25/50  loss=0.2232  bal_acc=0.5243
  epoch  26/50  loss=0.2149  bal_acc=0.5972
  epoch  27/50  loss=0.2072  bal_acc=0.5799
  epoch  28/50  loss=0.1995  bal_acc=0.5590
  epoch  29/50  loss=0.1785  bal_acc=0.5764
  epoch  30/50  loss=0.1934  bal_acc=0.5382
  epoch  31/50  loss=0.1932  bal_acc=0.5469
  epoch  32/50  loss=0.1860  bal_acc=0.5747
  epoch  33/50  loss=0.1625  bal_acc=0.5851
  epoch  34/50  loss=0.1453  bal_acc=0.5851
  epoch  35/50  loss=0.1424  bal_acc=0.5764
  epoch  36/50  loss=0.1221  bal_acc=0.5868
  epoch  37/50  loss=0.1341  bal_acc=0.5885
  epoch  38/50  loss=0.1435  bal_acc=0.5625
  epoch  39/50  loss=0.1485  bal_acc=0.5417
  epoch  40/50  loss=0.1238  bal_acc=0.5590
  epoch  41/50  loss=0.1239  bal_acc=0.5972
  epoch  42/50  loss=0.1148  bal_acc=0.5851
  epoch  43/50  loss=0.1167  bal_acc=0.5399
  epoch  44/50  loss=0.1271  bal_acc=0.5799
  epoch  45/50  loss=0.1081  bal_acc=0.5885
  epoch  46/50  loss=0.1034  bal_acc=0.5712
  epoch  47/50  loss=0.1126  bal_acc=0.5122
  epoch  48/50  loss=0.1257  bal_acc=0.5677
  epoch  49/50  loss=0.0991  bal_acc=0.5382
  epoch  50/50  loss=0.1027  bal_acc=0.5486
  [LOSO 9/9] subject 8: acc=0.5486  running_mean=0.5511
Results saved to results/BNCI2014_001/results_trial_35.json
Trial logged to results/BNCI2014_001/trials.csv
[status] trial 35 done (state=COMPLETE, value=0.5511188271604939) -- 32 completed total
Device: cuda
[BNCI2014_001] loading from cache: /home/aleksander.berezowsk/.cache/spiking_eegnet/BNCI2014_001_af1ccf3e92f684d8a93c057082b654d7.npz
[BNCI2014_001] cache hit: (5184, 1, 22, 1001), classes=['feet', 'left_hand', 'right_hand', 'tongue'], subjects=9
Dataset meta: {'n_classes': 4, 'n_channels': 22, 'n_samples': 1001, 'class_names': ['feet', 'left_hand', 'right_hand', 'tongue'], 'subject_list': [1, 2, 3, 4, 5, 6, 7, 8, 9], 'n_subjects': 9, 'sfreq': 250.0}

=== LOSO (hold out subject 0) ===
  Train: 4608 trials  |  Test: 576 trials
  Model params: 16,814
  epoch   1/50  loss=1.3730  bal_acc=0.3021
  epoch   2/50  loss=1.3349  bal_acc=0.3281
  epoch   3/50  loss=1.3020  bal_acc=0.3403
  epoch   4/50  loss=1.2723  bal_acc=0.3403
  epoch   5/50  loss=1.2401  bal_acc=0.3472
  epoch   6/50  loss=1.2044  bal_acc=0.3472
  epoch   7/50  loss=1.1659  bal_acc=0.3872
  epoch   8/50  loss=1.1286  bal_acc=0.4010
  epoch   9/50  loss=1.0935  bal_acc=0.3993
  epoch  10/50  loss=1.0586  bal_acc=0.4062
  epoch  11/50  loss=1.0314  bal_acc=0.3993
  epoch  12/50  loss=1.0026  bal_acc=0.4184
  epoch  13/50  loss=0.9785  bal_acc=0.4219
  epoch  14/50  loss=0.9566  bal_acc=0.3993
  epoch  15/50  loss=0.9360  bal_acc=0.4219
  epoch  16/50  loss=0.9155  bal_acc=0.3976
  epoch  17/50  loss=0.9008  bal_acc=0.4323
  epoch  18/50  loss=0.8839  bal_acc=0.4410
  epoch  19/50  loss=0.8676  bal_acc=0.4392
  epoch  20/50  loss=0.8523  bal_acc=0.4392
  epoch  21/50  loss=0.8338  bal_acc=0.4531
  epoch  22/50  loss=0.8239  bal_acc=0.4392
  epoch  23/50  loss=0.8078  bal_acc=0.4479
  epoch  24/50  loss=0.7941  bal_acc=0.4531
  epoch  25/50  loss=0.7802  bal_acc=0.4549
  epoch  26/50  loss=0.7688  bal_acc=0.4479
  epoch  27/50  loss=0.7536  bal_acc=0.4618
  epoch  28/50  loss=0.7464  bal_acc=0.4601
  epoch  29/50  loss=0.7307  bal_acc=0.4566
  epoch  30/50  loss=0.7198  bal_acc=0.4653
  epoch  31/50  loss=0.7103  bal_acc=0.4722
  epoch  32/50  loss=0.6992  bal_acc=0.4740
  epoch  33/50  loss=0.6902  bal_acc=0.4722
  epoch  34/50  loss=0.6771  bal_acc=0.4549
  epoch  35/50  loss=0.6665  bal_acc=0.4688
  epoch  36/50  loss=0.6580  bal_acc=0.4740
  epoch  37/50  loss=0.6487  bal_acc=0.4566
  epoch  38/50  loss=0.6380  bal_acc=0.4757
  epoch  39/50  loss=0.6262  bal_acc=0.4792
  epoch  40/50  loss=0.6174  bal_acc=0.4653
  epoch  41/50  loss=0.6085  bal_acc=0.4757
  epoch  42/50  loss=0.5956  bal_acc=0.4826
  epoch  43/50  loss=0.5891  bal_acc=0.4844
  epoch  44/50  loss=0.5796  bal_acc=0.4965
  epoch  45/50  loss=0.5690  bal_acc=0.4792
  epoch  46/50  loss=0.5668  bal_acc=0.4983
  epoch  47/50  loss=0.5562  bal_acc=0.4722
  epoch  48/50  loss=0.5460  bal_acc=0.4826
  epoch  49/50  loss=0.5386  bal_acc=0.4913
  epoch  50/50  loss=0.5306  bal_acc=0.4931
  [LOSO 1/9] subject 0: acc=0.4931  running_mean=0.4931

=== LOSO (hold out subject 1) ===
  Train: 4608 trials  |  Test: 576 trials
  Model params: 16,814
  epoch   1/50  loss=1.3649  bal_acc=0.3507
  epoch   2/50  loss=1.3197  bal_acc=0.3576
  epoch   3/50  loss=1.2860  bal_acc=0.3785
  epoch   4/50  loss=1.2541  bal_acc=0.3854
  epoch   5/50  loss=1.2165  bal_acc=0.4167
  epoch   6/50  loss=1.1762  bal_acc=0.4010
  epoch   7/50  loss=1.1404  bal_acc=0.4010
  epoch   8/50  loss=1.1088  bal_acc=0.4115
  epoch   9/50  loss=1.0758  bal_acc=0.3924
  epoch  10/50  loss=1.0499  bal_acc=0.4010
  epoch  11/50  loss=1.0236  bal_acc=0.3941
  epoch  12/50  loss=0.9999  bal_acc=0.3976
  epoch  13/50  loss=0.9772  bal_acc=0.3941
  epoch  14/50  loss=0.9589  bal_acc=0.4045
  epoch  15/50  loss=0.9392  bal_acc=0.4045
  epoch  16/50  loss=0.9212  bal_acc=0.4149
  epoch  17/50  loss=0.9067  bal_acc=0.4045
  epoch  18/50  loss=0.8864  bal_acc=0.3941
  epoch  19/50  loss=0.8676  bal_acc=0.4045
  epoch  20/50  loss=0.8525  bal_acc=0.3958
  epoch  21/50  loss=0.8318  bal_acc=0.4080
  epoch  22/50  loss=0.8169  bal_acc=0.3924
  epoch  23/50  loss=0.8005  bal_acc=0.4253
  epoch  24/50  loss=0.7860  bal_acc=0.3559
  epoch  25/50  loss=0.7678  bal_acc=0.3785
  epoch  26/50  loss=0.7509  bal_acc=0.3628
  epoch  27/50  loss=0.7410  bal_acc=0.4010
  epoch  28/50  loss=0.7211  bal_acc=0.3715
  epoch  29/50  loss=0.7122  bal_acc=0.3715
  epoch  30/50  loss=0.6948  bal_acc=0.4028
  epoch  31/50  loss=0.6817  bal_acc=0.4097
  epoch  32/50  loss=0.6683  bal_acc=0.4271
  epoch  33/50  loss=0.6580  bal_acc=0.4080
  epoch  34/50  loss=0.6432  bal_acc=0.4010
  epoch  35/50  loss=0.6351  bal_acc=0.4028
  epoch  36/50  loss=0.6270  bal_acc=0.3993
  epoch  37/50  loss=0.6154  bal_acc=0.4184
  epoch  38/50  loss=0.6039  bal_acc=0.3958
  epoch  39/50  loss=0.5948  bal_acc=0.4566
  epoch  40/50  loss=0.5875  bal_acc=0.3976
  epoch  41/50  loss=0.5819  bal_acc=0.4062
  epoch  42/50  loss=0.5672  bal_acc=0.4184
  epoch  43/50  loss=0.5616  bal_acc=0.3958
  epoch  44/50  loss=0.5511  bal_acc=0.4288
  epoch  45/50  loss=0.5418  bal_acc=0.4392
  epoch  46/50  loss=0.5327  bal_acc=0.4375
  epoch  47/50  loss=0.5278  bal_acc=0.4444
  epoch  48/50  loss=0.5198  bal_acc=0.4531
  epoch  49/50  loss=0.5155  bal_acc=0.4479
  epoch  50/50  loss=0.5044  bal_acc=0.4167
  [LOSO 2/9] subject 1: acc=0.4167  running_mean=0.4549

=== LOSO (hold out subject 2) ===
  Train: 4608 trials  |  Test: 576 trials
  Model params: 16,814
  epoch   1/50  loss=1.3762  bal_acc=0.3819
  epoch   2/50  loss=1.3273  bal_acc=0.4184
  epoch   3/50  loss=1.2947  bal_acc=0.4080
  epoch   4/50  loss=1.2643  bal_acc=0.4392
  epoch   5/50  loss=1.2359  bal_acc=0.4792
  epoch   6/50  loss=1.2080  bal_acc=0.4740
  epoch   7/50  loss=1.1808  bal_acc=0.5000
  epoch   8/50  loss=1.1542  bal_acc=0.4983
  epoch   9/50  loss=1.1280  bal_acc=0.4931
  epoch  10/50  loss=1.1030  bal_acc=0.5312
  epoch  11/50  loss=1.0827  bal_acc=0.5052
  epoch  12/50  loss=1.0611  bal_acc=0.5208
  epoch  13/50  loss=1.0390  bal_acc=0.5226
  epoch  14/50  loss=1.0215  bal_acc=0.5521
  epoch  15/50  loss=1.0040  bal_acc=0.5625
  epoch  16/50  loss=0.9877  bal_acc=0.5278
  epoch  17/50  loss=0.9715  bal_acc=0.5694
  epoch  18/50  loss=0.9533  bal_acc=0.5712
  epoch  19/50  loss=0.9409  bal_acc=0.5694
  epoch  20/50  loss=0.9246  bal_acc=0.5781
  epoch  21/50  loss=0.9084  bal_acc=0.5642
  epoch  22/50  loss=0.8948  bal_acc=0.5712
  epoch  23/50  loss=0.8804  bal_acc=0.5799
  epoch  24/50  loss=0.8658  bal_acc=0.5938
  epoch  25/50  loss=0.8538  bal_acc=0.5990
  epoch  26/50  loss=0.8424  bal_acc=0.6198
  epoch  27/50  loss=0.8293  bal_acc=0.6111
  epoch  28/50  loss=0.8151  bal_acc=0.6267
  epoch  29/50  loss=0.8034  bal_acc=0.6128
  epoch  30/50  loss=0.7945  bal_acc=0.6319
  epoch  31/50  loss=0.7810  bal_acc=0.6233
  epoch  32/50  loss=0.7685  bal_acc=0.6111
  epoch  33/50  loss=0.7601  bal_acc=0.6250
  epoch  34/50  loss=0.7485  bal_acc=0.6250
  epoch  35/50  loss=0.7410  bal_acc=0.6337
  epoch  36/50  loss=0.7266  bal_acc=0.6476
  epoch  37/50  loss=0.7201  bal_acc=0.6250
  epoch  38/50  loss=0.7111  bal_acc=0.6389
  epoch  39/50  loss=0.6999  bal_acc=0.6476
  epoch  40/50  loss=0.6934  bal_acc=0.6528
  epoch  41/50  loss=0.6820  bal_acc=0.6719
  epoch  42/50  loss=0.6750  bal_acc=0.6649
  epoch  43/50  loss=0.6656  bal_acc=0.6406
  epoch  44/50  loss=0.6557  bal_acc=0.6597
  epoch  45/50  loss=0.6488  bal_acc=0.6667
  epoch  46/50  loss=0.6403  bal_acc=0.6632
  epoch  47/50  loss=0.6290  bal_acc=0.6528
  epoch  48/50  loss=0.6271  bal_acc=0.6753
  epoch  49/50  loss=0.6145  bal_acc=0.6753
  epoch  50/50  loss=0.6093  bal_acc=0.6528
  [LOSO 3/9] subject 2: acc=0.6528  running_mean=0.5208

=== LOSO (hold out subject 3) ===
  Train: 4608 trials  |  Test: 576 trials
  Model params: 16,814
  epoch   1/50  loss=1.3752  bal_acc=0.3559
  epoch   2/50  loss=1.3334  bal_acc=0.3767
  epoch   3/50  loss=1.2892  bal_acc=0.3594
  epoch   4/50  loss=1.2458  bal_acc=0.3785
  epoch   5/50  loss=1.2013  bal_acc=0.3750
  epoch   6/50  loss=1.1618  bal_acc=0.3819
  epoch   7/50  loss=1.1253  bal_acc=0.3889
  epoch   8/50  loss=1.0920  bal_acc=0.4028
  epoch   9/50  loss=1.0649  bal_acc=0.3854
  epoch  10/50  loss=1.0352  bal_acc=0.3854
  epoch  11/50  loss=1.0111  bal_acc=0.4028
  epoch  12/50  loss=0.9882  bal_acc=0.4028
  epoch  13/50  loss=0.9677  bal_acc=0.4062
  epoch  14/50  loss=0.9482  bal_acc=0.4132
  epoch  15/50  loss=0.9287  bal_acc=0.4028
  epoch  16/50  loss=0.9108  bal_acc=0.4132
  epoch  17/50  loss=0.8938  bal_acc=0.3993
  epoch  18/50  loss=0.8756  bal_acc=0.4080
  epoch  19/50  loss=0.8617  bal_acc=0.4253
  epoch  20/50  loss=0.8456  bal_acc=0.4184
  epoch  21/50  loss=0.8307  bal_acc=0.4271
  epoch  22/50  loss=0.8137  bal_acc=0.4097
  epoch  23/50  loss=0.8011  bal_acc=0.4306
  epoch  24/50  loss=0.7849  bal_acc=0.4392
  epoch  25/50  loss=0.7730  bal_acc=0.4306
  epoch  26/50  loss=0.7600  bal_acc=0.4549
  epoch  27/50  loss=0.7457  bal_acc=0.4392
  epoch  28/50  loss=0.7366  bal_acc=0.4271
  epoch  29/50  loss=0.7204  bal_acc=0.4323
  epoch  30/50  loss=0.7085  bal_acc=0.4479
  epoch  31/50  loss=0.6979  bal_acc=0.4444
  epoch  32/50  loss=0.6841  bal_acc=0.4271
  epoch  33/50  loss=0.6723  bal_acc=0.4080
  epoch  34/50  loss=0.6597  bal_acc=0.4531
  epoch  35/50  loss=0.6515  bal_acc=0.4392
  epoch  36/50  loss=0.6382  bal_acc=0.4253
  epoch  37/50  loss=0.6309  bal_acc=0.4462
  epoch  38/50  loss=0.6204  bal_acc=0.4462
  epoch  39/50  loss=0.6123  bal_acc=0.4392
  epoch  40/50  loss=0.6048  bal_acc=0.4288
  epoch  41/50  loss=0.5947  bal_acc=0.4392
  epoch  42/50  loss=0.5841  bal_acc=0.4514
  epoch  43/50  loss=0.5753  bal_acc=0.4427
  epoch  44/50  loss=0.5648  bal_acc=0.4983
  epoch  45/50  loss=0.5615  bal_acc=0.4705
  epoch  46/50  loss=0.5525  bal_acc=0.4583
  epoch  47/50  loss=0.5446  bal_acc=0.4531
  epoch  48/50  loss=0.5336  bal_acc=0.4757
  epoch  49/50  loss=0.5316  bal_acc=0.4444
  epoch  50/50  loss=0.5236  bal_acc=0.4601
  [LOSO 4/9] subject 3: acc=0.4601  running_mean=0.5056

=== LOSO (hold out subject 4) ===
  Train: 4608 trials  |  Test: 576 trials
  Model params: 16,814
  epoch   1/50  loss=1.3772  bal_acc=0.2778
  epoch   2/50  loss=1.3419  bal_acc=0.2899
  epoch   3/50  loss=1.3068  bal_acc=0.2917
  epoch   4/50  loss=1.2712  bal_acc=0.3073
  epoch   5/50  loss=1.2387  bal_acc=0.3177
  epoch   6/50  loss=1.2030  bal_acc=0.2951
  epoch   7/50  loss=1.1702  bal_acc=0.3003
  epoch   8/50  loss=1.1415  bal_acc=0.3212
  epoch   9/50  loss=1.1141  bal_acc=0.3490
  epoch  10/50  loss=1.0897  bal_acc=0.3576
  epoch  11/50  loss=1.0644  bal_acc=0.3438
  epoch  12/50  loss=1.0474  bal_acc=0.3385
  epoch  13/50  loss=1.0265  bal_acc=0.3819
  epoch  14/50  loss=1.0054  bal_acc=0.3993
  epoch  15/50  loss=0.9845  bal_acc=0.4219
  epoch  16/50  loss=0.9723  bal_acc=0.3941
  epoch  17/50  loss=0.9516  bal_acc=0.3976
  epoch  18/50  loss=0.9385  bal_acc=0.3976
  epoch  19/50  loss=0.9211  bal_acc=0.4028
  epoch  20/50  loss=0.9071  bal_acc=0.3837
  epoch  21/50  loss=0.8931  bal_acc=0.3611
  epoch  22/50  loss=0.8758  bal_acc=0.4392
  epoch  23/50  loss=0.8631  bal_acc=0.4653
  epoch  24/50  loss=0.8485  bal_acc=0.4323
  epoch  25/50  loss=0.8316  bal_acc=0.4028
  epoch  26/50  loss=0.8221  bal_acc=0.4115
  epoch  27/50  loss=0.8099  bal_acc=0.4028
  epoch  28/50  loss=0.7938  bal_acc=0.3837
  epoch  29/50  loss=0.7790  bal_acc=0.4010
  epoch  30/50  loss=0.7665  bal_acc=0.4062
  epoch  31/50  loss=0.7551  bal_acc=0.3993
  epoch  32/50  loss=0.7420  bal_acc=0.3941
  epoch  33/50  loss=0.7359  bal_acc=0.3976
  epoch  34/50  loss=0.7213  bal_acc=0.3837
  epoch  35/50  loss=0.7092  bal_acc=0.3941
  epoch  36/50  loss=0.7025  bal_acc=0.3750
  epoch  37/50  loss=0.6911  bal_acc=0.3854
  epoch  38/50  loss=0.6853  bal_acc=0.3854
  epoch  39/50  loss=0.6711  bal_acc=0.3958
  epoch  40/50  loss=0.6638  bal_acc=0.3958
  epoch  41/50  loss=0.6516  bal_acc=0.3958
  epoch  42/50  loss=0.6494  bal_acc=0.3906
  epoch  43/50  loss=0.6376  bal_acc=0.3958
  epoch  44/50  loss=0.6263  bal_acc=0.4028
  epoch  45/50  loss=0.6247  bal_acc=0.3889
  epoch  46/50  loss=0.6142  bal_acc=0.3785
  epoch  47/50  loss=0.6060  bal_acc=0.4010
  epoch  48/50  loss=0.5998  bal_acc=0.3802
  epoch  49/50  loss=0.5937  bal_acc=0.4010
  epoch  50/50  loss=0.5861  bal_acc=0.3889
  [LOSO 5/9] subject 4: acc=0.3889  running_mean=0.4823

=== LOSO (hold out subject 5) ===
  Train: 4608 trials  |  Test: 576 trials
  Model params: 16,814
  epoch   1/50  loss=1.3759  bal_acc=0.3420
  epoch   2/50  loss=1.3378  bal_acc=0.3559
  epoch   3/50  loss=1.3039  bal_acc=0.3819
  epoch   4/50  loss=1.2741  bal_acc=0.4115
  epoch   5/50  loss=1.2460  bal_acc=0.4427
  epoch   6/50  loss=1.2146  bal_acc=0.4410
  epoch   7/50  loss=1.1814  bal_acc=0.4531
  epoch   8/50  loss=1.1500  bal_acc=0.4462
  epoch   9/50  loss=1.1205  bal_acc=0.4566
  epoch  10/50  loss=1.0929  bal_acc=0.4583
  epoch  11/50  loss=1.0641  bal_acc=0.4757
  epoch  12/50  loss=1.0373  bal_acc=0.4861
  epoch  13/50  loss=1.0181  bal_acc=0.4983
  epoch  14/50  loss=0.9936  bal_acc=0.4774
  epoch  15/50  loss=0.9726  bal_acc=0.4583
  epoch  16/50  loss=0.9532  bal_acc=0.4861
  epoch  17/50  loss=0.9339  bal_acc=0.4896
  epoch  18/50  loss=0.9173  bal_acc=0.4913
  epoch  19/50  loss=0.8986  bal_acc=0.4670
  epoch  20/50  loss=0.8851  bal_acc=0.4931
  epoch  21/50  loss=0.8672  bal_acc=0.4844
  epoch  22/50  loss=0.8519  bal_acc=0.4861
  epoch  23/50  loss=0.8402  bal_acc=0.4774
  epoch  24/50  loss=0.8291  bal_acc=0.5000
  epoch  25/50  loss=0.8127  bal_acc=0.4792
  epoch  26/50  loss=0.8042  bal_acc=0.4878
  epoch  27/50  loss=0.7936  bal_acc=0.4948
  epoch  28/50  loss=0.7790  bal_acc=0.4913
  epoch  29/50  loss=0.7666  bal_acc=0.5017
  epoch  30/50  loss=0.7542  bal_acc=0.4861
  epoch  31/50  loss=0.7445  bal_acc=0.4740
  epoch  32/50  loss=0.7354  bal_acc=0.4757
  epoch  33/50  loss=0.7256  bal_acc=0.4809
  epoch  34/50  loss=0.7127  bal_acc=0.4757
  epoch  35/50  loss=0.7067  bal_acc=0.4462
  epoch  36/50  loss=0.6935  bal_acc=0.4861
  epoch  37/50  loss=0.6874  bal_acc=0.4844
  epoch  38/50  loss=0.6764  bal_acc=0.4774
  epoch  39/50  loss=0.6699  bal_acc=0.4705
  epoch  40/50  loss=0.6612  bal_acc=0.4948
  epoch  41/50  loss=0.6521  bal_acc=0.4861
  epoch  42/50  loss=0.6446  bal_acc=0.4826
  epoch  43/50  loss=0.6346  bal_acc=0.4861
  epoch  44/50  loss=0.6248  bal_acc=0.4774
  epoch  45/50  loss=0.6182  bal_acc=0.4618
  epoch  46/50  loss=0.6088  bal_acc=0.4740
  epoch  47/50  loss=0.6059  bal_acc=0.4913
  epoch  48/50  loss=0.6043  bal_acc=0.4740
  epoch  49/50  loss=0.5886  bal_acc=0.4653
  epoch  50/50  loss=0.5834  bal_acc=0.4913
  [LOSO 6/9] subject 5: acc=0.4913  running_mean=0.4838

=== LOSO (hold out subject 6) ===
  Train: 4608 trials  |  Test: 576 trials
  Model params: 16,814
  epoch   1/50  loss=1.3770  bal_acc=0.3559
  epoch   2/50  loss=1.3448  bal_acc=0.3646
  epoch   3/50  loss=1.3125  bal_acc=0.3906
  epoch   4/50  loss=1.2808  bal_acc=0.4219
  epoch   5/50  loss=1.2439  bal_acc=0.4566
  epoch   6/50  loss=1.2069  bal_acc=0.4774
  epoch   7/50  loss=1.1716  bal_acc=0.5312
  epoch   8/50  loss=1.1352  bal_acc=0.5382
  epoch   9/50  loss=1.1057  bal_acc=0.5451
  epoch  10/50  loss=1.0774  bal_acc=0.5694
  epoch  11/50  loss=1.0515  bal_acc=0.5573
  epoch  12/50  loss=1.0315  bal_acc=0.5833
  epoch  13/50  loss=1.0114  bal_acc=0.5833
  epoch  14/50  loss=0.9930  bal_acc=0.5851
  epoch  15/50  loss=0.9755  bal_acc=0.5885
  epoch  16/50  loss=0.9588  bal_acc=0.5920
  epoch  17/50  loss=0.9435  bal_acc=0.5920
  epoch  18/50  loss=0.9298  bal_acc=0.5920
  epoch  19/50  loss=0.9105  bal_acc=0.5885
  epoch  20/50  loss=0.9027  bal_acc=0.5938
  epoch  21/50  loss=0.8810  bal_acc=0.5972
  epoch  22/50  loss=0.8701  bal_acc=0.5938
  epoch  23/50  loss=0.8581  bal_acc=0.5903
  epoch  24/50  loss=0.8403  bal_acc=0.5955
  epoch  25/50  loss=0.8274  bal_acc=0.6094
  epoch  26/50  loss=0.8176  bal_acc=0.5938
  epoch  27/50  loss=0.8014  bal_acc=0.6111
  epoch  28/50  loss=0.7933  bal_acc=0.6007
  epoch  29/50  loss=0.7771  bal_acc=0.6024
  epoch  30/50  loss=0.7696  bal_acc=0.5955
  epoch  31/50  loss=0.7600  bal_acc=0.6007
  epoch  32/50  loss=0.7465  bal_acc=0.5781
  epoch  33/50  loss=0.7353  bal_acc=0.5990
  epoch  34/50  loss=0.7257  bal_acc=0.6007
  epoch  35/50  loss=0.7141  bal_acc=0.5816
  epoch  36/50  loss=0.7010  bal_acc=0.5920
  epoch  37/50  loss=0.6952  bal_acc=0.6111
  epoch  38/50  loss=0.6822  bal_acc=0.6128
  epoch  39/50  loss=0.6767  bal_acc=0.5903
  epoch  40/50  loss=0.6723  bal_acc=0.5920
  epoch  41/50  loss=0.6597  bal_acc=0.6007
  epoch  42/50  loss=0.6478  bal_acc=0.6163
  epoch  43/50  loss=0.6399  bal_acc=0.6076
  epoch  44/50  loss=0.6326  bal_acc=0.6128
  epoch  45/50  loss=0.6189  bal_acc=0.5955
  epoch  46/50  loss=0.6084  bal_acc=0.6059
  epoch  47/50  loss=0.6092  bal_acc=0.5868
  epoch  48/50  loss=0.6043  bal_acc=0.6007
  epoch  49/50  loss=0.5886  bal_acc=0.6059
  epoch  50/50  loss=0.5842  bal_acc=0.5885
  [LOSO 7/9] subject 6: acc=0.5885  running_mean=0.4988

=== LOSO (hold out subject 7) ===
  Train: 4608 trials  |  Test: 576 trials
  Model params: 16,814
  epoch   1/50  loss=1.3716  bal_acc=0.3542
  epoch   2/50  loss=1.3233  bal_acc=0.3785
  epoch   3/50  loss=1.2828  bal_acc=0.3854
  epoch   4/50  loss=1.2451  bal_acc=0.4497
  epoch   5/50  loss=1.2102  bal_acc=0.4479
  epoch   6/50  loss=1.1773  bal_acc=0.4497
  epoch   7/50  loss=1.1468  bal_acc=0.4670
  epoch   8/50  loss=1.1195  bal_acc=0.4757
  epoch   9/50  loss=1.0949  bal_acc=0.4792
  epoch  10/50  loss=1.0698  bal_acc=0.4722
  epoch  11/50  loss=1.0483  bal_acc=0.4913
  epoch  12/50  loss=1.0287  bal_acc=0.4740
  epoch  13/50  loss=1.0064  bal_acc=0.4844
  epoch  14/50  loss=0.9876  bal_acc=0.4688
  epoch  15/50  loss=0.9689  bal_acc=0.5000
  epoch  16/50  loss=0.9539  bal_acc=0.4878
  epoch  17/50  loss=0.9391  bal_acc=0.4896
  epoch  18/50  loss=0.9202  bal_acc=0.5017
  epoch  19/50  loss=0.9061  bal_acc=0.4965
  epoch  20/50  loss=0.8898  bal_acc=0.5139
  epoch  21/50  loss=0.8792  bal_acc=0.5069
  epoch  22/50  loss=0.8659  bal_acc=0.5000
  epoch  23/50  loss=0.8476  bal_acc=0.5243
  epoch  24/50  loss=0.8373  bal_acc=0.5174
  epoch  25/50  loss=0.8234  bal_acc=0.5295
  epoch  26/50  loss=0.8111  bal_acc=0.5330
  epoch  27/50  loss=0.7980  bal_acc=0.4983
  epoch  28/50  loss=0.7875  bal_acc=0.5295
  epoch  29/50  loss=0.7757  bal_acc=0.5087
  epoch  30/50  loss=0.7608  bal_acc=0.5122
  epoch  31/50  loss=0.7512  bal_acc=0.5017
  epoch  32/50  loss=0.7402  bal_acc=0.5278
  epoch  33/50  loss=0.7287  bal_acc=0.5260
  epoch  34/50  loss=0.7204  bal_acc=0.5347
  epoch  35/50  loss=0.7047  bal_acc=0.5208
  epoch  36/50  loss=0.6972  bal_acc=0.4913
  epoch  37/50  loss=0.6840  bal_acc=0.5139
  epoch  38/50  loss=0.6799  bal_acc=0.5260
  epoch  39/50  loss=0.6692  bal_acc=0.4948
  epoch  40/50  loss=0.6569  bal_acc=0.5590
  epoch  41/50  loss=0.6496  bal_acc=0.5365
  epoch  42/50  loss=0.6416  bal_acc=0.5365
  epoch  43/50  loss=0.6339  bal_acc=0.5677
  epoch  44/50  loss=0.6179  bal_acc=0.5434
  epoch  45/50  loss=0.6141  bal_acc=0.5469
  epoch  46/50  loss=0.6071  bal_acc=0.5486
  epoch  47/50  loss=0.5949  bal_acc=0.5382
  epoch  48/50  loss=0.5877  bal_acc=0.5538
  epoch  49/50  loss=0.5795  bal_acc=0.5521
  epoch  50/50  loss=0.5688  bal_acc=0.5781
  [LOSO 8/9] subject 7: acc=0.5781  running_mean=0.5087

=== LOSO (hold out subject 8) ===
  Train: 4608 trials  |  Test: 576 trials
  Model params: 16,814
  epoch   1/50  loss=1.3725  bal_acc=0.2882
  epoch   2/50  loss=1.3234  bal_acc=0.3229
  epoch   3/50  loss=1.2910  bal_acc=0.3160
  epoch   4/50  loss=1.2619  bal_acc=0.3368
  epoch   5/50  loss=1.2305  bal_acc=0.3576
  epoch   6/50  loss=1.1976  bal_acc=0.3767
  epoch   7/50  loss=1.1641  bal_acc=0.3941
  epoch   8/50  loss=1.1338  bal_acc=0.4184
  epoch   9/50  loss=1.1020  bal_acc=0.4167
  epoch  10/50  loss=1.0756  bal_acc=0.4323
  epoch  11/50  loss=1.0504  bal_acc=0.4306
  epoch  12/50  loss=1.0277  bal_acc=0.4566
  epoch  13/50  loss=1.0083  bal_acc=0.4253
  epoch  14/50  loss=0.9884  bal_acc=0.4427
  epoch  15/50  loss=0.9693  bal_acc=0.4514
  epoch  16/50  loss=0.9526  bal_acc=0.4444
  epoch  17/50  loss=0.9351  bal_acc=0.4566
  epoch  18/50  loss=0.9188  bal_acc=0.4340
  epoch  19/50  loss=0.9037  bal_acc=0.4566
  epoch  20/50  loss=0.8895  bal_acc=0.4514
  epoch  21/50  loss=0.8773  bal_acc=0.4635
  epoch  22/50  loss=0.8647  bal_acc=0.4601
  epoch  23/50  loss=0.8520  bal_acc=0.4705
  epoch  24/50  loss=0.8384  bal_acc=0.4653
  epoch  25/50  loss=0.8259  bal_acc=0.4601
  epoch  26/50  loss=0.8100  bal_acc=0.4514
  epoch  27/50  loss=0.8027  bal_acc=0.4722
  epoch  28/50  loss=0.7898  bal_acc=0.4549
  epoch  29/50  loss=0.7789  bal_acc=0.4601
  epoch  30/50  loss=0.7645  bal_acc=0.4601
  epoch  31/50  loss=0.7571  bal_acc=0.4583
  epoch  32/50  loss=0.7451  bal_acc=0.4601
  epoch  33/50  loss=0.7347  bal_acc=0.4635
  epoch  34/50  loss=0.7251  bal_acc=0.4705
  epoch  35/50  loss=0.7150  bal_acc=0.4635
  epoch  36/50  loss=0.7044  bal_acc=0.4722
  epoch  37/50  loss=0.6928  bal_acc=0.4618
  epoch  38/50  loss=0.6840  bal_acc=0.4462
  epoch  39/50  loss=0.6756  bal_acc=0.4792
  epoch  40/50  loss=0.6647  bal_acc=0.4653
  epoch  41/50  loss=0.6551  bal_acc=0.4670
  epoch  42/50  loss=0.6464  bal_acc=0.4462
  epoch  43/50  loss=0.6413  bal_acc=0.4774
  epoch  44/50  loss=0.6295  bal_acc=0.4635
  epoch  45/50  loss=0.6236  bal_acc=0.4427
  epoch  46/50  loss=0.6131  bal_acc=0.4740
  epoch  47/50  loss=0.6038  bal_acc=0.4514
  epoch  48/50  loss=0.6011  bal_acc=0.4462
  epoch  49/50  loss=0.5899  bal_acc=0.4618
  epoch  50/50  loss=0.5807  bal_acc=0.4358
  [LOSO 9/9] subject 8: acc=0.4358  running_mean=0.5006
Results saved to results/BNCI2014_001/results_trial_38.json
Trial logged to results/BNCI2014_001/trials.csv
[status] trial 38 done (state=COMPLETE, value=0.5005787037037037) -- 34 completed total
Device: cuda
[BNCI2014_001] loading from cache: /home/aleksander.berezowsk/.cache/spiking_eegnet/BNCI2014_001_af1ccf3e92f684d8a93c057082b654d7.npz
[BNCI2014_001] cache hit: (5184, 1, 22, 1001), classes=['feet', 'left_hand', 'right_hand', 'tongue'], subjects=9
Dataset meta: {'n_classes': 4, 'n_channels': 22, 'n_samples': 1001, 'class_names': ['feet', 'left_hand', 'right_hand', 'tongue'], 'subject_list': [1, 2, 3, 4, 5, 6, 7, 8, 9], 'n_subjects': 9, 'sfreq': 250.0}

=== LOSO (hold out subject 0) ===
  Train: 4608 trials  |  Test: 576 trials
  Model params: 36,198
  epoch   1/50  loss=1.2519  bal_acc=0.4306
  epoch   2/50  loss=0.9854  bal_acc=0.5503
  epoch   3/50  loss=0.8309  bal_acc=0.5521
  epoch   4/50  loss=0.6875  bal_acc=0.5625
  epoch   5/50  loss=0.6558  bal_acc=0.5694
  epoch   6/50  loss=0.5610  bal_acc=0.6285
  epoch   7/50  loss=0.5099  bal_acc=0.5260
  epoch   8/50  loss=0.4444  bal_acc=0.5799
  epoch   9/50  loss=0.4030  bal_acc=0.6163
  epoch  10/50  loss=0.3517  bal_acc=0.5885
  epoch  11/50  loss=0.2993  bal_acc=0.5972
  epoch  12/50  loss=0.2681  bal_acc=0.5885
  epoch  13/50  loss=0.2261  bal_acc=0.5868
  epoch  14/50  loss=0.2102  bal_acc=0.5764
  epoch  15/50  loss=0.1960  bal_acc=0.6042
  epoch  16/50  loss=0.1531  bal_acc=0.5938
  epoch  17/50  loss=0.1455  bal_acc=0.5712
  epoch  18/50  loss=0.1163  bal_acc=0.5885
  epoch  19/50  loss=0.1039  bal_acc=0.6146
  epoch  20/50  loss=0.1100  bal_acc=0.5833
  epoch  21/50  loss=0.0959  bal_acc=0.5764
  epoch  22/50  loss=0.0914  bal_acc=0.5885
  epoch  23/50  loss=0.0695  bal_acc=0.5747
  epoch  24/50  loss=0.0726  bal_acc=0.5764
  epoch  25/50  loss=0.0789  bal_acc=0.5955
  epoch  26/50  loss=0.0604  bal_acc=0.5920
  epoch  27/50  loss=0.0596  bal_acc=0.5972
  epoch  28/50  loss=0.0897  bal_acc=0.5642
  epoch  29/50  loss=0.1312  bal_acc=0.6302
  epoch  30/50  loss=0.0883  bal_acc=0.5920
  epoch  31/50  loss=0.0874  bal_acc=0.6215
  epoch  32/50  loss=0.0640  bal_acc=0.5990
  epoch  33/50  loss=0.0626  bal_acc=0.5938
  epoch  34/50  loss=0.0621  bal_acc=0.5938
  epoch  35/50  loss=0.0563  bal_acc=0.5729
  epoch  36/50  loss=0.0421  bal_acc=0.5608
  epoch  37/50  loss=0.0248  bal_acc=0.6024
  epoch  38/50  loss=0.0171  bal_acc=0.6146
  epoch  39/50  loss=0.0130  bal_acc=0.6233
  epoch  40/50  loss=0.0109  bal_acc=0.5990
  epoch  41/50  loss=0.0092  bal_acc=0.6111
  epoch  42/50  loss=0.0095  bal_acc=0.6267
  epoch  43/50  loss=0.0083  bal_acc=0.5990
  epoch  44/50  loss=0.0088  bal_acc=0.6128
  epoch  45/50  loss=0.0081  bal_acc=0.5972
  epoch  46/50  loss=0.0109  bal_acc=0.5868
  epoch  47/50  loss=0.2801  bal_acc=0.5521
  epoch  48/50  loss=0.4834  bal_acc=0.5868
  epoch  49/50  loss=0.2153  bal_acc=0.5885
  epoch  50/50  loss=0.0987  bal_acc=0.5885
  [LOSO 1/9] subject 0: acc=0.5885  running_mean=0.5885

=== LOSO (hold out subject 1) ===
  Train: 4608 trials  |  Test: 576 trials
  Model params: 36,198
  epoch   1/50  loss=1.2545  bal_acc=0.4219
  epoch   2/50  loss=0.9107  bal_acc=0.4583
  epoch   3/50  loss=0.7612  bal_acc=0.4236
  epoch   4/50  loss=0.6445  bal_acc=0.4444
  epoch   5/50  loss=0.5796  bal_acc=0.4444
  epoch   6/50  loss=0.5195  bal_acc=0.4583
  epoch   7/50  loss=0.4583  bal_acc=0.4462
  epoch   8/50  loss=0.3961  bal_acc=0.4497
  epoch   9/50  loss=0.3338  bal_acc=0.4601
  epoch  10/50  loss=0.3104  bal_acc=0.4444
  epoch  11/50  loss=0.2676  bal_acc=0.4653
  epoch  12/50  loss=0.2078  bal_acc=0.4809
  epoch  13/50  loss=0.1884  bal_acc=0.4635
  epoch  14/50  loss=0.1685  bal_acc=0.4722
  epoch  15/50  loss=0.1599  bal_acc=0.4392
  epoch  16/50  loss=0.1208  bal_acc=0.4531
  epoch  17/50  loss=0.0988  bal_acc=0.4635
  epoch  18/50  loss=0.0909  bal_acc=0.4497
  epoch  19/50  loss=0.0769  bal_acc=0.4497
  epoch  20/50  loss=0.0778  bal_acc=0.4688
  epoch  21/50  loss=0.0638  bal_acc=0.4497
  epoch  22/50  loss=0.0634  bal_acc=0.4323
  epoch  23/50  loss=0.0626  bal_acc=0.4531
  epoch  24/50  loss=0.0784  bal_acc=0.4410
  epoch  25/50  loss=0.1219  bal_acc=0.4028
  epoch  26/50  loss=0.1223  bal_acc=0.4271
  epoch  27/50  loss=0.0709  bal_acc=0.4531
  epoch  28/50  loss=0.0557  bal_acc=0.4497
  epoch  29/50  loss=0.0345  bal_acc=0.4531
  epoch  30/50  loss=0.0299  bal_acc=0.4531
  epoch  31/50  loss=0.0366  bal_acc=0.4601
  epoch  32/50  loss=0.0288  bal_acc=0.4184
  epoch  33/50  loss=0.0377  bal_acc=0.4444
  epoch  34/50  loss=0.0339  bal_acc=0.4132
  epoch  35/50  loss=0.0507  bal_acc=0.4236
  epoch  36/50  loss=0.1205  bal_acc=0.4219
  epoch  37/50  loss=0.1619  bal_acc=0.4375
  epoch  38/50  loss=0.1109  bal_acc=0.4097
  epoch  39/50  loss=0.0538  bal_acc=0.4931
  epoch  40/50  loss=0.0391  bal_acc=0.4705
  epoch  41/50  loss=0.0309  bal_acc=0.4792
  epoch  42/50  loss=0.0185  bal_acc=0.4792
  epoch  43/50  loss=0.0146  bal_acc=0.4740
  epoch  44/50  loss=0.0096  bal_acc=0.4618
  epoch  45/50  loss=0.0066  bal_acc=0.4427
  epoch  46/50  loss=0.0059  bal_acc=0.4878
  epoch  47/50  loss=0.0058  bal_acc=0.4670
  epoch  48/50  loss=0.0065  bal_acc=0.4479
  epoch  49/50  loss=0.0071  bal_acc=0.4635
  epoch  50/50  loss=0.0050  bal_acc=0.4705
  [LOSO 2/9] subject 1: acc=0.4705  running_mean=0.5295

=== LOSO (hold out subject 2) ===
  Train: 4608 trials  |  Test: 576 trials
  Model params: 36,198
  epoch   1/50  loss=1.2729  bal_acc=0.4896
  epoch   2/50  loss=1.0226  bal_acc=0.6250
  epoch   3/50  loss=0.8683  bal_acc=0.6493
  epoch   4/50  loss=0.7607  bal_acc=0.7396
  epoch   5/50  loss=0.6834  bal_acc=0.6510
  epoch   6/50  loss=0.6090  bal_acc=0.6927
  epoch   7/50  loss=0.5436  bal_acc=0.6649
  epoch   8/50  loss=0.4808  bal_acc=0.6667
  epoch   9/50  loss=0.4338  bal_acc=0.6319
  epoch  10/50  loss=0.3796  bal_acc=0.7170
  epoch  11/50  loss=0.3227  bal_acc=0.7049
  epoch  12/50  loss=0.3021  bal_acc=0.6736
  epoch  13/50  loss=0.2810  bal_acc=0.6997
  epoch  14/50  loss=0.2407  bal_acc=0.6788
  epoch  15/50  loss=0.2061  bal_acc=0.6354
  epoch  16/50  loss=0.1968  bal_acc=0.7083
  epoch  17/50  loss=0.1754  bal_acc=0.6771
  epoch  18/50  loss=0.1485  bal_acc=0.6788
  epoch  19/50  loss=0.1272  bal_acc=0.6458
  epoch  20/50  loss=0.1183  bal_acc=0.6753
  epoch  21/50  loss=0.1039  bal_acc=0.6545
  epoch  22/50  loss=0.1045  bal_acc=0.6510
  epoch  23/50  loss=0.0835  bal_acc=0.6545
  epoch  24/50  loss=0.0911  bal_acc=0.6424
  epoch  25/50  loss=0.0961  bal_acc=0.6615
  epoch  26/50  loss=0.0766  bal_acc=0.6719
  epoch  27/50  loss=0.0648  bal_acc=0.6927
  epoch  28/50  loss=0.0492  bal_acc=0.6979
  epoch  29/50  loss=0.0468  bal_acc=0.6944
  epoch  30/50  loss=0.0389  bal_acc=0.6736
  epoch  31/50  loss=0.0379  bal_acc=0.6962
  epoch  32/50  loss=0.0349  bal_acc=0.6424
  epoch  33/50  loss=0.0698  bal_acc=0.6562
  epoch  34/50  loss=0.0954  bal_acc=0.7101
  epoch  35/50  loss=0.1354  bal_acc=0.6910
  epoch  36/50  loss=0.2336  bal_acc=0.6250
  epoch  37/50  loss=0.1360  bal_acc=0.6892
  epoch  38/50  loss=0.0592  bal_acc=0.6632
  epoch  39/50  loss=0.0409  bal_acc=0.6892
  epoch  40/50  loss=0.0316  bal_acc=0.6753
  epoch  41/50  loss=0.0212  bal_acc=0.6545
  epoch  42/50  loss=0.0131  bal_acc=0.7135
  epoch  43/50  loss=0.0119  bal_acc=0.6389
  epoch  44/50  loss=0.0090  bal_acc=0.6719
  epoch  45/50  loss=0.0077  bal_acc=0.6528
  epoch  46/50  loss=0.0069  bal_acc=0.6962
  epoch  47/50  loss=0.0060  bal_acc=0.6771
  epoch  48/50  loss=0.0051  bal_acc=0.6840
  epoch  49/50  loss=0.0061  bal_acc=0.6701
  epoch  50/50  loss=0.0054  bal_acc=0.6493
  [LOSO 3/9] subject 2: acc=0.6493  running_mean=0.5694

=== LOSO (hold out subject 3) ===
  Train: 4608 trials  |  Test: 576 trials
  Model params: 36,198
Finished : Sun Jul  5 01:46:11 MDT 2026
Exit code: 0
