Job ID   : 44392971
Node     : fg6
Started  : Tue Jul  7 07:15:46 MDT 2026
Directory: /home/aleksander.berezowsk/spiking-eegnet
Requirement already satisfied: setuptools==69.5.1 in /home/aleksander.berezowsk/venv/lib/python3.12/site-packages (69.5.1)
Requirement already satisfied: torch==2.4.0 in /home/aleksander.berezowsk/venv/lib/python3.12/site-packages (2.4.0)
Requirement already satisfied: torchvision==0.19.0 in /home/aleksander.berezowsk/venv/lib/python3.12/site-packages (0.19.0)
Requirement already satisfied: torchaudio==2.4.0 in /home/aleksander.berezowsk/venv/lib/python3.12/site-packages (2.4.0)
Requirement already satisfied: torchmetrics in /home/aleksander.berezowsk/venv/lib/python3.12/site-packages (1.9.0)
Requirement already satisfied: filelock in /home/aleksander.berezowsk/venv/lib/python3.12/site-packages (from torch==2.4.0) (3.29.0)
Requirement already satisfied: typing-extensions>=4.8.0 in /home/aleksander.berezowsk/venv/lib/python3.12/site-packages (from torch==2.4.0) (4.15.0)
Requirement already satisfied: sympy in /home/aleksander.berezowsk/venv/lib/python3.12/site-packages (from torch==2.4.0) (1.14.0)
Requirement already satisfied: networkx in /home/aleksander.berezowsk/venv/lib/python3.12/site-packages (from torch==2.4.0) (3.6.1)
Requirement already satisfied: jinja2 in /home/aleksander.berezowsk/venv/lib/python3.12/site-packages (from torch==2.4.0) (3.1.6)
Requirement already satisfied: fsspec in /home/aleksander.berezowsk/venv/lib/python3.12/site-packages (from torch==2.4.0) (2026.4.0)
Requirement already satisfied: setuptools in /home/aleksander.berezowsk/venv/lib/python3.12/site-packages (from torch==2.4.0) (69.5.1)
Requirement already satisfied: nvidia-cuda-nvrtc-cu12==12.1.105 in /home/aleksander.berezowsk/venv/lib/python3.12/site-packages (from torch==2.4.0) (12.1.105)
Requirement already satisfied: nvidia-cuda-runtime-cu12==12.1.105 in /home/aleksander.berezowsk/venv/lib/python3.12/site-packages (from torch==2.4.0) (12.1.105)
Requirement already satisfied: nvidia-cuda-cupti-cu12==12.1.105 in /home/aleksander.berezowsk/venv/lib/python3.12/site-packages (from torch==2.4.0) (12.1.105)
Requirement already satisfied: nvidia-cudnn-cu12==9.1.0.70 in /home/aleksander.berezowsk/venv/lib/python3.12/site-packages (from torch==2.4.0) (9.1.0.70)
Requirement already satisfied: nvidia-cublas-cu12==12.1.3.1 in /home/aleksander.berezowsk/venv/lib/python3.12/site-packages (from torch==2.4.0) (12.1.3.1)
Requirement already satisfied: nvidia-cufft-cu12==11.0.2.54 in /home/aleksander.berezowsk/venv/lib/python3.12/site-packages (from torch==2.4.0) (11.0.2.54)
Requirement already satisfied: nvidia-curand-cu12==10.3.2.106 in /home/aleksander.berezowsk/venv/lib/python3.12/site-packages (from torch==2.4.0) (10.3.2.106)
Requirement already satisfied: nvidia-cusolver-cu12==11.4.5.107 in /home/aleksander.berezowsk/venv/lib/python3.12/site-packages (from torch==2.4.0) (11.4.5.107)
Requirement already satisfied: nvidia-cusparse-cu12==12.1.0.106 in /home/aleksander.berezowsk/venv/lib/python3.12/site-packages (from torch==2.4.0) (12.1.0.106)
Requirement already satisfied: nvidia-nccl-cu12==2.20.5 in /home/aleksander.berezowsk/venv/lib/python3.12/site-packages (from torch==2.4.0) (2.20.5)
Requirement already satisfied: nvidia-nvtx-cu12==12.1.105 in /home/aleksander.berezowsk/venv/lib/python3.12/site-packages (from torch==2.4.0) (12.1.105)
Requirement already satisfied: triton==3.0.0 in /home/aleksander.berezowsk/venv/lib/python3.12/site-packages (from torch==2.4.0) (3.0.0)
Requirement already satisfied: numpy in /home/aleksander.berezowsk/venv/lib/python3.12/site-packages (from torchvision==0.19.0) (2.4.6)
Requirement already satisfied: pillow!=8.3.*,>=5.3.0 in /home/aleksander.berezowsk/venv/lib/python3.12/site-packages (from torchvision==0.19.0) (12.2.0)
Requirement already satisfied: nvidia-nvjitlink-cu12 in /home/aleksander.berezowsk/venv/lib/python3.12/site-packages (from nvidia-cusolver-cu12==11.4.5.107->torch==2.4.0) (12.9.86)
Requirement already satisfied: packaging>17.1 in /home/aleksander.berezowsk/venv/lib/python3.12/site-packages (from torchmetrics) (26.2)
Requirement already satisfied: lightning-utilities>=0.15.3 in /home/aleksander.berezowsk/venv/lib/python3.12/site-packages (from torchmetrics) (0.15.3)
Requirement already satisfied: MarkupSafe>=2.0 in /home/aleksander.berezowsk/venv/lib/python3.12/site-packages (from jinja2->torch==2.4.0) (3.0.3)
Requirement already satisfied: mpmath<1.4,>=1.1.0 in /home/aleksander.berezowsk/venv/lib/python3.12/site-packages (from sympy->torch==2.4.0) (1.3.0)
Requirement already satisfied: optuna in /home/aleksander.berezowsk/venv/lib/python3.12/site-packages (4.9.0)
Requirement already satisfied: snntorch in /home/aleksander.berezowsk/venv/lib/python3.12/site-packages (0.9.4)
Requirement already satisfied: alembic>=1.5.0 in /home/aleksander.berezowsk/venv/lib/python3.12/site-packages (from optuna) (1.18.4)
Requirement already satisfied: colorlog in /home/aleksander.berezowsk/venv/lib/python3.12/site-packages (from optuna) (6.10.1)
Requirement already satisfied: numpy in /home/aleksander.berezowsk/venv/lib/python3.12/site-packages (from optuna) (2.4.6)
Requirement already satisfied: packaging>=20.0 in /home/aleksander.berezowsk/venv/lib/python3.12/site-packages (from optuna) (26.2)
Requirement already satisfied: sqlalchemy>=1.4.2 in /home/aleksander.berezowsk/venv/lib/python3.12/site-packages (from optuna) (2.0.50)
Requirement already satisfied: tqdm in /home/aleksander.berezowsk/venv/lib/python3.12/site-packages (from optuna) (4.67.3)
Requirement already satisfied: PyYAML in /home/aleksander.berezowsk/venv/lib/python3.12/site-packages (from optuna) (6.0.3)
Requirement already satisfied: Mako in /home/aleksander.berezowsk/venv/lib/python3.12/site-packages (from alembic>=1.5.0->optuna) (1.3.12)
Requirement already satisfied: typing-extensions>=4.12 in /home/aleksander.berezowsk/venv/lib/python3.12/site-packages (from alembic>=1.5.0->optuna) (4.15.0)
Requirement already satisfied: greenlet>=1 in /home/aleksander.berezowsk/venv/lib/python3.12/site-packages (from sqlalchemy>=1.4.2->optuna) (3.5.1)
Requirement already satisfied: MarkupSafe>=0.9.2 in /home/aleksander.berezowsk/venv/lib/python3.12/site-packages (from Mako->alembic>=1.5.0->optuna) (3.0.3)
Device: cuda
[BNCI2014_001] loading from cache: /home/aleksander.berezowsk/.cache/spiking_eegnet/BNCI2014_001_af1ccf3e92f684d8a93c057082b654d7.npz
[BNCI2014_001] cache hit: (5184, 1, 22, 1001), classes=['feet', 'left_hand', 'right_hand', 'tongue'], subjects=9
Dataset meta: {'n_classes': 4, 'n_channels': 22, 'n_samples': 1001, 'class_names': ['feet', 'left_hand', 'right_hand', 'tongue'], 'subject_list': [1, 2, 3, 4, 5, 6, 7, 8, 9], 'n_subjects': 9, 'sfreq': 250.0}

=== LOSO (hold out subject 0) ===
  Train: 4608 trials  |  Test: 576 trials
  Model params: 21,490
  epoch   1/50  loss=1.3541  bal_acc=0.3924
  epoch   2/50  loss=1.2174  bal_acc=0.4323
  epoch   3/50  loss=1.1019  bal_acc=0.4653
  epoch   4/50  loss=1.0089  bal_acc=0.4757
  epoch   5/50  loss=0.9691  bal_acc=0.4896
  epoch   6/50  loss=0.9155  bal_acc=0.4670
  epoch   7/50  loss=0.8798  bal_acc=0.4826
  epoch   8/50  loss=0.8391  bal_acc=0.5069
  epoch   9/50  loss=0.8241  bal_acc=0.5365
  epoch  10/50  loss=0.7863  bal_acc=0.5052
  epoch  11/50  loss=0.7642  bal_acc=0.5035
  epoch  12/50  loss=0.7404  bal_acc=0.4931
  epoch  13/50  loss=0.7178  bal_acc=0.5295
  epoch  14/50  loss=0.6811  bal_acc=0.5503
  epoch  15/50  loss=0.6748  bal_acc=0.5694
  epoch  16/50  loss=0.6548  bal_acc=0.5903
  epoch  17/50  loss=0.6329  bal_acc=0.5990
  epoch  18/50  loss=0.6340  bal_acc=0.5556
  epoch  19/50  loss=0.6216  bal_acc=0.5538
  epoch  20/50  loss=0.5925  bal_acc=0.5486
  epoch  21/50  loss=0.5905  bal_acc=0.5365
  epoch  22/50  loss=0.5672  bal_acc=0.5538
  epoch  23/50  loss=0.5744  bal_acc=0.5642
  epoch  24/50  loss=0.5492  bal_acc=0.5642
  epoch  25/50  loss=0.5463  bal_acc=0.5660
  epoch  26/50  loss=0.5174  bal_acc=0.5573
  epoch  27/50  loss=0.5060  bal_acc=0.5538
  epoch  28/50  loss=0.5070  bal_acc=0.5955
  epoch  29/50  loss=0.4769  bal_acc=0.5677
  epoch  30/50  loss=0.4732  bal_acc=0.5903
  epoch  31/50  loss=0.4802  bal_acc=0.5868
  epoch  32/50  loss=0.4612  bal_acc=0.5660
  epoch  33/50  loss=0.4487  bal_acc=0.5590
  epoch  34/50  loss=0.4274  bal_acc=0.5694
  epoch  35/50  loss=0.4328  bal_acc=0.5677
  epoch  36/50  loss=0.4264  bal_acc=0.5712
  epoch  37/50  loss=0.4223  bal_acc=0.5885
  epoch  38/50  loss=0.4108  bal_acc=0.5556
  epoch  39/50  loss=0.4030  bal_acc=0.5694
  epoch  40/50  loss=0.4017  bal_acc=0.5747
  epoch  41/50  loss=0.3792  bal_acc=0.5885
  epoch  42/50  loss=0.3626  bal_acc=0.5660
  epoch  43/50  loss=0.3739  bal_acc=0.5677
  epoch  44/50  loss=0.3721  bal_acc=0.5799
  epoch  45/50  loss=0.3579  bal_acc=0.5781
  epoch  46/50  loss=0.3400  bal_acc=0.5712
  epoch  47/50  loss=0.3421  bal_acc=0.5625
  epoch  48/50  loss=0.3344  bal_acc=0.5972
  epoch  49/50  loss=0.3307  bal_acc=0.5625
  epoch  50/50  loss=0.3118  bal_acc=0.5556
  [LOSO 1/9] subject 0: acc=0.5556  running_mean=0.5556

=== LOSO (hold out subject 1) ===
  Train: 4608 trials  |  Test: 576 trials
  Model params: 21,490
  epoch   1/50  loss=1.3348  bal_acc=0.3385
  epoch   2/50  loss=1.1775  bal_acc=0.3837
  epoch   3/50  loss=1.0604  bal_acc=0.3785
  epoch   4/50  loss=0.9911  bal_acc=0.4201
  epoch   5/50  loss=0.9213  bal_acc=0.4375
  epoch   6/50  loss=0.8764  bal_acc=0.4392
  epoch   7/50  loss=0.8232  bal_acc=0.4271
  epoch   8/50  loss=0.8015  bal_acc=0.4167
  epoch   9/50  loss=0.7731  bal_acc=0.4340
  epoch  10/50  loss=0.7153  bal_acc=0.4358
  epoch  11/50  loss=0.7031  bal_acc=0.4514
  epoch  12/50  loss=0.6697  bal_acc=0.4583
  epoch  13/50  loss=0.6404  bal_acc=0.4062
  epoch  14/50  loss=0.6353  bal_acc=0.4462
  epoch  15/50  loss=0.6345  bal_acc=0.4601
  epoch  16/50  loss=0.5956  bal_acc=0.4653
  epoch  17/50  loss=0.5871  bal_acc=0.4531
  epoch  18/50  loss=0.5772  bal_acc=0.4479
  epoch  19/50  loss=0.5653  bal_acc=0.3993
  epoch  20/50  loss=0.5472  bal_acc=0.4375
  epoch  21/50  loss=0.5314  bal_acc=0.4653
  epoch  22/50  loss=0.5254  bal_acc=0.4427
  epoch  23/50  loss=0.5047  bal_acc=0.4184
  epoch  24/50  loss=0.5009  bal_acc=0.4479
  epoch  25/50  loss=0.4884  bal_acc=0.4774
  epoch  26/50  loss=0.5092  bal_acc=0.4288
  epoch  27/50  loss=0.4507  bal_acc=0.4757
  epoch  28/50  loss=0.4561  bal_acc=0.4514
  epoch  29/50  loss=0.4339  bal_acc=0.4271
  epoch  30/50  loss=0.4295  bal_acc=0.4497
  epoch  31/50  loss=0.4036  bal_acc=0.4479
  epoch  32/50  loss=0.4016  bal_acc=0.4410
  epoch  33/50  loss=0.3899  bal_acc=0.4583
  epoch  34/50  loss=0.3801  bal_acc=0.4653
  epoch  35/50  loss=0.3708  bal_acc=0.4410
  epoch  36/50  loss=0.3721  bal_acc=0.4531
  epoch  37/50  loss=0.3619  bal_acc=0.4583
  epoch  38/50  loss=0.3522  bal_acc=0.4392
  epoch  39/50  loss=0.3481  bal_acc=0.4271
  epoch  40/50  loss=0.3362  bal_acc=0.4306
  epoch  41/50  loss=0.3351  bal_acc=0.4271
  epoch  42/50  loss=0.3248  bal_acc=0.4427
  epoch  43/50  loss=0.3246  bal_acc=0.4045
  epoch  44/50  loss=0.3203  bal_acc=0.4497
  epoch  45/50  loss=0.3041  bal_acc=0.4271
  epoch  46/50  loss=0.3021  bal_acc=0.4236
  epoch  47/50  loss=0.3062  bal_acc=0.4323
  epoch  48/50  loss=0.2929  bal_acc=0.4462
  epoch  49/50  loss=0.2907  bal_acc=0.4444
  epoch  50/50  loss=0.2843  bal_acc=0.4878
  [LOSO 2/9] subject 1: acc=0.4878  running_mean=0.5217

=== LOSO (hold out subject 2) ===
  Train: 4608 trials  |  Test: 576 trials
  Model params: 21,490
  epoch   1/50  loss=1.3461  bal_acc=0.3889
  epoch   2/50  loss=1.2293  bal_acc=0.4896
  epoch   3/50  loss=1.1211  bal_acc=0.5000
  epoch   4/50  loss=1.0573  bal_acc=0.5035
  epoch   5/50  loss=0.9951  bal_acc=0.5417
  epoch   6/50  loss=0.9565  bal_acc=0.5226
  epoch   7/50  loss=0.9146  bal_acc=0.5417
  epoch   8/50  loss=0.8840  bal_acc=0.5069
  epoch   9/50  loss=0.8567  bal_acc=0.5712
  epoch  10/50  loss=0.8271  bal_acc=0.5625
  epoch  11/50  loss=0.8178  bal_acc=0.5243
  epoch  12/50  loss=0.7903  bal_acc=0.5660
  epoch  13/50  loss=0.7688  bal_acc=0.5503
  epoch  14/50  loss=0.7310  bal_acc=0.6267
  epoch  15/50  loss=0.7198  bal_acc=0.6302
  epoch  16/50  loss=0.7041  bal_acc=0.6267
  epoch  17/50  loss=0.7009  bal_acc=0.6198
  epoch  18/50  loss=0.6627  bal_acc=0.5955
  epoch  19/50  loss=0.6508  bal_acc=0.6580
  epoch  20/50  loss=0.6376  bal_acc=0.6528
  epoch  21/50  loss=0.6232  bal_acc=0.6094
  epoch  22/50  loss=0.6077  bal_acc=0.5833
  epoch  23/50  loss=0.5950  bal_acc=0.6719
  epoch  24/50  loss=0.5874  bal_acc=0.6354
  epoch  25/50  loss=0.5686  bal_acc=0.6649
  epoch  26/50  loss=0.5667  bal_acc=0.5938
  epoch  27/50  loss=0.5622  bal_acc=0.6285
  epoch  28/50  loss=0.5488  bal_acc=0.6493
  epoch  29/50  loss=0.5384  bal_acc=0.6528
  epoch  30/50  loss=0.5247  bal_acc=0.6840
  epoch  31/50  loss=0.5147  bal_acc=0.6250
  epoch  32/50  loss=0.5185  bal_acc=0.6250
  epoch  33/50  loss=0.5106  bal_acc=0.6302
  epoch  34/50  loss=0.4983  bal_acc=0.6181
  epoch  35/50  loss=0.4695  bal_acc=0.6632
  epoch  36/50  loss=0.4704  bal_acc=0.6354
  epoch  37/50  loss=0.4477  bal_acc=0.5903
  epoch  38/50  loss=0.4528  bal_acc=0.6528
  epoch  39/50  loss=0.4452  bal_acc=0.6632
  epoch  40/50  loss=0.4315  bal_acc=0.6597
  epoch  41/50  loss=0.4353  bal_acc=0.5799
  epoch  42/50  loss=0.4169  bal_acc=0.6597
  epoch  43/50  loss=0.3909  bal_acc=0.6389
  epoch  44/50  loss=0.3905  bal_acc=0.6632
  epoch  45/50  loss=0.3968  bal_acc=0.6510
  epoch  46/50  loss=0.3871  bal_acc=0.6424
  epoch  47/50  loss=0.3784  bal_acc=0.6285
  epoch  48/50  loss=0.3622  bal_acc=0.6580
  epoch  49/50  loss=0.3623  bal_acc=0.6146
  epoch  50/50  loss=0.3659  bal_acc=0.6458
  [LOSO 3/9] subject 2: acc=0.6458  running_mean=0.5631

=== LOSO (hold out subject 3) ===
  Train: 4608 trials  |  Test: 576 trials
  Model params: 21,490
  epoch   1/50  loss=1.3246  bal_acc=0.3611
  epoch   2/50  loss=1.1817  bal_acc=0.4601
  epoch   3/50  loss=1.0854  bal_acc=0.3976
  epoch   4/50  loss=1.0201  bal_acc=0.4271
  epoch   5/50  loss=0.9812  bal_acc=0.4375
  epoch   6/50  loss=0.9108  bal_acc=0.3924
  epoch   7/50  loss=0.8795  bal_acc=0.4566
  epoch   8/50  loss=0.8276  bal_acc=0.4340
  epoch   9/50  loss=0.7877  bal_acc=0.4340
  epoch  10/50  loss=0.7651  bal_acc=0.4045
  epoch  11/50  loss=0.7383  bal_acc=0.4549
  epoch  12/50  loss=0.7267  bal_acc=0.4653
  epoch  13/50  loss=0.6866  bal_acc=0.4618
  epoch  14/50  loss=0.6670  bal_acc=0.4618
  epoch  15/50  loss=0.6597  bal_acc=0.4896
  epoch  16/50  loss=0.6285  bal_acc=0.4757
  epoch  17/50  loss=0.6070  bal_acc=0.4792
  epoch  18/50  loss=0.6153  bal_acc=0.5052
  epoch  19/50  loss=0.5984  bal_acc=0.4705
  epoch  20/50  loss=0.5836  bal_acc=0.4566
  epoch  21/50  loss=0.5635  bal_acc=0.4635
  epoch  22/50  loss=0.5433  bal_acc=0.4375
  epoch  23/50  loss=0.5440  bal_acc=0.4601
  epoch  24/50  loss=0.5207  bal_acc=0.4549
  epoch  25/50  loss=0.5050  bal_acc=0.4514
  epoch  26/50  loss=0.4971  bal_acc=0.4132
  epoch  27/50  loss=0.4847  bal_acc=0.4948
  epoch  28/50  loss=0.4841  bal_acc=0.4618
  epoch  29/50  loss=0.4679  bal_acc=0.4271
  epoch  30/50  loss=0.4632  bal_acc=0.4809
  epoch  31/50  loss=0.4474  bal_acc=0.4583
  epoch  32/50  loss=0.4367  bal_acc=0.4462
  epoch  33/50  loss=0.4168  bal_acc=0.5278
  epoch  34/50  loss=0.4199  bal_acc=0.4514
  epoch  35/50  loss=0.4108  bal_acc=0.4618
  epoch  36/50  loss=0.4036  bal_acc=0.5069
  epoch  37/50  loss=0.3773  bal_acc=0.4774
  epoch  38/50  loss=0.3898  bal_acc=0.4931
  epoch  39/50  loss=0.3914  bal_acc=0.4965
  epoch  40/50  loss=0.3722  bal_acc=0.4635
  epoch  41/50  loss=0.3611  bal_acc=0.4566
  epoch  42/50  loss=0.3477  bal_acc=0.4896
  epoch  43/50  loss=0.3402  bal_acc=0.5017
  epoch  44/50  loss=0.3468  bal_acc=0.4444
  epoch  45/50  loss=0.3246  bal_acc=0.4757
  epoch  46/50  loss=0.3195  bal_acc=0.4757
  epoch  47/50  loss=0.3354  bal_acc=0.4965
  epoch  48/50  loss=0.3213  bal_acc=0.4983
  epoch  49/50  loss=0.3175  bal_acc=0.4792
  epoch  50/50  loss=0.3225  bal_acc=0.4705
  [LOSO 4/9] subject 3: acc=0.4705  running_mean=0.5399

=== LOSO (hold out subject 4) ===
  Train: 4608 trials  |  Test: 576 trials
  Model params: 21,490
  epoch   1/50  loss=1.3295  bal_acc=0.3507
  epoch   2/50  loss=1.2001  bal_acc=0.3941
  epoch   3/50  loss=1.0946  bal_acc=0.4514
  epoch   4/50  loss=1.0210  bal_acc=0.5139
  epoch   5/50  loss=0.9509  bal_acc=0.5417
  epoch   6/50  loss=0.8899  bal_acc=0.5156
  epoch   7/50  loss=0.8458  bal_acc=0.4913
  epoch   8/50  loss=0.8050  bal_acc=0.5174
  epoch   9/50  loss=0.7681  bal_acc=0.5260
  epoch  10/50  loss=0.7204  bal_acc=0.5677
  epoch  11/50  loss=0.7023  bal_acc=0.5156
  epoch  12/50  loss=0.6842  bal_acc=0.4809
  epoch  13/50  loss=0.6674  bal_acc=0.5365
  epoch  14/50  loss=0.6566  bal_acc=0.5747
  epoch  15/50  loss=0.6316  bal_acc=0.5694
  epoch  16/50  loss=0.6105  bal_acc=0.5469
  epoch  17/50  loss=0.6181  bal_acc=0.6059
  epoch  18/50  loss=0.6005  bal_acc=0.5972
  epoch  19/50  loss=0.5636  bal_acc=0.5816
  epoch  20/50  loss=0.5697  bal_acc=0.5625
  epoch  21/50  loss=0.5585  bal_acc=0.6042
  epoch  22/50  loss=0.5346  bal_acc=0.5642
  epoch  23/50  loss=0.5174  bal_acc=0.6024
  epoch  24/50  loss=0.5162  bal_acc=0.5764
  epoch  25/50  loss=0.5034  bal_acc=0.5625
  epoch  26/50  loss=0.4928  bal_acc=0.6128
  epoch  27/50  loss=0.4920  bal_acc=0.5764
  epoch  28/50  loss=0.4634  bal_acc=0.5122
  epoch  29/50  loss=0.4669  bal_acc=0.6302
  epoch  30/50  loss=0.4684  bal_acc=0.5868
  epoch  31/50  loss=0.4565  bal_acc=0.5764
  epoch  32/50  loss=0.4462  bal_acc=0.5885
  epoch  33/50  loss=0.4470  bal_acc=0.5677
  epoch  34/50  loss=0.4347  bal_acc=0.6163
  epoch  35/50  loss=0.4196  bal_acc=0.5208
  epoch  36/50  loss=0.4436  bal_acc=0.5851
  epoch  37/50  loss=0.4039  bal_acc=0.5694
  epoch  38/50  loss=0.4076  bal_acc=0.5799
  epoch  39/50  loss=0.3863  bal_acc=0.5625
  epoch  40/50  loss=0.3734  bal_acc=0.5781
  epoch  41/50  loss=0.3642  bal_acc=0.5885
  epoch  42/50  loss=0.3617  bal_acc=0.5590
  epoch  43/50  loss=0.3634  bal_acc=0.5104
  epoch  44/50  loss=0.3590  bal_acc=0.5972
  epoch  45/50  loss=0.3555  bal_acc=0.5417
  epoch  46/50  loss=0.3387  bal_acc=0.5069
  epoch  47/50  loss=0.3235  bal_acc=0.5365
  epoch  48/50  loss=0.3285  bal_acc=0.5920
  epoch  49/50  loss=0.3263  bal_acc=0.5104
  epoch  50/50  loss=0.3232  bal_acc=0.5035
  [LOSO 5/9] subject 4: acc=0.5035  running_mean=0.5326

=== LOSO (hold out subject 5) ===
  Train: 4608 trials  |  Test: 576 trials
  Model params: 21,490
  epoch   1/50  loss=1.3403  bal_acc=0.3993
  epoch   2/50  loss=1.1986  bal_acc=0.4253
  epoch   3/50  loss=1.0637  bal_acc=0.4358
  epoch   4/50  loss=0.9805  bal_acc=0.4462
  epoch   5/50  loss=0.9147  bal_acc=0.4826
  epoch   6/50  loss=0.8536  bal_acc=0.4983
  epoch   7/50  loss=0.8093  bal_acc=0.4462
  epoch   8/50  loss=0.7638  bal_acc=0.4757
  epoch   9/50  loss=0.7353  bal_acc=0.4497
  epoch  10/50  loss=0.7227  bal_acc=0.4722
  epoch  11/50  loss=0.6891  bal_acc=0.4514
  epoch  12/50  loss=0.6810  bal_acc=0.4740
  epoch  13/50  loss=0.6487  bal_acc=0.4392
  epoch  14/50  loss=0.6372  bal_acc=0.4306
  epoch  15/50  loss=0.6048  bal_acc=0.3646
  epoch  16/50  loss=0.5975  bal_acc=0.4097
  epoch  17/50  loss=0.5850  bal_acc=0.4306
  epoch  18/50  loss=0.5794  bal_acc=0.4045
  epoch  19/50  loss=0.5659  bal_acc=0.4340
  epoch  20/50  loss=0.5381  bal_acc=0.4809
  epoch  21/50  loss=0.5125  bal_acc=0.4253
  epoch  22/50  loss=0.5191  bal_acc=0.4097
  epoch  23/50  loss=0.5036  bal_acc=0.4306
  epoch  24/50  loss=0.4946  bal_acc=0.4167
  epoch  25/50  loss=0.4861  bal_acc=0.3767
  epoch  26/50  loss=0.4761  bal_acc=0.3889
  epoch  27/50  loss=0.4771  bal_acc=0.4531
  epoch  28/50  loss=0.4491  bal_acc=0.3889
  epoch  29/50  loss=0.4529  bal_acc=0.4236
  epoch  30/50  loss=0.4353  bal_acc=0.4375
  epoch  31/50  loss=0.4203  bal_acc=0.4670
  epoch  32/50  loss=0.4177  bal_acc=0.4653
  epoch  33/50  loss=0.4229  bal_acc=0.4479
  epoch  34/50  loss=0.4293  bal_acc=0.4462
  epoch  35/50  loss=0.4077  bal_acc=0.4167
  epoch  36/50  loss=0.3897  bal_acc=0.4392
  epoch  37/50  loss=0.3810  bal_acc=0.4410
  epoch  38/50  loss=0.3747  bal_acc=0.4236
  epoch  39/50  loss=0.3691  bal_acc=0.4271
  epoch  40/50  loss=0.3658  bal_acc=0.4340
  epoch  41/50  loss=0.3638  bal_acc=0.4583
  epoch  42/50  loss=0.3560  bal_acc=0.4340
  epoch  43/50  loss=0.3331  bal_acc=0.4236
  epoch  44/50  loss=0.3459  bal_acc=0.4358
  epoch  45/50  loss=0.3290  bal_acc=0.4271
  epoch  46/50  loss=0.3269  bal_acc=0.4444
  epoch  47/50  loss=0.3094  bal_acc=0.4167
  epoch  48/50  loss=0.3184  bal_acc=0.4167
  epoch  49/50  loss=0.3036  bal_acc=0.4358
  epoch  50/50  loss=0.3028  bal_acc=0.4271
  [LOSO 6/9] subject 5: acc=0.4271  running_mean=0.5150

=== LOSO (hold out subject 6) ===
  Train: 4608 trials  |  Test: 576 trials
  Model params: 21,490
  epoch   1/50  loss=1.3551  bal_acc=0.3958
  epoch   2/50  loss=1.2410  bal_acc=0.4809
  epoch   3/50  loss=1.1407  bal_acc=0.5417
  epoch   4/50  loss=1.0479  bal_acc=0.5243
  epoch   5/50  loss=0.9773  bal_acc=0.5590
  epoch   6/50  loss=0.9225  bal_acc=0.5990
  epoch   7/50  loss=0.8699  bal_acc=0.5677
  epoch   8/50  loss=0.8258  bal_acc=0.5833
  epoch   9/50  loss=0.8048  bal_acc=0.6042
  epoch  10/50  loss=0.7852  bal_acc=0.6233
  epoch  11/50  loss=0.7551  bal_acc=0.6510
  epoch  12/50  loss=0.7181  bal_acc=0.6146
  epoch  13/50  loss=0.6969  bal_acc=0.6163
  epoch  14/50  loss=0.6846  bal_acc=0.5694
  epoch  15/50  loss=0.6774  bal_acc=0.6111
  epoch  16/50  loss=0.6511  bal_acc=0.6198
  epoch  17/50  loss=0.6290  bal_acc=0.5486
  epoch  18/50  loss=0.6078  bal_acc=0.5955
  epoch  19/50  loss=0.6138  bal_acc=0.5920
  epoch  20/50  loss=0.5854  bal_acc=0.5729
  epoch  21/50  loss=0.5823  bal_acc=0.5920
  epoch  22/50  loss=0.5703  bal_acc=0.5955
  epoch  23/50  loss=0.5456  bal_acc=0.5885
  epoch  24/50  loss=0.5452  bal_acc=0.6128
  epoch  25/50  loss=0.5260  bal_acc=0.6059
  epoch  26/50  loss=0.5076  bal_acc=0.5694
  epoch  27/50  loss=0.5022  bal_acc=0.5799
  epoch  28/50  loss=0.5125  bal_acc=0.6215
  epoch  29/50  loss=0.4918  bal_acc=0.5868
  epoch  30/50  loss=0.4855  bal_acc=0.5729
  epoch  31/50  loss=0.4604  bal_acc=0.6076
  epoch  32/50  loss=0.4525  bal_acc=0.6163
  epoch  33/50  loss=0.4518  bal_acc=0.5868
  epoch  34/50  loss=0.4390  bal_acc=0.5747
  epoch  35/50  loss=0.4487  bal_acc=0.6007
  epoch  36/50  loss=0.4367  bal_acc=0.6007
  epoch  37/50  loss=0.4215  bal_acc=0.5816
  epoch  38/50  loss=0.3992  bal_acc=0.6042
  epoch  39/50  loss=0.4104  bal_acc=0.5903
  epoch  40/50  loss=0.4097  bal_acc=0.6094
  epoch  41/50  loss=0.4108  bal_acc=0.6094
  epoch  42/50  loss=0.3825  bal_acc=0.6146
  epoch  43/50  loss=0.3634  bal_acc=0.5990
  epoch  44/50  loss=0.3763  bal_acc=0.5608
  epoch  45/50  loss=0.3865  bal_acc=0.5556
  epoch  46/50  loss=0.3795  bal_acc=0.6285
  epoch  47/50  loss=0.3610  bal_acc=0.6233
  epoch  48/50  loss=0.3416  bal_acc=0.6076
  epoch  49/50  loss=0.3458  bal_acc=0.5990
  epoch  50/50  loss=0.3316  bal_acc=0.5920
  [LOSO 7/9] subject 6: acc=0.5920  running_mean=0.5260

=== LOSO (hold out subject 7) ===
  Train: 4608 trials  |  Test: 576 trials
  Model params: 21,490
  epoch   1/50  loss=1.3382  bal_acc=0.3941
  epoch   2/50  loss=1.1989  bal_acc=0.4288
  epoch   3/50  loss=1.1080  bal_acc=0.4566
  epoch   4/50  loss=1.0499  bal_acc=0.4722
  epoch   5/50  loss=0.9984  bal_acc=0.5139
  epoch   6/50  loss=0.9611  bal_acc=0.5226
  epoch   7/50  loss=0.9219  bal_acc=0.5625
  epoch   8/50  loss=0.8867  bal_acc=0.5399
  epoch   9/50  loss=0.8391  bal_acc=0.5747
  epoch  10/50  loss=0.8088  bal_acc=0.5938
  epoch  11/50  loss=0.7982  bal_acc=0.6181
  epoch  12/50  loss=0.7542  bal_acc=0.6181
  epoch  13/50  loss=0.7395  bal_acc=0.6198
  epoch  14/50  loss=0.7256  bal_acc=0.5938
  epoch  15/50  loss=0.6964  bal_acc=0.6128
  epoch  16/50  loss=0.6816  bal_acc=0.6476
  epoch  17/50  loss=0.6620  bal_acc=0.5955
  epoch  18/50  loss=0.6341  bal_acc=0.5868
  epoch  19/50  loss=0.6213  bal_acc=0.6198
  epoch  20/50  loss=0.5931  bal_acc=0.6337
  epoch  21/50  loss=0.5919  bal_acc=0.6545
  epoch  22/50  loss=0.5667  bal_acc=0.6562
  epoch  23/50  loss=0.5649  bal_acc=0.6267
  epoch  24/50  loss=0.5593  bal_acc=0.6441
  epoch  25/50  loss=0.5175  bal_acc=0.6684
  epoch  26/50  loss=0.5339  bal_acc=0.6354
  epoch  27/50  loss=0.5075  bal_acc=0.6580
  epoch  28/50  loss=0.5074  bal_acc=0.6181
  epoch  29/50  loss=0.4966  bal_acc=0.6285
  epoch  30/50  loss=0.4896  bal_acc=0.6319
  epoch  31/50  loss=0.4898  bal_acc=0.6736
  epoch  32/50  loss=0.4830  bal_acc=0.6493
  epoch  33/50  loss=0.4677  bal_acc=0.6354
  epoch  34/50  loss=0.4636  bal_acc=0.6545
  epoch  35/50  loss=0.4283  bal_acc=0.6424
  epoch  36/50  loss=0.4303  bal_acc=0.6476
  epoch  37/50  loss=0.4224  bal_acc=0.6615
  epoch  38/50  loss=0.3878  bal_acc=0.6684
  epoch  39/50  loss=0.3784  bal_acc=0.6458
  epoch  40/50  loss=0.3854  bal_acc=0.6701
  epoch  41/50  loss=0.4051  bal_acc=0.6684
  epoch  42/50  loss=0.3933  bal_acc=0.6701
  epoch  43/50  loss=0.3747  bal_acc=0.6372
  epoch  44/50  loss=0.3794  bal_acc=0.6597
  epoch  45/50  loss=0.3679  bal_acc=0.6354
  epoch  46/50  loss=0.3717  bal_acc=0.6615
  epoch  47/50  loss=0.3540  bal_acc=0.6528
  epoch  48/50  loss=0.3425  bal_acc=0.6667
  epoch  49/50  loss=0.3414  bal_acc=0.6510
  epoch  50/50  loss=0.3301  bal_acc=0.6319
  [LOSO 8/9] subject 7: acc=0.6319  running_mean=0.5393

=== LOSO (hold out subject 8) ===
  Train: 4608 trials  |  Test: 576 trials
  Model params: 21,490
  epoch   1/50  loss=1.3369  bal_acc=0.3472
  epoch   2/50  loss=1.2181  bal_acc=0.4444
  epoch   3/50  loss=1.1127  bal_acc=0.4479
  epoch   4/50  loss=1.0409  bal_acc=0.4948
  epoch   5/50  loss=0.9777  bal_acc=0.4531
  epoch   6/50  loss=0.9426  bal_acc=0.4913
  epoch   7/50  loss=0.8947  bal_acc=0.4236
  epoch   8/50  loss=0.8704  bal_acc=0.5347
