Job ID   : 44392969
Node     : fg3
Started  : Mon Jul  6 15:30:31 MDT 2026
Directory: /home/aleksander.berezowsk/spiking-eegnet
Requirement already satisfied: setuptools==69.5.1 in /home/aleksander.berezowsk/venv/lib/python3.12/site-packages (69.5.1)
Requirement already satisfied: torch==2.4.0 in /home/aleksander.berezowsk/venv/lib/python3.12/site-packages (2.4.0)
Requirement already satisfied: torchvision==0.19.0 in /home/aleksander.berezowsk/venv/lib/python3.12/site-packages (0.19.0)
Requirement already satisfied: torchaudio==2.4.0 in /home/aleksander.berezowsk/venv/lib/python3.12/site-packages (2.4.0)
Requirement already satisfied: torchmetrics in /home/aleksander.berezowsk/venv/lib/python3.12/site-packages (1.9.0)
Requirement already satisfied: filelock in /home/aleksander.berezowsk/venv/lib/python3.12/site-packages (from torch==2.4.0) (3.29.0)
Requirement already satisfied: typing-extensions>=4.8.0 in /home/aleksander.berezowsk/venv/lib/python3.12/site-packages (from torch==2.4.0) (4.15.0)
Requirement already satisfied: sympy in /home/aleksander.berezowsk/venv/lib/python3.12/site-packages (from torch==2.4.0) (1.14.0)
Requirement already satisfied: networkx in /home/aleksander.berezowsk/venv/lib/python3.12/site-packages (from torch==2.4.0) (3.6.1)
Requirement already satisfied: jinja2 in /home/aleksander.berezowsk/venv/lib/python3.12/site-packages (from torch==2.4.0) (3.1.6)
Requirement already satisfied: fsspec in /home/aleksander.berezowsk/venv/lib/python3.12/site-packages (from torch==2.4.0) (2026.4.0)
Requirement already satisfied: setuptools in /home/aleksander.berezowsk/venv/lib/python3.12/site-packages (from torch==2.4.0) (69.5.1)
Requirement already satisfied: nvidia-cuda-nvrtc-cu12==12.1.105 in /home/aleksander.berezowsk/venv/lib/python3.12/site-packages (from torch==2.4.0) (12.1.105)
Requirement already satisfied: nvidia-cuda-runtime-cu12==12.1.105 in /home/aleksander.berezowsk/venv/lib/python3.12/site-packages (from torch==2.4.0) (12.1.105)
Requirement already satisfied: nvidia-cuda-cupti-cu12==12.1.105 in /home/aleksander.berezowsk/venv/lib/python3.12/site-packages (from torch==2.4.0) (12.1.105)
Requirement already satisfied: nvidia-cudnn-cu12==9.1.0.70 in /home/aleksander.berezowsk/venv/lib/python3.12/site-packages (from torch==2.4.0) (9.1.0.70)
Requirement already satisfied: nvidia-cublas-cu12==12.1.3.1 in /home/aleksander.berezowsk/venv/lib/python3.12/site-packages (from torch==2.4.0) (12.1.3.1)
Requirement already satisfied: nvidia-cufft-cu12==11.0.2.54 in /home/aleksander.berezowsk/venv/lib/python3.12/site-packages (from torch==2.4.0) (11.0.2.54)
Requirement already satisfied: nvidia-curand-cu12==10.3.2.106 in /home/aleksander.berezowsk/venv/lib/python3.12/site-packages (from torch==2.4.0) (10.3.2.106)
Requirement already satisfied: nvidia-cusolver-cu12==11.4.5.107 in /home/aleksander.berezowsk/venv/lib/python3.12/site-packages (from torch==2.4.0) (11.4.5.107)
Requirement already satisfied: nvidia-cusparse-cu12==12.1.0.106 in /home/aleksander.berezowsk/venv/lib/python3.12/site-packages (from torch==2.4.0) (12.1.0.106)
Requirement already satisfied: nvidia-nccl-cu12==2.20.5 in /home/aleksander.berezowsk/venv/lib/python3.12/site-packages (from torch==2.4.0) (2.20.5)
Requirement already satisfied: nvidia-nvtx-cu12==12.1.105 in /home/aleksander.berezowsk/venv/lib/python3.12/site-packages (from torch==2.4.0) (12.1.105)
Requirement already satisfied: triton==3.0.0 in /home/aleksander.berezowsk/venv/lib/python3.12/site-packages (from torch==2.4.0) (3.0.0)
Requirement already satisfied: numpy in /home/aleksander.berezowsk/venv/lib/python3.12/site-packages (from torchvision==0.19.0) (2.4.6)
Requirement already satisfied: pillow!=8.3.*,>=5.3.0 in /home/aleksander.berezowsk/venv/lib/python3.12/site-packages (from torchvision==0.19.0) (12.2.0)
Requirement already satisfied: nvidia-nvjitlink-cu12 in /home/aleksander.berezowsk/venv/lib/python3.12/site-packages (from nvidia-cusolver-cu12==11.4.5.107->torch==2.4.0) (12.9.86)
Requirement already satisfied: packaging>17.1 in /home/aleksander.berezowsk/venv/lib/python3.12/site-packages (from torchmetrics) (26.2)
Requirement already satisfied: lightning-utilities>=0.15.3 in /home/aleksander.berezowsk/venv/lib/python3.12/site-packages (from torchmetrics) (0.15.3)
Requirement already satisfied: MarkupSafe>=2.0 in /home/aleksander.berezowsk/venv/lib/python3.12/site-packages (from jinja2->torch==2.4.0) (3.0.3)
Requirement already satisfied: mpmath<1.4,>=1.1.0 in /home/aleksander.berezowsk/venv/lib/python3.12/site-packages (from sympy->torch==2.4.0) (1.3.0)
Requirement already satisfied: optuna in /home/aleksander.berezowsk/venv/lib/python3.12/site-packages (4.9.0)
Requirement already satisfied: snntorch in /home/aleksander.berezowsk/venv/lib/python3.12/site-packages (0.9.4)
Requirement already satisfied: alembic>=1.5.0 in /home/aleksander.berezowsk/venv/lib/python3.12/site-packages (from optuna) (1.18.4)
Requirement already satisfied: colorlog in /home/aleksander.berezowsk/venv/lib/python3.12/site-packages (from optuna) (6.10.1)
Requirement already satisfied: numpy in /home/aleksander.berezowsk/venv/lib/python3.12/site-packages (from optuna) (2.4.6)
Requirement already satisfied: packaging>=20.0 in /home/aleksander.berezowsk/venv/lib/python3.12/site-packages (from optuna) (26.2)
Requirement already satisfied: sqlalchemy>=1.4.2 in /home/aleksander.berezowsk/venv/lib/python3.12/site-packages (from optuna) (2.0.50)
Requirement already satisfied: tqdm in /home/aleksander.berezowsk/venv/lib/python3.12/site-packages (from optuna) (4.67.3)
Requirement already satisfied: PyYAML in /home/aleksander.berezowsk/venv/lib/python3.12/site-packages (from optuna) (6.0.3)
Requirement already satisfied: Mako in /home/aleksander.berezowsk/venv/lib/python3.12/site-packages (from alembic>=1.5.0->optuna) (1.3.12)
Requirement already satisfied: typing-extensions>=4.12 in /home/aleksander.berezowsk/venv/lib/python3.12/site-packages (from alembic>=1.5.0->optuna) (4.15.0)
Requirement already satisfied: greenlet>=1 in /home/aleksander.berezowsk/venv/lib/python3.12/site-packages (from sqlalchemy>=1.4.2->optuna) (3.5.1)
Requirement already satisfied: MarkupSafe>=0.9.2 in /home/aleksander.berezowsk/venv/lib/python3.12/site-packages (from Mako->alembic>=1.5.0->optuna) (3.0.3)
Device: cuda
[BNCI2014_001] loading from cache: /home/aleksander.berezowsk/.cache/spiking_eegnet/BNCI2014_001_af1ccf3e92f684d8a93c057082b654d7.npz
[BNCI2014_001] cache hit: (5184, 1, 22, 1001), classes=['feet', 'left_hand', 'right_hand', 'tongue'], subjects=9
Dataset meta: {'n_classes': 4, 'n_channels': 22, 'n_samples': 1001, 'class_names': ['feet', 'left_hand', 'right_hand', 'tongue'], 'subject_list': [1, 2, 3, 4, 5, 6, 7, 8, 9], 'n_subjects': 9, 'sfreq': 250.0}

=== LOSO (hold out subject 0) ===
  Train: 4608 trials  |  Test: 576 trials
  Model params: 12,754
  epoch   1/50  loss=1.2959  bal_acc=0.4583
  epoch   2/50  loss=1.0767  bal_acc=0.5625
  epoch   3/50  loss=0.9487  bal_acc=0.5174
  epoch   4/50  loss=0.8613  bal_acc=0.5278
  epoch   5/50  loss=0.7894  bal_acc=0.5382
  epoch   6/50  loss=0.7149  bal_acc=0.5295
  epoch   7/50  loss=0.6851  bal_acc=0.5608
  epoch   8/50  loss=0.6287  bal_acc=0.6233
  epoch   9/50  loss=0.5818  bal_acc=0.6094
  epoch  10/50  loss=0.5865  bal_acc=0.6007
  epoch  11/50  loss=0.5288  bal_acc=0.5694
  epoch  12/50  loss=0.4878  bal_acc=0.5990
  epoch  13/50  loss=0.4655  bal_acc=0.5677
  epoch  14/50  loss=0.4278  bal_acc=0.5764
  epoch  15/50  loss=0.4451  bal_acc=0.5747
  epoch  16/50  loss=0.4132  bal_acc=0.5660
  epoch  17/50  loss=0.3728  bal_acc=0.5868
  epoch  18/50  loss=0.3903  bal_acc=0.5799
  epoch  19/50  loss=0.3654  bal_acc=0.5851
  epoch  20/50  loss=0.3576  bal_acc=0.5885
  epoch  21/50  loss=0.3370  bal_acc=0.5955
  epoch  22/50  loss=0.3316  bal_acc=0.6076
  epoch  23/50  loss=0.2947  bal_acc=0.5781
  epoch  24/50  loss=0.3097  bal_acc=0.5503
  epoch  25/50  loss=0.2998  bal_acc=0.5955
  epoch  26/50  loss=0.3180  bal_acc=0.5955
  epoch  27/50  loss=0.2857  bal_acc=0.5920
  epoch  28/50  loss=0.3138  bal_acc=0.5243
  epoch  29/50  loss=0.2663  bal_acc=0.5625
  epoch  30/50  loss=0.2632  bal_acc=0.5521
  epoch  31/50  loss=0.2712  bal_acc=0.5764
  epoch  32/50  loss=0.2726  bal_acc=0.5885
  epoch  33/50  loss=0.2426  bal_acc=0.5712
  epoch  34/50  loss=0.2889  bal_acc=0.5747
  epoch  35/50  loss=0.2595  bal_acc=0.5990
  epoch  36/50  loss=0.2402  bal_acc=0.5938
  epoch  37/50  loss=0.2354  bal_acc=0.6042
  epoch  38/50  loss=0.2463  bal_acc=0.5677
  epoch  39/50  loss=0.2106  bal_acc=0.5799
  epoch  40/50  loss=0.2235  bal_acc=0.5608
  epoch  41/50  loss=0.2527  bal_acc=0.5399
  epoch  42/50  loss=0.2191  bal_acc=0.5833
  epoch  43/50  loss=0.2075  bal_acc=0.5851
  epoch  44/50  loss=0.2389  bal_acc=0.5729
  epoch  45/50  loss=0.2196  bal_acc=0.5868
  epoch  46/50  loss=0.1860  bal_acc=0.5938
  epoch  47/50  loss=0.2216  bal_acc=0.5764
  epoch  48/50  loss=0.2075  bal_acc=0.5556
  epoch  49/50  loss=0.2106  bal_acc=0.5521
  epoch  50/50  loss=0.2211  bal_acc=0.5365
  [LOSO 1/9] subject 0: acc=0.5365  running_mean=0.5365

=== LOSO (hold out subject 1) ===
  Train: 4608 trials  |  Test: 576 trials
  Model params: 12,754
  epoch   1/50  loss=1.3143  bal_acc=0.4045
  epoch   2/50  loss=1.0402  bal_acc=0.3455
  epoch   3/50  loss=0.9037  bal_acc=0.4097
  epoch   4/50  loss=0.8345  bal_acc=0.3889
  epoch   5/50  loss=0.7559  bal_acc=0.4219
  epoch   6/50  loss=0.7296  bal_acc=0.4236
  epoch   7/50  loss=0.6376  bal_acc=0.4184
  epoch   8/50  loss=0.5916  bal_acc=0.3993
  epoch   9/50  loss=0.5580  bal_acc=0.4149
  epoch  10/50  loss=0.5261  bal_acc=0.4149
  epoch  11/50  loss=0.4678  bal_acc=0.4149
  epoch  12/50  loss=0.4840  bal_acc=0.4462
  epoch  13/50  loss=0.4470  bal_acc=0.3906
  epoch  14/50  loss=0.4306  bal_acc=0.3854
  epoch  15/50  loss=0.3935  bal_acc=0.3837
  epoch  16/50  loss=0.3888  bal_acc=0.4219
  epoch  17/50  loss=0.3762  bal_acc=0.4080
  epoch  18/50  loss=0.3431  bal_acc=0.4132
  epoch  19/50  loss=0.3662  bal_acc=0.4062
  epoch  20/50  loss=0.3143  bal_acc=0.4097
  epoch  21/50  loss=0.3226  bal_acc=0.4340
  epoch  22/50  loss=0.3160  bal_acc=0.3924
  epoch  23/50  loss=0.3081  bal_acc=0.4288
  epoch  24/50  loss=0.3002  bal_acc=0.3906
  epoch  25/50  loss=0.2764  bal_acc=0.4115
  epoch  26/50  loss=0.3072  bal_acc=0.3733
  epoch  27/50  loss=0.2870  bal_acc=0.3889
  epoch  28/50  loss=0.2505  bal_acc=0.4010
  epoch  29/50  loss=0.2578  bal_acc=0.3750
  epoch  30/50  loss=0.2464  bal_acc=0.4323
  epoch  31/50  loss=0.2435  bal_acc=0.4201
  epoch  32/50  loss=0.2386  bal_acc=0.4010
  epoch  33/50  loss=0.2441  bal_acc=0.4132
  epoch  34/50  loss=0.2528  bal_acc=0.3958
  epoch  35/50  loss=0.2184  bal_acc=0.4219
  epoch  36/50  loss=0.2341  bal_acc=0.3906
  epoch  37/50  loss=0.2118  bal_acc=0.4028
  epoch  38/50  loss=0.2190  bal_acc=0.3715
  epoch  39/50  loss=0.2319  bal_acc=0.3767
  epoch  40/50  loss=0.2084  bal_acc=0.4010
  epoch  41/50  loss=0.2162  bal_acc=0.4149
  epoch  42/50  loss=0.2072  bal_acc=0.3889
  epoch  43/50  loss=0.2037  bal_acc=0.4201
  epoch  44/50  loss=0.2101  bal_acc=0.4149
  epoch  45/50  loss=0.1840  bal_acc=0.4097
  epoch  46/50  loss=0.2237  bal_acc=0.4028
  epoch  47/50  loss=0.2154  bal_acc=0.4080
  epoch  48/50  loss=0.2154  bal_acc=0.4149
  epoch  49/50  loss=0.1815  bal_acc=0.4010
  epoch  50/50  loss=0.1829  bal_acc=0.4115
  [LOSO 2/9] subject 1: acc=0.4115  running_mean=0.4740

=== LOSO (hold out subject 2) ===
  Train: 4608 trials  |  Test: 576 trials
  Model params: 12,754
  epoch   1/50  loss=1.3629  bal_acc=0.4132
  epoch   2/50  loss=1.1612  bal_acc=0.5312
  epoch   3/50  loss=1.0198  bal_acc=0.6667
  epoch   4/50  loss=0.9290  bal_acc=0.6493
  epoch   5/50  loss=0.8552  bal_acc=0.6493
  epoch   6/50  loss=0.7996  bal_acc=0.6319
  epoch   7/50  loss=0.7416  bal_acc=0.6615
  epoch   8/50  loss=0.6984  bal_acc=0.6649
  epoch   9/50  loss=0.6750  bal_acc=0.5920
  epoch  10/50  loss=0.6112  bal_acc=0.6892
  epoch  11/50  loss=0.5890  bal_acc=0.6545
  epoch  12/50  loss=0.5495  bal_acc=0.6771
  epoch  13/50  loss=0.5358  bal_acc=0.6562
  epoch  14/50  loss=0.4826  bal_acc=0.5920
  epoch  15/50  loss=0.4776  bal_acc=0.6753
  epoch  16/50  loss=0.4743  bal_acc=0.6649
  epoch  17/50  loss=0.4405  bal_acc=0.6632
  epoch  18/50  loss=0.4142  bal_acc=0.6753
  epoch  19/50  loss=0.4530  bal_acc=0.6562
  epoch  20/50  loss=0.3822  bal_acc=0.6146
  epoch  21/50  loss=0.3774  bal_acc=0.6632
  epoch  22/50  loss=0.3514  bal_acc=0.6198
  epoch  23/50  loss=0.3590  bal_acc=0.6146
  epoch  24/50  loss=0.3419  bal_acc=0.6424
  epoch  25/50  loss=0.3399  bal_acc=0.6337
  epoch  26/50  loss=0.3096  bal_acc=0.6250
  epoch  27/50  loss=0.3137  bal_acc=0.6372
  epoch  28/50  loss=0.3244  bal_acc=0.5955
  epoch  29/50  loss=0.2739  bal_acc=0.6389
  epoch  30/50  loss=0.2965  bal_acc=0.5990
  epoch  31/50  loss=0.2914  bal_acc=0.5712
  epoch  32/50  loss=0.2774  bal_acc=0.6042
  epoch  33/50  loss=0.2698  bal_acc=0.6545
  epoch  34/50  loss=0.2700  bal_acc=0.6354
  epoch  35/50  loss=0.2644  bal_acc=0.6823
  epoch  36/50  loss=0.2620  bal_acc=0.6354
  epoch  37/50  loss=0.2708  bal_acc=0.6441
  epoch  38/50  loss=0.2623  bal_acc=0.6632
  epoch  39/50  loss=0.2489  bal_acc=0.6111
  epoch  40/50  loss=0.2435  bal_acc=0.6198
  epoch  41/50  loss=0.2339  bal_acc=0.6753
  epoch  42/50  loss=0.2405  bal_acc=0.6753
  epoch  43/50  loss=0.2405  bal_acc=0.6753
  epoch  44/50  loss=0.2406  bal_acc=0.6337
  epoch  45/50  loss=0.2716  bal_acc=0.6493
  epoch  46/50  loss=0.2365  bal_acc=0.6076
  epoch  47/50  loss=0.2566  bal_acc=0.6285
  epoch  48/50  loss=0.2017  bal_acc=0.6372
  epoch  49/50  loss=0.2191  bal_acc=0.6562
  epoch  50/50  loss=0.2151  bal_acc=0.6111
  [LOSO 3/9] subject 2: acc=0.6111  running_mean=0.5197

=== LOSO (hold out subject 3) ===
  Train: 4608 trials  |  Test: 576 trials
  Model params: 12,754
  epoch   1/50  loss=1.2665  bal_acc=0.3941
  epoch   2/50  loss=1.0238  bal_acc=0.5017
  epoch   3/50  loss=0.9227  bal_acc=0.4635
  epoch   4/50  loss=0.8147  bal_acc=0.4375
  epoch   5/50  loss=0.7510  bal_acc=0.4601
  epoch   6/50  loss=0.7082  bal_acc=0.4514
  epoch   7/50  loss=0.6613  bal_acc=0.4826
  epoch   8/50  loss=0.6098  bal_acc=0.4531
  epoch   9/50  loss=0.5702  bal_acc=0.4583
  epoch  10/50  loss=0.5435  bal_acc=0.4479
  epoch  11/50  loss=0.5053  bal_acc=0.4392
  epoch  12/50  loss=0.4962  bal_acc=0.4410
  epoch  13/50  loss=0.4525  bal_acc=0.3750
  epoch  14/50  loss=0.4534  bal_acc=0.3750
  epoch  15/50  loss=0.4428  bal_acc=0.4375
  epoch  16/50  loss=0.4141  bal_acc=0.4601
  epoch  17/50  loss=0.3961  bal_acc=0.5139
  epoch  18/50  loss=0.3762  bal_acc=0.4427
  epoch  19/50  loss=0.3577  bal_acc=0.4722
  epoch  20/50  loss=0.3582  bal_acc=0.4740
  epoch  21/50  loss=0.3498  bal_acc=0.4115
  epoch  22/50  loss=0.3156  bal_acc=0.4549
  epoch  23/50  loss=0.2735  bal_acc=0.4427
  epoch  24/50  loss=0.2985  bal_acc=0.4479
  epoch  25/50  loss=0.3093  bal_acc=0.4306
  epoch  26/50  loss=0.3128  bal_acc=0.4844
  epoch  27/50  loss=0.2599  bal_acc=0.4444
  epoch  28/50  loss=0.2529  bal_acc=0.4601
  epoch  29/50  loss=0.2909  bal_acc=0.4514
  epoch  30/50  loss=0.2256  bal_acc=0.4497
  epoch  31/50  loss=0.2477  bal_acc=0.4149
  epoch  32/50  loss=0.2471  bal_acc=0.4722
  epoch  33/50  loss=0.2481  bal_acc=0.4306
  epoch  34/50  loss=0.2303  bal_acc=0.4167
  epoch  35/50  loss=0.1989  bal_acc=0.4063
  epoch  36/50  loss=0.2225  bal_acc=0.4323
  epoch  37/50  loss=0.2183  bal_acc=0.4219
  epoch  38/50  loss=0.2053  bal_acc=0.4549
  epoch  39/50  loss=0.2300  bal_acc=0.4323
  epoch  40/50  loss=0.2107  bal_acc=0.4514
  epoch  41/50  loss=0.2147  bal_acc=0.4323
  epoch  42/50  loss=0.2086  bal_acc=0.4722
  epoch  43/50  loss=0.2022  bal_acc=0.4826
  epoch  44/50  loss=0.1699  bal_acc=0.4392
  epoch  45/50  loss=0.1992  bal_acc=0.4618
  epoch  46/50  loss=0.1932  bal_acc=0.4028
  epoch  47/50  loss=0.2186  bal_acc=0.4288
  epoch  48/50  loss=0.1779  bal_acc=0.4253
  epoch  49/50  loss=0.1659  bal_acc=0.4045
  epoch  50/50  loss=0.1770  bal_acc=0.4670
  [LOSO 4/9] subject 3: acc=0.4670  running_mean=0.5065

=== LOSO (hold out subject 4) ===
  Train: 4608 trials  |  Test: 576 trials
  Model params: 12,754
  epoch   1/50  loss=1.2917  bal_acc=0.3142
  epoch   2/50  loss=1.0209  bal_acc=0.3403
  epoch   3/50  loss=0.9101  bal_acc=0.4167
  epoch   4/50  loss=0.8232  bal_acc=0.4618
  epoch   5/50  loss=0.7705  bal_acc=0.4566
  epoch   6/50  loss=0.7198  bal_acc=0.5139
  epoch   7/50  loss=0.6616  bal_acc=0.4132
  epoch   8/50  loss=0.6181  bal_acc=0.4375
  epoch   9/50  loss=0.5715  bal_acc=0.4323
  epoch  10/50  loss=0.5498  bal_acc=0.4444
  epoch  11/50  loss=0.5213  bal_acc=0.4497
  epoch  12/50  loss=0.4838  bal_acc=0.4688
  epoch  13/50  loss=0.4492  bal_acc=0.4201
  epoch  14/50  loss=0.4518  bal_acc=0.4115
  epoch  15/50  loss=0.3901  bal_acc=0.3976
  epoch  16/50  loss=0.3975  bal_acc=0.3819
  epoch  17/50  loss=0.3895  bal_acc=0.4653
  epoch  18/50  loss=0.3357  bal_acc=0.4566
  epoch  19/50  loss=0.3473  bal_acc=0.5052
  epoch  20/50  loss=0.3279  bal_acc=0.4722
  epoch  21/50  loss=0.3077  bal_acc=0.4653
  epoch  22/50  loss=0.2995  bal_acc=0.4566
  epoch  23/50  loss=0.3073  bal_acc=0.5226
  epoch  24/50  loss=0.2904  bal_acc=0.4583
  epoch  25/50  loss=0.3267  bal_acc=0.4583
  epoch  26/50  loss=0.2627  bal_acc=0.4601
  epoch  27/50  loss=0.2689  bal_acc=0.4531
  epoch  28/50  loss=0.2916  bal_acc=0.4878
  epoch  29/50  loss=0.2778  bal_acc=0.4149
  epoch  30/50  loss=0.2450  bal_acc=0.5087
  epoch  31/50  loss=0.2489  bal_acc=0.4844
  epoch  32/50  loss=0.2274  bal_acc=0.4670
  epoch  33/50  loss=0.2401  bal_acc=0.4479
  epoch  34/50  loss=0.2179  bal_acc=0.4705
  epoch  35/50  loss=0.2391  bal_acc=0.4566
  epoch  36/50  loss=0.2224  bal_acc=0.4844
  epoch  37/50  loss=0.2046  bal_acc=0.4392
  epoch  38/50  loss=0.2196  bal_acc=0.4740
  epoch  39/50  loss=0.1942  bal_acc=0.5295
  epoch  40/50  loss=0.2408  bal_acc=0.4410
  epoch  41/50  loss=0.2488  bal_acc=0.4826
  epoch  42/50  loss=0.2318  bal_acc=0.4757
  epoch  43/50  loss=0.2315  bal_acc=0.4601
  epoch  44/50  loss=0.1831  bal_acc=0.4722
  epoch  45/50  loss=0.1826  bal_acc=0.4601
  epoch  46/50  loss=0.1922  bal_acc=0.4583
  epoch  47/50  loss=0.2222  bal_acc=0.4844
  epoch  48/50  loss=0.2135  bal_acc=0.5069
  epoch  49/50  loss=0.1921  bal_acc=0.4826
  epoch  50/50  loss=0.1684  bal_acc=0.4670
  [LOSO 5/9] subject 4: acc=0.4670  running_mean=0.4986

=== LOSO (hold out subject 5) ===
  Train: 4608 trials  |  Test: 576 trials
  Model params: 12,754
  epoch   1/50  loss=1.3208  bal_acc=0.3438
  epoch   2/50  loss=1.0705  bal_acc=0.4219
  epoch   3/50  loss=0.9251  bal_acc=0.4080
  epoch   4/50  loss=0.7926  bal_acc=0.4236
  epoch   5/50  loss=0.7401  bal_acc=0.4358
  epoch   6/50  loss=0.6812  bal_acc=0.4670
  epoch   7/50  loss=0.6167  bal_acc=0.4288
  epoch   8/50  loss=0.6025  bal_acc=0.4132
  epoch   9/50  loss=0.5662  bal_acc=0.4618
  epoch  10/50  loss=0.5289  bal_acc=0.4045
  epoch  11/50  loss=0.5112  bal_acc=0.4514
  epoch  12/50  loss=0.4780  bal_acc=0.3889
  epoch  13/50  loss=0.4478  bal_acc=0.4531
  epoch  14/50  loss=0.4231  bal_acc=0.4479
  epoch  15/50  loss=0.4389  bal_acc=0.4583
  epoch  16/50  loss=0.3928  bal_acc=0.4427
  epoch  17/50  loss=0.4131  bal_acc=0.4549
  epoch  18/50  loss=0.3455  bal_acc=0.4826
  epoch  19/50  loss=0.3656  bal_acc=0.4427
  epoch  20/50  loss=0.3375  bal_acc=0.4288
  epoch  21/50  loss=0.3179  bal_acc=0.4757
  epoch  22/50  loss=0.3164  bal_acc=0.4705
  epoch  23/50  loss=0.3099  bal_acc=0.4479
  epoch  24/50  loss=0.2743  bal_acc=0.4340
  epoch  25/50  loss=0.2829  bal_acc=0.4583
  epoch  26/50  loss=0.2731  bal_acc=0.4497
  epoch  27/50  loss=0.2804  bal_acc=0.4740
  epoch  28/50  loss=0.2501  bal_acc=0.4757
  epoch  29/50  loss=0.2291  bal_acc=0.4462
  epoch  30/50  loss=0.2595  bal_acc=0.4497
  epoch  31/50  loss=0.2588  bal_acc=0.3576
  epoch  32/50  loss=0.2451  bal_acc=0.4253
  epoch  33/50  loss=0.2252  bal_acc=0.4531
  epoch  34/50  loss=0.2178  bal_acc=0.4323
  epoch  35/50  loss=0.2344  bal_acc=0.4497
  epoch  36/50  loss=0.2324  bal_acc=0.3750
  epoch  37/50  loss=0.2200  bal_acc=0.4722
  epoch  38/50  loss=0.2193  bal_acc=0.4236
  epoch  39/50  loss=0.1861  bal_acc=0.4167
  epoch  40/50  loss=0.2262  bal_acc=0.4323
  epoch  41/50  loss=0.2210  bal_acc=0.4878
  epoch  42/50  loss=0.2001  bal_acc=0.4705
  epoch  43/50  loss=0.2100  bal_acc=0.4201
  epoch  44/50  loss=0.1871  bal_acc=0.4566
  epoch  45/50  loss=0.1789  bal_acc=0.4514
  epoch  46/50  loss=0.1913  bal_acc=0.4826
  epoch  47/50  loss=0.1868  bal_acc=0.4358
  epoch  48/50  loss=0.1960  bal_acc=0.4219
  epoch  49/50  loss=0.1949  bal_acc=0.4566
  epoch  50/50  loss=0.1940  bal_acc=0.4566
  [LOSO 6/9] subject 5: acc=0.4566  running_mean=0.4916

=== LOSO (hold out subject 6) ===
  Train: 4608 trials  |  Test: 576 trials
  Model params: 12,754
  epoch   1/50  loss=1.2912  bal_acc=0.3958
  epoch   2/50  loss=1.0536  bal_acc=0.4045
  epoch   3/50  loss=0.9312  bal_acc=0.5017
  epoch   4/50  loss=0.8488  bal_acc=0.5087
  epoch   5/50  loss=0.7772  bal_acc=0.5469
  epoch   6/50  loss=0.7136  bal_acc=0.5330
  epoch   7/50  loss=0.6521  bal_acc=0.5191
  epoch   8/50  loss=0.6284  bal_acc=0.5556
  epoch   9/50  loss=0.6027  bal_acc=0.4878
  epoch  10/50  loss=0.5454  bal_acc=0.5747
  epoch  11/50  loss=0.5059  bal_acc=0.5660
  epoch  12/50  loss=0.5045  bal_acc=0.5486
  epoch  13/50  loss=0.4578  bal_acc=0.5677
  epoch  14/50  loss=0.4280  bal_acc=0.5278
  epoch  15/50  loss=0.4266  bal_acc=0.5000
  epoch  16/50  loss=0.3945  bal_acc=0.5503
  epoch  17/50  loss=0.3972  bal_acc=0.5729
  epoch  18/50  loss=0.3580  bal_acc=0.5417
  epoch  19/50  loss=0.3813  bal_acc=0.5608
  epoch  20/50  loss=0.3604  bal_acc=0.5104
  epoch  21/50  loss=0.3430  bal_acc=0.5243
  epoch  22/50  loss=0.3082  bal_acc=0.5365
  epoch  23/50  loss=0.3170  bal_acc=0.5712
  epoch  24/50  loss=0.3121  bal_acc=0.5087
  epoch  25/50  loss=0.2965  bal_acc=0.5747
  epoch  26/50  loss=0.2952  bal_acc=0.5521
  epoch  27/50  loss=0.2643  bal_acc=0.5556
  epoch  28/50  loss=0.2807  bal_acc=0.5208
  epoch  29/50  loss=0.2776  bal_acc=0.5625
  epoch  30/50  loss=0.2815  bal_acc=0.5208
  epoch  31/50  loss=0.2412  bal_acc=0.5347
  epoch  32/50  loss=0.2789  bal_acc=0.5764
  epoch  33/50  loss=0.2527  bal_acc=0.5694
  epoch  34/50  loss=0.2493  bal_acc=0.5208
  epoch  35/50  loss=0.2483  bal_acc=0.5417
  epoch  36/50  loss=0.2410  bal_acc=0.5000
  epoch  37/50  loss=0.2389  bal_acc=0.5278
  epoch  38/50  loss=0.2222  bal_acc=0.5451
  epoch  39/50  loss=0.2346  bal_acc=0.5538
  epoch  40/50  loss=0.2031  bal_acc=0.5851
  epoch  41/50  loss=0.2222  bal_acc=0.5312
  epoch  42/50  loss=0.2262  bal_acc=0.5469
  epoch  43/50  loss=0.1844  bal_acc=0.5903
  epoch  44/50  loss=0.1987  bal_acc=0.5295
  epoch  45/50  loss=0.2063  bal_acc=0.5069
  epoch  46/50  loss=0.2532  bal_acc=0.5278
  epoch  47/50  loss=0.2133  bal_acc=0.5260
  epoch  48/50  loss=0.2015  bal_acc=0.5382
  epoch  49/50  loss=0.1984  bal_acc=0.5521
  epoch  50/50  loss=0.1901  bal_acc=0.5451
  [LOSO 7/9] subject 6: acc=0.5451  running_mean=0.4993

=== LOSO (hold out subject 7) ===
  Train: 4608 trials  |  Test: 576 trials
  Model params: 12,754
  epoch   1/50  loss=1.3028  bal_acc=0.4792
  epoch   2/50  loss=1.1251  bal_acc=0.5469
  epoch   3/50  loss=1.0000  bal_acc=0.5747
  epoch   4/50  loss=0.9255  bal_acc=0.5486
  epoch   5/50  loss=0.8557  bal_acc=0.5330
  epoch   6/50  loss=0.7820  bal_acc=0.5660
  epoch   7/50  loss=0.7294  bal_acc=0.5503
  epoch   8/50  loss=0.6771  bal_acc=0.5868
  epoch   9/50  loss=0.6468  bal_acc=0.5851
  epoch  10/50  loss=0.6155  bal_acc=0.6163
  epoch  11/50  loss=0.5785  bal_acc=0.5451
  epoch  12/50  loss=0.5330  bal_acc=0.5434
  epoch  13/50  loss=0.5095  bal_acc=0.5903
  epoch  14/50  loss=0.4860  bal_acc=0.5694
  epoch  15/50  loss=0.4893  bal_acc=0.5903
  epoch  16/50  loss=0.4584  bal_acc=0.5087
  epoch  17/50  loss=0.4437  bal_acc=0.5712
  epoch  18/50  loss=0.4138  bal_acc=0.5799
  epoch  19/50  loss=0.3898  bal_acc=0.6163
  epoch  20/50  loss=0.3842  bal_acc=0.5573
  epoch  21/50  loss=0.3778  bal_acc=0.5538
  epoch  22/50  loss=0.3468  bal_acc=0.5868
  epoch  23/50  loss=0.3505  bal_acc=0.5851
  epoch  24/50  loss=0.3615  bal_acc=0.5503
  epoch  25/50  loss=0.3216  bal_acc=0.5799
  epoch  26/50  loss=0.3005  bal_acc=0.5938
  epoch  27/50  loss=0.3083  bal_acc=0.5590
  epoch  28/50  loss=0.3356  bal_acc=0.5851
  epoch  29/50  loss=0.3177  bal_acc=0.5781
  epoch  30/50  loss=0.2851  bal_acc=0.5660
  epoch  31/50  loss=0.2881  bal_acc=0.5799
  epoch  32/50  loss=0.2654  bal_acc=0.6076
  epoch  33/50  loss=0.2747  bal_acc=0.5642
  epoch  34/50  loss=0.2881  bal_acc=0.5573
  epoch  35/50  loss=0.2642  bal_acc=0.5573
  epoch  36/50  loss=0.2812  bal_acc=0.5521
  epoch  37/50  loss=0.2638  bal_acc=0.5799
  epoch  38/50  loss=0.2388  bal_acc=0.5938
  epoch  39/50  loss=0.2581  bal_acc=0.5625
  epoch  40/50  loss=0.2820  bal_acc=0.5851
  epoch  41/50  loss=0.2264  bal_acc=0.5764
  epoch  42/50  loss=0.2292  bal_acc=0.5868
  epoch  43/50  loss=0.2721  bal_acc=0.5885
  epoch  44/50  loss=0.2419  bal_acc=0.6024
  epoch  45/50  loss=0.2347  bal_acc=0.5729
  epoch  46/50  loss=0.2671  bal_acc=0.5608
  epoch  47/50  loss=0.2551  bal_acc=0.5503
  epoch  48/50  loss=0.2137  bal_acc=0.5747
  epoch  49/50  loss=0.2376  bal_acc=0.5538
  epoch  50/50  loss=0.2434  bal_acc=0.5486
  [LOSO 8/9] subject 7: acc=0.5486  running_mean=0.5054

=== LOSO (hold out subject 8) ===
  Train: 4608 trials  |  Test: 576 trials
  Model params: 12,754
  epoch   1/50  loss=1.3219  bal_acc=0.3628
  epoch   2/50  loss=1.1153  bal_acc=0.3681
  epoch   3/50  loss=0.9986  bal_acc=0.4965
  epoch   4/50  loss=0.9241  bal_acc=0.4740
  epoch   5/50  loss=0.8398  bal_acc=0.4653
  epoch   6/50  loss=0.7775  bal_acc=0.5191
  epoch   7/50  loss=0.7017  bal_acc=0.5243
  epoch   8/50  loss=0.6661  bal_acc=0.5521
  epoch   9/50  loss=0.6100  bal_acc=0.5712
  epoch  10/50  loss=0.5713  bal_acc=0.5347
  epoch  11/50  loss=0.5549  bal_acc=0.5399
  epoch  12/50  loss=0.5149  bal_acc=0.4931
  epoch  13/50  loss=0.4782  bal_acc=0.5556
  epoch  14/50  loss=0.4514  bal_acc=0.5955
  epoch  15/50  loss=0.4333  bal_acc=0.4878
  epoch  16/50  loss=0.4039  bal_acc=0.5365
  epoch  17/50  loss=0.3916  bal_acc=0.5312
  epoch  18/50  loss=0.4098  bal_acc=0.5365
  epoch  19/50  loss=0.3621  bal_acc=0.5243
  epoch  20/50  loss=0.3568  bal_acc=0.5295
  epoch  21/50  loss=0.3379  bal_acc=0.5799
  epoch  22/50  loss=0.3079  bal_acc=0.4878
  epoch  23/50  loss=0.3346  bal_acc=0.5104
  epoch  24/50  loss=0.3237  bal_acc=0.4635
  epoch  25/50  loss=0.2849  bal_acc=0.5208
  epoch  26/50  loss=0.2857  bal_acc=0.5399
  epoch  27/50  loss=0.3021  bal_acc=0.5729
  epoch  28/50  loss=0.2864  bal_acc=0.5642
  epoch  29/50  loss=0.2674  bal_acc=0.4913
  epoch  30/50  loss=0.2951  bal_acc=0.4566
  epoch  31/50  loss=0.2497  bal_acc=0.5260
  epoch  32/50  loss=0.2504  bal_acc=0.4931
  epoch  33/50  loss=0.2587  bal_acc=0.4844
  epoch  34/50  loss=0.2583  bal_acc=0.5486
  epoch  35/50  loss=0.2280  bal_acc=0.4844
  epoch  36/50  loss=0.2339  bal_acc=0.4931
  epoch  37/50  loss=0.2497  bal_acc=0.4948
  epoch  38/50  loss=0.2250  bal_acc=0.5017
  epoch  39/50  loss=0.2336  bal_acc=0.4931
  epoch  40/50  loss=0.2335  bal_acc=0.5382
  epoch  41/50  loss=0.2296  bal_acc=0.5000
  epoch  42/50  loss=0.2173  bal_acc=0.5087
  epoch  43/50  loss=0.2338  bal_acc=0.4983
  epoch  44/50  loss=0.2279  bal_acc=0.4948
  epoch  45/50  loss=0.2205  bal_acc=0.5399
  epoch  46/50  loss=0.2320  bal_acc=0.4844
  epoch  47/50  loss=0.2034  bal_acc=0.5087
  epoch  48/50  loss=0.2073  bal_acc=0.5278
  epoch  49/50  loss=0.2176  bal_acc=0.5278
  epoch  50/50  loss=0.2355  bal_acc=0.5122
  [LOSO 9/9] subject 8: acc=0.5122  running_mean=0.5062
Results saved to results/BNCI2014_001/results_trial_100.json
Trial logged to results/BNCI2014_001/trials.csv
[status] trial 100 done (state=COMPLETE, value=0.5061728395061729) -- 88 completed total
Device: cuda
[BNCI2014_001] loading from cache: /home/aleksander.berezowsk/.cache/spiking_eegnet/BNCI2014_001_af1ccf3e92f684d8a93c057082b654d7.npz
[BNCI2014_001] cache hit: (5184, 1, 22, 1001), classes=['feet', 'left_hand', 'right_hand', 'tongue'], subjects=9
Dataset meta: {'n_classes': 4, 'n_channels': 22, 'n_samples': 1001, 'class_names': ['feet', 'left_hand', 'right_hand', 'tongue'], 'subject_list': [1, 2, 3, 4, 5, 6, 7, 8, 9], 'n_subjects': 9, 'sfreq': 250.0}

=== LOSO (hold out subject 0) ===
  Train: 4608 trials  |  Test: 576 trials
  Model params: 24,972
  epoch   1/50  loss=1.3578  bal_acc=0.3993
  epoch   2/50  loss=1.2498  bal_acc=0.4253
  epoch   3/50  loss=1.1357  bal_acc=0.4705
  epoch   4/50  loss=1.0173  bal_acc=0.4896
  epoch   5/50  loss=0.9427  bal_acc=0.5208
  epoch   6/50  loss=0.8681  bal_acc=0.5399
  epoch   7/50  loss=0.8205  bal_acc=0.5087
  epoch   8/50  loss=0.7697  bal_acc=0.5226
  epoch   9/50  loss=0.7259  bal_acc=0.5052
  epoch  10/50  loss=0.6961  bal_acc=0.5434
  epoch  11/50  loss=0.6499  bal_acc=0.5278
  epoch  12/50  loss=0.6232  bal_acc=0.5503
  epoch  13/50  loss=0.6058  bal_acc=0.5712
  epoch  14/50  loss=0.5762  bal_acc=0.5799
  epoch  15/50  loss=0.5440  bal_acc=0.5677
  epoch  16/50  loss=0.5207  bal_acc=0.5747
  epoch  17/50  loss=0.5066  bal_acc=0.5677
  epoch  18/50  loss=0.4923  bal_acc=0.5347
  epoch  19/50  loss=0.4608  bal_acc=0.5417
  epoch  20/50  loss=0.4451  bal_acc=0.5816
  epoch  21/50  loss=0.4369  bal_acc=0.5764
  epoch  22/50  loss=0.4127  bal_acc=0.5556
  epoch  23/50  loss=0.3934  bal_acc=0.5885
  epoch  24/50  loss=0.3818  bal_acc=0.5851
  epoch  25/50  loss=0.3601  bal_acc=0.5851
  epoch  26/50  loss=0.3549  bal_acc=0.5816
  epoch  27/50  loss=0.3351  bal_acc=0.5660
  epoch  28/50  loss=0.3241  bal_acc=0.5833
  epoch  29/50  loss=0.3282  bal_acc=0.5816
  epoch  30/50  loss=0.3133  bal_acc=0.5764
  epoch  31/50  loss=0.3041  bal_acc=0.5885
  epoch  32/50  loss=0.2946  bal_acc=0.5990
  epoch  33/50  loss=0.2806  bal_acc=0.5729
  epoch  34/50  loss=0.2693  bal_acc=0.5885
  epoch  35/50  loss=0.2687  bal_acc=0.5955
  epoch  36/50  loss=0.2563  bal_acc=0.5955
  epoch  37/50  loss=0.2535  bal_acc=0.5747
  epoch  38/50  loss=0.2417  bal_acc=0.5903
  epoch  39/50  loss=0.2352  bal_acc=0.5747
  epoch  40/50  loss=0.2332  bal_acc=0.5694
  epoch  41/50  loss=0.2280  bal_acc=0.5642
  epoch  42/50  loss=0.2122  bal_acc=0.5729
  epoch  43/50  loss=0.2106  bal_acc=0.5660
  epoch  44/50  loss=0.2034  bal_acc=0.5990
  epoch  45/50  loss=0.2015  bal_acc=0.5851
  epoch  46/50  loss=0.1873  bal_acc=0.5816
  epoch  47/50  loss=0.1870  bal_acc=0.5816
  epoch  48/50  loss=0.1787  bal_acc=0.5868
  epoch  49/50  loss=0.1844  bal_acc=0.6042
  epoch  50/50  loss=0.1856  bal_acc=0.5868
  [LOSO 1/9] subject 0: acc=0.5868  running_mean=0.5868

=== LOSO (hold out subject 1) ===
  Train: 4608 trials  |  Test: 576 trials
  Model params: 24,972
  epoch   1/50  loss=1.3448  bal_acc=0.3646
  epoch   2/50  loss=1.2062  bal_acc=0.3368
  epoch   3/50  loss=1.0619  bal_acc=0.3976
  epoch   4/50  loss=0.9488  bal_acc=0.3750
  epoch   5/50  loss=0.8701  bal_acc=0.4184
  epoch   6/50  loss=0.7967  bal_acc=0.4375
  epoch   7/50  loss=0.7508  bal_acc=0.4358
  epoch   8/50  loss=0.6975  bal_acc=0.4462
  epoch   9/50  loss=0.6534  bal_acc=0.4358
  epoch  10/50  loss=0.6280  bal_acc=0.4375
  epoch  11/50  loss=0.5922  bal_acc=0.4549
  epoch  12/50  loss=0.5562  bal_acc=0.4497
  epoch  13/50  loss=0.5441  bal_acc=0.4566
  epoch  14/50  loss=0.5105  bal_acc=0.4601
  epoch  15/50  loss=0.4879  bal_acc=0.4444
  epoch  16/50  loss=0.4809  bal_acc=0.4531
  epoch  17/50  loss=0.4480  bal_acc=0.4757
  epoch  18/50  loss=0.4362  bal_acc=0.4774
  epoch  19/50  loss=0.4213  bal_acc=0.4722
  epoch  20/50  loss=0.3996  bal_acc=0.4635
  epoch  21/50  loss=0.3900  bal_acc=0.4549
  epoch  22/50  loss=0.3673  bal_acc=0.4653
  epoch  23/50  loss=0.3624  bal_acc=0.4566
  epoch  24/50  loss=0.3473  bal_acc=0.4722
  epoch  25/50  loss=0.3445  bal_acc=0.4792
  epoch  26/50  loss=0.3148  bal_acc=0.4514
  epoch  27/50  loss=0.3209  bal_acc=0.4618
  epoch  28/50  loss=0.2962  bal_acc=0.4583
  epoch  29/50  loss=0.2823  bal_acc=0.4844
  epoch  30/50  loss=0.2762  bal_acc=0.4809
  epoch  31/50  loss=0.2732  bal_acc=0.4792
  epoch  32/50  loss=0.2677  bal_acc=0.4722
  epoch  33/50  loss=0.2438  bal_acc=0.4358
  epoch  34/50  loss=0.2422  bal_acc=0.4618
  epoch  35/50  loss=0.2328  bal_acc=0.4722
  epoch  36/50  loss=0.2311  bal_acc=0.4253
  epoch  37/50  loss=0.2267  bal_acc=0.4236
  epoch  38/50  loss=0.2194  bal_acc=0.4306
  epoch  39/50  loss=0.2098  bal_acc=0.4601
  epoch  40/50  loss=0.2049  bal_acc=0.4358
  epoch  41/50  loss=0.1984  bal_acc=0.4358
  epoch  42/50  loss=0.2055  bal_acc=0.4392
  epoch  43/50  loss=0.1886  bal_acc=0.4670
  epoch  44/50  loss=0.1834  bal_acc=0.4271
  epoch  45/50  loss=0.1760  bal_acc=0.4306
  epoch  46/50  loss=0.1682  bal_acc=0.4479
  epoch  47/50  loss=0.1611  bal_acc=0.4635
  epoch  48/50  loss=0.1548  bal_acc=0.4306
  epoch  49/50  loss=0.1608  bal_acc=0.4601
  epoch  50/50  loss=0.1544  bal_acc=0.4288
  [LOSO 2/9] subject 1: acc=0.4288  running_mean=0.5078

=== LOSO (hold out subject 2) ===
  Train: 4608 trials  |  Test: 576 trials
  Model params: 24,972
  epoch   1/50  loss=1.3615  bal_acc=0.3750
  epoch   2/50  loss=1.2640  bal_acc=0.4635
  epoch   3/50  loss=1.1609  bal_acc=0.5434
  epoch   4/50  loss=1.0704  bal_acc=0.5625
  epoch   5/50  loss=1.0052  bal_acc=0.5799
  epoch   6/50  loss=0.9431  bal_acc=0.5885
  epoch   7/50  loss=0.8962  bal_acc=0.6042
  epoch   8/50  loss=0.8477  bal_acc=0.6181
  epoch   9/50  loss=0.8016  bal_acc=0.6007
  epoch  10/50  loss=0.7672  bal_acc=0.6424
  epoch  11/50  loss=0.7196  bal_acc=0.6372
  epoch  12/50  loss=0.6814  bal_acc=0.6198
  epoch  13/50  loss=0.6594  bal_acc=0.6615
  epoch  14/50  loss=0.6194  bal_acc=0.6458
  epoch  15/50  loss=0.5943  bal_acc=0.6528
  epoch  16/50  loss=0.5688  bal_acc=0.6927
  epoch  17/50  loss=0.5437  bal_acc=0.7049
  epoch  18/50  loss=0.5197  bal_acc=0.6997
  epoch  19/50  loss=0.5089  bal_acc=0.6424
  epoch  20/50  loss=0.4857  bal_acc=0.6840
  epoch  21/50  loss=0.4623  bal_acc=0.6753
  epoch  22/50  loss=0.4583  bal_acc=0.6684
  epoch  23/50  loss=0.4429  bal_acc=0.6389
  epoch  24/50  loss=0.4303  bal_acc=0.6389
  epoch  25/50  loss=0.4118  bal_acc=0.6806
  epoch  26/50  loss=0.4038  bal_acc=0.6632
  epoch  27/50  loss=0.3869  bal_acc=0.6615
  epoch  28/50  loss=0.3690  bal_acc=0.6788
  epoch  29/50  loss=0.3623  bal_acc=0.6701
  epoch  30/50  loss=0.3524  bal_acc=0.6736
  epoch  31/50  loss=0.3360  bal_acc=0.6615
  epoch  32/50  loss=0.3403  bal_acc=0.6198
  epoch  33/50  loss=0.3262  bal_acc=0.7014
  epoch  34/50  loss=0.3086  bal_acc=0.6649
  epoch  35/50  loss=0.3069  bal_acc=0.6979
  epoch  36/50  loss=0.2910  bal_acc=0.6545
  epoch  37/50  loss=0.2843  bal_acc=0.6406
  epoch  38/50  loss=0.2714  bal_acc=0.6840
  epoch  39/50  loss=0.2579  bal_acc=0.6771
  epoch  40/50  loss=0.2657  bal_acc=0.6597
  epoch  41/50  loss=0.2502  bal_acc=0.6285
  epoch  42/50  loss=0.2444  bal_acc=0.6510
  epoch  43/50  loss=0.2337  bal_acc=0.6597
  epoch  44/50  loss=0.2363  bal_acc=0.6562
  epoch  45/50  loss=0.2296  bal_acc=0.6736
  epoch  46/50  loss=0.2187  bal_acc=0.6545
  epoch  47/50  loss=0.2144  bal_acc=0.6649
  epoch  48/50  loss=0.2143  bal_acc=0.6788
  epoch  49/50  loss=0.2078  bal_acc=0.6632
  epoch  50/50  loss=0.1968  bal_acc=0.6719
  [LOSO 3/9] subject 2: acc=0.6719  running_mean=0.5625

=== LOSO (hold out subject 3) ===
  Train: 4608 trials  |  Test: 576 trials
  Model params: 24,972
  epoch   1/50  loss=1.3476  bal_acc=0.3455
  epoch   2/50  loss=1.2372  bal_acc=0.3889
  epoch   3/50  loss=1.1222  bal_acc=0.3993
  epoch   4/50  loss=1.0243  bal_acc=0.4375
  epoch   5/50  loss=0.9508  bal_acc=0.4010
  epoch   6/50  loss=0.8856  bal_acc=0.4427
  epoch   7/50  loss=0.8317  bal_acc=0.5000
  epoch   8/50  loss=0.7651  bal_acc=0.4549
  epoch   9/50  loss=0.7203  bal_acc=0.4479
  epoch  10/50  loss=0.6783  bal_acc=0.4618
  epoch  11/50  loss=0.6463  bal_acc=0.4792
  epoch  12/50  loss=0.6026  bal_acc=0.5104
  epoch  13/50  loss=0.5902  bal_acc=0.4792
  epoch  14/50  loss=0.5497  bal_acc=0.4809
  epoch  15/50  loss=0.5339  bal_acc=0.4878
  epoch  16/50  loss=0.5168  bal_acc=0.4878
  epoch  17/50  loss=0.4916  bal_acc=0.4740
  epoch  18/50  loss=0.4716  bal_acc=0.4861
  epoch  19/50  loss=0.4666  bal_acc=0.4844
  epoch  20/50  loss=0.4388  bal_acc=0.4861
  epoch  21/50  loss=0.4274  bal_acc=0.4566
  epoch  22/50  loss=0.4046  bal_acc=0.4896
  epoch  23/50  loss=0.3935  bal_acc=0.4983
  epoch  24/50  loss=0.3847  bal_acc=0.5226
  epoch  25/50  loss=0.3717  bal_acc=0.4653
  epoch  26/50  loss=0.3468  bal_acc=0.4809
  epoch  27/50  loss=0.3381  bal_acc=0.4948
  epoch  28/50  loss=0.3355  bal_acc=0.4826
  epoch  29/50  loss=0.3186  bal_acc=0.4913
  epoch  30/50  loss=0.3081  bal_acc=0.4497
  epoch  31/50  loss=0.3070  bal_acc=0.4913
  epoch  32/50  loss=0.2944  bal_acc=0.4948
  epoch  33/50  loss=0.2754  bal_acc=0.5052
  epoch  34/50  loss=0.2843  bal_acc=0.4913
  epoch  35/50  loss=0.2609  bal_acc=0.5000
  epoch  36/50  loss=0.2577  bal_acc=0.4826
  epoch  37/50  loss=0.2545  bal_acc=0.4583
  epoch  38/50  loss=0.2480  bal_acc=0.4931
  epoch  39/50  loss=0.2402  bal_acc=0.4479
  epoch  40/50  loss=0.2373  bal_acc=0.4757
  epoch  41/50  loss=0.2287  bal_acc=0.4653
  epoch  42/50  loss=0.2320  bal_acc=0.4514
  epoch  43/50  loss=0.2108  bal_acc=0.4740
  epoch  44/50  loss=0.2088  bal_acc=0.4948
  epoch  45/50  loss=0.2013  bal_acc=0.4722
  epoch  46/50  loss=0.1998  bal_acc=0.5000
  epoch  47/50  loss=0.1897  bal_acc=0.4566
  epoch  48/50  loss=0.1839  bal_acc=0.4878
  epoch  49/50  loss=0.1820  bal_acc=0.4948
  epoch  50/50  loss=0.1814  bal_acc=0.4740
  [LOSO 4/9] subject 3: acc=0.4740  running_mean=0.5404

=== LOSO (hold out subject 4) ===
  Train: 4608 trials  |  Test: 576 trials
  Model params: 24,972
  epoch   1/50  loss=1.3484  bal_acc=0.2986
  epoch   2/50  loss=1.2413  bal_acc=0.3351
  epoch   3/50  loss=1.1171  bal_acc=0.4028
  epoch   4/50  loss=1.0148  bal_acc=0.5000
  epoch   5/50  loss=0.9241  bal_acc=0.5017
  epoch   6/50  loss=0.8519  bal_acc=0.5069
  epoch   7/50  loss=0.7936  bal_acc=0.4931
  epoch   8/50  loss=0.7386  bal_acc=0.5069
  epoch   9/50  loss=0.7106  bal_acc=0.5122
  epoch  10/50  loss=0.6661  bal_acc=0.5052
  epoch  11/50  loss=0.6270  bal_acc=0.5052
  epoch  12/50  loss=0.5989  bal_acc=0.5017
  epoch  13/50  loss=0.5758  bal_acc=0.5139
  epoch  14/50  loss=0.5403  bal_acc=0.5122
  epoch  15/50  loss=0.5237  bal_acc=0.5156
  epoch  16/50  loss=0.4950  bal_acc=0.5139
  epoch  17/50  loss=0.4757  bal_acc=0.5000
  epoch  18/50  loss=0.4585  bal_acc=0.5122
  epoch  19/50  loss=0.4455  bal_acc=0.5226
  epoch  20/50  loss=0.4265  bal_acc=0.5260
  epoch  21/50  loss=0.4059  bal_acc=0.5139
  epoch  22/50  loss=0.3910  bal_acc=0.5295
  epoch  23/50  loss=0.3814  bal_acc=0.5208
  epoch  24/50  loss=0.3783  bal_acc=0.5156
  epoch  25/50  loss=0.3595  bal_acc=0.5243
  epoch  26/50  loss=0.3386  bal_acc=0.5451
  epoch  27/50  loss=0.3339  bal_acc=0.5330
  epoch  28/50  loss=0.3263  bal_acc=0.5243
  epoch  29/50  loss=0.3093  bal_acc=0.5417
  epoch  30/50  loss=0.3013  bal_acc=0.5503
  epoch  31/50  loss=0.2871  bal_acc=0.5365
  epoch  32/50  loss=0.2809  bal_acc=0.5347
  epoch  33/50  loss=0.2704  bal_acc=0.5347
  epoch  34/50  loss=0.2644  bal_acc=0.5417
  epoch  35/50  loss=0.2527  bal_acc=0.5312
  epoch  36/50  loss=0.2417  bal_acc=0.5434
  epoch  37/50  loss=0.2424  bal_acc=0.5104
  epoch  38/50  loss=0.2279  bal_acc=0.5608
  epoch  39/50  loss=0.2254  bal_acc=0.5069
  epoch  40/50  loss=0.2164  bal_acc=0.4983
  epoch  41/50  loss=0.2091  bal_acc=0.4965
  epoch  42/50  loss=0.2057  bal_acc=0.5191
  epoch  43/50  loss=0.2033  bal_acc=0.5347
  epoch  44/50  loss=0.1957  bal_acc=0.5365
  epoch  45/50  loss=0.1898  bal_acc=0.5347
  epoch  46/50  loss=0.1878  bal_acc=0.5486
  epoch  47/50  loss=0.1803  bal_acc=0.5191
  epoch  48/50  loss=0.1747  bal_acc=0.5399
  epoch  49/50  loss=0.1837  bal_acc=0.5469
  epoch  50/50  loss=0.1724  bal_acc=0.5556
  [LOSO 5/9] subject 4: acc=0.5556  running_mean=0.5434

=== LOSO (hold out subject 5) ===
  Train: 4608 trials  |  Test: 576 trials
  Model params: 24,972
  epoch   1/50  loss=1.3576  bal_acc=0.3646
  epoch   2/50  loss=1.2461  bal_acc=0.4062
  epoch   3/50  loss=1.1368  bal_acc=0.4132
  epoch   4/50  loss=1.0234  bal_acc=0.4271
  epoch   5/50  loss=0.9339  bal_acc=0.4392
  epoch   6/50  loss=0.8544  bal_acc=0.4444
  epoch   7/50  loss=0.7791  bal_acc=0.4566
  epoch   8/50  loss=0.7418  bal_acc=0.4479
  epoch   9/50  loss=0.6796  bal_acc=0.4323
  epoch  10/50  loss=0.6529  bal_acc=0.4392
  epoch  11/50  loss=0.6177  bal_acc=0.3976
  epoch  12/50  loss=0.5933  bal_acc=0.3767
  epoch  13/50  loss=0.5654  bal_acc=0.4201
  epoch  14/50  loss=0.5369  bal_acc=0.4253
  epoch  15/50  loss=0.5256  bal_acc=0.3924
  epoch  16/50  loss=0.4971  bal_acc=0.4236
  epoch  17/50  loss=0.4694  bal_acc=0.4236
  epoch  18/50  loss=0.4607  bal_acc=0.4045
  epoch  19/50  loss=0.4336  bal_acc=0.4184
  epoch  20/50  loss=0.4269  bal_acc=0.4601
  epoch  21/50  loss=0.4054  bal_acc=0.4219
  epoch  22/50  loss=0.3884  bal_acc=0.3715
  epoch  23/50  loss=0.3788  bal_acc=0.4201
  epoch  24/50  loss=0.3560  bal_acc=0.3958
  epoch  25/50  loss=0.3584  bal_acc=0.4410
  epoch  26/50  loss=0.3314  bal_acc=0.4462
  epoch  27/50  loss=0.3265  bal_acc=0.4045
  epoch  28/50  loss=0.3288  bal_acc=0.4062
  epoch  29/50  loss=0.2999  bal_acc=0.4358
  epoch  30/50  loss=0.2896  bal_acc=0.4236
  epoch  31/50  loss=0.2858  bal_acc=0.3819
  epoch  32/50  loss=0.2738  bal_acc=0.4062
  epoch  33/50  loss=0.2669  bal_acc=0.3941
  epoch  34/50  loss=0.2635  bal_acc=0.4618
  epoch  35/50  loss=0.2492  bal_acc=0.4306
  epoch  36/50  loss=0.2435  bal_acc=0.4132
  epoch  37/50  loss=0.2319  bal_acc=0.4219
  epoch  38/50  loss=0.2216  bal_acc=0.4340
  epoch  39/50  loss=0.2281  bal_acc=0.4219
  epoch  40/50  loss=0.2207  bal_acc=0.4392
  epoch  41/50  loss=0.2097  bal_acc=0.3872
  epoch  42/50  loss=0.1978  bal_acc=0.4045
  epoch  43/50  loss=0.1954  bal_acc=0.4514
  epoch  44/50  loss=0.1809  bal_acc=0.3889
  epoch  45/50  loss=0.1877  bal_acc=0.3924
  epoch  46/50  loss=0.1804  bal_acc=0.3906
  epoch  47/50  loss=0.1722  bal_acc=0.4288
  epoch  48/50  loss=0.1786  bal_acc=0.3993
  epoch  49/50  loss=0.1618  bal_acc=0.4201
  epoch  50/50  loss=0.1775  bal_acc=0.4236
  [LOSO 6/9] subject 5: acc=0.4236  running_mean=0.5234

=== LOSO (hold out subject 6) ===
  Train: 4608 trials  |  Test: 576 trials
  Model params: 24,972
  epoch   1/50  loss=1.3538  bal_acc=0.3837
  epoch   2/50  loss=1.2600  bal_acc=0.4479
  epoch   3/50  loss=1.1432  bal_acc=0.4809
  epoch   4/50  loss=1.0472  bal_acc=0.5451
  epoch   5/50  loss=0.9598  bal_acc=0.5712
  epoch   6/50  loss=0.8877  bal_acc=0.6111
  epoch   7/50  loss=0.8249  bal_acc=0.5833
  epoch   8/50  loss=0.7821  bal_acc=0.5469
  epoch   9/50  loss=0.7389  bal_acc=0.5764
  epoch  10/50  loss=0.6984  bal_acc=0.5920
  epoch  11/50  loss=0.6673  bal_acc=0.5972
  epoch  12/50  loss=0.6378  bal_acc=0.6094
  epoch  13/50  loss=0.6064  bal_acc=0.5990
  epoch  14/50  loss=0.5835  bal_acc=0.6198
  epoch  15/50  loss=0.5609  bal_acc=0.5799
  epoch  16/50  loss=0.5398  bal_acc=0.5972
  epoch  17/50  loss=0.5231  bal_acc=0.5799
  epoch  18/50  loss=0.4990  bal_acc=0.5903
  epoch  19/50  loss=0.4856  bal_acc=0.5851
  epoch  20/50  loss=0.4663  bal_acc=0.6007
  epoch  21/50  loss=0.4518  bal_acc=0.6111
  epoch  22/50  loss=0.4318  bal_acc=0.6215
  epoch  23/50  loss=0.4251  bal_acc=0.6354
  epoch  24/50  loss=0.4030  bal_acc=0.6024
  epoch  25/50  loss=0.3869  bal_acc=0.6007
  epoch  26/50  loss=0.3773  bal_acc=0.5938
  epoch  27/50  loss=0.3639  bal_acc=0.6302
  epoch  28/50  loss=0.3469  bal_acc=0.6337
  epoch  29/50  loss=0.3374  bal_acc=0.6215
  epoch  30/50  loss=0.3299  bal_acc=0.6406
  epoch  31/50  loss=0.3125  bal_acc=0.6198
  epoch  32/50  loss=0.3026  bal_acc=0.6267
  epoch  33/50  loss=0.3040  bal_acc=0.6476
  epoch  34/50  loss=0.2879  bal_acc=0.6285
  epoch  35/50  loss=0.2890  bal_acc=0.6007
  epoch  36/50  loss=0.2766  bal_acc=0.6337
  epoch  37/50  loss=0.2659  bal_acc=0.6042
  epoch  38/50  loss=0.2566  bal_acc=0.6372
  epoch  39/50  loss=0.2540  bal_acc=0.6146
  epoch  40/50  loss=0.2462  bal_acc=0.6163
  epoch  41/50  loss=0.2317  bal_acc=0.6059
  epoch  42/50  loss=0.2281  bal_acc=0.6233
  epoch  43/50  loss=0.2263  bal_acc=0.6198
  epoch  44/50  loss=0.2181  bal_acc=0.5990
  epoch  45/50  loss=0.2210  bal_acc=0.6094
  epoch  46/50  loss=0.2006  bal_acc=0.6094
  epoch  47/50  loss=0.2123  bal_acc=0.6319
  epoch  48/50  loss=0.2011  bal_acc=0.6181
  epoch  49/50  loss=0.2042  bal_acc=0.6059
  epoch  50/50  loss=0.1900  bal_acc=0.6267
  [LOSO 7/9] subject 6: acc=0.6267  running_mean=0.5382

=== LOSO (hold out subject 7) ===
  Train: 4608 trials  |  Test: 576 trials
  Model params: 24,972
  epoch   1/50  loss=1.3512  bal_acc=0.3594
  epoch   2/50  loss=1.2322  bal_acc=0.4219
  epoch   3/50  loss=1.1130  bal_acc=0.4653
  epoch   4/50  loss=1.0381  bal_acc=0.5278
  epoch   5/50  loss=0.9682  bal_acc=0.4896
  epoch   6/50  loss=0.9123  bal_acc=0.5226
  epoch   7/50  loss=0.8606  bal_acc=0.5312
  epoch   8/50  loss=0.8218  bal_acc=0.5417
  epoch   9/50  loss=0.7820  bal_acc=0.5312
  epoch  10/50  loss=0.7463  bal_acc=0.5556
  epoch  11/50  loss=0.7005  bal_acc=0.5660
  epoch  12/50  loss=0.6767  bal_acc=0.5608
  epoch  13/50  loss=0.6406  bal_acc=0.5868
  epoch  14/50  loss=0.6069  bal_acc=0.6059
  epoch  15/50  loss=0.5844  bal_acc=0.6198
  epoch  16/50  loss=0.5541  bal_acc=0.5938
  epoch  17/50  loss=0.5274  bal_acc=0.6007
  epoch  18/50  loss=0.5107  bal_acc=0.6094
  epoch  19/50  loss=0.4893  bal_acc=0.6042
  epoch  20/50  loss=0.4693  bal_acc=0.6111
  epoch  21/50  loss=0.4614  bal_acc=0.5955
  epoch  22/50  loss=0.4441  bal_acc=0.6146
  epoch  23/50  loss=0.4176  bal_acc=0.6372
  epoch  24/50  loss=0.4079  bal_acc=0.6198
  epoch  25/50  loss=0.3901  bal_acc=0.6302
  epoch  26/50  loss=0.3807  bal_acc=0.6372
  epoch  27/50  loss=0.3582  bal_acc=0.6302
  epoch  28/50  loss=0.3542  bal_acc=0.6146
  epoch  29/50  loss=0.3528  bal_acc=0.6233
  epoch  30/50  loss=0.3298  bal_acc=0.6215
  epoch  31/50  loss=0.3187  bal_acc=0.6424
  epoch  32/50  loss=0.3195  bal_acc=0.6267
  epoch  33/50  loss=0.2952  bal_acc=0.6649
  epoch  34/50  loss=0.2858  bal_acc=0.6215
  epoch  35/50  loss=0.2837  bal_acc=0.6302
  epoch  36/50  loss=0.2769  bal_acc=0.6354
  epoch  37/50  loss=0.2606  bal_acc=0.6267
  epoch  38/50  loss=0.2482  bal_acc=0.6319
  epoch  39/50  loss=0.2534  bal_acc=0.6215
  epoch  40/50  loss=0.2396  bal_acc=0.6215
  epoch  41/50  loss=0.2341  bal_acc=0.6458
  epoch  42/50  loss=0.2231  bal_acc=0.6337
  epoch  43/50  loss=0.2203  bal_acc=0.6354
  epoch  44/50  loss=0.2145  bal_acc=0.6354
  epoch  45/50  loss=0.2156  bal_acc=0.6354
  epoch  46/50  loss=0.2241  bal_acc=0.6389
  epoch  47/50  loss=0.2000  bal_acc=0.6424
  epoch  48/50  loss=0.1937  bal_acc=0.6441
  epoch  49/50  loss=0.1964  bal_acc=0.6198
  epoch  50/50  loss=0.1874  bal_acc=0.6510
  [LOSO 8/9] subject 7: acc=0.6510  running_mean=0.5523

=== LOSO (hold out subject 8) ===
  Train: 4608 trials  |  Test: 576 trials
  Model params: 24,972
  epoch   1/50  loss=1.3552  bal_acc=0.3646
  epoch   2/50  loss=1.2523  bal_acc=0.3542
  epoch   3/50  loss=1.1421  bal_acc=0.4323
  epoch   4/50  loss=1.0222  bal_acc=0.4705
  epoch   5/50  loss=0.9494  bal_acc=0.4826
  epoch   6/50  loss=0.8776  bal_acc=0.4531
  epoch   7/50  loss=0.8170  bal_acc=0.4878
  epoch   8/50  loss=0.7692  bal_acc=0.4983
  epoch   9/50  loss=0.7249  bal_acc=0.4774
  epoch  10/50  loss=0.6935  bal_acc=0.4844
  epoch  11/50  loss=0.6474  bal_acc=0.4878
  epoch  12/50  loss=0.6209  bal_acc=0.4844
  epoch  13/50  loss=0.5924  bal_acc=0.5087
  epoch  14/50  loss=0.5658  bal_acc=0.5069
  epoch  15/50  loss=0.5414  bal_acc=0.4931
  epoch  16/50  loss=0.5156  bal_acc=0.5104
  epoch  17/50  loss=0.4996  bal_acc=0.5208
  epoch  18/50  loss=0.4648  bal_acc=0.4792
  epoch  19/50  loss=0.4572  bal_acc=0.5156
  epoch  20/50  loss=0.4457  bal_acc=0.4774
  epoch  21/50  loss=0.4143  bal_acc=0.5399
  epoch  22/50  loss=0.4034  bal_acc=0.5191
  epoch  23/50  loss=0.3903  bal_acc=0.5139
  epoch  24/50  loss=0.3683  bal_acc=0.5104
  epoch  25/50  loss=0.3649  bal_acc=0.4948
  epoch  26/50  loss=0.3437  bal_acc=0.4983
  epoch  27/50  loss=0.3393  bal_acc=0.5451
  epoch  28/50  loss=0.3290  bal_acc=0.5608
  epoch  29/50  loss=0.3091  bal_acc=0.5347
  epoch  30/50  loss=0.3002  bal_acc=0.5069
  epoch  31/50  loss=0.2922  bal_acc=0.5417
  epoch  32/50  loss=0.2875  bal_acc=0.5469
  epoch  33/50  loss=0.2689  bal_acc=0.5208
  epoch  34/50  loss=0.2751  bal_acc=0.5486
  epoch  35/50  loss=0.2537  bal_acc=0.4948
  epoch  36/50  loss=0.2418  bal_acc=0.5278
  epoch  37/50  loss=0.2392  bal_acc=0.5382
  epoch  38/50  loss=0.2328  bal_acc=0.5573
  epoch  39/50  loss=0.2301  bal_acc=0.4844
  epoch  40/50  loss=0.2185  bal_acc=0.4965
  epoch  41/50  loss=0.2131  bal_acc=0.5312
  epoch  42/50  loss=0.2147  bal_acc=0.5243
  epoch  43/50  loss=0.2175  bal_acc=0.5417
  epoch  44/50  loss=0.2087  bal_acc=0.5469
  epoch  45/50  loss=0.1946  bal_acc=0.5069
  epoch  46/50  loss=0.1871  bal_acc=0.5382
  epoch  47/50  loss=0.1825  bal_acc=0.5417
  epoch  48/50  loss=0.1783  bal_acc=0.5312
  epoch  49/50  loss=0.1768  bal_acc=0.5434
  epoch  50/50  loss=0.1679  bal_acc=0.5035
  [LOSO 9/9] subject 8: acc=0.5035  running_mean=0.5469
Results saved to results/BNCI2014_001/results_trial_104.json
Trial logged to results/BNCI2014_001/trials.csv
[status] trial 104 done (state=COMPLETE, value=0.546875) -- 92 completed total
Device: cuda
[BNCI2014_001] loading from cache: /home/aleksander.berezowsk/.cache/spiking_eegnet/BNCI2014_001_af1ccf3e92f684d8a93c057082b654d7.npz
[BNCI2014_001] cache hit: (5184, 1, 22, 1001), classes=['feet', 'left_hand', 'right_hand', 'tongue'], subjects=9
Dataset meta: {'n_classes': 4, 'n_channels': 22, 'n_samples': 1001, 'class_names': ['feet', 'left_hand', 'right_hand', 'tongue'], 'subject_list': [1, 2, 3, 4, 5, 6, 7, 8, 9], 'n_subjects': 9, 'sfreq': 250.0}

=== LOSO (hold out subject 0) ===
  Train: 4608 trials  |  Test: 576 trials
  Model params: 22,078
  epoch   1/50  loss=1.3105  bal_acc=0.4167
  epoch   2/50  loss=1.0884  bal_acc=0.4878
  epoch   3/50  loss=0.9145  bal_acc=0.5660
  epoch   4/50  loss=0.7988  bal_acc=0.5816
  epoch   5/50  loss=0.7156  bal_acc=0.5625
  epoch   6/50  loss=0.6399  bal_acc=0.6042
  epoch   7/50  loss=0.5826  bal_acc=0.5781
  epoch   8/50  loss=0.5463  bal_acc=0.6406
  epoch   9/50  loss=0.5023  bal_acc=0.5712
  epoch  10/50  loss=0.4709  bal_acc=0.6094
  epoch  11/50  loss=0.4203  bal_acc=0.5833
  epoch  12/50  loss=0.4038  bal_acc=0.6181
  epoch  13/50  loss=0.3871  bal_acc=0.5972
  epoch  14/50  loss=0.3439  bal_acc=0.5781
  epoch  15/50  loss=0.3395  bal_acc=0.6250
  epoch  16/50  loss=0.3150  bal_acc=0.5955
  epoch  17/50  loss=0.2852  bal_acc=0.5920
  epoch  18/50  loss=0.2788  bal_acc=0.5764
  epoch  19/50  loss=0.2614  bal_acc=0.6389
  epoch  20/50  loss=0.2351  bal_acc=0.6233
  epoch  21/50  loss=0.2223  bal_acc=0.6302
  epoch  22/50  loss=0.2083  bal_acc=0.6267
  epoch  23/50  loss=0.2030  bal_acc=0.6267
  epoch  24/50  loss=0.1928  bal_acc=0.6285
  epoch  25/50  loss=0.1867  bal_acc=0.5972
  epoch  26/50  loss=0.1713  bal_acc=0.6319
  epoch  27/50  loss=0.1649  bal_acc=0.6354
  epoch  28/50  loss=0.1580  bal_acc=0.6042
  epoch  29/50  loss=0.1620  bal_acc=0.5799
  epoch  30/50  loss=0.1453  bal_acc=0.6319
  epoch  31/50  loss=0.1371  bal_acc=0.6128
  epoch  32/50  loss=0.1275  bal_acc=0.6441
  epoch  33/50  loss=0.1209  bal_acc=0.6146
  epoch  34/50  loss=0.1230  bal_acc=0.6406
  epoch  35/50  loss=0.1128  bal_acc=0.6128
  epoch  36/50  loss=0.1061  bal_acc=0.6024
  epoch  37/50  loss=0.1099  bal_acc=0.6024
  epoch  38/50  loss=0.1071  bal_acc=0.6163
  epoch  39/50  loss=0.1191  bal_acc=0.5868
  epoch  40/50  loss=0.0956  bal_acc=0.6285
  epoch  41/50  loss=0.0995  bal_acc=0.6146
  epoch  42/50  loss=0.0977  bal_acc=0.5955
  epoch  43/50  loss=0.0848  bal_acc=0.6267
  epoch  44/50  loss=0.0880  bal_acc=0.5920
  epoch  45/50  loss=0.0887  bal_acc=0.5972
  epoch  46/50  loss=0.0783  bal_acc=0.6128
  epoch  47/50  loss=0.0894  bal_acc=0.5694
  epoch  48/50  loss=0.0766  bal_acc=0.6042
  epoch  49/50  loss=0.0704  bal_acc=0.5764
  epoch  50/50  loss=0.0749  bal_acc=0.6007
  [LOSO 1/9] subject 0: acc=0.6007  running_mean=0.6007

=== LOSO (hold out subject 1) ===
  Train: 4608 trials  |  Test: 576 trials
  Model params: 22,078
  epoch   1/50  loss=1.3227  bal_acc=0.3924
  epoch   2/50  loss=1.0538  bal_acc=0.4375
  epoch   3/50  loss=0.8465  bal_acc=0.3906
  epoch   4/50  loss=0.7359  bal_acc=0.4184
  epoch   5/50  loss=0.6573  bal_acc=0.4358
  epoch   6/50  loss=0.5999  bal_acc=0.4549
  epoch   7/50  loss=0.5505  bal_acc=0.4497
  epoch   8/50  loss=0.5062  bal_acc=0.4219
  epoch   9/50  loss=0.4745  bal_acc=0.4219
  epoch  10/50  loss=0.4420  bal_acc=0.4688
  epoch  11/50  loss=0.4147  bal_acc=0.4444
  epoch  12/50  loss=0.3788  bal_acc=0.4392
  epoch  13/50  loss=0.3448  bal_acc=0.4288
  epoch  14/50  loss=0.3248  bal_acc=0.4618
  epoch  15/50  loss=0.3128  bal_acc=0.4375
  epoch  16/50  loss=0.2887  bal_acc=0.4410
  epoch  17/50  loss=0.2667  bal_acc=0.4462
  epoch  18/50  loss=0.2540  bal_acc=0.4740
  epoch  19/50  loss=0.2368  bal_acc=0.4531
  epoch  20/50  loss=0.2119  bal_acc=0.4792
  epoch  21/50  loss=0.2129  bal_acc=0.4618
  epoch  22/50  loss=0.2003  bal_acc=0.4601
  epoch  23/50  loss=0.1805  bal_acc=0.4896
  epoch  24/50  loss=0.1625  bal_acc=0.4549
  epoch  25/50  loss=0.1710  bal_acc=0.4306
  epoch  26/50  loss=0.1664  bal_acc=0.4479
  epoch  27/50  loss=0.1503  bal_acc=0.4618
  epoch  28/50  loss=0.1486  bal_acc=0.4549
  epoch  29/50  loss=0.1278  bal_acc=0.4340
  epoch  30/50  loss=0.1236  bal_acc=0.4497
  epoch  31/50  loss=0.1214  bal_acc=0.4618
  epoch  32/50  loss=0.1191  bal_acc=0.4653
  epoch  33/50  loss=0.1043  bal_acc=0.4688
  epoch  34/50  loss=0.1116  bal_acc=0.4601
  epoch  35/50  loss=0.0991  bal_acc=0.4601
  epoch  36/50  loss=0.0985  bal_acc=0.4896
  epoch  37/50  loss=0.0888  bal_acc=0.4635
  epoch  38/50  loss=0.0910  bal_acc=0.4653
  epoch  39/50  loss=0.0898  bal_acc=0.4688
  epoch  40/50  loss=0.0790  bal_acc=0.4705
  epoch  41/50  loss=0.0826  bal_acc=0.4358
  epoch  42/50  loss=0.0689  bal_acc=0.4705
  epoch  43/50  loss=0.0810  bal_acc=0.4549
  epoch  44/50  loss=0.0823  bal_acc=0.4531
  epoch  45/50  loss=0.0720  bal_acc=0.4740
  epoch  46/50  loss=0.0725  bal_acc=0.4618
  epoch  47/50  loss=0.0715  bal_acc=0.4531
  epoch  48/50  loss=0.0670  bal_acc=0.4427
  epoch  49/50  loss=0.0660  bal_acc=0.4427
  epoch  50/50  loss=0.0651  bal_acc=0.4358
  [LOSO 2/9] subject 1: acc=0.4358  running_mean=0.5182

=== LOSO (hold out subject 2) ===
  Train: 4608 trials  |  Test: 576 trials
  Model params: 22,078
  epoch   1/50  loss=1.3245  bal_acc=0.4740
  epoch   2/50  loss=1.0977  bal_acc=0.5312
  epoch   3/50  loss=0.9657  bal_acc=0.5747
  epoch   4/50  loss=0.8788  bal_acc=0.5851
  epoch   5/50  loss=0.7919  bal_acc=0.5764
  epoch   6/50  loss=0.7217  bal_acc=0.6146
  epoch   7/50  loss=0.6617  bal_acc=0.6337
  epoch   8/50  loss=0.6160  bal_acc=0.6372
  epoch   9/50  loss=0.5488  bal_acc=0.6372
  epoch  10/50  loss=0.5192  bal_acc=0.6198
  epoch  11/50  loss=0.4851  bal_acc=0.6806
  epoch  12/50  loss=0.4490  bal_acc=0.7083
  epoch  13/50  loss=0.4217  bal_acc=0.5799
  epoch  14/50  loss=0.4064  bal_acc=0.6424
  epoch  15/50  loss=0.3728  bal_acc=0.6771
  epoch  16/50  loss=0.3453  bal_acc=0.6094
  epoch  17/50  loss=0.3239  bal_acc=0.6649
  epoch  18/50  loss=0.3121  bal_acc=0.6858
  epoch  19/50  loss=0.2985  bal_acc=0.6701
  epoch  20/50  loss=0.2850  bal_acc=0.6198
  epoch  21/50  loss=0.2629  bal_acc=0.6285
  epoch  22/50  loss=0.2370  bal_acc=0.6528
  epoch  23/50  loss=0.2324  bal_acc=0.6667
  epoch  24/50  loss=0.2195  bal_acc=0.5868
  epoch  25/50  loss=0.2016  bal_acc=0.6076
  epoch  26/50  loss=0.2005  bal_acc=0.6215
  epoch  27/50  loss=0.1949  bal_acc=0.6372
  epoch  28/50  loss=0.1778  bal_acc=0.6667
  epoch  29/50  loss=0.1720  bal_acc=0.6562
  epoch  30/50  loss=0.1632  bal_acc=0.6528
  epoch  31/50  loss=0.1723  bal_acc=0.6684
  epoch  32/50  loss=0.1526  bal_acc=0.6267
  epoch  33/50  loss=0.1599  bal_acc=0.6267
  epoch  34/50  loss=0.1347  bal_acc=0.6389
  epoch  35/50  loss=0.1421  bal_acc=0.6753
  epoch  36/50  loss=0.1359  bal_acc=0.6319
  epoch  37/50  loss=0.1280  bal_acc=0.6215
  epoch  38/50  loss=0.1213  bal_acc=0.6736
  epoch  39/50  loss=0.1083  bal_acc=0.6128
  epoch  40/50  loss=0.1044  bal_acc=0.5885
  epoch  41/50  loss=0.0954  bal_acc=0.6302
  epoch  42/50  loss=0.0975  bal_acc=0.6615
  epoch  43/50  loss=0.0964  bal_acc=0.6510
  epoch  44/50  loss=0.0944  bal_acc=0.6875
  epoch  45/50  loss=0.0992  bal_acc=0.6406
  epoch  46/50  loss=0.0995  bal_acc=0.6771
  epoch  47/50  loss=0.0872  bal_acc=0.6545
  epoch  48/50  loss=0.1001  bal_acc=0.6441
  epoch  49/50  loss=0.0889  bal_acc=0.6528
  epoch  50/50  loss=0.0812  bal_acc=0.6962
  [LOSO 3/9] subject 2: acc=0.6962  running_mean=0.5775

=== LOSO (hold out subject 3) ===
  Train: 4608 trials  |  Test: 576 trials
  Model params: 22,078
  epoch   1/50  loss=1.3255  bal_acc=0.3872
  epoch   2/50  loss=1.0950  bal_acc=0.4601
  epoch   3/50  loss=0.9375  bal_acc=0.4653
  epoch   4/50  loss=0.7861  bal_acc=0.4462
  epoch   5/50  loss=0.6866  bal_acc=0.4618
  epoch   6/50  loss=0.6191  bal_acc=0.4635
  epoch   7/50  loss=0.5596  bal_acc=0.4705
  epoch   8/50  loss=0.5150  bal_acc=0.4462
  epoch   9/50  loss=0.4794  bal_acc=0.4497
  epoch  10/50  loss=0.4453  bal_acc=0.4375
  epoch  11/50  loss=0.3995  bal_acc=0.4878
  epoch  12/50  loss=0.3761  bal_acc=0.4167
  epoch  13/50  loss=0.3499  bal_acc=0.4306
  epoch  14/50  loss=0.3418  bal_acc=0.4601
  epoch  15/50  loss=0.3176  bal_acc=0.4878
  epoch  16/50  loss=0.2794  bal_acc=0.4809
  epoch  17/50  loss=0.2733  bal_acc=0.4444
  epoch  18/50  loss=0.2568  bal_acc=0.5000
  epoch  19/50  loss=0.2313  bal_acc=0.4722
  epoch  20/50  loss=0.2239  bal_acc=0.4931
  epoch  21/50  loss=0.1986  bal_acc=0.4809
  epoch  22/50  loss=0.1916  bal_acc=0.4983
  epoch  23/50  loss=0.1843  bal_acc=0.4774
  epoch  24/50  loss=0.1816  bal_acc=0.4913
  epoch  25/50  loss=0.1771  bal_acc=0.5104
  epoch  26/50  loss=0.1521  bal_acc=0.4653
  epoch  27/50  loss=0.1488  bal_acc=0.4670
  epoch  28/50  loss=0.1394  bal_acc=0.4566
  epoch  29/50  loss=0.1293  bal_acc=0.4688
  epoch  30/50  loss=0.1304  bal_acc=0.4757
  epoch  31/50  loss=0.1182  bal_acc=0.4306
  epoch  32/50  loss=0.1220  bal_acc=0.4792
  epoch  33/50  loss=0.1142  bal_acc=0.4774
  epoch  34/50  loss=0.1042  bal_acc=0.4722
  epoch  35/50  loss=0.1041  bal_acc=0.4462
  epoch  36/50  loss=0.1060  bal_acc=0.5000
  epoch  37/50  loss=0.0979  bal_acc=0.4583
  epoch  38/50  loss=0.0932  bal_acc=0.4566
  epoch  39/50  loss=0.0835  bal_acc=0.4826
  epoch  40/50  loss=0.0884  bal_acc=0.4896
  epoch  41/50  loss=0.0834  bal_acc=0.4896
  epoch  42/50  loss=0.0896  bal_acc=0.4340
  epoch  43/50  loss=0.0816  bal_acc=0.4861
  epoch  44/50  loss=0.0901  bal_acc=0.4306
  epoch  45/50  loss=0.0672  bal_acc=0.4549
  epoch  46/50  loss=0.0710  bal_acc=0.4861
  epoch  47/50  loss=0.0696  bal_acc=0.4931
  epoch  48/50  loss=0.0687  bal_acc=0.4618
  epoch  49/50  loss=0.0742  bal_acc=0.4653
  epoch  50/50  loss=0.0634  bal_acc=0.4635
  [LOSO 4/9] subject 3: acc=0.4635  running_mean=0.5490

=== LOSO (hold out subject 4) ===
  Train: 4608 trials  |  Test: 576 trials
  Model params: 22,078
  epoch   1/50  loss=1.3205  bal_acc=0.3611
  epoch   2/50  loss=1.1122  bal_acc=0.5069
  epoch   3/50  loss=0.9420  bal_acc=0.4878
  epoch   4/50  loss=0.8199  bal_acc=0.4878
  epoch   5/50  loss=0.7257  bal_acc=0.4653
  epoch   6/50  loss=0.6350  bal_acc=0.5312
  epoch   7/50  loss=0.5969  bal_acc=0.5000
  epoch   8/50  loss=0.5428  bal_acc=0.4896
  epoch   9/50  loss=0.5003  bal_acc=0.5035
  epoch  10/50  loss=0.4497  bal_acc=0.4896
  epoch  11/50  loss=0.4347  bal_acc=0.5260
  epoch  12/50  loss=0.3981  bal_acc=0.5243
  epoch  13/50  loss=0.3730  bal_acc=0.5295
  epoch  14/50  loss=0.3401  bal_acc=0.4896
  epoch  15/50  loss=0.3220  bal_acc=0.5295
  epoch  16/50  loss=0.3092  bal_acc=0.5642
  epoch  17/50  loss=0.2799  bal_acc=0.5260
  epoch  18/50  loss=0.2622  bal_acc=0.4983
  epoch  19/50  loss=0.2563  bal_acc=0.5260
  epoch  20/50  loss=0.2227  bal_acc=0.5382
  epoch  21/50  loss=0.2202  bal_acc=0.5104
  epoch  22/50  loss=0.2062  bal_acc=0.5295
  epoch  23/50  loss=0.2019  bal_acc=0.5035
  epoch  24/50  loss=0.1871  bal_acc=0.5243
  epoch  25/50  loss=0.1804  bal_acc=0.5330
  epoch  26/50  loss=0.1785  bal_acc=0.5469
  epoch  27/50  loss=0.1568  bal_acc=0.5382
  epoch  28/50  loss=0.1535  bal_acc=0.5208
  epoch  29/50  loss=0.1427  bal_acc=0.5295
  epoch  30/50  loss=0.1406  bal_acc=0.5243
  epoch  31/50  loss=0.1270  bal_acc=0.5139
  epoch  32/50  loss=0.1246  bal_acc=0.5243
  epoch  33/50  loss=0.1178  bal_acc=0.4948
  epoch  34/50  loss=0.1114  bal_acc=0.5104
  epoch  35/50  loss=0.1061  bal_acc=0.5208
  epoch  36/50  loss=0.1072  bal_acc=0.5069
  epoch  37/50  loss=0.1025  bal_acc=0.5104
  epoch  38/50  loss=0.0959  bal_acc=0.5312
  epoch  39/50  loss=0.1029  bal_acc=0.5382
  epoch  40/50  loss=0.0951  bal_acc=0.5365
  epoch  41/50  loss=0.1040  bal_acc=0.5087
  epoch  42/50  loss=0.0928  bal_acc=0.5069
  epoch  43/50  loss=0.0875  bal_acc=0.5365
  epoch  44/50  loss=0.0837  bal_acc=0.5295
  epoch  45/50  loss=0.0740  bal_acc=0.5312
  epoch  46/50  loss=0.0730  bal_acc=0.5191
  epoch  47/50  loss=0.0736  bal_acc=0.5243
  epoch  48/50  loss=0.0843  bal_acc=0.5382
  epoch  49/50  loss=0.0705  bal_acc=0.5347
  epoch  50/50  loss=0.0706  bal_acc=0.5191
  [LOSO 5/9] subject 4: acc=0.5191  running_mean=0.5431

=== LOSO (hold out subject 5) ===
  Train: 4608 trials  |  Test: 576 trials
  Model params: 22,078
  epoch   1/50  loss=1.3198  bal_acc=0.3698
  epoch   2/50  loss=1.0671  bal_acc=0.4115
  epoch   3/50  loss=0.8931  bal_acc=0.4566
  epoch   4/50  loss=0.7377  bal_acc=0.4566
  epoch   5/50  loss=0.6513  bal_acc=0.4774
  epoch   6/50  loss=0.5738  bal_acc=0.4045
  epoch   7/50  loss=0.5263  bal_acc=0.3559
  epoch   8/50  loss=0.4951  bal_acc=0.4288
  epoch   9/50  loss=0.4536  bal_acc=0.3854
  epoch  10/50  loss=0.4297  bal_acc=0.4288
  epoch  11/50  loss=0.3929  bal_acc=0.4497
  epoch  12/50  loss=0.3587  bal_acc=0.3906
  epoch  13/50  loss=0.3396  bal_acc=0.4531
  epoch  14/50  loss=0.3156  bal_acc=0.4253
  epoch  15/50  loss=0.2946  bal_acc=0.4462
  epoch  16/50  loss=0.2820  bal_acc=0.4288
  epoch  17/50  loss=0.2607  bal_acc=0.4358
  epoch  18/50  loss=0.2498  bal_acc=0.4479
  epoch  19/50  loss=0.2274  bal_acc=0.4462
  epoch  20/50  loss=0.2224  bal_acc=0.4045
  epoch  21/50  loss=0.2205  bal_acc=0.4497
  epoch  22/50  loss=0.1923  bal_acc=0.4062
  epoch  23/50  loss=0.1809  bal_acc=0.3941
  epoch  24/50  loss=0.1618  bal_acc=0.4306
  epoch  25/50  loss=0.1657  bal_acc=0.3715
  epoch  26/50  loss=0.1530  bal_acc=0.4323
  epoch  27/50  loss=0.1467  bal_acc=0.4097
  epoch  28/50  loss=0.1474  bal_acc=0.4288
  epoch  29/50  loss=0.1459  bal_acc=0.4688
  epoch  30/50  loss=0.1297  bal_acc=0.4253
  epoch  31/50  loss=0.1295  bal_acc=0.4271
  epoch  32/50  loss=0.1136  bal_acc=0.4236
  epoch  33/50  loss=0.1155  bal_acc=0.3767
  epoch  34/50  loss=0.1144  bal_acc=0.4427
  epoch  35/50  loss=0.1048  bal_acc=0.4288
  epoch  36/50  loss=0.0972  bal_acc=0.4392
  epoch  37/50  loss=0.1019  bal_acc=0.4531
  epoch  38/50  loss=0.0982  bal_acc=0.4167
  epoch  39/50  loss=0.0956  bal_acc=0.4375
  epoch  40/50  loss=0.0942  bal_acc=0.4271
  epoch  41/50  loss=0.0852  bal_acc=0.4323
  epoch  42/50  loss=0.0818  bal_acc=0.4167
  epoch  43/50  loss=0.0859  bal_acc=0.4288
  epoch  44/50  loss=0.0761  bal_acc=0.4115
  epoch  45/50  loss=0.0812  bal_acc=0.4340
  epoch  46/50  loss=0.0763  bal_acc=0.3993
  epoch  47/50  loss=0.0727  bal_acc=0.4219
  epoch  48/50  loss=0.0688  bal_acc=0.4028
  epoch  49/50  loss=0.0672  bal_acc=0.3993
  epoch  50/50  loss=0.0706  bal_acc=0.4167
  [LOSO 6/9] subject 5: acc=0.4167  running_mean=0.5220

=== LOSO (hold out subject 6) ===
  Train: 4608 trials  |  Test: 576 trials
  Model params: 22,078
  epoch   1/50  loss=1.3333  bal_acc=0.4601
  epoch   2/50  loss=1.1281  bal_acc=0.5955
  epoch   3/50  loss=0.9597  bal_acc=0.6372
  epoch   4/50  loss=0.8216  bal_acc=0.6840
  epoch   5/50  loss=0.7305  bal_acc=0.6146
  epoch   6/50  loss=0.6509  bal_acc=0.6649
  epoch   7/50  loss=0.6020  bal_acc=0.6684
  epoch   8/50  loss=0.5509  bal_acc=0.6580
  epoch   9/50  loss=0.5189  bal_acc=0.6597
  epoch  10/50  loss=0.4741  bal_acc=0.6701
  epoch  11/50  loss=0.4437  bal_acc=0.6267
  epoch  12/50  loss=0.4166  bal_acc=0.6615
  epoch  13/50  loss=0.4014  bal_acc=0.6684
  epoch  14/50  loss=0.3652  bal_acc=0.6319
  epoch  15/50  loss=0.3480  bal_acc=0.6354
  epoch  16/50  loss=0.3401  bal_acc=0.6788
  epoch  17/50  loss=0.3054  bal_acc=0.6128
  epoch  18/50  loss=0.2964  bal_acc=0.6649
  epoch  19/50  loss=0.2697  bal_acc=0.6632
  epoch  20/50  loss=0.2705  bal_acc=0.6615
  epoch  21/50  loss=0.2466  bal_acc=0.6615
  epoch  22/50  loss=0.2265  bal_acc=0.6510
  epoch  23/50  loss=0.2235  bal_acc=0.6493
  epoch  24/50  loss=0.2125  bal_acc=0.6632
  epoch  25/50  loss=0.2072  bal_acc=0.6684
  epoch  26/50  loss=0.1898  bal_acc=0.6250
  epoch  27/50  loss=0.1810  bal_acc=0.6615
  epoch  28/50  loss=0.1731  bal_acc=0.6250
  epoch  29/50  loss=0.1750  bal_acc=0.6580
  epoch  30/50  loss=0.1622  bal_acc=0.6476
  epoch  31/50  loss=0.1611  bal_acc=0.6667
  epoch  32/50  loss=0.1434  bal_acc=0.6753
  epoch  33/50  loss=0.1349  bal_acc=0.6337
  epoch  34/50  loss=0.1244  bal_acc=0.6337
  epoch  35/50  loss=0.1280  bal_acc=0.6719
  epoch  36/50  loss=0.1218  bal_acc=0.6302
  epoch  37/50  loss=0.1179  bal_acc=0.6302
  epoch  38/50  loss=0.1255  bal_acc=0.6163
  epoch  39/50  loss=0.1117  bal_acc=0.6354
  epoch  40/50  loss=0.1092  bal_acc=0.6510
  epoch  41/50  loss=0.1094  bal_acc=0.6354
  epoch  42/50  loss=0.1004  bal_acc=0.6354
  epoch  43/50  loss=0.1047  bal_acc=0.6233
  epoch  44/50  loss=0.0996  bal_acc=0.6562
  epoch  45/50  loss=0.0978  bal_acc=0.6319
  epoch  46/50  loss=0.0955  bal_acc=0.6476
  epoch  47/50  loss=0.0813  bal_acc=0.6215
  epoch  48/50  loss=0.0897  bal_acc=0.6510
  epoch  49/50  loss=0.0846  bal_acc=0.6406
  epoch  50/50  loss=0.0833  bal_acc=0.6319
  [LOSO 7/9] subject 6: acc=0.6319  running_mean=0.5377

=== LOSO (hold out subject 7) ===
  Train: 4608 trials  |  Test: 576 trials
  Model params: 22,078
  epoch   1/50  loss=1.3117  bal_acc=0.4740
  epoch   2/50  loss=1.0893  bal_acc=0.5486
  epoch   3/50  loss=0.9470  bal_acc=0.6250
  epoch   4/50  loss=0.8349  bal_acc=0.5990
  epoch   5/50  loss=0.7493  bal_acc=0.6441
  epoch   6/50  loss=0.6765  bal_acc=0.6233
  epoch   7/50  loss=0.6263  bal_acc=0.6667
  epoch   8/50  loss=0.5817  bal_acc=0.6406
  epoch   9/50  loss=0.5397  bal_acc=0.6875
  epoch  10/50  loss=0.5074  bal_acc=0.6701
  epoch  11/50  loss=0.4550  bal_acc=0.6979
  epoch  12/50  loss=0.4272  bal_acc=0.6736
  epoch  13/50  loss=0.4054  bal_acc=0.6667
  epoch  14/50  loss=0.3818  bal_acc=0.6910
  epoch  15/50  loss=0.3492  bal_acc=0.6892
  epoch  16/50  loss=0.3297  bal_acc=0.6840
  epoch  17/50  loss=0.3033  bal_acc=0.6753
  epoch  18/50  loss=0.3049  bal_acc=0.6632
  epoch  19/50  loss=0.2803  bal_acc=0.6823
  epoch  20/50  loss=0.2545  bal_acc=0.6806
  epoch  21/50  loss=0.2364  bal_acc=0.6736
  epoch  22/50  loss=0.2262  bal_acc=0.6823
  epoch  23/50  loss=0.2101  bal_acc=0.6892
  epoch  24/50  loss=0.2009  bal_acc=0.6632
  epoch  25/50  loss=0.2011  bal_acc=0.6476
  epoch  26/50  loss=0.1815  bal_acc=0.6476
  epoch  27/50  loss=0.1749  bal_acc=0.6771
  epoch  28/50  loss=0.1572  bal_acc=0.6719
  epoch  29/50  loss=0.1555  bal_acc=0.6615
  epoch  30/50  loss=0.1578  bal_acc=0.6632
  epoch  31/50  loss=0.1435  bal_acc=0.6858
  epoch  32/50  loss=0.1354  bal_acc=0.6597
  epoch  33/50  loss=0.1403  bal_acc=0.6684
  epoch  34/50  loss=0.1216  bal_acc=0.6736
  epoch  35/50  loss=0.1228  bal_acc=0.6580
  epoch  36/50  loss=0.1191  bal_acc=0.6424
  epoch  37/50  loss=0.1146  bal_acc=0.6649
  epoch  38/50  loss=0.1126  bal_acc=0.6736
  epoch  39/50  loss=0.1068  bal_acc=0.6788
  epoch  40/50  loss=0.0986  bal_acc=0.6632
  epoch  41/50  loss=0.0970  bal_acc=0.6597
  epoch  42/50  loss=0.0935  bal_acc=0.6753
  epoch  43/50  loss=0.0934  bal_acc=0.6528
  epoch  44/50  loss=0.1060  bal_acc=0.6580
  epoch  45/50  loss=0.0934  bal_acc=0.6493
  epoch  46/50  loss=0.0867  bal_acc=0.6649
  epoch  47/50  loss=0.0809  bal_acc=0.6719
  epoch  48/50  loss=0.0767  bal_acc=0.6806
  epoch  49/50  loss=0.0865  bal_acc=0.6753
  epoch  50/50  loss=0.0825  bal_acc=0.6580
  [LOSO 8/9] subject 7: acc=0.6580  running_mean=0.5527

=== LOSO (hold out subject 8) ===
  Train: 4608 trials  |  Test: 576 trials
  Model params: 22,078
  epoch   1/50  loss=1.2982  bal_acc=0.3785
  epoch   2/50  loss=1.0763  bal_acc=0.4497
  epoch   3/50  loss=0.9376  bal_acc=0.4913
  epoch   4/50  loss=0.8202  bal_acc=0.5208
  epoch   5/50  loss=0.7379  bal_acc=0.5608
  epoch   6/50  loss=0.6551  bal_acc=0.5625
  epoch   7/50  loss=0.6133  bal_acc=0.5625
  epoch   8/50  loss=0.5697  bal_acc=0.6076
  epoch   9/50  loss=0.5249  bal_acc=0.5990
  epoch  10/50  loss=0.4892  bal_acc=0.5903
  epoch  11/50  loss=0.4483  bal_acc=0.5556
  epoch  12/50  loss=0.4205  bal_acc=0.6319
  epoch  13/50  loss=0.3967  bal_acc=0.6128
  epoch  14/50  loss=0.3759  bal_acc=0.5885
  epoch  15/50  loss=0.3465  bal_acc=0.6059
  epoch  16/50  loss=0.3222  bal_acc=0.5885
  epoch  17/50  loss=0.3141  bal_acc=0.5781
  epoch  18/50  loss=0.2978  bal_acc=0.5903
  epoch  19/50  loss=0.2727  bal_acc=0.5781
  epoch  20/50  loss=0.2615  bal_acc=0.5920
  epoch  21/50  loss=0.2549  bal_acc=0.5851
  epoch  22/50  loss=0.2280  bal_acc=0.5938
  epoch  23/50  loss=0.2229  bal_acc=0.5920
  epoch  24/50  loss=0.2075  bal_acc=0.5781
  epoch  25/50  loss=0.2029  bal_acc=0.5920
  epoch  26/50  loss=0.1897  bal_acc=0.6094
  epoch  27/50  loss=0.1782  bal_acc=0.6198
  epoch  28/50  loss=0.1725  bal_acc=0.6215
  epoch  29/50  loss=0.1631  bal_acc=0.6094
  epoch  30/50  loss=0.1525  bal_acc=0.5868
  epoch  31/50  loss=0.1489  bal_acc=0.5920
  epoch  32/50  loss=0.1431  bal_acc=0.5903
  epoch  33/50  loss=0.1411  bal_acc=0.5903
  epoch  34/50  loss=0.1476  bal_acc=0.6024
  epoch  35/50  loss=0.1270  bal_acc=0.5833
  epoch  36/50  loss=0.1237  bal_acc=0.6059
  epoch  37/50  loss=0.1207  bal_acc=0.5938
  epoch  38/50  loss=0.1215  bal_acc=0.6024
  epoch  39/50  loss=0.1096  bal_acc=0.5608
  epoch  40/50  loss=0.1172  bal_acc=0.5990
  epoch  41/50  loss=0.1138  bal_acc=0.5851
  epoch  42/50  loss=0.1106  bal_acc=0.6024
  epoch  43/50  loss=0.0965  bal_acc=0.6163
  epoch  44/50  loss=0.1089  bal_acc=0.5694
  epoch  45/50  loss=0.0830  bal_acc=0.5920
  epoch  46/50  loss=0.0854  bal_acc=0.5677
  epoch  47/50  loss=0.0790  bal_acc=0.5868
  epoch  48/50  loss=0.0765  bal_acc=0.5799
  epoch  49/50  loss=0.0801  bal_acc=0.5833
  epoch  50/50  loss=0.0913  bal_acc=0.6285
  [LOSO 9/9] subject 8: acc=0.6285  running_mean=0.5611
Results saved to results/BNCI2014_001/results_trial_108.json
Trial logged to results/BNCI2014_001/trials.csv
[status] trial 108 done (state=COMPLETE, value=0.5611496913580247) -- 97 completed total
Device: cuda
[BNCI2014_001] loading from cache: /home/aleksander.berezowsk/.cache/spiking_eegnet/BNCI2014_001_af1ccf3e92f684d8a93c057082b654d7.npz
[BNCI2014_001] cache hit: (5184, 1, 22, 1001), classes=['feet', 'left_hand', 'right_hand', 'tongue'], subjects=9
Dataset meta: {'n_classes': 4, 'n_channels': 22, 'n_samples': 1001, 'class_names': ['feet', 'left_hand', 'right_hand', 'tongue'], 'subject_list': [1, 2, 3, 4, 5, 6, 7, 8, 9], 'n_subjects': 9, 'sfreq': 250.0}

=== LOSO (hold out subject 0) ===
  Train: 4608 trials  |  Test: 576 trials
  Model params: 29,388
  epoch   1/50  loss=1.2481  bal_acc=0.4427
  epoch   2/50  loss=1.0092  bal_acc=0.5122
  epoch   3/50  loss=0.8253  bal_acc=0.5000
  epoch   4/50  loss=0.7167  bal_acc=0.5347
  epoch   5/50  loss=0.6431  bal_acc=0.5434
  epoch   6/50  loss=0.5671  bal_acc=0.5955
  epoch   7/50  loss=0.5169  bal_acc=0.5104
  epoch   8/50  loss=0.4647  bal_acc=0.5556
  epoch   9/50  loss=0.4251  bal_acc=0.5330
  epoch  10/50  loss=0.3811  bal_acc=0.5625
  epoch  11/50  loss=0.3271  bal_acc=0.5660
  epoch  12/50  loss=0.3015  bal_acc=0.5451
  epoch  13/50  loss=0.2648  bal_acc=0.5694
  epoch  14/50  loss=0.2438  bal_acc=0.5312
  epoch  15/50  loss=0.2268  bal_acc=0.5938
  epoch  16/50  loss=0.2006  bal_acc=0.5347
  epoch  17/50  loss=0.1847  bal_acc=0.5868
  epoch  18/50  loss=0.1621  bal_acc=0.5556
  epoch  19/50  loss=0.1465  bal_acc=0.5799
  epoch  20/50  loss=0.1467  bal_acc=0.5764
  epoch  21/50  loss=0.1359  bal_acc=0.5799
  epoch  22/50  loss=0.1525  bal_acc=0.5955
  epoch  23/50  loss=0.1370  bal_acc=0.5365
  epoch  24/50  loss=0.1124  bal_acc=0.5139
  epoch  25/50  loss=0.1151  bal_acc=0.5590
  epoch  26/50  loss=0.1160  bal_acc=0.6128
  epoch  27/50  loss=0.1069  bal_acc=0.5799
  epoch  28/50  loss=0.0856  bal_acc=0.5503
  epoch  29/50  loss=0.0937  bal_acc=0.5434
  epoch  30/50  loss=0.1028  bal_acc=0.5399
  epoch  31/50  loss=0.0956  bal_acc=0.5868
  epoch  32/50  loss=0.0934  bal_acc=0.5608
  epoch  33/50  loss=0.0712  bal_acc=0.5955
  epoch  34/50  loss=0.0873  bal_acc=0.5694
  epoch  35/50  loss=0.0656  bal_acc=0.6094
  epoch  36/50  loss=0.0783  bal_acc=0.5764
  epoch  37/50  loss=0.0907  bal_acc=0.5521
  epoch  38/50  loss=0.0840  bal_acc=0.5851
  epoch  39/50  loss=0.0837  bal_acc=0.5799
  epoch  40/50  loss=0.0872  bal_acc=0.5781
  epoch  41/50  loss=0.0676  bal_acc=0.6059
  epoch  42/50  loss=0.0677  bal_acc=0.5799
  epoch  43/50  loss=0.0633  bal_acc=0.5417
  epoch  44/50  loss=0.0626  bal_acc=0.5729
  epoch  45/50  loss=0.0699  bal_acc=0.5851
  epoch  46/50  loss=0.0759  bal_acc=0.5677
  epoch  47/50  loss=0.0558  bal_acc=0.6146
  epoch  48/50  loss=0.0526  bal_acc=0.5816
  epoch  49/50  loss=0.0502  bal_acc=0.5573
  epoch  50/50  loss=0.0523  bal_acc=0.5312
  [LOSO 1/9] subject 0: acc=0.5312  running_mean=0.5312

=== LOSO (hold out subject 1) ===
  Train: 4608 trials  |  Test: 576 trials
  Model params: 29,388
  epoch   1/50  loss=1.2656  bal_acc=0.3264
  epoch   2/50  loss=0.9521  bal_acc=0.4010
  epoch   3/50  loss=0.7992  bal_acc=0.3594
  epoch   4/50  loss=0.6915  bal_acc=0.4323
  epoch   5/50  loss=0.6017  bal_acc=0.3993
  epoch   6/50  loss=0.5339  bal_acc=0.4340
  epoch   7/50  loss=0.4762  bal_acc=0.4514
  epoch   8/50  loss=0.4204  bal_acc=0.4201
  epoch   9/50  loss=0.3824  bal_acc=0.4323
  epoch  10/50  loss=0.3576  bal_acc=0.4566
  epoch  11/50  loss=0.2946  bal_acc=0.4462
  epoch  12/50  loss=0.2721  bal_acc=0.4826
  epoch  13/50  loss=0.2399  bal_acc=0.4149
  epoch  14/50  loss=0.2174  bal_acc=0.4618
  epoch  15/50  loss=0.1971  bal_acc=0.4913
  epoch  16/50  loss=0.1629  bal_acc=0.4358
  epoch  17/50  loss=0.1604  bal_acc=0.4358
  epoch  18/50  loss=0.1611  bal_acc=0.4427
  epoch  19/50  loss=0.1217  bal_acc=0.4392
  epoch  20/50  loss=0.1229  bal_acc=0.4792
  epoch  21/50  loss=0.1285  bal_acc=0.4896
  epoch  22/50  loss=0.1283  bal_acc=0.4427
  epoch  23/50  loss=0.1273  bal_acc=0.4479
  epoch  24/50  loss=0.1075  bal_acc=0.4740
  epoch  25/50  loss=0.0845  bal_acc=0.4479
  epoch  26/50  loss=0.0881  bal_acc=0.4688
  epoch  27/50  loss=0.1037  bal_acc=0.4635
  epoch  28/50  loss=0.1118  bal_acc=0.4462
  epoch  29/50  loss=0.0959  bal_acc=0.4896
  epoch  30/50  loss=0.0984  bal_acc=0.4913
  epoch  31/50  loss=0.0765  bal_acc=0.4635
  epoch  32/50  loss=0.0920  bal_acc=0.4497
  epoch  33/50  loss=0.0864  bal_acc=0.4323
  epoch  34/50  loss=0.0710  bal_acc=0.4635
  epoch  35/50  loss=0.0652  bal_acc=0.4462
  epoch  36/50  loss=0.0666  bal_acc=0.4479
  epoch  37/50  loss=0.0716  bal_acc=0.4375
  epoch  38/50  loss=0.0726  bal_acc=0.4792
  epoch  39/50  loss=0.0789  bal_acc=0.4462
  epoch  40/50  loss=0.0703  bal_acc=0.4687
  epoch  41/50  loss=0.0800  bal_acc=0.4410
  epoch  42/50  loss=0.1009  bal_acc=0.4497
  epoch  43/50  loss=0.0915  bal_acc=0.4549
  epoch  44/50  loss=0.0744  bal_acc=0.4375
  epoch  45/50  loss=0.0555  bal_acc=0.4792
  epoch  46/50  loss=0.0468  bal_acc=0.4705
  epoch  47/50  loss=0.0468  bal_acc=0.4653
  epoch  48/50  loss=0.0524  bal_acc=0.4497
  epoch  49/50  loss=0.0606  bal_acc=0.4479
  epoch  50/50  loss=0.0419  bal_acc=0.4774
  [LOSO 2/9] subject 1: acc=0.4774  running_mean=0.5043

=== LOSO (hold out subject 2) ===
  Train: 4608 trials  |  Test: 576 trials
  Model params: 29,388
  epoch   1/50  loss=1.2748  bal_acc=0.5521
  epoch   2/50  loss=1.0051  bal_acc=0.5677
  epoch   3/50  loss=0.8629  bal_acc=0.6528
  epoch   4/50  loss=0.7562  bal_acc=0.6528
  epoch   5/50  loss=0.6662  bal_acc=0.6632
  epoch   6/50  loss=0.6035  bal_acc=0.6354
  epoch   7/50  loss=0.5341  bal_acc=0.5816
  epoch   8/50  loss=0.4872  bal_acc=0.6250
  epoch   9/50  loss=0.4263  bal_acc=0.6146
  epoch  10/50  loss=0.3727  bal_acc=0.6562
  epoch  11/50  loss=0.3300  bal_acc=0.6007
  epoch  12/50  loss=0.3060  bal_acc=0.5938
  epoch  13/50  loss=0.2967  bal_acc=0.5938
  epoch  14/50  loss=0.2638  bal_acc=0.6181
  epoch  15/50  loss=0.2271  bal_acc=0.6510
  epoch  16/50  loss=0.2399  bal_acc=0.6076
  epoch  17/50  loss=0.1939  bal_acc=0.5764
  epoch  18/50  loss=0.1934  bal_acc=0.6111
  epoch  19/50  loss=0.1773  bal_acc=0.6528
  epoch  20/50  loss=0.1678  bal_acc=0.6788
  epoch  21/50  loss=0.1459  bal_acc=0.6441
  epoch  22/50  loss=0.1375  bal_acc=0.6128
  epoch  23/50  loss=0.1293  bal_acc=0.6788
  epoch  24/50  loss=0.1185  bal_acc=0.5799
  epoch  25/50  loss=0.1181  bal_acc=0.6441
  epoch  26/50  loss=0.1067  bal_acc=0.6424
  epoch  27/50  loss=0.1143  bal_acc=0.5972
  epoch  28/50  loss=0.1552  bal_acc=0.6267
  epoch  29/50  loss=0.1096  bal_acc=0.6181
  epoch  30/50  loss=0.1062  bal_acc=0.6458
  epoch  31/50  loss=0.1032  bal_acc=0.6719
  epoch  32/50  loss=0.0863  bal_acc=0.6424
  epoch  33/50  loss=0.0897  bal_acc=0.6233
  epoch  34/50  loss=0.0907  bal_acc=0.6233
  epoch  35/50  loss=0.0895  bal_acc=0.6163
  epoch  36/50  loss=0.0864  bal_acc=0.6285
  epoch  37/50  loss=0.0853  bal_acc=0.6476
  epoch  38/50  loss=0.0898  bal_acc=0.5868
  epoch  39/50  loss=0.0905  bal_acc=0.6267
  epoch  40/50  loss=0.0850  bal_acc=0.6233
  epoch  41/50  loss=0.0982  bal_acc=0.6424
  epoch  42/50  loss=0.0803  bal_acc=0.6094
  epoch  43/50  loss=0.0584  bal_acc=0.6545
  epoch  44/50  loss=0.0589  bal_acc=0.6476
  epoch  45/50  loss=0.0775  bal_acc=0.6510
  epoch  46/50  loss=0.0795  bal_acc=0.6128
  epoch  47/50  loss=0.0680  bal_acc=0.6302
  epoch  48/50  loss=0.0800  bal_acc=0.6458
  epoch  49/50  loss=0.0714  bal_acc=0.6042
  epoch  50/50  loss=0.0649  bal_acc=0.6094
  [LOSO 3/9] subject 2: acc=0.6094  running_mean=0.5394

=== LOSO (hold out subject 3) ===
  Train: 4608 trials  |  Test: 576 trials
  Model params: 29,388
  epoch   1/50  loss=1.2332  bal_acc=0.4479
  epoch   2/50  loss=0.9432  bal_acc=0.4757
  epoch   3/50  loss=0.7861  bal_acc=0.3698
  epoch   4/50  loss=0.6880  bal_acc=0.4323
  epoch   5/50  loss=0.6128  bal_acc=0.4132
  epoch   6/50  loss=0.5330  bal_acc=0.4896
  epoch   7/50  loss=0.4583  bal_acc=0.4392
  epoch   8/50  loss=0.4392  bal_acc=0.3993
  epoch   9/50  loss=0.3871  bal_acc=0.4375
  epoch  10/50  loss=0.3421  bal_acc=0.4184
  epoch  11/50  loss=0.3032  bal_acc=0.4392
  epoch  12/50  loss=0.2725  bal_acc=0.4601
  epoch  13/50  loss=0.2481  bal_acc=0.4444
  epoch  14/50  loss=0.2248  bal_acc=0.4080
  epoch  15/50  loss=0.2156  bal_acc=0.4497
  epoch  16/50  loss=0.1886  bal_acc=0.4826
  epoch  17/50  loss=0.1660  bal_acc=0.5035
  epoch  18/50  loss=0.1403  bal_acc=0.4965
  epoch  19/50  loss=0.1508  bal_acc=0.4566
  epoch  20/50  loss=0.1421  bal_acc=0.4635
  epoch  21/50  loss=0.1432  bal_acc=0.4844
  epoch  22/50  loss=0.1276  bal_acc=0.4809
  epoch  23/50  loss=0.1112  bal_acc=0.4288
  epoch  24/50  loss=0.1084  bal_acc=0.4583
  epoch  25/50  loss=0.1034  bal_acc=0.4635
  epoch  26/50  loss=0.1045  bal_acc=0.4861
  epoch  27/50  loss=0.0999  bal_acc=0.4601
  epoch  28/50  loss=0.1098  bal_acc=0.4670
  epoch  29/50  loss=0.0962  bal_acc=0.5260
  epoch  30/50  loss=0.0902  bal_acc=0.4462
  epoch  31/50  loss=0.0975  bal_acc=0.4375
  epoch  32/50  loss=0.0801  bal_acc=0.4705
  epoch  33/50  loss=0.0772  bal_acc=0.4583
  epoch  34/50  loss=0.0654  bal_acc=0.4948
  epoch  35/50  loss=0.0698  bal_acc=0.4549
  epoch  36/50  loss=0.0687  bal_acc=0.4601
  epoch  37/50  loss=0.0636  bal_acc=0.4740
  epoch  38/50  loss=0.0679  bal_acc=0.4306
  epoch  39/50  loss=0.0770  bal_acc=0.4983
  epoch  40/50  loss=0.0967  bal_acc=0.4410
  epoch  41/50  loss=0.0848  bal_acc=0.4167
  epoch  42/50  loss=0.0863  bal_acc=0.4462
  epoch  43/50  loss=0.0948  bal_acc=0.4618
  epoch  44/50  loss=0.0814  bal_acc=0.4253
  epoch  45/50  loss=0.0596  bal_acc=0.4514
  epoch  46/50  loss=0.0782  bal_acc=0.4688
  epoch  47/50  loss=0.0685  bal_acc=0.4809
  epoch  48/50  loss=0.0603  bal_acc=0.4913
  epoch  49/50  loss=0.0645  bal_acc=0.4271
  epoch  50/50  loss=0.0609  bal_acc=0.4809
  [LOSO 4/9] subject 3: acc=0.4809  running_mean=0.5247

=== LOSO (hold out subject 4) ===
  Train: 4608 trials  |  Test: 576 trials
  Model params: 29,388
  epoch   1/50  loss=1.2380  bal_acc=0.4045
  epoch   2/50  loss=0.9725  bal_acc=0.3993
  epoch   3/50  loss=0.7990  bal_acc=0.4288
  epoch   4/50  loss=0.6953  bal_acc=0.5312
  epoch   5/50  loss=0.6146  bal_acc=0.5417
  epoch   6/50  loss=0.5548  bal_acc=0.5885
  epoch   7/50  loss=0.4999  bal_acc=0.4740
  epoch   8/50  loss=0.4469  bal_acc=0.5312
  epoch   9/50  loss=0.3956  bal_acc=0.5069
  epoch  10/50  loss=0.3740  bal_acc=0.5122
  epoch  11/50  loss=0.3168  bal_acc=0.5156
  epoch  12/50  loss=0.2959  bal_acc=0.5556
  epoch  13/50  loss=0.2554  bal_acc=0.4896
  epoch  14/50  loss=0.2453  bal_acc=0.4913
  epoch  15/50  loss=0.2129  bal_acc=0.5122
  epoch  16/50  loss=0.1997  bal_acc=0.5069
  epoch  17/50  loss=0.1866  bal_acc=0.5243
  epoch  18/50  loss=0.1730  bal_acc=0.5729
  epoch  19/50  loss=0.1393  bal_acc=0.5642
  epoch  20/50  loss=0.1295  bal_acc=0.5503
  epoch  21/50  loss=0.1204  bal_acc=0.5469
  epoch  22/50  loss=0.1123  bal_acc=0.5365
  epoch  23/50  loss=0.1283  bal_acc=0.5434
  epoch  24/50  loss=0.1094  bal_acc=0.5660
  epoch  25/50  loss=0.0933  bal_acc=0.5486
  epoch  26/50  loss=0.1016  bal_acc=0.5781
  epoch  27/50  loss=0.0823  bal_acc=0.5503
  epoch  28/50  loss=0.0848  bal_acc=0.5625
  epoch  29/50  loss=0.1015  bal_acc=0.5712
  epoch  30/50  loss=0.1232  bal_acc=0.5347
  epoch  31/50  loss=0.0971  bal_acc=0.5469
  epoch  32/50  loss=0.0828  bal_acc=0.5451
  epoch  33/50  loss=0.0818  bal_acc=0.5556
  epoch  34/50  loss=0.0812  bal_acc=0.5278
  epoch  35/50  loss=0.0820  bal_acc=0.5538
  epoch  36/50  loss=0.0787  bal_acc=0.5660
  epoch  37/50  loss=0.0829  bal_acc=0.5538
  epoch  38/50  loss=0.0809  bal_acc=0.5955
  epoch  39/50  loss=0.0781  bal_acc=0.5608
  epoch  40/50  loss=0.0910  bal_acc=0.5278
  epoch  41/50  loss=0.0670  bal_acc=0.5642
  epoch  42/50  loss=0.0728  bal_acc=0.5747
  epoch  43/50  loss=0.0608  bal_acc=0.5434
  epoch  44/50  loss=0.0475  bal_acc=0.5851
  epoch  45/50  loss=0.0579  bal_acc=0.5243
  epoch  46/50  loss=0.0653  bal_acc=0.5295
  epoch  47/50  loss=0.0714  bal_acc=0.5260
  epoch  48/50  loss=0.0643  bal_acc=0.5260
  epoch  49/50  loss=0.0658  bal_acc=0.5642
  epoch  50/50  loss=0.0623  bal_acc=0.5399
  [LOSO 5/9] subject 4: acc=0.5399  running_mean=0.5278

=== LOSO (hold out subject 5) ===
  Train: 4608 trials  |  Test: 576 trials
  Model params: 29,388
Finished : Tue Jul  7 07:09:24 MDT 2026
Exit code: 0
