Job ID   : 44392970
Node     : fg7
Started  : Tue Jul  7 02:06:53 MDT 2026
Directory: /home/aleksander.berezowsk/spiking-eegnet
Requirement already satisfied: setuptools==69.5.1 in /home/aleksander.berezowsk/venv/lib/python3.12/site-packages (69.5.1)
Requirement already satisfied: torch==2.4.0 in /home/aleksander.berezowsk/venv/lib/python3.12/site-packages (2.4.0)
Requirement already satisfied: torchvision==0.19.0 in /home/aleksander.berezowsk/venv/lib/python3.12/site-packages (0.19.0)
Requirement already satisfied: torchaudio==2.4.0 in /home/aleksander.berezowsk/venv/lib/python3.12/site-packages (2.4.0)
Requirement already satisfied: torchmetrics in /home/aleksander.berezowsk/venv/lib/python3.12/site-packages (1.9.0)
Requirement already satisfied: filelock in /home/aleksander.berezowsk/venv/lib/python3.12/site-packages (from torch==2.4.0) (3.29.0)
Requirement already satisfied: typing-extensions>=4.8.0 in /home/aleksander.berezowsk/venv/lib/python3.12/site-packages (from torch==2.4.0) (4.15.0)
Requirement already satisfied: sympy in /home/aleksander.berezowsk/venv/lib/python3.12/site-packages (from torch==2.4.0) (1.14.0)
Requirement already satisfied: networkx in /home/aleksander.berezowsk/venv/lib/python3.12/site-packages (from torch==2.4.0) (3.6.1)
Requirement already satisfied: jinja2 in /home/aleksander.berezowsk/venv/lib/python3.12/site-packages (from torch==2.4.0) (3.1.6)
Requirement already satisfied: fsspec in /home/aleksander.berezowsk/venv/lib/python3.12/site-packages (from torch==2.4.0) (2026.4.0)
Requirement already satisfied: setuptools in /home/aleksander.berezowsk/venv/lib/python3.12/site-packages (from torch==2.4.0) (69.5.1)
Requirement already satisfied: nvidia-cuda-nvrtc-cu12==12.1.105 in /home/aleksander.berezowsk/venv/lib/python3.12/site-packages (from torch==2.4.0) (12.1.105)
Requirement already satisfied: nvidia-cuda-runtime-cu12==12.1.105 in /home/aleksander.berezowsk/venv/lib/python3.12/site-packages (from torch==2.4.0) (12.1.105)
Requirement already satisfied: nvidia-cuda-cupti-cu12==12.1.105 in /home/aleksander.berezowsk/venv/lib/python3.12/site-packages (from torch==2.4.0) (12.1.105)
Requirement already satisfied: nvidia-cudnn-cu12==9.1.0.70 in /home/aleksander.berezowsk/venv/lib/python3.12/site-packages (from torch==2.4.0) (9.1.0.70)
Requirement already satisfied: nvidia-cublas-cu12==12.1.3.1 in /home/aleksander.berezowsk/venv/lib/python3.12/site-packages (from torch==2.4.0) (12.1.3.1)
Requirement already satisfied: nvidia-cufft-cu12==11.0.2.54 in /home/aleksander.berezowsk/venv/lib/python3.12/site-packages (from torch==2.4.0) (11.0.2.54)
Requirement already satisfied: nvidia-curand-cu12==10.3.2.106 in /home/aleksander.berezowsk/venv/lib/python3.12/site-packages (from torch==2.4.0) (10.3.2.106)
Requirement already satisfied: nvidia-cusolver-cu12==11.4.5.107 in /home/aleksander.berezowsk/venv/lib/python3.12/site-packages (from torch==2.4.0) (11.4.5.107)
Requirement already satisfied: nvidia-cusparse-cu12==12.1.0.106 in /home/aleksander.berezowsk/venv/lib/python3.12/site-packages (from torch==2.4.0) (12.1.0.106)
Requirement already satisfied: nvidia-nccl-cu12==2.20.5 in /home/aleksander.berezowsk/venv/lib/python3.12/site-packages (from torch==2.4.0) (2.20.5)
Requirement already satisfied: nvidia-nvtx-cu12==12.1.105 in /home/aleksander.berezowsk/venv/lib/python3.12/site-packages (from torch==2.4.0) (12.1.105)
Requirement already satisfied: triton==3.0.0 in /home/aleksander.berezowsk/venv/lib/python3.12/site-packages (from torch==2.4.0) (3.0.0)
Requirement already satisfied: numpy in /home/aleksander.berezowsk/venv/lib/python3.12/site-packages (from torchvision==0.19.0) (2.4.6)
Requirement already satisfied: pillow!=8.3.*,>=5.3.0 in /home/aleksander.berezowsk/venv/lib/python3.12/site-packages (from torchvision==0.19.0) (12.2.0)
Requirement already satisfied: nvidia-nvjitlink-cu12 in /home/aleksander.berezowsk/venv/lib/python3.12/site-packages (from nvidia-cusolver-cu12==11.4.5.107->torch==2.4.0) (12.9.86)
Requirement already satisfied: packaging>17.1 in /home/aleksander.berezowsk/venv/lib/python3.12/site-packages (from torchmetrics) (26.2)
Requirement already satisfied: lightning-utilities>=0.15.3 in /home/aleksander.berezowsk/venv/lib/python3.12/site-packages (from torchmetrics) (0.15.3)
Requirement already satisfied: MarkupSafe>=2.0 in /home/aleksander.berezowsk/venv/lib/python3.12/site-packages (from jinja2->torch==2.4.0) (3.0.3)
Requirement already satisfied: mpmath<1.4,>=1.1.0 in /home/aleksander.berezowsk/venv/lib/python3.12/site-packages (from sympy->torch==2.4.0) (1.3.0)
Requirement already satisfied: optuna in /home/aleksander.berezowsk/venv/lib/python3.12/site-packages (4.9.0)
Requirement already satisfied: snntorch in /home/aleksander.berezowsk/venv/lib/python3.12/site-packages (0.9.4)
Requirement already satisfied: alembic>=1.5.0 in /home/aleksander.berezowsk/venv/lib/python3.12/site-packages (from optuna) (1.18.4)
Requirement already satisfied: colorlog in /home/aleksander.berezowsk/venv/lib/python3.12/site-packages (from optuna) (6.10.1)
Requirement already satisfied: numpy in /home/aleksander.berezowsk/venv/lib/python3.12/site-packages (from optuna) (2.4.6)
Requirement already satisfied: packaging>=20.0 in /home/aleksander.berezowsk/venv/lib/python3.12/site-packages (from optuna) (26.2)
Requirement already satisfied: sqlalchemy>=1.4.2 in /home/aleksander.berezowsk/venv/lib/python3.12/site-packages (from optuna) (2.0.50)
Requirement already satisfied: tqdm in /home/aleksander.berezowsk/venv/lib/python3.12/site-packages (from optuna) (4.67.3)
Requirement already satisfied: PyYAML in /home/aleksander.berezowsk/venv/lib/python3.12/site-packages (from optuna) (6.0.3)
Requirement already satisfied: Mako in /home/aleksander.berezowsk/venv/lib/python3.12/site-packages (from alembic>=1.5.0->optuna) (1.3.12)
Requirement already satisfied: typing-extensions>=4.12 in /home/aleksander.berezowsk/venv/lib/python3.12/site-packages (from alembic>=1.5.0->optuna) (4.15.0)
Requirement already satisfied: greenlet>=1 in /home/aleksander.berezowsk/venv/lib/python3.12/site-packages (from sqlalchemy>=1.4.2->optuna) (3.5.1)
Requirement already satisfied: MarkupSafe>=0.9.2 in /home/aleksander.berezowsk/venv/lib/python3.12/site-packages (from Mako->alembic>=1.5.0->optuna) (3.0.3)
Device: cuda
[BNCI2014_001] loading from cache: /home/aleksander.berezowsk/.cache/spiking_eegnet/BNCI2014_001_af1ccf3e92f684d8a93c057082b654d7.npz
[BNCI2014_001] cache hit: (5184, 1, 22, 1001), classes=['feet', 'left_hand', 'right_hand', 'tongue'], subjects=9
Dataset meta: {'n_classes': 4, 'n_channels': 22, 'n_samples': 1001, 'class_names': ['feet', 'left_hand', 'right_hand', 'tongue'], 'subject_list': [1, 2, 3, 4, 5, 6, 7, 8, 9], 'n_subjects': 9, 'sfreq': 250.0}

=== LOSO (hold out subject 0) ===
  Train: 4608 trials  |  Test: 576 trials
  Model params: 33,770
  epoch   1/50  loss=1.3321  bal_acc=0.4149
  epoch   2/50  loss=1.0846  bal_acc=0.4358
  epoch   3/50  loss=0.9593  bal_acc=0.4792
  epoch   4/50  loss=0.8721  bal_acc=0.4392
  epoch   5/50  loss=0.7985  bal_acc=0.4705
  epoch   6/50  loss=0.7315  bal_acc=0.5122
  epoch   7/50  loss=0.6785  bal_acc=0.5278
  epoch   8/50  loss=0.6386  bal_acc=0.5208
  epoch   9/50  loss=0.6005  bal_acc=0.5139
  epoch  10/50  loss=0.5669  bal_acc=0.5243
  epoch  11/50  loss=0.5359  bal_acc=0.4983
  epoch  12/50  loss=0.4909  bal_acc=0.4601
  epoch  13/50  loss=0.4736  bal_acc=0.4931
  epoch  14/50  loss=0.4442  bal_acc=0.5330
  epoch  15/50  loss=0.4261  bal_acc=0.5434
  epoch  16/50  loss=0.3948  bal_acc=0.5503
  epoch  17/50  loss=0.3669  bal_acc=0.5538
  epoch  18/50  loss=0.3501  bal_acc=0.4774
  epoch  19/50  loss=0.3445  bal_acc=0.5747
  epoch  20/50  loss=0.3278  bal_acc=0.5469
  epoch  21/50  loss=0.2945  bal_acc=0.4931
  epoch  22/50  loss=0.2924  bal_acc=0.5191
  epoch  23/50  loss=0.2754  bal_acc=0.5365
  epoch  24/50  loss=0.2548  bal_acc=0.5017
  epoch  25/50  loss=0.2417  bal_acc=0.5278
  epoch  26/50  loss=0.2189  bal_acc=0.4566
  epoch  27/50  loss=0.2162  bal_acc=0.5382
  epoch  28/50  loss=0.2087  bal_acc=0.4479
  epoch  29/50  loss=0.2094  bal_acc=0.5087
  epoch  30/50  loss=0.1877  bal_acc=0.5069
  epoch  31/50  loss=0.1873  bal_acc=0.5486
  epoch  32/50  loss=0.1684  bal_acc=0.4931
  epoch  33/50  loss=0.1722  bal_acc=0.5156
  epoch  34/50  loss=0.1586  bal_acc=0.5087
  epoch  35/50  loss=0.1491  bal_acc=0.5625
  epoch  36/50  loss=0.1428  bal_acc=0.5000
  epoch  37/50  loss=0.1395  bal_acc=0.5660
  epoch  38/50  loss=0.1341  bal_acc=0.4983
  epoch  39/50  loss=0.1269  bal_acc=0.5365
  epoch  40/50  loss=0.1293  bal_acc=0.5226
  epoch  41/50  loss=0.1257  bal_acc=0.5590
  epoch  42/50  loss=0.1265  bal_acc=0.5174
  epoch  43/50  loss=0.1106  bal_acc=0.4913
  epoch  44/50  loss=0.1075  bal_acc=0.5243
  epoch  45/50  loss=0.1068  bal_acc=0.5538
  epoch  46/50  loss=0.0949  bal_acc=0.5278
  epoch  47/50  loss=0.0976  bal_acc=0.5451
  epoch  48/50  loss=0.0931  bal_acc=0.5399
  epoch  49/50  loss=0.0965  bal_acc=0.5556
  epoch  50/50  loss=0.0990  bal_acc=0.5104
  [LOSO 1/9] subject 0: acc=0.5104  running_mean=0.5104

=== LOSO (hold out subject 1) ===
  Train: 4608 trials  |  Test: 576 trials
  Model params: 33,770
  epoch   1/50  loss=1.3199  bal_acc=0.3785
  epoch   2/50  loss=1.1109  bal_acc=0.4115
  epoch   3/50  loss=0.9343  bal_acc=0.4184
  epoch   4/50  loss=0.8241  bal_acc=0.4618
  epoch   5/50  loss=0.7484  bal_acc=0.4271
  epoch   6/50  loss=0.6776  bal_acc=0.4583
  epoch   7/50  loss=0.6456  bal_acc=0.4583
  epoch   8/50  loss=0.5854  bal_acc=0.4583
  epoch   9/50  loss=0.5480  bal_acc=0.4844
  epoch  10/50  loss=0.5222  bal_acc=0.4444
  epoch  11/50  loss=0.4811  bal_acc=0.4549
  epoch  12/50  loss=0.4674  bal_acc=0.4479
  epoch  13/50  loss=0.4219  bal_acc=0.4809
  epoch  14/50  loss=0.4178  bal_acc=0.4549
  epoch  15/50  loss=0.3832  bal_acc=0.4653
  epoch  16/50  loss=0.3415  bal_acc=0.5035
  epoch  17/50  loss=0.3451  bal_acc=0.4688
  epoch  18/50  loss=0.3251  bal_acc=0.4271
  epoch  19/50  loss=0.3027  bal_acc=0.4306
  epoch  20/50  loss=0.2850  bal_acc=0.4219
  epoch  21/50  loss=0.2829  bal_acc=0.4479
  epoch  22/50  loss=0.2686  bal_acc=0.4861
  epoch  23/50  loss=0.2443  bal_acc=0.4653
  epoch  24/50  loss=0.2378  bal_acc=0.5017
  epoch  25/50  loss=0.2174  bal_acc=0.4983
  epoch  26/50  loss=0.2087  bal_acc=0.4688
  epoch  27/50  loss=0.2174  bal_acc=0.4010
  epoch  28/50  loss=0.1973  bal_acc=0.4566
  epoch  29/50  loss=0.1714  bal_acc=0.4792
  epoch  30/50  loss=0.1689  bal_acc=0.5017
  epoch  31/50  loss=0.1549  bal_acc=0.4722
  epoch  32/50  loss=0.1588  bal_acc=0.5139
  epoch  33/50  loss=0.1431  bal_acc=0.4479
  epoch  34/50  loss=0.1383  bal_acc=0.5122
  epoch  35/50  loss=0.1324  bal_acc=0.5174
  epoch  36/50  loss=0.1307  bal_acc=0.4809
  epoch  37/50  loss=0.1391  bal_acc=0.5000
  epoch  38/50  loss=0.1308  bal_acc=0.4653
  epoch  39/50  loss=0.1328  bal_acc=0.4688
  epoch  40/50  loss=0.1300  bal_acc=0.5017
  epoch  41/50  loss=0.1252  bal_acc=0.4722
  epoch  42/50  loss=0.1028  bal_acc=0.4861
  epoch  43/50  loss=0.1062  bal_acc=0.4375
  epoch  44/50  loss=0.1063  bal_acc=0.4931
  epoch  45/50  loss=0.0955  bal_acc=0.4965
  epoch  46/50  loss=0.0924  bal_acc=0.4948
  epoch  47/50  loss=0.0907  bal_acc=0.5000
  epoch  48/50  loss=0.0846  bal_acc=0.5035
  epoch  49/50  loss=0.0828  bal_acc=0.5087
  epoch  50/50  loss=0.0893  bal_acc=0.4844
  [LOSO 2/9] subject 1: acc=0.4844  running_mean=0.4974

=== LOSO (hold out subject 2) ===
  Train: 4608 trials  |  Test: 576 trials
  Model params: 33,770
  epoch   1/50  loss=1.3204  bal_acc=0.5000
  epoch   2/50  loss=1.1029  bal_acc=0.5208
  epoch   3/50  loss=0.9901  bal_acc=0.5156
  epoch   4/50  loss=0.9161  bal_acc=0.5642
  epoch   5/50  loss=0.8361  bal_acc=0.5556
  epoch   6/50  loss=0.7814  bal_acc=0.5764
  epoch   7/50  loss=0.7210  bal_acc=0.6302
  epoch   8/50  loss=0.6931  bal_acc=0.6649
  epoch   9/50  loss=0.6492  bal_acc=0.6510
  epoch  10/50  loss=0.5969  bal_acc=0.6510
  epoch  11/50  loss=0.5676  bal_acc=0.6858
  epoch  12/50  loss=0.5523  bal_acc=0.6875
  epoch  13/50  loss=0.5306  bal_acc=0.6736
  epoch  14/50  loss=0.4926  bal_acc=0.7014
  epoch  15/50  loss=0.4786  bal_acc=0.6736
  epoch  16/50  loss=0.4334  bal_acc=0.6632
  epoch  17/50  loss=0.4011  bal_acc=0.6892
  epoch  18/50  loss=0.3909  bal_acc=0.7083
  epoch  19/50  loss=0.3580  bal_acc=0.6892
  epoch  20/50  loss=0.3523  bal_acc=0.6788
  epoch  21/50  loss=0.3360  bal_acc=0.6597
  epoch  22/50  loss=0.3199  bal_acc=0.6719
  epoch  23/50  loss=0.2943  bal_acc=0.6684
  epoch  24/50  loss=0.2860  bal_acc=0.6458
  epoch  25/50  loss=0.2586  bal_acc=0.6840
  epoch  26/50  loss=0.2418  bal_acc=0.6927
  epoch  27/50  loss=0.2335  bal_acc=0.6667
  epoch  28/50  loss=0.2275  bal_acc=0.6788
  epoch  29/50  loss=0.2114  bal_acc=0.6771
  epoch  30/50  loss=0.1996  bal_acc=0.6736
  epoch  31/50  loss=0.2040  bal_acc=0.6806
  epoch  32/50  loss=0.1865  bal_acc=0.6215
  epoch  33/50  loss=0.1885  bal_acc=0.6545
  epoch  34/50  loss=0.1759  bal_acc=0.6094
  epoch  35/50  loss=0.1690  bal_acc=0.6562
  epoch  36/50  loss=0.1413  bal_acc=0.6458
  epoch  37/50  loss=0.1374  bal_acc=0.6076
  epoch  38/50  loss=0.1378  bal_acc=0.6406
  epoch  39/50  loss=0.1502  bal_acc=0.6667
  epoch  40/50  loss=0.1423  bal_acc=0.6667
  epoch  41/50  loss=0.1379  bal_acc=0.6580
  epoch  42/50  loss=0.1398  bal_acc=0.6076
  epoch  43/50  loss=0.1211  bal_acc=0.6684
  epoch  44/50  loss=0.1220  bal_acc=0.6615
  epoch  45/50  loss=0.1065  bal_acc=0.6632
  epoch  46/50  loss=0.1057  bal_acc=0.6719
  epoch  47/50  loss=0.1076  bal_acc=0.6441
  epoch  48/50  loss=0.0950  bal_acc=0.6615
  epoch  49/50  loss=0.0967  bal_acc=0.6215
  epoch  50/50  loss=0.1007  bal_acc=0.6337
  [LOSO 3/9] subject 2: acc=0.6337  running_mean=0.5428

=== LOSO (hold out subject 3) ===
  Train: 4608 trials  |  Test: 576 trials
  Model params: 33,770
  epoch   1/50  loss=1.3156  bal_acc=0.3993
  epoch   2/50  loss=1.0997  bal_acc=0.4253
  epoch   3/50  loss=0.9577  bal_acc=0.4323
  epoch   4/50  loss=0.8505  bal_acc=0.4514
  epoch   5/50  loss=0.7727  bal_acc=0.4462
  epoch   6/50  loss=0.7038  bal_acc=0.4896
  epoch   7/50  loss=0.6657  bal_acc=0.4288
  epoch   8/50  loss=0.6284  bal_acc=0.4479
  epoch   9/50  loss=0.5770  bal_acc=0.4601
  epoch  10/50  loss=0.5323  bal_acc=0.4618
  epoch  11/50  loss=0.5027  bal_acc=0.4271
  epoch  12/50  loss=0.4791  bal_acc=0.4514
  epoch  13/50  loss=0.4411  bal_acc=0.4358
  epoch  14/50  loss=0.4158  bal_acc=0.4479
  epoch  15/50  loss=0.3765  bal_acc=0.4410
  epoch  16/50  loss=0.3597  bal_acc=0.4201
  epoch  17/50  loss=0.3385  bal_acc=0.4635
  epoch  18/50  loss=0.3107  bal_acc=0.4288
  epoch  19/50  loss=0.3062  bal_acc=0.4618
  epoch  20/50  loss=0.2913  bal_acc=0.4549
  epoch  21/50  loss=0.2762  bal_acc=0.4931
  epoch  22/50  loss=0.2433  bal_acc=0.4635
  epoch  23/50  loss=0.2411  bal_acc=0.4705
  epoch  24/50  loss=0.2436  bal_acc=0.4618
  epoch  25/50  loss=0.2226  bal_acc=0.4670
  epoch  26/50  loss=0.2025  bal_acc=0.4549
  epoch  27/50  loss=0.1938  bal_acc=0.4531
  epoch  28/50  loss=0.1811  bal_acc=0.4392
  epoch  29/50  loss=0.1684  bal_acc=0.4167
  epoch  30/50  loss=0.1613  bal_acc=0.4427
  epoch  31/50  loss=0.1481  bal_acc=0.4601
  epoch  32/50  loss=0.1500  bal_acc=0.4948
  epoch  33/50  loss=0.1398  bal_acc=0.4653
  epoch  34/50  loss=0.1344  bal_acc=0.4497
  epoch  35/50  loss=0.1175  bal_acc=0.4601
  epoch  36/50  loss=0.1144  bal_acc=0.4635
  epoch  37/50  loss=0.1209  bal_acc=0.4618
  epoch  38/50  loss=0.1073  bal_acc=0.4566
  epoch  39/50  loss=0.1126  bal_acc=0.4792
  epoch  40/50  loss=0.1064  bal_acc=0.4618
  epoch  41/50  loss=0.0937  bal_acc=0.4497
  epoch  42/50  loss=0.0907  bal_acc=0.5052
  epoch  43/50  loss=0.0914  bal_acc=0.4219
  epoch  44/50  loss=0.0896  bal_acc=0.4688
  epoch  45/50  loss=0.0891  bal_acc=0.4462
  epoch  46/50  loss=0.0825  bal_acc=0.4097
  epoch  47/50  loss=0.0837  bal_acc=0.4688
  epoch  48/50  loss=0.0800  bal_acc=0.4184
  epoch  49/50  loss=0.0804  bal_acc=0.4323
  epoch  50/50  loss=0.0784  bal_acc=0.4392
  [LOSO 4/9] subject 3: acc=0.4392  running_mean=0.5169

=== LOSO (hold out subject 4) ===
  Train: 4608 trials  |  Test: 576 trials
  Model params: 33,770
  epoch   1/50  loss=1.3192  bal_acc=0.4028
  epoch   2/50  loss=1.1145  bal_acc=0.5191
  epoch   3/50  loss=0.9640  bal_acc=0.4809
  epoch   4/50  loss=0.8432  bal_acc=0.5503
  epoch   5/50  loss=0.7655  bal_acc=0.5208
  epoch   6/50  loss=0.7213  bal_acc=0.5243
  epoch   7/50  loss=0.6735  bal_acc=0.5365
  epoch   8/50  loss=0.6182  bal_acc=0.5556
  epoch   9/50  loss=0.5745  bal_acc=0.5764
  epoch  10/50  loss=0.5458  bal_acc=0.5434
  epoch  11/50  loss=0.5081  bal_acc=0.4878
  epoch  12/50  loss=0.4867  bal_acc=0.5312
  epoch  13/50  loss=0.4542  bal_acc=0.5434
  epoch  14/50  loss=0.4244  bal_acc=0.5226
  epoch  15/50  loss=0.3977  bal_acc=0.5278
  epoch  16/50  loss=0.3849  bal_acc=0.5208
  epoch  17/50  loss=0.3717  bal_acc=0.5174
  epoch  18/50  loss=0.3568  bal_acc=0.4965
  epoch  19/50  loss=0.3315  bal_acc=0.4948
  epoch  20/50  loss=0.3004  bal_acc=0.5035
  epoch  21/50  loss=0.2857  bal_acc=0.4757
  epoch  22/50  loss=0.2876  bal_acc=0.4965
  epoch  23/50  loss=0.2736  bal_acc=0.4757
  epoch  24/50  loss=0.2629  bal_acc=0.5521
  epoch  25/50  loss=0.2444  bal_acc=0.5382
  epoch  26/50  loss=0.2278  bal_acc=0.5417
  epoch  27/50  loss=0.2155  bal_acc=0.4965
  epoch  28/50  loss=0.1993  bal_acc=0.5243
  epoch  29/50  loss=0.1981  bal_acc=0.5156
  epoch  30/50  loss=0.1701  bal_acc=0.5104
  epoch  31/50  loss=0.1755  bal_acc=0.5295
  epoch  32/50  loss=0.1786  bal_acc=0.5000
  epoch  33/50  loss=0.1614  bal_acc=0.5139
  epoch  34/50  loss=0.1550  bal_acc=0.5278
  epoch  35/50  loss=0.1518  bal_acc=0.5174
  epoch  36/50  loss=0.1431  bal_acc=0.5104
  epoch  37/50  loss=0.1400  bal_acc=0.5278
  epoch  38/50  loss=0.1405  bal_acc=0.5139
  epoch  39/50  loss=0.1370  bal_acc=0.5347
  epoch  40/50  loss=0.1291  bal_acc=0.5312
  epoch  41/50  loss=0.1288  bal_acc=0.5087
  epoch  42/50  loss=0.1292  bal_acc=0.5434
  epoch  43/50  loss=0.1149  bal_acc=0.5451
  epoch  44/50  loss=0.1033  bal_acc=0.5347
  epoch  45/50  loss=0.1145  bal_acc=0.5330
  epoch  46/50  loss=0.1062  bal_acc=0.5521
  epoch  47/50  loss=0.1081  bal_acc=0.5417
  epoch  48/50  loss=0.1082  bal_acc=0.5312
  epoch  49/50  loss=0.1063  bal_acc=0.5625
  epoch  50/50  loss=0.0980  bal_acc=0.5469
  [LOSO 5/9] subject 4: acc=0.5469  running_mean=0.5229

=== LOSO (hold out subject 5) ===
  Train: 4608 trials  |  Test: 576 trials
  Model params: 33,770
  epoch   1/50  loss=1.3216  bal_acc=0.3715
  epoch   2/50  loss=1.1049  bal_acc=0.4028
  epoch   3/50  loss=0.9409  bal_acc=0.4410
  epoch   4/50  loss=0.8036  bal_acc=0.4740
  epoch   5/50  loss=0.7386  bal_acc=0.4549
  epoch   6/50  loss=0.6706  bal_acc=0.4253
  epoch   7/50  loss=0.6177  bal_acc=0.4340
  epoch   8/50  loss=0.5791  bal_acc=0.4688
  epoch   9/50  loss=0.5609  bal_acc=0.4288
  epoch  10/50  loss=0.5417  bal_acc=0.4253
  epoch  11/50  loss=0.5085  bal_acc=0.3906
  epoch  12/50  loss=0.4649  bal_acc=0.4444
  epoch  13/50  loss=0.4498  bal_acc=0.4236
  epoch  14/50  loss=0.4167  bal_acc=0.4722
  epoch  15/50  loss=0.3866  bal_acc=0.4722
  epoch  16/50  loss=0.3589  bal_acc=0.4566
  epoch  17/50  loss=0.3414  bal_acc=0.4097
  epoch  18/50  loss=0.3242  bal_acc=0.4514
  epoch  19/50  loss=0.3159  bal_acc=0.4670
  epoch  20/50  loss=0.2847  bal_acc=0.4531
  epoch  21/50  loss=0.2708  bal_acc=0.4010
  epoch  22/50  loss=0.2820  bal_acc=0.4931
  epoch  23/50  loss=0.2548  bal_acc=0.4583
  epoch  24/50  loss=0.2331  bal_acc=0.4913
  epoch  25/50  loss=0.2159  bal_acc=0.4271
  epoch  26/50  loss=0.2030  bal_acc=0.4722
  epoch  27/50  loss=0.1862  bal_acc=0.4479
  epoch  28/50  loss=0.1911  bal_acc=0.4965
  epoch  29/50  loss=0.1989  bal_acc=0.4618
  epoch  30/50  loss=0.1889  bal_acc=0.4774
  epoch  31/50  loss=0.1777  bal_acc=0.4896
  epoch  32/50  loss=0.1679  bal_acc=0.4167
  epoch  33/50  loss=0.1649  bal_acc=0.4358
  epoch  34/50  loss=0.1559  bal_acc=0.4167
  epoch  35/50  loss=0.1329  bal_acc=0.4566
  epoch  36/50  loss=0.1359  bal_acc=0.4375
  epoch  37/50  loss=0.1477  bal_acc=0.4184
  epoch  38/50  loss=0.1405  bal_acc=0.4236
  epoch  39/50  loss=0.1224  bal_acc=0.4809
  epoch  40/50  loss=0.1215  bal_acc=0.4340
  epoch  41/50  loss=0.1243  bal_acc=0.4479
  epoch  42/50  loss=0.1143  bal_acc=0.4826
  epoch  43/50  loss=0.1093  bal_acc=0.4566
  epoch  44/50  loss=0.1159  bal_acc=0.4635
  epoch  45/50  loss=0.1076  bal_acc=0.4184
  epoch  46/50  loss=0.0994  bal_acc=0.4253
  epoch  47/50  loss=0.1030  bal_acc=0.4844
  epoch  48/50  loss=0.0917  bal_acc=0.4410
  epoch  49/50  loss=0.0846  bal_acc=0.4774
  epoch  50/50  loss=0.0876  bal_acc=0.4549
  [LOSO 6/9] subject 5: acc=0.4549  running_mean=0.5116

=== LOSO (hold out subject 6) ===
  Train: 4608 trials  |  Test: 576 trials
  Model params: 33,770
  epoch   1/50  loss=1.3347  bal_acc=0.4948
  epoch   2/50  loss=1.1441  bal_acc=0.5382
  epoch   3/50  loss=1.0184  bal_acc=0.5729
  epoch   4/50  loss=0.9130  bal_acc=0.5903
  epoch   5/50  loss=0.8229  bal_acc=0.6042
  epoch   6/50  loss=0.7693  bal_acc=0.6163
  epoch   7/50  loss=0.7114  bal_acc=0.6250
  epoch   8/50  loss=0.6721  bal_acc=0.5885
  epoch   9/50  loss=0.6305  bal_acc=0.6146
  epoch  10/50  loss=0.5779  bal_acc=0.6163
  epoch  11/50  loss=0.5512  bal_acc=0.6024
  epoch  12/50  loss=0.5163  bal_acc=0.6389
  epoch  13/50  loss=0.4848  bal_acc=0.6250
  epoch  14/50  loss=0.4724  bal_acc=0.5972
  epoch  15/50  loss=0.4356  bal_acc=0.6649
  epoch  16/50  loss=0.4137  bal_acc=0.6128
  epoch  17/50  loss=0.3987  bal_acc=0.6128
  epoch  18/50  loss=0.3859  bal_acc=0.6215
  epoch  19/50  loss=0.3694  bal_acc=0.6493
  epoch  20/50  loss=0.3474  bal_acc=0.6319
  epoch  21/50  loss=0.3050  bal_acc=0.6302
  epoch  22/50  loss=0.3056  bal_acc=0.6580
  epoch  23/50  loss=0.2816  bal_acc=0.6146
  epoch  24/50  loss=0.2770  bal_acc=0.6146
  epoch  25/50  loss=0.2646  bal_acc=0.6441
  epoch  26/50  loss=0.2435  bal_acc=0.6372
  epoch  27/50  loss=0.2281  bal_acc=0.6337
  epoch  28/50  loss=0.2140  bal_acc=0.6476
  epoch  29/50  loss=0.2037  bal_acc=0.6441
  epoch  30/50  loss=0.1822  bal_acc=0.6424
  epoch  31/50  loss=0.1724  bal_acc=0.6372
  epoch  32/50  loss=0.1829  bal_acc=0.5990
  epoch  33/50  loss=0.1856  bal_acc=0.6267
  epoch  34/50  loss=0.1638  bal_acc=0.6302
  epoch  35/50  loss=0.1469  bal_acc=0.6441
  epoch  36/50  loss=0.1435  bal_acc=0.6510
  epoch  37/50  loss=0.1497  bal_acc=0.6163
  epoch  38/50  loss=0.1295  bal_acc=0.6111
  epoch  39/50  loss=0.1339  bal_acc=0.5833
  epoch  40/50  loss=0.1290  bal_acc=0.6354
  epoch  41/50  loss=0.1092  bal_acc=0.6076
  epoch  42/50  loss=0.1114  bal_acc=0.5920
  epoch  43/50  loss=0.1084  bal_acc=0.6285
  epoch  44/50  loss=0.1162  bal_acc=0.6458
  epoch  45/50  loss=0.1179  bal_acc=0.6233
  epoch  46/50  loss=0.1089  bal_acc=0.6372
  epoch  47/50  loss=0.1006  bal_acc=0.6406
  epoch  48/50  loss=0.1075  bal_acc=0.6510
  epoch  49/50  loss=0.1068  bal_acc=0.5747
  epoch  50/50  loss=0.0933  bal_acc=0.6076
  [LOSO 7/9] subject 6: acc=0.6076  running_mean=0.5253

=== LOSO (hold out subject 7) ===
  Train: 4608 trials  |  Test: 576 trials
  Model params: 33,770
  epoch   1/50  loss=1.3350  bal_acc=0.4062
  epoch   2/50  loss=1.1603  bal_acc=0.4757
  epoch   3/50  loss=1.0142  bal_acc=0.5087
  epoch   4/50  loss=0.9161  bal_acc=0.5538
  epoch   5/50  loss=0.8507  bal_acc=0.5556
  epoch   6/50  loss=0.7914  bal_acc=0.5781
  epoch   7/50  loss=0.7302  bal_acc=0.5799
  epoch   8/50  loss=0.6729  bal_acc=0.6024
  epoch   9/50  loss=0.6425  bal_acc=0.5885
  epoch  10/50  loss=0.5988  bal_acc=0.5885
  epoch  11/50  loss=0.5684  bal_acc=0.6267
  epoch  12/50  loss=0.5402  bal_acc=0.6181
  epoch  13/50  loss=0.5044  bal_acc=0.5625
  epoch  14/50  loss=0.4746  bal_acc=0.6128
  epoch  15/50  loss=0.4620  bal_acc=0.5729
  epoch  16/50  loss=0.4198  bal_acc=0.6458
  epoch  17/50  loss=0.3984  bal_acc=0.6181
  epoch  18/50  loss=0.3695  bal_acc=0.5920
  epoch  19/50  loss=0.3590  bal_acc=0.6302
  epoch  20/50  loss=0.3352  bal_acc=0.6337
  epoch  21/50  loss=0.3139  bal_acc=0.6094
  epoch  22/50  loss=0.2947  bal_acc=0.6163
  epoch  23/50  loss=0.2811  bal_acc=0.6250
  epoch  24/50  loss=0.2649  bal_acc=0.6424
  epoch  25/50  loss=0.2516  bal_acc=0.6146
  epoch  26/50  loss=0.2502  bal_acc=0.6406
  epoch  27/50  loss=0.2377  bal_acc=0.6163
  epoch  28/50  loss=0.2182  bal_acc=0.5990
  epoch  29/50  loss=0.2144  bal_acc=0.6337
  epoch  30/50  loss=0.2103  bal_acc=0.6632
  epoch  31/50  loss=0.2039  bal_acc=0.6649
  epoch  32/50  loss=0.1900  bal_acc=0.6198
  epoch  33/50  loss=0.1620  bal_acc=0.6233
  epoch  34/50  loss=0.1583  bal_acc=0.6319
  epoch  35/50  loss=0.1637  bal_acc=0.6424
  epoch  36/50  loss=0.1437  bal_acc=0.6424
  epoch  37/50  loss=0.1311  bal_acc=0.6441
  epoch  38/50  loss=0.1364  bal_acc=0.6128
  epoch  39/50  loss=0.1268  bal_acc=0.6250
  epoch  40/50  loss=0.1176  bal_acc=0.6059
  epoch  41/50  loss=0.1233  bal_acc=0.6267
  epoch  42/50  loss=0.1212  bal_acc=0.6198
  epoch  43/50  loss=0.1217  bal_acc=0.5833
  epoch  44/50  loss=0.1247  bal_acc=0.6458
  epoch  45/50  loss=0.1139  bal_acc=0.6059
  epoch  46/50  loss=0.1350  bal_acc=0.6111
  epoch  47/50  loss=0.1147  bal_acc=0.6406
  epoch  48/50  loss=0.1098  bal_acc=0.6181
  epoch  49/50  loss=0.1029  bal_acc=0.6076
  epoch  50/50  loss=0.1151  bal_acc=0.6337
  [LOSO 8/9] subject 7: acc=0.6337  running_mean=0.5388

=== LOSO (hold out subject 8) ===
  Train: 4608 trials  |  Test: 576 trials
  Model params: 33,770
  epoch   1/50  loss=1.3253  bal_acc=0.3299
  epoch   2/50  loss=1.1118  bal_acc=0.4531
  epoch   3/50  loss=0.9793  bal_acc=0.5122
  epoch   4/50  loss=0.8857  bal_acc=0.4566
  epoch   5/50  loss=0.7994  bal_acc=0.5625
  epoch   6/50  loss=0.7529  bal_acc=0.5260
  epoch   7/50  loss=0.6797  bal_acc=0.5556
  epoch   8/50  loss=0.6302  bal_acc=0.4358
  epoch   9/50  loss=0.6057  bal_acc=0.5469
  epoch  10/50  loss=0.5521  bal_acc=0.4740
  epoch  11/50  loss=0.5235  bal_acc=0.6111
  epoch  12/50  loss=0.5064  bal_acc=0.5486
  epoch  13/50  loss=0.4592  bal_acc=0.4948
  epoch  14/50  loss=0.4323  bal_acc=0.4531
  epoch  15/50  loss=0.4115  bal_acc=0.5347
  epoch  16/50  loss=0.3947  bal_acc=0.5469
  epoch  17/50  loss=0.3687  bal_acc=0.5139
  epoch  18/50  loss=0.3694  bal_acc=0.5625
  epoch  19/50  loss=0.3454  bal_acc=0.4792
  epoch  20/50  loss=0.3118  bal_acc=0.5764
  epoch  21/50  loss=0.2911  bal_acc=0.5590
  epoch  22/50  loss=0.2764  bal_acc=0.4948
  epoch  23/50  loss=0.2640  bal_acc=0.5278
  epoch  24/50  loss=0.2515  bal_acc=0.5035
  epoch  25/50  loss=0.2387  bal_acc=0.5521
  epoch  26/50  loss=0.2337  bal_acc=0.5538
  epoch  27/50  loss=0.2139  bal_acc=0.5868
  epoch  28/50  loss=0.2042  bal_acc=0.5677
  epoch  29/50  loss=0.1909  bal_acc=0.5365
  epoch  30/50  loss=0.1892  bal_acc=0.5868
  epoch  31/50  loss=0.1760  bal_acc=0.5399
  epoch  32/50  loss=0.1803  bal_acc=0.5347
  epoch  33/50  loss=0.1781  bal_acc=0.5608
  epoch  34/50  loss=0.1659  bal_acc=0.5556
  epoch  35/50  loss=0.1443  bal_acc=0.5799
  epoch  36/50  loss=0.1344  bal_acc=0.5330
  epoch  37/50  loss=0.1380  bal_acc=0.5885
  epoch  38/50  loss=0.1390  bal_acc=0.5677
  epoch  39/50  loss=0.1297  bal_acc=0.5955
  epoch  40/50  loss=0.1282  bal_acc=0.5920
  epoch  41/50  loss=0.1137  bal_acc=0.5660
  epoch  42/50  loss=0.1169  bal_acc=0.6094
  epoch  43/50  loss=0.1152  bal_acc=0.5799
  epoch  44/50  loss=0.1099  bal_acc=0.5747
  epoch  45/50  loss=0.1161  bal_acc=0.5903
  epoch  46/50  loss=0.1023  bal_acc=0.5694
  epoch  47/50  loss=0.0957  bal_acc=0.5729
  epoch  48/50  loss=0.0951  bal_acc=0.5764
  epoch  49/50  loss=0.0909  bal_acc=0.5885
  epoch  50/50  loss=0.0888  bal_acc=0.5833
  [LOSO 9/9] subject 8: acc=0.5833  running_mean=0.5438
Results saved to results/BNCI2014_001/results_trial_112.json
Trial logged to results/BNCI2014_001/trials.csv
[status] trial 112 done (state=COMPLETE, value=0.5437885802469136) -- 99 completed total
Device: cuda
[BNCI2014_001] loading from cache: /home/aleksander.berezowsk/.cache/spiking_eegnet/BNCI2014_001_af1ccf3e92f684d8a93c057082b654d7.npz
[BNCI2014_001] cache hit: (5184, 1, 22, 1001), classes=['feet', 'left_hand', 'right_hand', 'tongue'], subjects=9
Dataset meta: {'n_classes': 4, 'n_channels': 22, 'n_samples': 1001, 'class_names': ['feet', 'left_hand', 'right_hand', 'tongue'], 'subject_list': [1, 2, 3, 4, 5, 6, 7, 8, 9], 'n_subjects': 9, 'sfreq': 250.0}

=== LOSO (hold out subject 0) ===
  Train: 4608 trials  |  Test: 576 trials
  Model params: 24,037
  epoch   1/50  loss=1.3485  bal_acc=0.3733
  epoch   2/50  loss=1.2126  bal_acc=0.4462
  epoch   3/50  loss=1.0835  bal_acc=0.4861
  epoch   4/50  loss=0.9811  bal_acc=0.5243
  epoch   5/50  loss=0.9056  bal_acc=0.5538
  epoch   6/50  loss=0.8407  bal_acc=0.5521
  epoch   7/50  loss=0.7885  bal_acc=0.5851
  epoch   8/50  loss=0.7296  bal_acc=0.5816
  epoch   9/50  loss=0.6911  bal_acc=0.6042
  epoch  10/50  loss=0.6558  bal_acc=0.5903
  epoch  11/50  loss=0.6163  bal_acc=0.5972
  epoch  12/50  loss=0.5906  bal_acc=0.5903
  epoch  13/50  loss=0.5643  bal_acc=0.5851
  epoch  14/50  loss=0.5381  bal_acc=0.5816
  epoch  15/50  loss=0.5196  bal_acc=0.5747
  epoch  16/50  loss=0.4929  bal_acc=0.5955
  epoch  17/50  loss=0.4852  bal_acc=0.5990
  epoch  18/50  loss=0.4566  bal_acc=0.5781
  epoch  19/50  loss=0.4510  bal_acc=0.6337
  epoch  20/50  loss=0.4324  bal_acc=0.5938
  epoch  21/50  loss=0.4105  bal_acc=0.6059
  epoch  22/50  loss=0.4029  bal_acc=0.6111
  epoch  23/50  loss=0.3933  bal_acc=0.6163
  epoch  24/50  loss=0.3610  bal_acc=0.6094
  epoch  25/50  loss=0.3593  bal_acc=0.5747
  epoch  26/50  loss=0.3385  bal_acc=0.5694
  epoch  27/50  loss=0.3275  bal_acc=0.6007
  epoch  28/50  loss=0.3217  bal_acc=0.6042
  epoch  29/50  loss=0.2930  bal_acc=0.5712
  epoch  30/50  loss=0.3008  bal_acc=0.6128
  epoch  31/50  loss=0.2967  bal_acc=0.5625
  epoch  32/50  loss=0.2750  bal_acc=0.5955
  epoch  33/50  loss=0.2637  bal_acc=0.6024
  epoch  34/50  loss=0.2647  bal_acc=0.6094
  epoch  35/50  loss=0.2631  bal_acc=0.6319
  epoch  36/50  loss=0.2623  bal_acc=0.6076
  epoch  37/50  loss=0.2320  bal_acc=0.5938
  epoch  38/50  loss=0.2275  bal_acc=0.6094
  epoch  39/50  loss=0.2226  bal_acc=0.6181
  epoch  40/50  loss=0.2176  bal_acc=0.6146
  epoch  41/50  loss=0.2142  bal_acc=0.6250
  epoch  42/50  loss=0.2082  bal_acc=0.6111
  epoch  43/50  loss=0.1980  bal_acc=0.5938
  epoch  44/50  loss=0.1969  bal_acc=0.6076
  epoch  45/50  loss=0.1925  bal_acc=0.6128
  epoch  46/50  loss=0.1944  bal_acc=0.5938
  epoch  47/50  loss=0.1820  bal_acc=0.6007
  epoch  48/50  loss=0.1817  bal_acc=0.5920
  epoch  49/50  loss=0.1803  bal_acc=0.6059
  epoch  50/50  loss=0.1630  bal_acc=0.6042
  [LOSO 1/9] subject 0: acc=0.6042  running_mean=0.6042

=== LOSO (hold out subject 1) ===
  Train: 4608 trials  |  Test: 576 trials
  Model params: 24,037
  epoch   1/50  loss=1.3448  bal_acc=0.3542
  epoch   2/50  loss=1.2024  bal_acc=0.3524
  epoch   3/50  loss=1.0254  bal_acc=0.3785
  epoch   4/50  loss=0.9220  bal_acc=0.4045
  epoch   5/50  loss=0.8440  bal_acc=0.3906
  epoch   6/50  loss=0.7792  bal_acc=0.4236
  epoch   7/50  loss=0.7142  bal_acc=0.4271
  epoch   8/50  loss=0.6656  bal_acc=0.4149
  epoch   9/50  loss=0.6168  bal_acc=0.4479
  epoch  10/50  loss=0.5766  bal_acc=0.4323
  epoch  11/50  loss=0.5467  bal_acc=0.4479
  epoch  12/50  loss=0.5197  bal_acc=0.4705
  epoch  13/50  loss=0.4967  bal_acc=0.4740
  epoch  14/50  loss=0.4713  bal_acc=0.3976
  epoch  15/50  loss=0.4746  bal_acc=0.4670
  epoch  16/50  loss=0.4287  bal_acc=0.4826
  epoch  17/50  loss=0.4091  bal_acc=0.4705
  epoch  18/50  loss=0.3846  bal_acc=0.4740
  epoch  19/50  loss=0.3879  bal_acc=0.4635
  epoch  20/50  loss=0.3646  bal_acc=0.4653
  epoch  21/50  loss=0.3594  bal_acc=0.4635
  epoch  22/50  loss=0.3447  bal_acc=0.4583
  epoch  23/50  loss=0.3312  bal_acc=0.4410
  epoch  24/50  loss=0.3120  bal_acc=0.4531
  epoch  25/50  loss=0.2920  bal_acc=0.4549
  epoch  26/50  loss=0.2780  bal_acc=0.4722
  epoch  27/50  loss=0.2767  bal_acc=0.4670
  epoch  28/50  loss=0.2603  bal_acc=0.5035
  epoch  29/50  loss=0.2512  bal_acc=0.4913
  epoch  30/50  loss=0.2456  bal_acc=0.4253
  epoch  31/50  loss=0.2296  bal_acc=0.4688
  epoch  32/50  loss=0.2377  bal_acc=0.4306
  epoch  33/50  loss=0.2242  bal_acc=0.4653
  epoch  34/50  loss=0.2185  bal_acc=0.4549
  epoch  35/50  loss=0.2075  bal_acc=0.4826
  epoch  36/50  loss=0.1954  bal_acc=0.4444
  epoch  37/50  loss=0.1835  bal_acc=0.4635
  epoch  38/50  loss=0.1815  bal_acc=0.4444
  epoch  39/50  loss=0.1746  bal_acc=0.4601
  epoch  40/50  loss=0.1739  bal_acc=0.4132
  epoch  41/50  loss=0.1848  bal_acc=0.4444
  epoch  42/50  loss=0.1672  bal_acc=0.4931
  epoch  43/50  loss=0.1490  bal_acc=0.4826
  epoch  44/50  loss=0.1645  bal_acc=0.4757
  epoch  45/50  loss=0.1524  bal_acc=0.4757
  epoch  46/50  loss=0.1389  bal_acc=0.4774
  epoch  47/50  loss=0.1477  bal_acc=0.4965
  epoch  48/50  loss=0.1491  bal_acc=0.4549
  epoch  49/50  loss=0.1338  bal_acc=0.4809
  epoch  50/50  loss=0.1233  bal_acc=0.4462
  [LOSO 2/9] subject 1: acc=0.4462  running_mean=0.5252

=== LOSO (hold out subject 2) ===
  Train: 4608 trials  |  Test: 576 trials
  Model params: 24,037
  epoch   1/50  loss=1.3514  bal_acc=0.4427
  epoch   2/50  loss=1.2157  bal_acc=0.5347
  epoch   3/50  loss=1.0725  bal_acc=0.5608
  epoch   4/50  loss=0.9740  bal_acc=0.5851
  epoch   5/50  loss=0.8916  bal_acc=0.6285
  epoch   6/50  loss=0.8303  bal_acc=0.6753
  epoch   7/50  loss=0.7878  bal_acc=0.6701
  epoch   8/50  loss=0.7350  bal_acc=0.6858
  epoch   9/50  loss=0.6986  bal_acc=0.6910
  epoch  10/50  loss=0.6615  bal_acc=0.7083
  epoch  11/50  loss=0.6349  bal_acc=0.7517
  epoch  12/50  loss=0.6077  bal_acc=0.7396
  epoch  13/50  loss=0.5759  bal_acc=0.7031
  epoch  14/50  loss=0.5550  bal_acc=0.7569
  epoch  15/50  loss=0.5301  bal_acc=0.7378
  epoch  16/50  loss=0.5068  bal_acc=0.7257
  epoch  17/50  loss=0.4876  bal_acc=0.7257
  epoch  18/50  loss=0.4706  bal_acc=0.7361
  epoch  19/50  loss=0.4600  bal_acc=0.7049
  epoch  20/50  loss=0.4418  bal_acc=0.6875
  epoch  21/50  loss=0.4139  bal_acc=0.7170
  epoch  22/50  loss=0.4061  bal_acc=0.7344
  epoch  23/50  loss=0.3898  bal_acc=0.7101
  epoch  24/50  loss=0.3799  bal_acc=0.7587
  epoch  25/50  loss=0.3613  bal_acc=0.7240
  epoch  26/50  loss=0.3419  bal_acc=0.7569
  epoch  27/50  loss=0.3493  bal_acc=0.6910
  epoch  28/50  loss=0.3174  bal_acc=0.7274
  epoch  29/50  loss=0.3129  bal_acc=0.7205
  epoch  30/50  loss=0.2908  bal_acc=0.7135
  epoch  31/50  loss=0.2883  bal_acc=0.6684
  epoch  32/50  loss=0.2808  bal_acc=0.7309
  epoch  33/50  loss=0.2683  bal_acc=0.7309
  epoch  34/50  loss=0.2621  bal_acc=0.6667
  epoch  35/50  loss=0.2527  bal_acc=0.7500
  epoch  36/50  loss=0.2440  bal_acc=0.7188
  epoch  37/50  loss=0.2468  bal_acc=0.6719
  epoch  38/50  loss=0.2385  bal_acc=0.6823
  epoch  39/50  loss=0.2287  bal_acc=0.7188
  epoch  40/50  loss=0.2177  bal_acc=0.6979
  epoch  41/50  loss=0.2199  bal_acc=0.7222
  epoch  42/50  loss=0.2140  bal_acc=0.7118
  epoch  43/50  loss=0.2014  bal_acc=0.6962
  epoch  44/50  loss=0.2000  bal_acc=0.6910
  epoch  45/50  loss=0.1962  bal_acc=0.6684
  epoch  46/50  loss=0.1823  bal_acc=0.6840
  epoch  47/50  loss=0.1762  bal_acc=0.7101
  epoch  48/50  loss=0.1796  bal_acc=0.6944
  epoch  49/50  loss=0.1735  bal_acc=0.7257
  epoch  50/50  loss=0.1689  bal_acc=0.6979
  [LOSO 3/9] subject 2: acc=0.6979  running_mean=0.5828

=== LOSO (hold out subject 3) ===
  Train: 4608 trials  |  Test: 576 trials
  Model params: 24,037
  epoch   1/50  loss=1.3407  bal_acc=0.2778
  epoch   2/50  loss=1.1737  bal_acc=0.3819
  epoch   3/50  loss=1.0171  bal_acc=0.3993
  epoch   4/50  loss=0.9252  bal_acc=0.4271
  epoch   5/50  loss=0.8321  bal_acc=0.4635
  epoch   6/50  loss=0.7610  bal_acc=0.4774
  epoch   7/50  loss=0.7024  bal_acc=0.4705
  epoch   8/50  loss=0.6643  bal_acc=0.4288
  epoch   9/50  loss=0.6230  bal_acc=0.4618
  epoch  10/50  loss=0.5901  bal_acc=0.4427
  epoch  11/50  loss=0.5601  bal_acc=0.4427
  epoch  12/50  loss=0.5250  bal_acc=0.4184
  epoch  13/50  loss=0.5043  bal_acc=0.4323
  epoch  14/50  loss=0.4754  bal_acc=0.4253
  epoch  15/50  loss=0.4616  bal_acc=0.4601
  epoch  16/50  loss=0.4538  bal_acc=0.4201
  epoch  17/50  loss=0.4225  bal_acc=0.4323
  epoch  18/50  loss=0.4143  bal_acc=0.4497
  epoch  19/50  loss=0.3889  bal_acc=0.4375
  epoch  20/50  loss=0.3798  bal_acc=0.4566
  epoch  21/50  loss=0.3671  bal_acc=0.4531
  epoch  22/50  loss=0.3419  bal_acc=0.4479
  epoch  23/50  loss=0.3227  bal_acc=0.4358
  epoch  24/50  loss=0.3237  bal_acc=0.4358
  epoch  25/50  loss=0.3075  bal_acc=0.4479
  epoch  26/50  loss=0.2958  bal_acc=0.4635
  epoch  27/50  loss=0.2932  bal_acc=0.4531
  epoch  28/50  loss=0.2832  bal_acc=0.4722
  epoch  29/50  loss=0.2695  bal_acc=0.4618
  epoch  30/50  loss=0.2553  bal_acc=0.4549
  epoch  31/50  loss=0.2522  bal_acc=0.4722
  epoch  32/50  loss=0.2365  bal_acc=0.4688
  epoch  33/50  loss=0.2341  bal_acc=0.4757
  epoch  34/50  loss=0.2229  bal_acc=0.4479
  epoch  35/50  loss=0.2206  bal_acc=0.4479
  epoch  36/50  loss=0.2109  bal_acc=0.4792
  epoch  37/50  loss=0.2116  bal_acc=0.4826
  epoch  38/50  loss=0.1950  bal_acc=0.4896
  epoch  39/50  loss=0.1845  bal_acc=0.4635
  epoch  40/50  loss=0.1914  bal_acc=0.4653
  epoch  41/50  loss=0.1826  bal_acc=0.4722
  epoch  42/50  loss=0.1790  bal_acc=0.4427
  epoch  43/50  loss=0.1742  bal_acc=0.4306
  epoch  44/50  loss=0.1749  bal_acc=0.4688
  epoch  45/50  loss=0.1678  bal_acc=0.4653
  epoch  46/50  loss=0.1579  bal_acc=0.4705
  epoch  47/50  loss=0.1618  bal_acc=0.4427
  epoch  48/50  loss=0.1443  bal_acc=0.4583
  epoch  49/50  loss=0.1522  bal_acc=0.4705
  epoch  50/50  loss=0.1474  bal_acc=0.4479
  [LOSO 4/9] subject 3: acc=0.4479  running_mean=0.5490

=== LOSO (hold out subject 4) ===
  Train: 4608 trials  |  Test: 576 trials
  Model params: 24,037
  epoch   1/50  loss=1.3374  bal_acc=0.3385
  epoch   2/50  loss=1.1879  bal_acc=0.3212
  epoch   3/50  loss=1.0442  bal_acc=0.4826
  epoch   4/50  loss=0.9277  bal_acc=0.4583
  epoch   5/50  loss=0.8316  bal_acc=0.3663
  epoch   6/50  loss=0.7794  bal_acc=0.4705
  epoch   7/50  loss=0.7209  bal_acc=0.4462
  epoch   8/50  loss=0.6851  bal_acc=0.4323
  epoch   9/50  loss=0.6441  bal_acc=0.5382
  epoch  10/50  loss=0.6123  bal_acc=0.5174
  epoch  11/50  loss=0.5936  bal_acc=0.5087
  epoch  12/50  loss=0.5516  bal_acc=0.4688
  epoch  13/50  loss=0.5423  bal_acc=0.5417
  epoch  14/50  loss=0.5116  bal_acc=0.4774
  epoch  15/50  loss=0.4829  bal_acc=0.4653
  epoch  16/50  loss=0.4665  bal_acc=0.5260
  epoch  17/50  loss=0.4617  bal_acc=0.5417
  epoch  18/50  loss=0.4446  bal_acc=0.5486
  epoch  19/50  loss=0.4312  bal_acc=0.5122
  epoch  20/50  loss=0.4078  bal_acc=0.4913
  epoch  21/50  loss=0.3823  bal_acc=0.5434
  epoch  22/50  loss=0.3833  bal_acc=0.5104
  epoch  23/50  loss=0.3614  bal_acc=0.4861
  epoch  24/50  loss=0.3434  bal_acc=0.5330
  epoch  25/50  loss=0.3495  bal_acc=0.5365
  epoch  26/50  loss=0.3157  bal_acc=0.5312
  epoch  27/50  loss=0.3220  bal_acc=0.5312
  epoch  28/50  loss=0.3050  bal_acc=0.5312
  epoch  29/50  loss=0.2923  bal_acc=0.5434
  epoch  30/50  loss=0.2841  bal_acc=0.5868
  epoch  31/50  loss=0.2667  bal_acc=0.5747
  epoch  32/50  loss=0.2673  bal_acc=0.4705
  epoch  33/50  loss=0.2521  bal_acc=0.5434
  epoch  34/50  loss=0.2450  bal_acc=0.5486
  epoch  35/50  loss=0.2338  bal_acc=0.5486
  epoch  36/50  loss=0.2264  bal_acc=0.5764
  epoch  37/50  loss=0.2270  bal_acc=0.5538
  epoch  38/50  loss=0.2223  bal_acc=0.5712
  epoch  39/50  loss=0.2180  bal_acc=0.5521
  epoch  40/50  loss=0.2102  bal_acc=0.5347
  epoch  41/50  loss=0.1994  bal_acc=0.5503
  epoch  42/50  loss=0.2023  bal_acc=0.5278
  epoch  43/50  loss=0.1788  bal_acc=0.5816
  epoch  44/50  loss=0.1812  bal_acc=0.5417
  epoch  45/50  loss=0.1829  bal_acc=0.5903
  epoch  46/50  loss=0.1676  bal_acc=0.5816
  epoch  47/50  loss=0.1702  bal_acc=0.5712
  epoch  48/50  loss=0.1615  bal_acc=0.5920
  epoch  49/50  loss=0.1530  bal_acc=0.5590
  epoch  50/50  loss=0.1466  bal_acc=0.5417
  [LOSO 5/9] subject 4: acc=0.5417  running_mean=0.5476

=== LOSO (hold out subject 5) ===
  Train: 4608 trials  |  Test: 576 trials
  Model params: 24,037
  epoch   1/50  loss=1.3472  bal_acc=0.3455
  epoch   2/50  loss=1.1838  bal_acc=0.4062
  epoch   3/50  loss=1.0395  bal_acc=0.4479
  epoch   4/50  loss=0.9203  bal_acc=0.4601
  epoch   5/50  loss=0.8374  bal_acc=0.4670
  epoch   6/50  loss=0.7625  bal_acc=0.4392
  epoch   7/50  loss=0.6982  bal_acc=0.4427
  epoch   8/50  loss=0.6501  bal_acc=0.4722
  epoch   9/50  loss=0.6089  bal_acc=0.4479
  epoch  10/50  loss=0.5796  bal_acc=0.4288
  epoch  11/50  loss=0.5569  bal_acc=0.4635
  epoch  12/50  loss=0.5274  bal_acc=0.4149
  epoch  13/50  loss=0.5009  bal_acc=0.3924
  epoch  14/50  loss=0.4835  bal_acc=0.4340
  epoch  15/50  loss=0.4628  bal_acc=0.3976
  epoch  16/50  loss=0.4367  bal_acc=0.4080
  epoch  17/50  loss=0.4087  bal_acc=0.3958
  epoch  18/50  loss=0.3950  bal_acc=0.4132
  epoch  19/50  loss=0.3958  bal_acc=0.3854
  epoch  20/50  loss=0.3722  bal_acc=0.4306
  epoch  21/50  loss=0.3658  bal_acc=0.4219
  epoch  22/50  loss=0.3522  bal_acc=0.4306
  epoch  23/50  loss=0.3258  bal_acc=0.4167
  epoch  24/50  loss=0.3103  bal_acc=0.4219
  epoch  25/50  loss=0.3001  bal_acc=0.4392
  epoch  26/50  loss=0.2934  bal_acc=0.3681
  epoch  27/50  loss=0.2857  bal_acc=0.4358
  epoch  28/50  loss=0.2646  bal_acc=0.4184
  epoch  29/50  loss=0.2659  bal_acc=0.4306
  epoch  30/50  loss=0.2646  bal_acc=0.4531
  epoch  31/50  loss=0.2394  bal_acc=0.4340
  epoch  32/50  loss=0.2366  bal_acc=0.4115
  epoch  33/50  loss=0.2331  bal_acc=0.3906
  epoch  34/50  loss=0.2290  bal_acc=0.4097
  epoch  35/50  loss=0.2214  bal_acc=0.4219
  epoch  36/50  loss=0.2225  bal_acc=0.4097
  epoch  37/50  loss=0.2059  bal_acc=0.4271
  epoch  38/50  loss=0.1933  bal_acc=0.4410
  epoch  39/50  loss=0.1871  bal_acc=0.4271
  epoch  40/50  loss=0.1758  bal_acc=0.4288
  epoch  41/50  loss=0.1773  bal_acc=0.4062
  epoch  42/50  loss=0.1763  bal_acc=0.4514
  epoch  43/50  loss=0.1646  bal_acc=0.4444
  epoch  44/50  loss=0.1759  bal_acc=0.4306
  epoch  45/50  loss=0.1572  bal_acc=0.4080
  epoch  46/50  loss=0.1677  bal_acc=0.4062
  epoch  47/50  loss=0.1520  bal_acc=0.4028
  epoch  48/50  loss=0.1563  bal_acc=0.4097
  epoch  49/50  loss=0.1460  bal_acc=0.4288
  epoch  50/50  loss=0.1348  bal_acc=0.3906
  [LOSO 6/9] subject 5: acc=0.3906  running_mean=0.5214

=== LOSO (hold out subject 6) ===
  Train: 4608 trials  |  Test: 576 trials
  Model params: 24,037
  epoch   1/50  loss=1.3581  bal_acc=0.3924
  epoch   2/50  loss=1.2446  bal_acc=0.4514
  epoch   3/50  loss=1.1155  bal_acc=0.5122
  epoch   4/50  loss=1.0075  bal_acc=0.5851
  epoch   5/50  loss=0.9148  bal_acc=0.5694
  epoch   6/50  loss=0.8228  bal_acc=0.5556
  epoch   7/50  loss=0.7551  bal_acc=0.5920
  epoch   8/50  loss=0.7064  bal_acc=0.6076
  epoch   9/50  loss=0.6674  bal_acc=0.5938
  epoch  10/50  loss=0.6271  bal_acc=0.6094
  epoch  11/50  loss=0.6047  bal_acc=0.6337
  epoch  12/50  loss=0.5785  bal_acc=0.6354
  epoch  13/50  loss=0.5535  bal_acc=0.5938
  epoch  14/50  loss=0.5314  bal_acc=0.6337
  epoch  15/50  loss=0.5056  bal_acc=0.6458
  epoch  16/50  loss=0.4922  bal_acc=0.6632
  epoch  17/50  loss=0.4640  bal_acc=0.6615
  epoch  18/50  loss=0.4595  bal_acc=0.6163
  epoch  19/50  loss=0.4256  bal_acc=0.6493
  epoch  20/50  loss=0.4147  bal_acc=0.6024
  epoch  21/50  loss=0.4034  bal_acc=0.6406
  epoch  22/50  loss=0.3896  bal_acc=0.6285
  epoch  23/50  loss=0.3718  bal_acc=0.6406
  epoch  24/50  loss=0.3565  bal_acc=0.6181
  epoch  25/50  loss=0.3530  bal_acc=0.6042
  epoch  26/50  loss=0.3345  bal_acc=0.6372
  epoch  27/50  loss=0.3212  bal_acc=0.6441
  epoch  28/50  loss=0.3126  bal_acc=0.6441
  epoch  29/50  loss=0.3020  bal_acc=0.6389
  epoch  30/50  loss=0.2995  bal_acc=0.5955
  epoch  31/50  loss=0.2848  bal_acc=0.6372
  epoch  32/50  loss=0.2642  bal_acc=0.6076
  epoch  33/50  loss=0.2740  bal_acc=0.6302
  epoch  34/50  loss=0.2646  bal_acc=0.6250
  epoch  35/50  loss=0.2505  bal_acc=0.6198
  epoch  36/50  loss=0.2572  bal_acc=0.6510
  epoch  37/50  loss=0.2499  bal_acc=0.6649
  epoch  38/50  loss=0.2384  bal_acc=0.6632
  epoch  39/50  loss=0.2416  bal_acc=0.6372
  epoch  40/50  loss=0.2231  bal_acc=0.6562
  epoch  41/50  loss=0.2189  bal_acc=0.6250
  epoch  42/50  loss=0.1994  bal_acc=0.6128
  epoch  43/50  loss=0.2067  bal_acc=0.5851
  epoch  44/50  loss=0.2043  bal_acc=0.6128
  epoch  45/50  loss=0.1904  bal_acc=0.5990
  epoch  46/50  loss=0.1910  bal_acc=0.6267
  epoch  47/50  loss=0.1779  bal_acc=0.5990
  epoch  48/50  loss=0.1850  bal_acc=0.6076
  epoch  49/50  loss=0.1739  bal_acc=0.6198
  epoch  50/50  loss=0.1715  bal_acc=0.6476
  [LOSO 7/9] subject 6: acc=0.6476  running_mean=0.5394

=== LOSO (hold out subject 7) ===
  Train: 4608 trials  |  Test: 576 trials
  Model params: 24,037
  epoch   1/50  loss=1.3510  bal_acc=0.4201
  epoch   2/50  loss=1.1993  bal_acc=0.5000
  epoch   3/50  loss=1.0657  bal_acc=0.5330
  epoch   4/50  loss=0.9734  bal_acc=0.5660
  epoch   5/50  loss=0.8917  bal_acc=0.5590
  epoch   6/50  loss=0.8263  bal_acc=0.5764
  epoch   7/50  loss=0.7764  bal_acc=0.5920
  epoch   8/50  loss=0.7246  bal_acc=0.6233
  epoch   9/50  loss=0.6866  bal_acc=0.6649
  epoch  10/50  loss=0.6466  bal_acc=0.6840
  epoch  11/50  loss=0.6160  bal_acc=0.6302
  epoch  12/50  loss=0.5794  bal_acc=0.6354
  epoch  13/50  loss=0.5633  bal_acc=0.6788
  epoch  14/50  loss=0.5463  bal_acc=0.6441
  epoch  15/50  loss=0.5365  bal_acc=0.6823
  epoch  16/50  loss=0.5058  bal_acc=0.6510
  epoch  17/50  loss=0.4740  bal_acc=0.6632
  epoch  18/50  loss=0.4651  bal_acc=0.6753
  epoch  19/50  loss=0.4519  bal_acc=0.6684
  epoch  20/50  loss=0.4289  bal_acc=0.6788
  epoch  21/50  loss=0.3999  bal_acc=0.6823
  epoch  22/50  loss=0.4095  bal_acc=0.6788
  epoch  23/50  loss=0.3898  bal_acc=0.6962
  epoch  24/50  loss=0.3716  bal_acc=0.6927
  epoch  25/50  loss=0.3632  bal_acc=0.6493
  epoch  26/50  loss=0.3518  bal_acc=0.6840
  epoch  27/50  loss=0.3412  bal_acc=0.7188
  epoch  28/50  loss=0.3321  bal_acc=0.6962
  epoch  29/50  loss=0.3090  bal_acc=0.7274
  epoch  30/50  loss=0.2923  bal_acc=0.6962
  epoch  31/50  loss=0.3012  bal_acc=0.6892
  epoch  32/50  loss=0.2881  bal_acc=0.7083
  epoch  33/50  loss=0.2643  bal_acc=0.6753
  epoch  34/50  loss=0.2660  bal_acc=0.7049
  epoch  35/50  loss=0.2526  bal_acc=0.6962
  epoch  36/50  loss=0.2468  bal_acc=0.7031
  epoch  37/50  loss=0.2259  bal_acc=0.6823
  epoch  38/50  loss=0.2345  bal_acc=0.6979
  epoch  39/50  loss=0.2289  bal_acc=0.7240
  epoch  40/50  loss=0.2219  bal_acc=0.6997
  epoch  41/50  loss=0.2054  bal_acc=0.7014
  epoch  42/50  loss=0.2124  bal_acc=0.7101
  epoch  43/50  loss=0.2003  bal_acc=0.6771
  epoch  44/50  loss=0.1869  bal_acc=0.7309
  epoch  45/50  loss=0.1908  bal_acc=0.7049
  epoch  46/50  loss=0.1798  bal_acc=0.7378
  epoch  47/50  loss=0.1705  bal_acc=0.6962
  epoch  48/50  loss=0.1741  bal_acc=0.7083
  epoch  49/50  loss=0.1689  bal_acc=0.6944
  epoch  50/50  loss=0.1706  bal_acc=0.7083
  [LOSO 8/9] subject 7: acc=0.7083  running_mean=0.5605

=== LOSO (hold out subject 8) ===
  Train: 4608 trials  |  Test: 576 trials
  Model params: 24,037
  epoch   1/50  loss=1.3478  bal_acc=0.3281
  epoch   2/50  loss=1.1997  bal_acc=0.3646
  epoch   3/50  loss=1.0351  bal_acc=0.4358
  epoch   4/50  loss=0.9340  bal_acc=0.4740
  epoch   5/50  loss=0.8540  bal_acc=0.5312
  epoch   6/50  loss=0.7984  bal_acc=0.5191
  epoch   7/50  loss=0.7392  bal_acc=0.5295
  epoch   8/50  loss=0.6944  bal_acc=0.5191
  epoch   9/50  loss=0.6642  bal_acc=0.5156
  epoch  10/50  loss=0.6256  bal_acc=0.5573
  epoch  11/50  loss=0.6002  bal_acc=0.5330
  epoch  12/50  loss=0.5852  bal_acc=0.5764
  epoch  13/50  loss=0.5516  bal_acc=0.5538
  epoch  14/50  loss=0.5378  bal_acc=0.5972
  epoch  15/50  loss=0.5097  bal_acc=0.5799
  epoch  16/50  loss=0.4950  bal_acc=0.5833
  epoch  17/50  loss=0.4780  bal_acc=0.6007
  epoch  18/50  loss=0.4591  bal_acc=0.6198
  epoch  19/50  loss=0.4371  bal_acc=0.5990
  epoch  20/50  loss=0.4222  bal_acc=0.5851
  epoch  21/50  loss=0.3971  bal_acc=0.5816
  epoch  22/50  loss=0.3896  bal_acc=0.5799
  epoch  23/50  loss=0.3928  bal_acc=0.5833
  epoch  24/50  loss=0.3753  bal_acc=0.6007
  epoch  25/50  loss=0.3564  bal_acc=0.5556
  epoch  26/50  loss=0.3426  bal_acc=0.6059
  epoch  27/50  loss=0.3383  bal_acc=0.6146
  epoch  28/50  loss=0.3264  bal_acc=0.5486
  epoch  29/50  loss=0.3203  bal_acc=0.6510
  epoch  30/50  loss=0.3055  bal_acc=0.5903
  epoch  31/50  loss=0.2946  bal_acc=0.6163
  epoch  32/50  loss=0.2909  bal_acc=0.5990
  epoch  33/50  loss=0.2770  bal_acc=0.6094
  epoch  34/50  loss=0.2641  bal_acc=0.5851
  epoch  35/50  loss=0.2573  bal_acc=0.5851
  epoch  36/50  loss=0.2521  bal_acc=0.6024
  epoch  37/50  loss=0.2541  bal_acc=0.6146
  epoch  38/50  loss=0.2340  bal_acc=0.6059
  epoch  39/50  loss=0.2327  bal_acc=0.5868
  epoch  40/50  loss=0.2238  bal_acc=0.5799
  epoch  41/50  loss=0.2176  bal_acc=0.6094
  epoch  42/50  loss=0.2194  bal_acc=0.5694
  epoch  43/50  loss=0.2036  bal_acc=0.5972
  epoch  44/50  loss=0.1907  bal_acc=0.5816
  epoch  45/50  loss=0.2040  bal_acc=0.5764
  epoch  46/50  loss=0.1908  bal_acc=0.5920
  epoch  47/50  loss=0.1884  bal_acc=0.5938
  epoch  48/50  loss=0.1758  bal_acc=0.5972
  epoch  49/50  loss=0.1731  bal_acc=0.5868
  epoch  50/50  loss=0.1682  bal_acc=0.5885
  [LOSO 9/9] subject 8: acc=0.5885  running_mean=0.5637
Results saved to results/BNCI2014_001/results_trial_116.json
Trial logged to results/BNCI2014_001/trials.csv
[status] trial 116 done (state=COMPLETE, value=0.5636574074074074) -- 103 completed total
Device: cuda
[BNCI2014_001] loading from cache: /home/aleksander.berezowsk/.cache/spiking_eegnet/BNCI2014_001_af1ccf3e92f684d8a93c057082b654d7.npz
[BNCI2014_001] cache hit: (5184, 1, 22, 1001), classes=['feet', 'left_hand', 'right_hand', 'tongue'], subjects=9
Dataset meta: {'n_classes': 4, 'n_channels': 22, 'n_samples': 1001, 'class_names': ['feet', 'left_hand', 'right_hand', 'tongue'], 'subject_list': [1, 2, 3, 4, 5, 6, 7, 8, 9], 'n_subjects': 9, 'sfreq': 250.0}

=== LOSO (hold out subject 0) ===
  Train: 4608 trials  |  Test: 576 trials
  Model params: 21,231
  epoch   1/50  loss=1.3755  bal_acc=0.3802
  epoch   2/50  loss=1.3128  bal_acc=0.3924
  epoch   3/50  loss=1.2582  bal_acc=0.4115
  epoch   4/50  loss=1.2005  bal_acc=0.4479
  epoch   5/50  loss=1.1503  bal_acc=0.4549
  epoch   6/50  loss=1.1021  bal_acc=0.4427
  epoch   7/50  loss=1.0511  bal_acc=0.4635
  epoch   8/50  loss=1.0034  bal_acc=0.4618
  epoch   9/50  loss=0.9663  bal_acc=0.4931
  epoch  10/50  loss=0.9353  bal_acc=0.4913
  epoch  11/50  loss=0.8979  bal_acc=0.4740
  epoch  12/50  loss=0.8660  bal_acc=0.4913
  epoch  13/50  loss=0.8401  bal_acc=0.4965
  epoch  14/50  loss=0.8115  bal_acc=0.5330
  epoch  15/50  loss=0.7809  bal_acc=0.5226
  epoch  16/50  loss=0.7520  bal_acc=0.5451
  epoch  17/50  loss=0.7328  bal_acc=0.5260
  epoch  18/50  loss=0.7139  bal_acc=0.5295
  epoch  19/50  loss=0.6906  bal_acc=0.5417
  epoch  20/50  loss=0.6668  bal_acc=0.5521
  epoch  21/50  loss=0.6550  bal_acc=0.5503
  epoch  22/50  loss=0.6370  bal_acc=0.5573
  epoch  23/50  loss=0.6188  bal_acc=0.5503
  epoch  24/50  loss=0.5973  bal_acc=0.5469
  epoch  25/50  loss=0.5888  bal_acc=0.5503
  epoch  26/50  loss=0.5778  bal_acc=0.5503
  epoch  27/50  loss=0.5688  bal_acc=0.5608
  epoch  28/50  loss=0.5496  bal_acc=0.5747
  epoch  29/50  loss=0.5402  bal_acc=0.5590
  epoch  30/50  loss=0.5274  bal_acc=0.5625
  epoch  31/50  loss=0.5170  bal_acc=0.5503
  epoch  32/50  loss=0.5096  bal_acc=0.5365
  epoch  33/50  loss=0.4937  bal_acc=0.5712
  epoch  34/50  loss=0.4820  bal_acc=0.5764
  epoch  35/50  loss=0.4816  bal_acc=0.5521
  epoch  36/50  loss=0.4575  bal_acc=0.5677
  epoch  37/50  loss=0.4547  bal_acc=0.5677
  epoch  38/50  loss=0.4448  bal_acc=0.5642
  epoch  39/50  loss=0.4394  bal_acc=0.5573
  epoch  40/50  loss=0.4407  bal_acc=0.5764
  epoch  41/50  loss=0.4290  bal_acc=0.5799
  epoch  42/50  loss=0.4105  bal_acc=0.5642
  epoch  43/50  loss=0.4075  bal_acc=0.5955
  epoch  44/50  loss=0.4028  bal_acc=0.5642
  epoch  45/50  loss=0.3932  bal_acc=0.5990
  epoch  46/50  loss=0.3811  bal_acc=0.5660
  epoch  47/50  loss=0.3786  bal_acc=0.5608
  epoch  48/50  loss=0.3712  bal_acc=0.5538
  epoch  49/50  loss=0.3586  bal_acc=0.5868
  epoch  50/50  loss=0.3638  bal_acc=0.5799
  [LOSO 1/9] subject 0: acc=0.5799  running_mean=0.5799

=== LOSO (hold out subject 1) ===
  Train: 4608 trials  |  Test: 576 trials
  Model params: 21,231
  epoch   1/50  loss=1.3717  bal_acc=0.3368
  epoch   2/50  loss=1.3133  bal_acc=0.3438
  epoch   3/50  loss=1.2619  bal_acc=0.3247
  epoch   4/50  loss=1.2078  bal_acc=0.3542
  epoch   5/50  loss=1.1410  bal_acc=0.3681
  epoch   6/50  loss=1.0742  bal_acc=0.3767
  epoch   7/50  loss=1.0153  bal_acc=0.3698
  epoch   8/50  loss=0.9537  bal_acc=0.3889
  epoch   9/50  loss=0.9105  bal_acc=0.3958
  epoch  10/50  loss=0.8650  bal_acc=0.4010
  epoch  11/50  loss=0.8214  bal_acc=0.4045
  epoch  12/50  loss=0.7889  bal_acc=0.4010
  epoch  13/50  loss=0.7612  bal_acc=0.4201
  epoch  14/50  loss=0.7304  bal_acc=0.4323
  epoch  15/50  loss=0.7132  bal_acc=0.4219
  epoch  16/50  loss=0.6859  bal_acc=0.4323
  epoch  17/50  loss=0.6614  bal_acc=0.4306
  epoch  18/50  loss=0.6435  bal_acc=0.4358
  epoch  19/50  loss=0.6142  bal_acc=0.4549
  epoch  20/50  loss=0.6020  bal_acc=0.4340
  epoch  21/50  loss=0.5880  bal_acc=0.4479
  epoch  22/50  loss=0.5766  bal_acc=0.4271
  epoch  23/50  loss=0.5590  bal_acc=0.4479
  epoch  24/50  loss=0.5390  bal_acc=0.4549
  epoch  25/50  loss=0.5276  bal_acc=0.4618
  epoch  26/50  loss=0.5111  bal_acc=0.4757
  epoch  27/50  loss=0.4976  bal_acc=0.4566
  epoch  28/50  loss=0.4875  bal_acc=0.4306
  epoch  29/50  loss=0.4786  bal_acc=0.4392
  epoch  30/50  loss=0.4583  bal_acc=0.4479
  epoch  31/50  loss=0.4463  bal_acc=0.4410
  epoch  32/50  loss=0.4360  bal_acc=0.4462
  epoch  33/50  loss=0.4259  bal_acc=0.4497
  epoch  34/50  loss=0.4150  bal_acc=0.4566
  epoch  35/50  loss=0.4091  bal_acc=0.4618
  epoch  36/50  loss=0.3921  bal_acc=0.4566
  epoch  37/50  loss=0.4018  bal_acc=0.4670
  epoch  38/50  loss=0.3804  bal_acc=0.4444
  epoch  39/50  loss=0.3763  bal_acc=0.4375
  epoch  40/50  loss=0.3652  bal_acc=0.4253
  epoch  41/50  loss=0.3663  bal_acc=0.4531
  epoch  42/50  loss=0.3507  bal_acc=0.4531
  epoch  43/50  loss=0.3459  bal_acc=0.4358
  epoch  44/50  loss=0.3365  bal_acc=0.4618
  epoch  45/50  loss=0.3314  bal_acc=0.4583
  epoch  46/50  loss=0.3197  bal_acc=0.4514
  epoch  47/50  loss=0.3140  bal_acc=0.4236
  epoch  48/50  loss=0.3111  bal_acc=0.4583
  epoch  49/50  loss=0.3066  bal_acc=0.4653
  epoch  50/50  loss=0.2952  bal_acc=0.4601
  [LOSO 2/9] subject 1: acc=0.4601  running_mean=0.5200

=== LOSO (hold out subject 2) ===
  Train: 4608 trials  |  Test: 576 trials
  Model params: 21,231
  epoch   1/50  loss=1.3762  bal_acc=0.3385
  epoch   2/50  loss=1.3223  bal_acc=0.4236
  epoch   3/50  loss=1.2584  bal_acc=0.4306
  epoch   4/50  loss=1.1936  bal_acc=0.4653
  epoch   5/50  loss=1.1301  bal_acc=0.5000
  epoch   6/50  loss=1.0875  bal_acc=0.5208
  epoch   7/50  loss=1.0427  bal_acc=0.5434
  epoch   8/50  loss=0.9984  bal_acc=0.5434
  epoch   9/50  loss=0.9622  bal_acc=0.5295
  epoch  10/50  loss=0.9294  bal_acc=0.5330
  epoch  11/50  loss=0.8922  bal_acc=0.5833
  epoch  12/50  loss=0.8690  bal_acc=0.5729
  epoch  13/50  loss=0.8430  bal_acc=0.6233
  epoch  14/50  loss=0.8118  bal_acc=0.6146
  epoch  15/50  loss=0.7894  bal_acc=0.6267
  epoch  16/50  loss=0.7602  bal_acc=0.6458
  epoch  17/50  loss=0.7449  bal_acc=0.6285
  epoch  18/50  loss=0.7213  bal_acc=0.6597
  epoch  19/50  loss=0.7042  bal_acc=0.6562
  epoch  20/50  loss=0.6871  bal_acc=0.6632
  epoch  21/50  loss=0.6728  bal_acc=0.6597
  epoch  22/50  loss=0.6534  bal_acc=0.6372
  epoch  23/50  loss=0.6368  bal_acc=0.6545
  epoch  24/50  loss=0.6200  bal_acc=0.6736
  epoch  25/50  loss=0.6073  bal_acc=0.6840
  epoch  26/50  loss=0.5932  bal_acc=0.6979
  epoch  27/50  loss=0.5784  bal_acc=0.7118
  epoch  28/50  loss=0.5677  bal_acc=0.6927
  epoch  29/50  loss=0.5513  bal_acc=0.7309
  epoch  30/50  loss=0.5419  bal_acc=0.7257
  epoch  31/50  loss=0.5325  bal_acc=0.7170
  epoch  32/50  loss=0.5263  bal_acc=0.7257
  epoch  33/50  loss=0.5100  bal_acc=0.7396
  epoch  34/50  loss=0.4983  bal_acc=0.7066
  epoch  35/50  loss=0.4856  bal_acc=0.7361
  epoch  36/50  loss=0.4760  bal_acc=0.6944
  epoch  37/50  loss=0.4727  bal_acc=0.7431
  epoch  38/50  loss=0.4582  bal_acc=0.7500
  epoch  39/50  loss=0.4512  bal_acc=0.6927
  epoch  40/50  loss=0.4364  bal_acc=0.7066
  epoch  41/50  loss=0.4309  bal_acc=0.7361
  epoch  42/50  loss=0.4271  bal_acc=0.7292
  epoch  43/50  loss=0.4263  bal_acc=0.7257
  epoch  44/50  loss=0.4096  bal_acc=0.7205
  epoch  45/50  loss=0.3997  bal_acc=0.6944
  epoch  46/50  loss=0.3979  bal_acc=0.7292
  epoch  47/50  loss=0.3928  bal_acc=0.7274
  epoch  48/50  loss=0.3830  bal_acc=0.7344
  epoch  49/50  loss=0.3793  bal_acc=0.7222
  epoch  50/50  loss=0.3689  bal_acc=0.7274
  [LOSO 3/9] subject 2: acc=0.7274  running_mean=0.5891

=== LOSO (hold out subject 3) ===
  Train: 4608 trials  |  Test: 576 trials
  Model params: 21,231
  epoch   1/50  loss=1.3717  bal_acc=0.3715
  epoch   2/50  loss=1.3027  bal_acc=0.3663
  epoch   3/50  loss=1.2468  bal_acc=0.4045
  epoch   4/50  loss=1.1778  bal_acc=0.3906
  epoch   5/50  loss=1.1090  bal_acc=0.4062
  epoch   6/50  loss=1.0420  bal_acc=0.4583
  epoch   7/50  loss=0.9850  bal_acc=0.4149
  epoch   8/50  loss=0.9319  bal_acc=0.4410
  epoch   9/50  loss=0.8824  bal_acc=0.4253
  epoch  10/50  loss=0.8355  bal_acc=0.4444
  epoch  11/50  loss=0.7924  bal_acc=0.4392
  epoch  12/50  loss=0.7528  bal_acc=0.4253
  epoch  13/50  loss=0.7292  bal_acc=0.4375
  epoch  14/50  loss=0.6978  bal_acc=0.4635
  epoch  15/50  loss=0.6745  bal_acc=0.4271
  epoch  16/50  loss=0.6611  bal_acc=0.4740
  epoch  17/50  loss=0.6409  bal_acc=0.4392
  epoch  18/50  loss=0.6254  bal_acc=0.4392
  epoch  19/50  loss=0.6059  bal_acc=0.3976
  epoch  20/50  loss=0.5856  bal_acc=0.4340
  epoch  21/50  loss=0.5747  bal_acc=0.4740
  epoch  22/50  loss=0.5619  bal_acc=0.4410
  epoch  23/50  loss=0.5488  bal_acc=0.4479
  epoch  24/50  loss=0.5398  bal_acc=0.4462
  epoch  25/50  loss=0.5290  bal_acc=0.4635
  epoch  26/50  loss=0.5201  bal_acc=0.4358
  epoch  27/50  loss=0.5010  bal_acc=0.4497
  epoch  28/50  loss=0.4906  bal_acc=0.4566
  epoch  29/50  loss=0.4784  bal_acc=0.4601
  epoch  30/50  loss=0.4758  bal_acc=0.4306
  epoch  31/50  loss=0.4658  bal_acc=0.4531
  epoch  32/50  loss=0.4517  bal_acc=0.4531
  epoch  33/50  loss=0.4445  bal_acc=0.4358
  epoch  34/50  loss=0.4384  bal_acc=0.4201
  epoch  35/50  loss=0.4290  bal_acc=0.4375
  epoch  36/50  loss=0.4210  bal_acc=0.4045
  epoch  37/50  loss=0.4122  bal_acc=0.4271
  epoch  38/50  loss=0.4050  bal_acc=0.4392
  epoch  39/50  loss=0.4000  bal_acc=0.4757
  epoch  40/50  loss=0.3986  bal_acc=0.4601
  epoch  41/50  loss=0.3847  bal_acc=0.4358
  epoch  42/50  loss=0.3733  bal_acc=0.4757
  epoch  43/50  loss=0.3739  bal_acc=0.4375
  epoch  44/50  loss=0.3569  bal_acc=0.4531
