Job ID   : 44392966
Node     : fg7
Started  : Mon Jul  6 03:11:52 MDT 2026
Directory: /home/aleksander.berezowsk/spiking-eegnet
Requirement already satisfied: setuptools==69.5.1 in /home/aleksander.berezowsk/venv/lib/python3.12/site-packages (69.5.1)
Requirement already satisfied: torch==2.4.0 in /home/aleksander.berezowsk/venv/lib/python3.12/site-packages (2.4.0)
Requirement already satisfied: torchvision==0.19.0 in /home/aleksander.berezowsk/venv/lib/python3.12/site-packages (0.19.0)
Requirement already satisfied: torchaudio==2.4.0 in /home/aleksander.berezowsk/venv/lib/python3.12/site-packages (2.4.0)
Requirement already satisfied: torchmetrics in /home/aleksander.berezowsk/venv/lib/python3.12/site-packages (1.9.0)
Requirement already satisfied: filelock in /home/aleksander.berezowsk/venv/lib/python3.12/site-packages (from torch==2.4.0) (3.29.0)
Requirement already satisfied: typing-extensions>=4.8.0 in /home/aleksander.berezowsk/venv/lib/python3.12/site-packages (from torch==2.4.0) (4.15.0)
Requirement already satisfied: sympy in /home/aleksander.berezowsk/venv/lib/python3.12/site-packages (from torch==2.4.0) (1.14.0)
Requirement already satisfied: networkx in /home/aleksander.berezowsk/venv/lib/python3.12/site-packages (from torch==2.4.0) (3.6.1)
Requirement already satisfied: jinja2 in /home/aleksander.berezowsk/venv/lib/python3.12/site-packages (from torch==2.4.0) (3.1.6)
Requirement already satisfied: fsspec in /home/aleksander.berezowsk/venv/lib/python3.12/site-packages (from torch==2.4.0) (2026.4.0)
Requirement already satisfied: setuptools in /home/aleksander.berezowsk/venv/lib/python3.12/site-packages (from torch==2.4.0) (69.5.1)
Requirement already satisfied: nvidia-cuda-nvrtc-cu12==12.1.105 in /home/aleksander.berezowsk/venv/lib/python3.12/site-packages (from torch==2.4.0) (12.1.105)
Requirement already satisfied: nvidia-cuda-runtime-cu12==12.1.105 in /home/aleksander.berezowsk/venv/lib/python3.12/site-packages (from torch==2.4.0) (12.1.105)
Requirement already satisfied: nvidia-cuda-cupti-cu12==12.1.105 in /home/aleksander.berezowsk/venv/lib/python3.12/site-packages (from torch==2.4.0) (12.1.105)
Requirement already satisfied: nvidia-cudnn-cu12==9.1.0.70 in /home/aleksander.berezowsk/venv/lib/python3.12/site-packages (from torch==2.4.0) (9.1.0.70)
Requirement already satisfied: nvidia-cublas-cu12==12.1.3.1 in /home/aleksander.berezowsk/venv/lib/python3.12/site-packages (from torch==2.4.0) (12.1.3.1)
Requirement already satisfied: nvidia-cufft-cu12==11.0.2.54 in /home/aleksander.berezowsk/venv/lib/python3.12/site-packages (from torch==2.4.0) (11.0.2.54)
Requirement already satisfied: nvidia-curand-cu12==10.3.2.106 in /home/aleksander.berezowsk/venv/lib/python3.12/site-packages (from torch==2.4.0) (10.3.2.106)
Requirement already satisfied: nvidia-cusolver-cu12==11.4.5.107 in /home/aleksander.berezowsk/venv/lib/python3.12/site-packages (from torch==2.4.0) (11.4.5.107)
Requirement already satisfied: nvidia-cusparse-cu12==12.1.0.106 in /home/aleksander.berezowsk/venv/lib/python3.12/site-packages (from torch==2.4.0) (12.1.0.106)
Requirement already satisfied: nvidia-nccl-cu12==2.20.5 in /home/aleksander.berezowsk/venv/lib/python3.12/site-packages (from torch==2.4.0) (2.20.5)
Requirement already satisfied: nvidia-nvtx-cu12==12.1.105 in /home/aleksander.berezowsk/venv/lib/python3.12/site-packages (from torch==2.4.0) (12.1.105)
Requirement already satisfied: triton==3.0.0 in /home/aleksander.berezowsk/venv/lib/python3.12/site-packages (from torch==2.4.0) (3.0.0)
Requirement already satisfied: numpy in /home/aleksander.berezowsk/venv/lib/python3.12/site-packages (from torchvision==0.19.0) (2.4.6)
Requirement already satisfied: pillow!=8.3.*,>=5.3.0 in /home/aleksander.berezowsk/venv/lib/python3.12/site-packages (from torchvision==0.19.0) (12.2.0)
Requirement already satisfied: nvidia-nvjitlink-cu12 in /home/aleksander.berezowsk/venv/lib/python3.12/site-packages (from nvidia-cusolver-cu12==11.4.5.107->torch==2.4.0) (12.9.86)
Requirement already satisfied: packaging>17.1 in /home/aleksander.berezowsk/venv/lib/python3.12/site-packages (from torchmetrics) (26.2)
Requirement already satisfied: lightning-utilities>=0.15.3 in /home/aleksander.berezowsk/venv/lib/python3.12/site-packages (from torchmetrics) (0.15.3)
Requirement already satisfied: MarkupSafe>=2.0 in /home/aleksander.berezowsk/venv/lib/python3.12/site-packages (from jinja2->torch==2.4.0) (3.0.3)
Requirement already satisfied: mpmath<1.4,>=1.1.0 in /home/aleksander.berezowsk/venv/lib/python3.12/site-packages (from sympy->torch==2.4.0) (1.3.0)
Requirement already satisfied: optuna in /home/aleksander.berezowsk/venv/lib/python3.12/site-packages (4.9.0)
Requirement already satisfied: snntorch in /home/aleksander.berezowsk/venv/lib/python3.12/site-packages (0.9.4)
Requirement already satisfied: alembic>=1.5.0 in /home/aleksander.berezowsk/venv/lib/python3.12/site-packages (from optuna) (1.18.4)
Requirement already satisfied: colorlog in /home/aleksander.berezowsk/venv/lib/python3.12/site-packages (from optuna) (6.10.1)
Requirement already satisfied: numpy in /home/aleksander.berezowsk/venv/lib/python3.12/site-packages (from optuna) (2.4.6)
Requirement already satisfied: packaging>=20.0 in /home/aleksander.berezowsk/venv/lib/python3.12/site-packages (from optuna) (26.2)
Requirement already satisfied: sqlalchemy>=1.4.2 in /home/aleksander.berezowsk/venv/lib/python3.12/site-packages (from optuna) (2.0.50)
Requirement already satisfied: tqdm in /home/aleksander.berezowsk/venv/lib/python3.12/site-packages (from optuna) (4.67.3)
Requirement already satisfied: PyYAML in /home/aleksander.berezowsk/venv/lib/python3.12/site-packages (from optuna) (6.0.3)
Requirement already satisfied: Mako in /home/aleksander.berezowsk/venv/lib/python3.12/site-packages (from alembic>=1.5.0->optuna) (1.3.12)
Requirement already satisfied: typing-extensions>=4.12 in /home/aleksander.berezowsk/venv/lib/python3.12/site-packages (from alembic>=1.5.0->optuna) (4.15.0)
Requirement already satisfied: greenlet>=1 in /home/aleksander.berezowsk/venv/lib/python3.12/site-packages (from sqlalchemy>=1.4.2->optuna) (3.5.1)
Requirement already satisfied: MarkupSafe>=0.9.2 in /home/aleksander.berezowsk/venv/lib/python3.12/site-packages (from Mako->alembic>=1.5.0->optuna) (3.0.3)
Device: cuda
[BNCI2014_001] loading from cache: /home/aleksander.berezowsk/.cache/spiking_eegnet/BNCI2014_001_af1ccf3e92f684d8a93c057082b654d7.npz
[BNCI2014_001] cache hit: (5184, 1, 22, 1001), classes=['feet', 'left_hand', 'right_hand', 'tongue'], subjects=9
Dataset meta: {'n_classes': 4, 'n_channels': 22, 'n_samples': 1001, 'class_names': ['feet', 'left_hand', 'right_hand', 'tongue'], 'subject_list': [1, 2, 3, 4, 5, 6, 7, 8, 9], 'n_subjects': 9, 'sfreq': 250.0}

=== LOSO (hold out subject 0) ===
  Train: 4608 trials  |  Test: 576 trials
  Model params: 60,395
  epoch   1/50  loss=1.3776  bal_acc=0.3194
  epoch   2/50  loss=1.3332  bal_acc=0.3507
  epoch   3/50  loss=1.2925  bal_acc=0.3785
  epoch   4/50  loss=1.2564  bal_acc=0.3490
  epoch   5/50  loss=1.2211  bal_acc=0.3924
  epoch   6/50  loss=1.1834  bal_acc=0.4028
  epoch   7/50  loss=1.1420  bal_acc=0.4010
  epoch   8/50  loss=1.0962  bal_acc=0.4184
  epoch   9/50  loss=1.0523  bal_acc=0.4375
  epoch  10/50  loss=1.0102  bal_acc=0.4462
  epoch  11/50  loss=0.9716  bal_acc=0.4462
  epoch  12/50  loss=0.9387  bal_acc=0.4479
  epoch  13/50  loss=0.9100  bal_acc=0.4601
  epoch  14/50  loss=0.8757  bal_acc=0.4601
  epoch  15/50  loss=0.8568  bal_acc=0.4913
  epoch  16/50  loss=0.8266  bal_acc=0.4774
  epoch  17/50  loss=0.8059  bal_acc=0.4635
  epoch  18/50  loss=0.7836  bal_acc=0.4670
  epoch  19/50  loss=0.7638  bal_acc=0.4826
  epoch  20/50  loss=0.7397  bal_acc=0.4809
  epoch  21/50  loss=0.7197  bal_acc=0.4757
  epoch  22/50  loss=0.7046  bal_acc=0.4826
  epoch  23/50  loss=0.6834  bal_acc=0.4740
  epoch  24/50  loss=0.6648  bal_acc=0.4601
  epoch  25/50  loss=0.6495  bal_acc=0.4878
  epoch  26/50  loss=0.6315  bal_acc=0.4601
  epoch  27/50  loss=0.6179  bal_acc=0.4618
  epoch  28/50  loss=0.6090  bal_acc=0.4740
  epoch  29/50  loss=0.5917  bal_acc=0.4670
  epoch  30/50  loss=0.5772  bal_acc=0.4688
  epoch  31/50  loss=0.5685  bal_acc=0.4826
  epoch  32/50  loss=0.5531  bal_acc=0.4722
  epoch  33/50  loss=0.5408  bal_acc=0.4740
  epoch  34/50  loss=0.5241  bal_acc=0.4705
  epoch  35/50  loss=0.5124  bal_acc=0.4688
  epoch  36/50  loss=0.5025  bal_acc=0.4722
  epoch  37/50  loss=0.4938  bal_acc=0.4774
  epoch  38/50  loss=0.4776  bal_acc=0.4878
  epoch  39/50  loss=0.4715  bal_acc=0.4931
  epoch  40/50  loss=0.4617  bal_acc=0.4826
  epoch  41/50  loss=0.4455  bal_acc=0.5017
  epoch  42/50  loss=0.4388  bal_acc=0.4931
  epoch  43/50  loss=0.4328  bal_acc=0.4965
  epoch  44/50  loss=0.4207  bal_acc=0.4983
  epoch  45/50  loss=0.4089  bal_acc=0.4826
  epoch  46/50  loss=0.3984  bal_acc=0.4844
  epoch  47/50  loss=0.3943  bal_acc=0.4983
  epoch  48/50  loss=0.3870  bal_acc=0.4861
  epoch  49/50  loss=0.3745  bal_acc=0.5000
  epoch  50/50  loss=0.3699  bal_acc=0.4931
  [LOSO 1/9] subject 0: acc=0.4931  running_mean=0.4931

=== LOSO (hold out subject 1) ===
  Train: 4608 trials  |  Test: 576 trials
  Model params: 60,395
  epoch   1/50  loss=1.3733  bal_acc=0.2986
  epoch   2/50  loss=1.3298  bal_acc=0.3385
  epoch   3/50  loss=1.2898  bal_acc=0.3455
  epoch   4/50  loss=1.2483  bal_acc=0.3802
  epoch   5/50  loss=1.2148  bal_acc=0.3733
  epoch   6/50  loss=1.1793  bal_acc=0.3681
  epoch   7/50  loss=1.1396  bal_acc=0.3455
  epoch   8/50  loss=1.0945  bal_acc=0.3715
  epoch   9/50  loss=1.0473  bal_acc=0.3785
  epoch  10/50  loss=1.0065  bal_acc=0.3646
  epoch  11/50  loss=0.9667  bal_acc=0.3854
  epoch  12/50  loss=0.9331  bal_acc=0.3837
  epoch  13/50  loss=0.9005  bal_acc=0.3924
  epoch  14/50  loss=0.8769  bal_acc=0.4201
  epoch  15/50  loss=0.8549  bal_acc=0.4010
  epoch  16/50  loss=0.8253  bal_acc=0.4062
  epoch  17/50  loss=0.8006  bal_acc=0.3958
  epoch  18/50  loss=0.7777  bal_acc=0.4080
  epoch  19/50  loss=0.7518  bal_acc=0.4062
  epoch  20/50  loss=0.7389  bal_acc=0.4097
  epoch  21/50  loss=0.7148  bal_acc=0.4132
  epoch  22/50  loss=0.6969  bal_acc=0.4080
  epoch  23/50  loss=0.6794  bal_acc=0.4236
  epoch  24/50  loss=0.6535  bal_acc=0.4115
  epoch  25/50  loss=0.6433  bal_acc=0.4010
  epoch  26/50  loss=0.6258  bal_acc=0.3958
  epoch  27/50  loss=0.6114  bal_acc=0.4219
  epoch  28/50  loss=0.5887  bal_acc=0.4063
  epoch  29/50  loss=0.5717  bal_acc=0.4219
  epoch  30/50  loss=0.5584  bal_acc=0.4201
  epoch  31/50  loss=0.5436  bal_acc=0.4149
  epoch  32/50  loss=0.5248  bal_acc=0.4236
  epoch  33/50  loss=0.5104  bal_acc=0.4253
  epoch  34/50  loss=0.5024  bal_acc=0.4167
  epoch  35/50  loss=0.4825  bal_acc=0.4167
  epoch  36/50  loss=0.4737  bal_acc=0.4236
  epoch  37/50  loss=0.4643  bal_acc=0.4306
  epoch  38/50  loss=0.4458  bal_acc=0.4201
  epoch  39/50  loss=0.4375  bal_acc=0.4184
  epoch  40/50  loss=0.4285  bal_acc=0.4132
  epoch  41/50  loss=0.4105  bal_acc=0.4236
  epoch  42/50  loss=0.4067  bal_acc=0.4392
  epoch  43/50  loss=0.4022  bal_acc=0.4340
  epoch  44/50  loss=0.3796  bal_acc=0.4375
  epoch  45/50  loss=0.3725  bal_acc=0.4236
  epoch  46/50  loss=0.3681  bal_acc=0.4132
  epoch  47/50  loss=0.3604  bal_acc=0.4288
  epoch  48/50  loss=0.3457  bal_acc=0.4271
  epoch  49/50  loss=0.3355  bal_acc=0.4306
  epoch  50/50  loss=0.3340  bal_acc=0.4392
  [LOSO 2/9] subject 1: acc=0.4392  running_mean=0.4661

=== LOSO (hold out subject 2) ===
  Train: 4608 trials  |  Test: 576 trials
  Model params: 60,395
  epoch   1/50  loss=1.3679  bal_acc=0.3698
  epoch   2/50  loss=1.3159  bal_acc=0.3767
  epoch   3/50  loss=1.2776  bal_acc=0.3819
  epoch   4/50  loss=1.2491  bal_acc=0.4062
  epoch   5/50  loss=1.2192  bal_acc=0.4427
  epoch   6/50  loss=1.1774  bal_acc=0.4792
  epoch   7/50  loss=1.1369  bal_acc=0.4514
  epoch   8/50  loss=1.0933  bal_acc=0.5260
  epoch   9/50  loss=1.0502  bal_acc=0.5590
  epoch  10/50  loss=1.0099  bal_acc=0.5365
  epoch  11/50  loss=0.9772  bal_acc=0.5330
  epoch  12/50  loss=0.9481  bal_acc=0.5365
  epoch  13/50  loss=0.9184  bal_acc=0.5469
  epoch  14/50  loss=0.8908  bal_acc=0.5434
  epoch  15/50  loss=0.8648  bal_acc=0.5486
  epoch  16/50  loss=0.8399  bal_acc=0.5330
  epoch  17/50  loss=0.8195  bal_acc=0.5469
  epoch  18/50  loss=0.8002  bal_acc=0.5938
  epoch  19/50  loss=0.7754  bal_acc=0.5764
  epoch  20/50  loss=0.7528  bal_acc=0.5469
  epoch  21/50  loss=0.7363  bal_acc=0.5920
  epoch  22/50  loss=0.7166  bal_acc=0.5972
  epoch  23/50  loss=0.6980  bal_acc=0.5920
  epoch  24/50  loss=0.6783  bal_acc=0.6319
  epoch  25/50  loss=0.6679  bal_acc=0.6285
  epoch  26/50  loss=0.6474  bal_acc=0.6128
  epoch  27/50  loss=0.6272  bal_acc=0.6458
  epoch  28/50  loss=0.6178  bal_acc=0.6302
  epoch  29/50  loss=0.6001  bal_acc=0.5938
  epoch  30/50  loss=0.5854  bal_acc=0.6649
  epoch  31/50  loss=0.5733  bal_acc=0.6493
  epoch  32/50  loss=0.5567  bal_acc=0.6493
  epoch  33/50  loss=0.5404  bal_acc=0.6701
  epoch  34/50  loss=0.5281  bal_acc=0.6667
  epoch  35/50  loss=0.5147  bal_acc=0.6806
  epoch  36/50  loss=0.5036  bal_acc=0.6667
  epoch  37/50  loss=0.4896  bal_acc=0.6701
  epoch  38/50  loss=0.4814  bal_acc=0.6319
  epoch  39/50  loss=0.4678  bal_acc=0.6528
  epoch  40/50  loss=0.4559  bal_acc=0.6753
  epoch  41/50  loss=0.4446  bal_acc=0.6840
  epoch  42/50  loss=0.4362  bal_acc=0.6545
  epoch  43/50  loss=0.4234  bal_acc=0.6910
  epoch  44/50  loss=0.4147  bal_acc=0.6840
  epoch  45/50  loss=0.4048  bal_acc=0.6806
  epoch  46/50  loss=0.3944  bal_acc=0.6667
  epoch  47/50  loss=0.3853  bal_acc=0.6753
  epoch  48/50  loss=0.3753  bal_acc=0.6823
  epoch  49/50  loss=0.3661  bal_acc=0.6944
  epoch  50/50  loss=0.3612  bal_acc=0.6875
  [LOSO 3/9] subject 2: acc=0.6875  running_mean=0.5399

=== LOSO (hold out subject 3) ===
  Train: 4608 trials  |  Test: 576 trials
  Model params: 60,395
  epoch   1/50  loss=1.3792  bal_acc=0.3455
  epoch   2/50  loss=1.3307  bal_acc=0.3472
  epoch   3/50  loss=1.2902  bal_acc=0.3455
  epoch   4/50  loss=1.2541  bal_acc=0.3455
  epoch   5/50  loss=1.2180  bal_acc=0.3628
  epoch   6/50  loss=1.1774  bal_acc=0.4201
  epoch   7/50  loss=1.1324  bal_acc=0.4149
  epoch   8/50  loss=1.0904  bal_acc=0.4184
  epoch   9/50  loss=1.0464  bal_acc=0.4288
  epoch  10/50  loss=1.0046  bal_acc=0.4236
  epoch  11/50  loss=0.9661  bal_acc=0.4306
  epoch  12/50  loss=0.9296  bal_acc=0.4566
  epoch  13/50  loss=0.8952  bal_acc=0.4566
  epoch  14/50  loss=0.8664  bal_acc=0.4410
  epoch  15/50  loss=0.8322  bal_acc=0.4358
  epoch  16/50  loss=0.8005  bal_acc=0.4375
  epoch  17/50  loss=0.7756  bal_acc=0.4531
  epoch  18/50  loss=0.7534  bal_acc=0.4688
  epoch  19/50  loss=0.7223  bal_acc=0.4323
  epoch  20/50  loss=0.6869  bal_acc=0.4479
  epoch  21/50  loss=0.6694  bal_acc=0.4635
  epoch  22/50  loss=0.6490  bal_acc=0.4601
  epoch  23/50  loss=0.6305  bal_acc=0.4583
  epoch  24/50  loss=0.6097  bal_acc=0.4601
  epoch  25/50  loss=0.6010  bal_acc=0.4618
  epoch  26/50  loss=0.5818  bal_acc=0.4635
  epoch  27/50  loss=0.5612  bal_acc=0.4635
  epoch  28/50  loss=0.5481  bal_acc=0.4514
  epoch  29/50  loss=0.5349  bal_acc=0.4618
  epoch  30/50  loss=0.5221  bal_acc=0.4618
  epoch  31/50  loss=0.5082  bal_acc=0.4444
  epoch  32/50  loss=0.4978  bal_acc=0.4444
  epoch  33/50  loss=0.4780  bal_acc=0.4531
  epoch  34/50  loss=0.4705  bal_acc=0.4566
  epoch  35/50  loss=0.4606  bal_acc=0.4653
  epoch  36/50  loss=0.4492  bal_acc=0.4774
  epoch  37/50  loss=0.4389  bal_acc=0.4635
  epoch  38/50  loss=0.4224  bal_acc=0.4740
  epoch  39/50  loss=0.4107  bal_acc=0.4635
  epoch  40/50  loss=0.4027  bal_acc=0.4757
  epoch  41/50  loss=0.3945  bal_acc=0.4653
  epoch  42/50  loss=0.3835  bal_acc=0.4705
  epoch  43/50  loss=0.3781  bal_acc=0.4618
  epoch  44/50  loss=0.3668  bal_acc=0.4757
  epoch  45/50  loss=0.3596  bal_acc=0.4722
  epoch  46/50  loss=0.3500  bal_acc=0.4740
  epoch  47/50  loss=0.3342  bal_acc=0.4809
  epoch  48/50  loss=0.3361  bal_acc=0.4358
  epoch  49/50  loss=0.3282  bal_acc=0.4844
  epoch  50/50  loss=0.3135  bal_acc=0.4948
  [LOSO 4/9] subject 3: acc=0.4948  running_mean=0.5286

=== LOSO (hold out subject 4) ===
  Train: 4608 trials  |  Test: 576 trials
  Model params: 60,395
  epoch   1/50  loss=1.3757  bal_acc=0.2847
  epoch   2/50  loss=1.3267  bal_acc=0.3316
  epoch   3/50  loss=1.2827  bal_acc=0.3316
  epoch   4/50  loss=1.2407  bal_acc=0.3611
  epoch   5/50  loss=1.2046  bal_acc=0.3750
  epoch   6/50  loss=1.1680  bal_acc=0.4045
  epoch   7/50  loss=1.1287  bal_acc=0.4132
  epoch   8/50  loss=1.0921  bal_acc=0.4288
  epoch   9/50  loss=1.0588  bal_acc=0.4410
  epoch  10/50  loss=1.0321  bal_acc=0.4479
  epoch  11/50  loss=0.9958  bal_acc=0.4618
  epoch  12/50  loss=0.9687  bal_acc=0.4913
  epoch  13/50  loss=0.9453  bal_acc=0.4896
  epoch  14/50  loss=0.9190  bal_acc=0.4948
  epoch  15/50  loss=0.8950  bal_acc=0.5208
  epoch  16/50  loss=0.8790  bal_acc=0.5330
  epoch  17/50  loss=0.8530  bal_acc=0.5295
  epoch  18/50  loss=0.8321  bal_acc=0.5243
  epoch  19/50  loss=0.8151  bal_acc=0.5365
  epoch  20/50  loss=0.7960  bal_acc=0.5347
  epoch  21/50  loss=0.7705  bal_acc=0.5330
  epoch  22/50  loss=0.7494  bal_acc=0.5503
  epoch  23/50  loss=0.7324  bal_acc=0.5469
  epoch  24/50  loss=0.7115  bal_acc=0.5399
  epoch  25/50  loss=0.6955  bal_acc=0.5347
  epoch  26/50  loss=0.6781  bal_acc=0.5694
  epoch  27/50  loss=0.6587  bal_acc=0.5434
  epoch  28/50  loss=0.6426  bal_acc=0.5278
  epoch  29/50  loss=0.6198  bal_acc=0.5469
  epoch  30/50  loss=0.6044  bal_acc=0.5503
  epoch  31/50  loss=0.5896  bal_acc=0.5538
  epoch  32/50  loss=0.5684  bal_acc=0.5521
  epoch  33/50  loss=0.5570  bal_acc=0.5590
  epoch  34/50  loss=0.5442  bal_acc=0.5573
  epoch  35/50  loss=0.5300  bal_acc=0.5399
  epoch  36/50  loss=0.5088  bal_acc=0.5538
  epoch  37/50  loss=0.5005  bal_acc=0.5556
  epoch  38/50  loss=0.4924  bal_acc=0.5608
  epoch  39/50  loss=0.4780  bal_acc=0.5660
  epoch  40/50  loss=0.4627  bal_acc=0.5694
  epoch  41/50  loss=0.4582  bal_acc=0.5590
  epoch  42/50  loss=0.4454  bal_acc=0.5573
  epoch  43/50  loss=0.4322  bal_acc=0.5608
  epoch  44/50  loss=0.4208  bal_acc=0.5694
  epoch  45/50  loss=0.4132  bal_acc=0.5590
  epoch  46/50  loss=0.3949  bal_acc=0.5694
  epoch  47/50  loss=0.3868  bal_acc=0.5434
  epoch  48/50  loss=0.3769  bal_acc=0.5486
  epoch  49/50  loss=0.3642  bal_acc=0.5590
  epoch  50/50  loss=0.3647  bal_acc=0.5503
  [LOSO 5/9] subject 4: acc=0.5503  running_mean=0.5330

=== LOSO (hold out subject 5) ===
  Train: 4608 trials  |  Test: 576 trials
  Model params: 60,395
  epoch   1/50  loss=1.3787  bal_acc=0.2969
  epoch   2/50  loss=1.3323  bal_acc=0.3472
  epoch   3/50  loss=1.2882  bal_acc=0.3594
  epoch   4/50  loss=1.2513  bal_acc=0.3819
  epoch   5/50  loss=1.2160  bal_acc=0.3750
  epoch   6/50  loss=1.1737  bal_acc=0.3802
  epoch   7/50  loss=1.1314  bal_acc=0.4062
  epoch   8/50  loss=1.0852  bal_acc=0.3872
  epoch   9/50  loss=1.0354  bal_acc=0.3819
  epoch  10/50  loss=0.9948  bal_acc=0.4306
  epoch  11/50  loss=0.9567  bal_acc=0.4288
  epoch  12/50  loss=0.9192  bal_acc=0.4566
  epoch  13/50  loss=0.8836  bal_acc=0.4306
  epoch  14/50  loss=0.8565  bal_acc=0.4444
  epoch  15/50  loss=0.8317  bal_acc=0.4444
  epoch  16/50  loss=0.8032  bal_acc=0.4514
  epoch  17/50  loss=0.7740  bal_acc=0.4392
  epoch  18/50  loss=0.7535  bal_acc=0.4531
  epoch  19/50  loss=0.7262  bal_acc=0.4479
  epoch  20/50  loss=0.7078  bal_acc=0.4531
  epoch  21/50  loss=0.6871  bal_acc=0.4462
  epoch  22/50  loss=0.6661  bal_acc=0.4514
  epoch  23/50  loss=0.6422  bal_acc=0.3993
  epoch  24/50  loss=0.6279  bal_acc=0.4653
  epoch  25/50  loss=0.6090  bal_acc=0.4566
  epoch  26/50  loss=0.5920  bal_acc=0.4427
  epoch  27/50  loss=0.5750  bal_acc=0.4479
  epoch  28/50  loss=0.5581  bal_acc=0.4410
  epoch  29/50  loss=0.5401  bal_acc=0.4427
  epoch  30/50  loss=0.5292  bal_acc=0.4531
  epoch  31/50  loss=0.5177  bal_acc=0.4392
  epoch  32/50  loss=0.5006  bal_acc=0.4306
  epoch  33/50  loss=0.4844  bal_acc=0.4410
  epoch  34/50  loss=0.4734  bal_acc=0.4392
  epoch  35/50  loss=0.4603  bal_acc=0.4184
  epoch  36/50  loss=0.4512  bal_acc=0.4392
  epoch  37/50  loss=0.4420  bal_acc=0.4184
  epoch  38/50  loss=0.4238  bal_acc=0.4184
  epoch  39/50  loss=0.4156  bal_acc=0.4340
  epoch  40/50  loss=0.4014  bal_acc=0.4392
  epoch  41/50  loss=0.3956  bal_acc=0.4184
  epoch  42/50  loss=0.3892  bal_acc=0.4115
  epoch  43/50  loss=0.3775  bal_acc=0.4236
  epoch  44/50  loss=0.3705  bal_acc=0.4340
  epoch  45/50  loss=0.3558  bal_acc=0.4184
  epoch  46/50  loss=0.3507  bal_acc=0.4149
  epoch  47/50  loss=0.3409  bal_acc=0.4253
  epoch  48/50  loss=0.3325  bal_acc=0.4184
  epoch  49/50  loss=0.3237  bal_acc=0.4236
  epoch  50/50  loss=0.3148  bal_acc=0.4219
  [LOSO 6/9] subject 5: acc=0.4219  running_mean=0.5145

=== LOSO (hold out subject 6) ===
  Train: 4608 trials  |  Test: 576 trials
  Model params: 60,395
  epoch   1/50  loss=1.3771  bal_acc=0.3420
  epoch   2/50  loss=1.3291  bal_acc=0.3872
  epoch   3/50  loss=1.2875  bal_acc=0.3872
  epoch   4/50  loss=1.2504  bal_acc=0.4236
  epoch   5/50  loss=1.2135  bal_acc=0.4549
  epoch   6/50  loss=1.1752  bal_acc=0.4757
  epoch   7/50  loss=1.1382  bal_acc=0.4931
  epoch   8/50  loss=1.0989  bal_acc=0.5312
  epoch   9/50  loss=1.0578  bal_acc=0.5538
  epoch  10/50  loss=1.0179  bal_acc=0.5521
  epoch  11/50  loss=0.9867  bal_acc=0.5608
  epoch  12/50  loss=0.9535  bal_acc=0.5729
  epoch  13/50  loss=0.9201  bal_acc=0.5538
  epoch  14/50  loss=0.8954  bal_acc=0.5799
  epoch  15/50  loss=0.8684  bal_acc=0.5833
  epoch  16/50  loss=0.8462  bal_acc=0.6059
  epoch  17/50  loss=0.8270  bal_acc=0.6076
  epoch  18/50  loss=0.8031  bal_acc=0.6198
  epoch  19/50  loss=0.7791  bal_acc=0.6076
  epoch  20/50  loss=0.7527  bal_acc=0.6198
  epoch  21/50  loss=0.7321  bal_acc=0.6024
  epoch  22/50  loss=0.7183  bal_acc=0.6111
  epoch  23/50  loss=0.6992  bal_acc=0.6215
  epoch  24/50  loss=0.6768  bal_acc=0.6302
  epoch  25/50  loss=0.6630  bal_acc=0.5729
  epoch  26/50  loss=0.6493  bal_acc=0.6215
  epoch  27/50  loss=0.6254  bal_acc=0.6354
  epoch  28/50  loss=0.6072  bal_acc=0.6267
  epoch  29/50  loss=0.5934  bal_acc=0.6233
  epoch  30/50  loss=0.5816  bal_acc=0.6094
  epoch  31/50  loss=0.5624  bal_acc=0.6302
  epoch  32/50  loss=0.5498  bal_acc=0.6372
  epoch  33/50  loss=0.5324  bal_acc=0.6441
  epoch  34/50  loss=0.5141  bal_acc=0.6476
  epoch  35/50  loss=0.5109  bal_acc=0.6319
  epoch  36/50  loss=0.4913  bal_acc=0.6458
  epoch  37/50  loss=0.4779  bal_acc=0.6458
  epoch  38/50  loss=0.4651  bal_acc=0.6597
  epoch  39/50  loss=0.4570  bal_acc=0.6215
  epoch  40/50  loss=0.4467  bal_acc=0.6458
  epoch  41/50  loss=0.4345  bal_acc=0.6528
  epoch  42/50  loss=0.4205  bal_acc=0.6545
  epoch  43/50  loss=0.4116  bal_acc=0.6649
  epoch  44/50  loss=0.4014  bal_acc=0.6528
  epoch  45/50  loss=0.3983  bal_acc=0.6597
  epoch  46/50  loss=0.3836  bal_acc=0.6528
  epoch  47/50  loss=0.3773  bal_acc=0.6319
  epoch  48/50  loss=0.3636  bal_acc=0.6615
  epoch  49/50  loss=0.3561  bal_acc=0.6458
  epoch  50/50  loss=0.3473  bal_acc=0.6493
  [LOSO 7/9] subject 6: acc=0.6493  running_mean=0.5337

=== LOSO (hold out subject 7) ===
  Train: 4608 trials  |  Test: 576 trials
  Model params: 60,395
  epoch   1/50  loss=1.3779  bal_acc=0.3177
  epoch   2/50  loss=1.3256  bal_acc=0.3785
  epoch   3/50  loss=1.2790  bal_acc=0.3837
  epoch   4/50  loss=1.2409  bal_acc=0.3802
  epoch   5/50  loss=1.2044  bal_acc=0.3906
  epoch   6/50  loss=1.1712  bal_acc=0.4219
  epoch   7/50  loss=1.1241  bal_acc=0.4253
  epoch   8/50  loss=1.0837  bal_acc=0.4410
  epoch   9/50  loss=1.0361  bal_acc=0.4757
  epoch  10/50  loss=0.9955  bal_acc=0.4965
  epoch  11/50  loss=0.9590  bal_acc=0.4948
  epoch  12/50  loss=0.9223  bal_acc=0.5208
  epoch  13/50  loss=0.8918  bal_acc=0.5399
  epoch  14/50  loss=0.8594  bal_acc=0.5330
  epoch  15/50  loss=0.8322  bal_acc=0.5278
  epoch  16/50  loss=0.8109  bal_acc=0.5382
  epoch  17/50  loss=0.7846  bal_acc=0.5538
  epoch  18/50  loss=0.7615  bal_acc=0.5486
  epoch  19/50  loss=0.7423  bal_acc=0.5538
  epoch  20/50  loss=0.7238  bal_acc=0.5486
  epoch  21/50  loss=0.7010  bal_acc=0.5729
  epoch  22/50  loss=0.6862  bal_acc=0.5608
  epoch  23/50  loss=0.6650  bal_acc=0.5781
  epoch  24/50  loss=0.6410  bal_acc=0.5677
  epoch  25/50  loss=0.6321  bal_acc=0.5764
  epoch  26/50  loss=0.6087  bal_acc=0.5729
  epoch  27/50  loss=0.5939  bal_acc=0.5920
  epoch  28/50  loss=0.5845  bal_acc=0.5729
  epoch  29/50  loss=0.5696  bal_acc=0.5816
  epoch  30/50  loss=0.5528  bal_acc=0.5903
  epoch  31/50  loss=0.5420  bal_acc=0.5694
  epoch  32/50  loss=0.5275  bal_acc=0.5642
  epoch  33/50  loss=0.5181  bal_acc=0.5851
  epoch  34/50  loss=0.5053  bal_acc=0.5920
  epoch  35/50  loss=0.4826  bal_acc=0.5868
  epoch  36/50  loss=0.4794  bal_acc=0.5955
  epoch  37/50  loss=0.4709  bal_acc=0.5868
  epoch  38/50  loss=0.4520  bal_acc=0.6024
  epoch  39/50  loss=0.4430  bal_acc=0.6094
  epoch  40/50  loss=0.4357  bal_acc=0.6076
  epoch  41/50  loss=0.4192  bal_acc=0.6076
  epoch  42/50  loss=0.4093  bal_acc=0.6215
  epoch  43/50  loss=0.3992  bal_acc=0.6181
  epoch  44/50  loss=0.4004  bal_acc=0.6233
  epoch  45/50  loss=0.3839  bal_acc=0.6146
  epoch  46/50  loss=0.3724  bal_acc=0.6233
  epoch  47/50  loss=0.3724  bal_acc=0.6250
  epoch  48/50  loss=0.3589  bal_acc=0.5955
  epoch  49/50  loss=0.3516  bal_acc=0.6354
  epoch  50/50  loss=0.3420  bal_acc=0.6285
  [LOSO 8/9] subject 7: acc=0.6285  running_mean=0.5456

=== LOSO (hold out subject 8) ===
  Train: 4608 trials  |  Test: 576 trials
  Model params: 60,395
  epoch   1/50  loss=1.3783  bal_acc=0.2951
  epoch   2/50  loss=1.3323  bal_acc=0.3785
  epoch   3/50  loss=1.2870  bal_acc=0.3247
  epoch   4/50  loss=1.2482  bal_acc=0.3576
  epoch   5/50  loss=1.2142  bal_acc=0.3559
  epoch   6/50  loss=1.1771  bal_acc=0.3628
  epoch   7/50  loss=1.1404  bal_acc=0.3420
  epoch   8/50  loss=1.0959  bal_acc=0.3854
  epoch   9/50  loss=1.0499  bal_acc=0.3872
  epoch  10/50  loss=1.0068  bal_acc=0.4375
  epoch  11/50  loss=0.9756  bal_acc=0.4253
  epoch  12/50  loss=0.9448  bal_acc=0.4583
  epoch  13/50  loss=0.9185  bal_acc=0.4705
  epoch  14/50  loss=0.8907  bal_acc=0.4722
  epoch  15/50  loss=0.8637  bal_acc=0.4531
  epoch  16/50  loss=0.8438  bal_acc=0.4861
  epoch  17/50  loss=0.8181  bal_acc=0.4826
  epoch  18/50  loss=0.7977  bal_acc=0.4861
  epoch  19/50  loss=0.7706  bal_acc=0.4688
  epoch  20/50  loss=0.7511  bal_acc=0.4722
  epoch  21/50  loss=0.7303  bal_acc=0.4774
  epoch  22/50  loss=0.7085  bal_acc=0.4792
  epoch  23/50  loss=0.6900  bal_acc=0.4931
  epoch  24/50  loss=0.6691  bal_acc=0.4566
  epoch  25/50  loss=0.6546  bal_acc=0.4844
  epoch  26/50  loss=0.6354  bal_acc=0.5174
  epoch  27/50  loss=0.6114  bal_acc=0.5087
  epoch  28/50  loss=0.5992  bal_acc=0.4913
  epoch  29/50  loss=0.5854  bal_acc=0.5000
  epoch  30/50  loss=0.5754  bal_acc=0.5208
  epoch  31/50  loss=0.5495  bal_acc=0.5260
  epoch  32/50  loss=0.5345  bal_acc=0.5052
  epoch  33/50  loss=0.5232  bal_acc=0.5000
  epoch  34/50  loss=0.5110  bal_acc=0.5122
  epoch  35/50  loss=0.4987  bal_acc=0.5174
  epoch  36/50  loss=0.4938  bal_acc=0.5017
  epoch  37/50  loss=0.4806  bal_acc=0.4757
  epoch  38/50  loss=0.4649  bal_acc=0.5330
  epoch  39/50  loss=0.4528  bal_acc=0.5087
  epoch  40/50  loss=0.4427  bal_acc=0.4913
  epoch  41/50  loss=0.4241  bal_acc=0.5087
  epoch  42/50  loss=0.4185  bal_acc=0.5035
  epoch  43/50  loss=0.4125  bal_acc=0.4583
  epoch  44/50  loss=0.3992  bal_acc=0.5174
  epoch  45/50  loss=0.3881  bal_acc=0.5347
  epoch  46/50  loss=0.3823  bal_acc=0.5365
  epoch  47/50  loss=0.3679  bal_acc=0.4948
  epoch  48/50  loss=0.3591  bal_acc=0.5069
  epoch  49/50  loss=0.3549  bal_acc=0.5226
  epoch  50/50  loss=0.3475  bal_acc=0.4983
  [LOSO 9/9] subject 8: acc=0.4983  running_mean=0.5403
Results saved to results/BNCI2014_001/results_trial_80.json
Trial logged to results/BNCI2014_001/trials.csv
[status] trial 80 done (state=COMPLETE, value=0.5403163580246914) -- 74 completed total
Device: cuda
[BNCI2014_001] loading from cache: /home/aleksander.berezowsk/.cache/spiking_eegnet/BNCI2014_001_af1ccf3e92f684d8a93c057082b654d7.npz
[BNCI2014_001] cache hit: (5184, 1, 22, 1001), classes=['feet', 'left_hand', 'right_hand', 'tongue'], subjects=9
Dataset meta: {'n_classes': 4, 'n_channels': 22, 'n_samples': 1001, 'class_names': ['feet', 'left_hand', 'right_hand', 'tongue'], 'subject_list': [1, 2, 3, 4, 5, 6, 7, 8, 9], 'n_subjects': 9, 'sfreq': 250.0}

=== LOSO (hold out subject 0) ===
  Train: 4608 trials  |  Test: 576 trials
  Model params: 7,322
  epoch   1/50  loss=1.3011  bal_acc=0.3698
  epoch   2/50  loss=1.1215  bal_acc=0.5000
  epoch   3/50  loss=0.9885  bal_acc=0.5347
  epoch   4/50  loss=0.9061  bal_acc=0.5451
  epoch   5/50  loss=0.8453  bal_acc=0.5712
  epoch   6/50  loss=0.7770  bal_acc=0.5469
  epoch   7/50  loss=0.7446  bal_acc=0.5764
  epoch   8/50  loss=0.6969  bal_acc=0.5660
  epoch   9/50  loss=0.6862  bal_acc=0.5312
  epoch  10/50  loss=0.6487  bal_acc=0.6007
  epoch  11/50  loss=0.6471  bal_acc=0.5729
  epoch  12/50  loss=0.6037  bal_acc=0.5347
  epoch  13/50  loss=0.5780  bal_acc=0.5312
  epoch  14/50  loss=0.5841  bal_acc=0.5903
  epoch  15/50  loss=0.5792  bal_acc=0.5382
  epoch  16/50  loss=0.5495  bal_acc=0.5451
  epoch  17/50  loss=0.5240  bal_acc=0.6163
  epoch  18/50  loss=0.5302  bal_acc=0.5174
  epoch  19/50  loss=0.5128  bal_acc=0.5312
  epoch  20/50  loss=0.4814  bal_acc=0.5747
  epoch  21/50  loss=0.4935  bal_acc=0.5139
  epoch  22/50  loss=0.4706  bal_acc=0.5677
  epoch  23/50  loss=0.4766  bal_acc=0.5434
  epoch  24/50  loss=0.4545  bal_acc=0.5608
  epoch  25/50  loss=0.4539  bal_acc=0.5469
  epoch  26/50  loss=0.4577  bal_acc=0.5885
  epoch  27/50  loss=0.4456  bal_acc=0.5799
  epoch  28/50  loss=0.4434  bal_acc=0.5955
  epoch  29/50  loss=0.4228  bal_acc=0.5486
  epoch  30/50  loss=0.4014  bal_acc=0.5712
  epoch  31/50  loss=0.4156  bal_acc=0.5590
  epoch  32/50  loss=0.4093  bal_acc=0.5694
  epoch  33/50  loss=0.4137  bal_acc=0.5608
  epoch  34/50  loss=0.3813  bal_acc=0.5399
  epoch  35/50  loss=0.3831  bal_acc=0.5538
  epoch  36/50  loss=0.3840  bal_acc=0.5642
  epoch  37/50  loss=0.3887  bal_acc=0.5295
  epoch  38/50  loss=0.3880  bal_acc=0.5694
  epoch  39/50  loss=0.3764  bal_acc=0.5243
  epoch  40/50  loss=0.3806  bal_acc=0.5781
  epoch  41/50  loss=0.3620  bal_acc=0.5712
  epoch  42/50  loss=0.3550  bal_acc=0.5399
  epoch  43/50  loss=0.3611  bal_acc=0.5851
  epoch  44/50  loss=0.3495  bal_acc=0.5677
  epoch  45/50  loss=0.3487  bal_acc=0.5642
  epoch  46/50  loss=0.3594  bal_acc=0.5573
  epoch  47/50  loss=0.3390  bal_acc=0.5747
  epoch  48/50  loss=0.3490  bal_acc=0.5729
  epoch  49/50  loss=0.3312  bal_acc=0.5382
  epoch  50/50  loss=0.3318  bal_acc=0.5538
  [LOSO 1/9] subject 0: acc=0.5538  running_mean=0.5538

=== LOSO (hold out subject 1) ===
  Train: 4608 trials  |  Test: 576 trials
  Model params: 7,322
  epoch   1/50  loss=1.2702  bal_acc=0.3767
  epoch   2/50  loss=1.0298  bal_acc=0.4427
  epoch   3/50  loss=0.8989  bal_acc=0.4479
  epoch   4/50  loss=0.8400  bal_acc=0.4375
  epoch   5/50  loss=0.7731  bal_acc=0.3889
  epoch   6/50  loss=0.7037  bal_acc=0.4080
  epoch   7/50  loss=0.6529  bal_acc=0.4010
  epoch   8/50  loss=0.6228  bal_acc=0.4410
  epoch   9/50  loss=0.5939  bal_acc=0.4531
  epoch  10/50  loss=0.5700  bal_acc=0.4271
  epoch  11/50  loss=0.5421  bal_acc=0.4809
  epoch  12/50  loss=0.5362  bal_acc=0.4566
  epoch  13/50  loss=0.5135  bal_acc=0.4549
  epoch  14/50  loss=0.5006  bal_acc=0.4688
  epoch  15/50  loss=0.4720  bal_acc=0.4115
  epoch  16/50  loss=0.4790  bal_acc=0.4149
  epoch  17/50  loss=0.4527  bal_acc=0.4740
  epoch  18/50  loss=0.4315  bal_acc=0.4410
  epoch  19/50  loss=0.4445  bal_acc=0.4340
  epoch  20/50  loss=0.4070  bal_acc=0.4653
  epoch  21/50  loss=0.4116  bal_acc=0.4618
  epoch  22/50  loss=0.4361  bal_acc=0.4531
  epoch  23/50  loss=0.3985  bal_acc=0.4497
  epoch  24/50  loss=0.3893  bal_acc=0.4462
  epoch  25/50  loss=0.3666  bal_acc=0.4462
  epoch  26/50  loss=0.3690  bal_acc=0.4792
  epoch  27/50  loss=0.3605  bal_acc=0.4462
  epoch  28/50  loss=0.3815  bal_acc=0.4271
  epoch  29/50  loss=0.3705  bal_acc=0.4288
  epoch  30/50  loss=0.3434  bal_acc=0.4358
  epoch  31/50  loss=0.3526  bal_acc=0.4253
  epoch  32/50  loss=0.3368  bal_acc=0.4688
  epoch  33/50  loss=0.3263  bal_acc=0.4184
  epoch  34/50  loss=0.3531  bal_acc=0.4583
  epoch  35/50  loss=0.3334  bal_acc=0.4358
  epoch  36/50  loss=0.3258  bal_acc=0.4514
  epoch  37/50  loss=0.3125  bal_acc=0.4288
  epoch  38/50  loss=0.3111  bal_acc=0.4861
  epoch  39/50  loss=0.3109  bal_acc=0.4323
  epoch  40/50  loss=0.3039  bal_acc=0.3993
  epoch  41/50  loss=0.2777  bal_acc=0.4340
  epoch  42/50  loss=0.2990  bal_acc=0.4340
  epoch  43/50  loss=0.3217  bal_acc=0.4375
  epoch  44/50  loss=0.2929  bal_acc=0.4410
  epoch  45/50  loss=0.2977  bal_acc=0.4288
  epoch  46/50  loss=0.3049  bal_acc=0.3767
  epoch  47/50  loss=0.3074  bal_acc=0.4340
  epoch  48/50  loss=0.2816  bal_acc=0.4514
  epoch  49/50  loss=0.2780  bal_acc=0.4253
  epoch  50/50  loss=0.2835  bal_acc=0.4306
  [LOSO 2/9] subject 1: acc=0.4306  running_mean=0.4922

=== LOSO (hold out subject 2) ===
  Train: 4608 trials  |  Test: 576 trials
  Model params: 7,322
  epoch   1/50  loss=1.2772  bal_acc=0.5278
  epoch   2/50  loss=1.0788  bal_acc=0.5764
  epoch   3/50  loss=0.9629  bal_acc=0.6007
  epoch   4/50  loss=0.9027  bal_acc=0.6163
  epoch   5/50  loss=0.8329  bal_acc=0.6476
  epoch   6/50  loss=0.8012  bal_acc=0.6337
  epoch   7/50  loss=0.7331  bal_acc=0.6441
  epoch   8/50  loss=0.7081  bal_acc=0.6233
  epoch   9/50  loss=0.6861  bal_acc=0.6997
  epoch  10/50  loss=0.6501  bal_acc=0.6545
  epoch  11/50  loss=0.6206  bal_acc=0.6736
  epoch  12/50  loss=0.6091  bal_acc=0.6111
  epoch  13/50  loss=0.5864  bal_acc=0.6285
  epoch  14/50  loss=0.5787  bal_acc=0.6632
  epoch  15/50  loss=0.5575  bal_acc=0.6597
  epoch  16/50  loss=0.5443  bal_acc=0.6476
  epoch  17/50  loss=0.5301  bal_acc=0.6285
  epoch  18/50  loss=0.5193  bal_acc=0.5885
  epoch  19/50  loss=0.5070  bal_acc=0.6076
  epoch  20/50  loss=0.4830  bal_acc=0.6250
  epoch  21/50  loss=0.4799  bal_acc=0.6094
  epoch  22/50  loss=0.4736  bal_acc=0.6701
  epoch  23/50  loss=0.4736  bal_acc=0.6267
  epoch  24/50  loss=0.4667  bal_acc=0.5955
  epoch  25/50  loss=0.4325  bal_acc=0.5903
  epoch  26/50  loss=0.4448  bal_acc=0.5729
  epoch  27/50  loss=0.4418  bal_acc=0.5972
  epoch  28/50  loss=0.4188  bal_acc=0.5920
  epoch  29/50  loss=0.4296  bal_acc=0.5417
  epoch  30/50  loss=0.4148  bal_acc=0.6059
  epoch  31/50  loss=0.3967  bal_acc=0.6493
  epoch  32/50  loss=0.4034  bal_acc=0.5885
  epoch  33/50  loss=0.4044  bal_acc=0.6111
  epoch  34/50  loss=0.3942  bal_acc=0.5851
  epoch  35/50  loss=0.3643  bal_acc=0.5903
  epoch  36/50  loss=0.3713  bal_acc=0.6285
  epoch  37/50  loss=0.3979  bal_acc=0.6285
  epoch  38/50  loss=0.3600  bal_acc=0.6042
  epoch  39/50  loss=0.3722  bal_acc=0.5938
  epoch  40/50  loss=0.3520  bal_acc=0.5990
  epoch  41/50  loss=0.3414  bal_acc=0.5851
  epoch  42/50  loss=0.3658  bal_acc=0.5955
  epoch  43/50  loss=0.3441  bal_acc=0.6163
  epoch  44/50  loss=0.3379  bal_acc=0.5868
  epoch  45/50  loss=0.3291  bal_acc=0.5851
  epoch  46/50  loss=0.3547  bal_acc=0.5903
  epoch  47/50  loss=0.3308  bal_acc=0.6111
  epoch  48/50  loss=0.3509  bal_acc=0.5764
  epoch  49/50  loss=0.3512  bal_acc=0.5677
  epoch  50/50  loss=0.3214  bal_acc=0.6163
  [LOSO 3/9] subject 2: acc=0.6163  running_mean=0.5336

=== LOSO (hold out subject 3) ===
  Train: 4608 trials  |  Test: 576 trials
  Model params: 7,322
  epoch   1/50  loss=1.2988  bal_acc=0.3837
  epoch   2/50  loss=1.0177  bal_acc=0.3385
  epoch   3/50  loss=0.8804  bal_acc=0.4288
  epoch   4/50  loss=0.8112  bal_acc=0.4288
  epoch   5/50  loss=0.7349  bal_acc=0.4271
  epoch   6/50  loss=0.7095  bal_acc=0.4271
  epoch   7/50  loss=0.6612  bal_acc=0.4479
  epoch   8/50  loss=0.6242  bal_acc=0.4132
  epoch   9/50  loss=0.6113  bal_acc=0.4427
  epoch  10/50  loss=0.5550  bal_acc=0.3924
  epoch  11/50  loss=0.5543  bal_acc=0.4271
  epoch  12/50  loss=0.5282  bal_acc=0.4497
  epoch  13/50  loss=0.5266  bal_acc=0.4323
  epoch  14/50  loss=0.5106  bal_acc=0.4132
  epoch  15/50  loss=0.5055  bal_acc=0.4427
  epoch  16/50  loss=0.4815  bal_acc=0.4097
  epoch  17/50  loss=0.4651  bal_acc=0.4410
  epoch  18/50  loss=0.4555  bal_acc=0.4392
  epoch  19/50  loss=0.4429  bal_acc=0.4479
  epoch  20/50  loss=0.4277  bal_acc=0.4670
  epoch  21/50  loss=0.4273  bal_acc=0.4253
  epoch  22/50  loss=0.4040  bal_acc=0.4531
  epoch  23/50  loss=0.4035  bal_acc=0.3906
  epoch  24/50  loss=0.3818  bal_acc=0.4358
  epoch  25/50  loss=0.3768  bal_acc=0.4288
  epoch  26/50  loss=0.3731  bal_acc=0.4497
  epoch  27/50  loss=0.3787  bal_acc=0.3681
  epoch  28/50  loss=0.3899  bal_acc=0.4340
  epoch  29/50  loss=0.3566  bal_acc=0.4410
  epoch  30/50  loss=0.3596  bal_acc=0.4809
  epoch  31/50  loss=0.3520  bal_acc=0.4670
  epoch  32/50  loss=0.3357  bal_acc=0.4062
  epoch  33/50  loss=0.3408  bal_acc=0.4236
  epoch  34/50  loss=0.3462  bal_acc=0.4167
  epoch  35/50  loss=0.3415  bal_acc=0.4549
  epoch  36/50  loss=0.3177  bal_acc=0.4549
  epoch  37/50  loss=0.3235  bal_acc=0.4757
  epoch  38/50  loss=0.3188  bal_acc=0.4132
  epoch  39/50  loss=0.3154  bal_acc=0.4201
  epoch  40/50  loss=0.3098  bal_acc=0.4774
  epoch  41/50  loss=0.3053  bal_acc=0.4080
  epoch  42/50  loss=0.3050  bal_acc=0.4688
  epoch  43/50  loss=0.2875  bal_acc=0.4653
  epoch  44/50  loss=0.3056  bal_acc=0.4618
  epoch  45/50  loss=0.3103  bal_acc=0.4566
  epoch  46/50  loss=0.3000  bal_acc=0.4167
  epoch  47/50  loss=0.2947  bal_acc=0.4149
  epoch  48/50  loss=0.2925  bal_acc=0.4340
  epoch  49/50  loss=0.2952  bal_acc=0.4358
  epoch  50/50  loss=0.2818  bal_acc=0.4757
  [LOSO 4/9] subject 3: acc=0.4757  running_mean=0.5191

=== LOSO (hold out subject 4) ===
  Train: 4608 trials  |  Test: 576 trials
  Model params: 7,322
  epoch   1/50  loss=1.2703  bal_acc=0.3021
  epoch   2/50  loss=1.0190  bal_acc=0.4444
  epoch   3/50  loss=0.9017  bal_acc=0.3819
  epoch   4/50  loss=0.8285  bal_acc=0.5052
  epoch   5/50  loss=0.7768  bal_acc=0.4062
  epoch   6/50  loss=0.7305  bal_acc=0.4861
  epoch   7/50  loss=0.6817  bal_acc=0.4670
  epoch   8/50  loss=0.6733  bal_acc=0.4774
  epoch   9/50  loss=0.6487  bal_acc=0.5156
  epoch  10/50  loss=0.6116  bal_acc=0.4844
  epoch  11/50  loss=0.5997  bal_acc=0.4861
  epoch  12/50  loss=0.5741  bal_acc=0.5208
  epoch  13/50  loss=0.5536  bal_acc=0.5052
  epoch  14/50  loss=0.5517  bal_acc=0.4688
  epoch  15/50  loss=0.5271  bal_acc=0.5156
  epoch  16/50  loss=0.5102  bal_acc=0.5243
  epoch  17/50  loss=0.4823  bal_acc=0.4705
  epoch  18/50  loss=0.4797  bal_acc=0.5104
  epoch  19/50  loss=0.4737  bal_acc=0.5243
  epoch  20/50  loss=0.4613  bal_acc=0.5434
  epoch  21/50  loss=0.4493  bal_acc=0.4983
  epoch  22/50  loss=0.4586  bal_acc=0.4740
  epoch  23/50  loss=0.4397  bal_acc=0.5434
  epoch  24/50  loss=0.4225  bal_acc=0.5330
  epoch  25/50  loss=0.4253  bal_acc=0.5399
  epoch  26/50  loss=0.4107  bal_acc=0.5382
  epoch  27/50  loss=0.4040  bal_acc=0.5712
  epoch  28/50  loss=0.3847  bal_acc=0.5295
  epoch  29/50  loss=0.3753  bal_acc=0.5243
  epoch  30/50  loss=0.3905  bal_acc=0.5226
  epoch  31/50  loss=0.3880  bal_acc=0.5347
  epoch  32/50  loss=0.3699  bal_acc=0.5399
  epoch  33/50  loss=0.3769  bal_acc=0.5660
  epoch  34/50  loss=0.3877  bal_acc=0.5035
  epoch  35/50  loss=0.3649  bal_acc=0.5260
  epoch  36/50  loss=0.3403  bal_acc=0.5417
  epoch  37/50  loss=0.3449  bal_acc=0.4688
  epoch  38/50  loss=0.3191  bal_acc=0.5503
  epoch  39/50  loss=0.3461  bal_acc=0.5139
  epoch  40/50  loss=0.3401  bal_acc=0.5000
  epoch  41/50  loss=0.3369  bal_acc=0.5017
  epoch  42/50  loss=0.3224  bal_acc=0.5226
  epoch  43/50  loss=0.3496  bal_acc=0.5382
  epoch  44/50  loss=0.3354  bal_acc=0.5017
  epoch  45/50  loss=0.3239  bal_acc=0.5417
  epoch  46/50  loss=0.3196  bal_acc=0.5486
  epoch  47/50  loss=0.3161  bal_acc=0.4896
  epoch  48/50  loss=0.3290  bal_acc=0.5104
  epoch  49/50  loss=0.3026  bal_acc=0.4896
  epoch  50/50  loss=0.2980  bal_acc=0.5365
  [LOSO 5/9] subject 4: acc=0.5365  running_mean=0.5226

=== LOSO (hold out subject 5) ===
  Train: 4608 trials  |  Test: 576 trials
  Model params: 7,322
  epoch   1/50  loss=1.2613  bal_acc=0.3941
  epoch   2/50  loss=1.0550  bal_acc=0.4323
  epoch   3/50  loss=0.9165  bal_acc=0.4201
  epoch   4/50  loss=0.8131  bal_acc=0.4913
  epoch   5/50  loss=0.7470  bal_acc=0.3941
  epoch   6/50  loss=0.7155  bal_acc=0.4010
  epoch   7/50  loss=0.6719  bal_acc=0.4080
  epoch   8/50  loss=0.6303  bal_acc=0.4444
  epoch   9/50  loss=0.6099  bal_acc=0.4080
  epoch  10/50  loss=0.5673  bal_acc=0.4080
  epoch  11/50  loss=0.5644  bal_acc=0.4132
  epoch  12/50  loss=0.5184  bal_acc=0.3524
  epoch  13/50  loss=0.5256  bal_acc=0.4462
  epoch  14/50  loss=0.5005  bal_acc=0.3889
  epoch  15/50  loss=0.4736  bal_acc=0.4323
  epoch  16/50  loss=0.4808  bal_acc=0.3750
  epoch  17/50  loss=0.4713  bal_acc=0.3958
  epoch  18/50  loss=0.4270  bal_acc=0.4010
  epoch  19/50  loss=0.4257  bal_acc=0.4167
  epoch  20/50  loss=0.4093  bal_acc=0.4115
  epoch  21/50  loss=0.4133  bal_acc=0.4097
  epoch  22/50  loss=0.4185  bal_acc=0.4115
  epoch  23/50  loss=0.3775  bal_acc=0.4149
  epoch  24/50  loss=0.3778  bal_acc=0.3698
  epoch  25/50  loss=0.3934  bal_acc=0.3646
  epoch  26/50  loss=0.3659  bal_acc=0.3490
  epoch  27/50  loss=0.3591  bal_acc=0.4132
  epoch  28/50  loss=0.3712  bal_acc=0.3733
  epoch  29/50  loss=0.3557  bal_acc=0.4080
  epoch  30/50  loss=0.3427  bal_acc=0.3507
  epoch  31/50  loss=0.3360  bal_acc=0.3837
  epoch  32/50  loss=0.3351  bal_acc=0.3576
  epoch  33/50  loss=0.3331  bal_acc=0.3681
  epoch  34/50  loss=0.3090  bal_acc=0.3837
  epoch  35/50  loss=0.3205  bal_acc=0.3698
  epoch  36/50  loss=0.3227  bal_acc=0.3472
  epoch  37/50  loss=0.3114  bal_acc=0.3941
  epoch  38/50  loss=0.3126  bal_acc=0.3993
  epoch  39/50  loss=0.3061  bal_acc=0.4201
  epoch  40/50  loss=0.3190  bal_acc=0.3976
  epoch  41/50  loss=0.2972  bal_acc=0.3542
  epoch  42/50  loss=0.2812  bal_acc=0.3507
  epoch  43/50  loss=0.3021  bal_acc=0.3802
  epoch  44/50  loss=0.3187  bal_acc=0.3698
  epoch  45/50  loss=0.2971  bal_acc=0.3906
  epoch  46/50  loss=0.2993  bal_acc=0.4132
  epoch  47/50  loss=0.2844  bal_acc=0.4253
  epoch  48/50  loss=0.2946  bal_acc=0.4288
  epoch  49/50  loss=0.2839  bal_acc=0.3715
  epoch  50/50  loss=0.2689  bal_acc=0.3559
  [LOSO 6/9] subject 5: acc=0.3559  running_mean=0.4948

=== LOSO (hold out subject 6) ===
  Train: 4608 trials  |  Test: 576 trials
  Model params: 7,322
  epoch   1/50  loss=1.3102  bal_acc=0.4740
  epoch   2/50  loss=1.1253  bal_acc=0.5590
  epoch   3/50  loss=1.0088  bal_acc=0.5486
  epoch   4/50  loss=0.9324  bal_acc=0.5816
  epoch   5/50  loss=0.8659  bal_acc=0.5729
  epoch   6/50  loss=0.8005  bal_acc=0.4896
  epoch   7/50  loss=0.7509  bal_acc=0.5521
  epoch   8/50  loss=0.7121  bal_acc=0.5451
  epoch   9/50  loss=0.7041  bal_acc=0.5556
  epoch  10/50  loss=0.6522  bal_acc=0.5799
  epoch  11/50  loss=0.6495  bal_acc=0.6042
  epoch  12/50  loss=0.6166  bal_acc=0.6458
  epoch  13/50  loss=0.5935  bal_acc=0.5885
  epoch  14/50  loss=0.5731  bal_acc=0.5486
  epoch  15/50  loss=0.5772  bal_acc=0.5625
  epoch  16/50  loss=0.5525  bal_acc=0.5486
  epoch  17/50  loss=0.5450  bal_acc=0.5972
  epoch  18/50  loss=0.5233  bal_acc=0.5417
  epoch  19/50  loss=0.4843  bal_acc=0.6163
  epoch  20/50  loss=0.5001  bal_acc=0.6042
  epoch  21/50  loss=0.4824  bal_acc=0.5799
  epoch  22/50  loss=0.4745  bal_acc=0.5764
  epoch  23/50  loss=0.4627  bal_acc=0.6007
  epoch  24/50  loss=0.4614  bal_acc=0.6233
  epoch  25/50  loss=0.4595  bal_acc=0.6024
  epoch  26/50  loss=0.4458  bal_acc=0.5764
  epoch  27/50  loss=0.4462  bal_acc=0.6094
  epoch  28/50  loss=0.4233  bal_acc=0.5885
  epoch  29/50  loss=0.4330  bal_acc=0.6146
  epoch  30/50  loss=0.4286  bal_acc=0.5955
  epoch  31/50  loss=0.4262  bal_acc=0.5747
  epoch  32/50  loss=0.4061  bal_acc=0.6128
  epoch  33/50  loss=0.3698  bal_acc=0.6111
  epoch  34/50  loss=0.4198  bal_acc=0.5920
  epoch  35/50  loss=0.3842  bal_acc=0.5260
  epoch  36/50  loss=0.3890  bal_acc=0.5781
  epoch  37/50  loss=0.3739  bal_acc=0.5729
  epoch  38/50  loss=0.3742  bal_acc=0.5590
  epoch  39/50  loss=0.3652  bal_acc=0.5903
  epoch  40/50  loss=0.3613  bal_acc=0.6128
  epoch  41/50  loss=0.3702  bal_acc=0.5799
  epoch  42/50  loss=0.3583  bal_acc=0.6024
  epoch  43/50  loss=0.3529  bal_acc=0.6076
  epoch  44/50  loss=0.3394  bal_acc=0.6024
  epoch  45/50  loss=0.3607  bal_acc=0.5764
  epoch  46/50  loss=0.3787  bal_acc=0.6337
  epoch  47/50  loss=0.3391  bal_acc=0.6267
  epoch  48/50  loss=0.3234  bal_acc=0.5816
  epoch  49/50  loss=0.3268  bal_acc=0.5434
  epoch  50/50  loss=0.3173  bal_acc=0.5694
  [LOSO 7/9] subject 6: acc=0.5694  running_mean=0.5055

=== LOSO (hold out subject 7) ===
  Train: 4608 trials  |  Test: 576 trials
  Model params: 7,322
  epoch   1/50  loss=1.3055  bal_acc=0.4219
  epoch   2/50  loss=1.1453  bal_acc=0.5017
  epoch   3/50  loss=1.0194  bal_acc=0.5677
  epoch   4/50  loss=0.9268  bal_acc=0.5312
  epoch   5/50  loss=0.8665  bal_acc=0.5781
  epoch   6/50  loss=0.8093  bal_acc=0.6128
  epoch   7/50  loss=0.7464  bal_acc=0.6146
  epoch   8/50  loss=0.7235  bal_acc=0.6250
  epoch   9/50  loss=0.6846  bal_acc=0.5399
  epoch  10/50  loss=0.6655  bal_acc=0.6441
  epoch  11/50  loss=0.6250  bal_acc=0.6128
  epoch  12/50  loss=0.6054  bal_acc=0.5972
  epoch  13/50  loss=0.5910  bal_acc=0.6024
  epoch  14/50  loss=0.5924  bal_acc=0.6163
  epoch  15/50  loss=0.5825  bal_acc=0.6267
  epoch  16/50  loss=0.5460  bal_acc=0.6528
  epoch  17/50  loss=0.5369  bal_acc=0.6302
  epoch  18/50  loss=0.5086  bal_acc=0.6667
  epoch  19/50  loss=0.4953  bal_acc=0.5885
  epoch  20/50  loss=0.4853  bal_acc=0.6094
  epoch  21/50  loss=0.4887  bal_acc=0.6233
  epoch  22/50  loss=0.4685  bal_acc=0.6111
  epoch  23/50  loss=0.4774  bal_acc=0.6163
  epoch  24/50  loss=0.4647  bal_acc=0.6788
  epoch  25/50  loss=0.4443  bal_acc=0.6510
  epoch  26/50  loss=0.4347  bal_acc=0.6319
  epoch  27/50  loss=0.4317  bal_acc=0.6059
  epoch  28/50  loss=0.4222  bal_acc=0.6059
  epoch  29/50  loss=0.4091  bal_acc=0.6024
  epoch  30/50  loss=0.4145  bal_acc=0.6302
  epoch  31/50  loss=0.4006  bal_acc=0.6424
  epoch  32/50  loss=0.3986  bal_acc=0.6163
  epoch  33/50  loss=0.3870  bal_acc=0.6007
  epoch  34/50  loss=0.4098  bal_acc=0.6406
  epoch  35/50  loss=0.3826  bal_acc=0.6163
  epoch  36/50  loss=0.3869  bal_acc=0.5729
  epoch  37/50  loss=0.3545  bal_acc=0.5868
  epoch  38/50  loss=0.3580  bal_acc=0.6285
  epoch  39/50  loss=0.3642  bal_acc=0.6198
  epoch  40/50  loss=0.3612  bal_acc=0.5712
  epoch  41/50  loss=0.3588  bal_acc=0.6493
  epoch  42/50  loss=0.3686  bal_acc=0.5920
  epoch  43/50  loss=0.3371  bal_acc=0.5816
  epoch  44/50  loss=0.3344  bal_acc=0.6510
  epoch  45/50  loss=0.3450  bal_acc=0.6302
  epoch  46/50  loss=0.3216  bal_acc=0.6059
  epoch  47/50  loss=0.3275  bal_acc=0.5972
  epoch  48/50  loss=0.3290  bal_acc=0.6198
  epoch  49/50  loss=0.3294  bal_acc=0.6285
  epoch  50/50  loss=0.3252  bal_acc=0.6146
  [LOSO 8/9] subject 7: acc=0.6146  running_mean=0.5191

=== LOSO (hold out subject 8) ===
  Train: 4608 trials  |  Test: 576 trials
  Model params: 7,322
  epoch   1/50  loss=1.2662  bal_acc=0.4635
  epoch   2/50  loss=1.0711  bal_acc=0.5278
  epoch   3/50  loss=0.9480  bal_acc=0.4410
  epoch   4/50  loss=0.8732  bal_acc=0.5399
  epoch   5/50  loss=0.8104  bal_acc=0.5486
  epoch   6/50  loss=0.7664  bal_acc=0.5347
  epoch   7/50  loss=0.7392  bal_acc=0.5347
  epoch   8/50  loss=0.6958  bal_acc=0.5330
  epoch   9/50  loss=0.6723  bal_acc=0.5556
  epoch  10/50  loss=0.6596  bal_acc=0.5434
  epoch  11/50  loss=0.6080  bal_acc=0.5955
  epoch  12/50  loss=0.6174  bal_acc=0.5990
  epoch  13/50  loss=0.5872  bal_acc=0.5642
  epoch  14/50  loss=0.5569  bal_acc=0.6024
  epoch  15/50  loss=0.5505  bal_acc=0.5660
  epoch  16/50  loss=0.5450  bal_acc=0.5729
  epoch  17/50  loss=0.4987  bal_acc=0.5642
  epoch  18/50  loss=0.5059  bal_acc=0.5521
  epoch  19/50  loss=0.4965  bal_acc=0.5729
  epoch  20/50  loss=0.5050  bal_acc=0.5747
  epoch  21/50  loss=0.4643  bal_acc=0.5747
  epoch  22/50  loss=0.4607  bal_acc=0.5469
  epoch  23/50  loss=0.4546  bal_acc=0.5590
  epoch  24/50  loss=0.4370  bal_acc=0.5521
  epoch  25/50  loss=0.4326  bal_acc=0.5747
  epoch  26/50  loss=0.4287  bal_acc=0.5747
  epoch  27/50  loss=0.4053  bal_acc=0.5903
  epoch  28/50  loss=0.3960  bal_acc=0.5243
  epoch  29/50  loss=0.3921  bal_acc=0.5573
  epoch  30/50  loss=0.3828  bal_acc=0.5226
  epoch  31/50  loss=0.3901  bal_acc=0.5521
  epoch  32/50  loss=0.3938  bal_acc=0.5417
  epoch  33/50  loss=0.3621  bal_acc=0.5278
  epoch  34/50  loss=0.3697  bal_acc=0.5590
  epoch  35/50  loss=0.3499  bal_acc=0.5538
  epoch  36/50  loss=0.3398  bal_acc=0.5694
  epoch  37/50  loss=0.3529  bal_acc=0.5243
  epoch  38/50  loss=0.3374  bal_acc=0.5451
  epoch  39/50  loss=0.3430  bal_acc=0.5278
  epoch  40/50  loss=0.3381  bal_acc=0.5486
  epoch  41/50  loss=0.3365  bal_acc=0.5278
  epoch  42/50  loss=0.3221  bal_acc=0.5712
  epoch  43/50  loss=0.3146  bal_acc=0.5694
  epoch  44/50  loss=0.3030  bal_acc=0.5851
  epoch  45/50  loss=0.3006  bal_acc=0.5434
  epoch  46/50  loss=0.2986  bal_acc=0.5625
  epoch  47/50  loss=0.2973  bal_acc=0.5382
  epoch  48/50  loss=0.2927  bal_acc=0.5503
  epoch  49/50  loss=0.3305  bal_acc=0.5677
  epoch  50/50  loss=0.3009  bal_acc=0.5174
  [LOSO 9/9] subject 8: acc=0.5174  running_mean=0.5189
Results saved to results/BNCI2014_001/results_trial_87.json
Trial logged to results/BNCI2014_001/trials.csv
[status] trial 87 done (state=COMPLETE, value=0.5189043209876543) -- 76 completed total
Device: cuda
[BNCI2014_001] loading from cache: /home/aleksander.berezowsk/.cache/spiking_eegnet/BNCI2014_001_af1ccf3e92f684d8a93c057082b654d7.npz
[BNCI2014_001] cache hit: (5184, 1, 22, 1001), classes=['feet', 'left_hand', 'right_hand', 'tongue'], subjects=9
Dataset meta: {'n_classes': 4, 'n_channels': 22, 'n_samples': 1001, 'class_names': ['feet', 'left_hand', 'right_hand', 'tongue'], 'subject_list': [1, 2, 3, 4, 5, 6, 7, 8, 9], 'n_subjects': 9, 'sfreq': 250.0}

=== LOSO (hold out subject 0) ===
  Train: 4608 trials  |  Test: 576 trials
  Model params: 21,922
  epoch   1/50  loss=1.2101  bal_acc=0.4479
  epoch   2/50  loss=0.9221  bal_acc=0.5712
  epoch   3/50  loss=0.7441  bal_acc=0.5365
  epoch   4/50  loss=0.6472  bal_acc=0.5885
  epoch   5/50  loss=0.5555  bal_acc=0.5417
  epoch   6/50  loss=0.4950  bal_acc=0.6181
  epoch   7/50  loss=0.4251  bal_acc=0.6389
  epoch   8/50  loss=0.3789  bal_acc=0.6111
  epoch   9/50  loss=0.3449  bal_acc=0.6215
  epoch  10/50  loss=0.2933  bal_acc=0.6424
  epoch  11/50  loss=0.2667  bal_acc=0.6406
  epoch  12/50  loss=0.2306  bal_acc=0.6163
  epoch  13/50  loss=0.2092  bal_acc=0.6250
  epoch  14/50  loss=0.1826  bal_acc=0.6250
  epoch  15/50  loss=0.1625  bal_acc=0.6285
  epoch  16/50  loss=0.1448  bal_acc=0.5799
  epoch  17/50  loss=0.1480  bal_acc=0.6042
  epoch  18/50  loss=0.1151  bal_acc=0.6233
  epoch  19/50  loss=0.1141  bal_acc=0.6128
  epoch  20/50  loss=0.1130  bal_acc=0.6094
  epoch  21/50  loss=0.1150  bal_acc=0.6059
